TABLE5_SOLVE_START solver=cuclarabel instance=table5-m400000-n7000000-r01 m=400000 n=7000000 density=0.0001 seed=2810953517340410803 tolerance=1.0e-6 time_limit=1800.0
TABLE5_INSTANCE_READY instance=table5-m400000-n7000000-r01 nnz=279972972 lambda=0.08668710726461117 numerical_digest=b7b0d6150c1df45ac34a95f0872d8c4107ad40706adf2c847eba00812fa5d698 model_digest=1019b2bf33a935f1f4c6be3b6c5270c17131fe99591d7220a4c23f07c4689b91 generation_seconds=61.07375407218933

[2307644] signal 15: Terminated
in expression starting at /home/zhenwei/PDCS_fork/benchmark/large_scale_lasso/solve_table5_instance.jl:597
unknown function (ip: 0x7efc844940d5) at /lib/x86_64-linux-gnu/libc.so.6
pthread_cond_wait at /lib/x86_64-linux-gnu/libc.so.6 (unknown line)
uv_cond_wait at /workspace/srcdir/libuv/src/unix/thread.c:822
ijl_task_get_next at /cache/build/builder-amdci5-3/julialang/julia-release-1-dot-12/src/scheduler.c:523
poptask at ./task.jl:1216
wait at ./task.jl:1228
#wait#398 at ./condition.jl:141
wait at ./condition.jl:136 [inlined]
take! at /home/zhenwei/PDCS_fork/.julia-depot/packages/CUDA/FQwqy/lib/cudadrv/synchronization.jl:53
synchronization_worker at /home/zhenwei/PDCS_fork/.julia-depot/packages/CUDA/FQwqy/lib/cudadrv/synchronization.jl:113
julia_synchronization_worker_15307_gfthunk at /tmp/pdcs_cuclarabel_depot/compiled/v1.12/CUDA/oWw5k_bBwPE.so (unknown line)
jlcapi_synchronization_worker_11087 at /tmp/pdcs_cuclarabel_depot/compiled/v1.12/CUDA/oWw5k_bBwPE.so (unknown line)
unknown function (ip: 0x7efc84497a82) at /lib/x86_64-linux-gnu/libc.so.6
unknown function (ip: 0x7efc8452988f) at /lib/x86_64-linux-gnu/libc.so.6
unknown function (ip: (nil)) at (unknown file)
unknown function (ip: 0x7efc844940d5) at /lib/x86_64-linux-gnu/libc.so.6
pthread_cond_wait at /lib/x86_64-linux-gnu/libc.so.6 (unknown line)
uv_cond_wait at /workspace/srcdir/libuv/src/unix/thread.c:822
ijl_task_get_next at /cache/build/builder-amdci5-3/julialang/julia-release-1-dot-12/src/scheduler.c:523
poptask at ./task.jl:1216
wait at ./task.jl:1228
#wait#398 at ./condition.jl:141
wait at ./condition.jl:136 [inlined]
take! at /home/zhenwei/PDCS_fork/.julia-depot/packages/CUDA/FQwqy/lib/cudadrv/synchronization.jl:53
synchronization_worker at /home/zhenwei/PDCS_fork/.julia-depot/packages/CUDA/FQwqy/lib/cudadrv/synchronization.jl:113
julia_synchronization_worker_15307_gfthunk at /tmp/pdcs_cuclarabel_depot/compiled/v1.12/CUDA/oWw5k_bBwPE.so (unknown line)
jlcapi_synchronization_worker_11087 at /tmp/pdcs_cuclarabel_depot/compiled/v1.12/CUDA/oWw5k_bBwPE.so (unknown line)
unknown function (ip: 0x7efc84497a82) at /lib/x86_64-linux-gnu/libc.so.6
unknown function (ip: 0x7efc8452988f) at /lib/x86_64-linux-gnu/libc.so.6
unknown function (ip: (nil)) at (unknown file)
unknown function (ip: 0x7efc844940d5) at /lib/x86_64-linux-gnu/libc.so.6
pthread_cond_wait at /lib/x86_64-linux-gnu/libc.so.6 (unknown line)
uv_cond_wait at /workspace/srcdir/libuv/src/unix/thread.c:822
ijl_task_get_next at /cache/build/builder-amdci5-3/julialang/julia-release-1-dot-12/src/scheduler.c:523
poptask at ./task.jl:1216
wait at ./task.jl:1228
#wait#398 at ./condition.jl:141
wait at ./condition.jl:136 [inlined]
take! at /home/zhenwei/PDCS_fork/.julia-depot/packages/CUDA/FQwqy/lib/cudadrv/synchronization.jl:53
synchronization_worker at /home/zhenwei/PDCS_fork/.julia-depot/packages/CUDA/FQwqy/lib/cudadrv/synchronization.jl:113
julia_synchronization_worker_15307_gfthunk at /tmp/pdcs_cuclarabel_depot/compiled/v1.12/CUDA/oWw5k_bBwPE.so (unknown line)
jlcapi_synchronization_worker_11087 at /tmp/pdcs_cuclarabel_depot/compiled/v1.12/CUDA/oWw5k_bBwPE.so (unknown line)
unknown function (ip: 0x7efc84497a82) at /lib/x86_64-linux-gnu/libc.so.6
unknown function (ip: 0x7efc8452988f) at /lib/x86_64-linux-gnu/libc.so.6
unknown function (ip: (nil)) at (unknown file)
unknown function (ip: 0x7efc844940d5) at /lib/x86_64-linux-gnu/libc.so.6
pthread_cond_wait at /lib/x86_64-linux-gnu/libc.so.6 (unknown line)
uv_cond_wait at /workspace/srcdir/libuv/src/unix/thread.c:822
ijl_task_get_next at /cache/build/builder-amdci5-3/julialang/julia-release-1-dot-12/src/scheduler.c:523
poptask at ./task.jl:1216
wait at ./task.jl:1228
#wait#398 at ./condition.jl:141
wait at ./condition.jl:136 [inlined]
take! at /home/zhenwei/PDCS_fork/.julia-depot/packages/CUDA/FQwqy/lib/cudadrv/synchronization.jl:53
synchronization_worker at /home/zhenwei/PDCS_fork/.julia-depot/packages/CUDA/FQwqy/lib/cudadrv/synchronization.jl:113
julia_synchronization_worker_15307_gfthunk at /tmp/pdcs_cuclarabel_depot/compiled/v1.12/CUDA/oWw5k_bBwPE.so (unknown line)
jlcapi_synchronization_worker_11087 at /tmp/pdcs_cuclarabel_depot/compiled/v1.12/CUDA/oWw5k_bBwPE.so (unknown line)
unknown function (ip: 0x7efc84497a82) at /lib/x86_64-linux-gnu/libc.so.6
unknown function (ip: 0x7efc8452988f) at /lib/x86_64-linux-gnu/libc.so.6
unknown function (ip: (nil)) at (unknown file)
unknown function (ip: 0x7efc844940d5) at /lib/x86_64-linux-gnu/libc.so.6
pthread_cond_wait at /lib/x86_64-linux-gnu/libc.so.6 (unknown line)
uv_cond_wait at /workspace/srcdir/libuv/src/unix/thread.c:822
ijl_task_get_next at /cache/build/builder-amdci5-3/julialang/julia-release-1-dot-12/src/scheduler.c:523
poptask at ./task.jl:1216
wait at ./task.jl:1228
task_done_hook at ./task.jl:868
jfptr_task_done_hook_60124.1 at /snap/julia/165/lib/julia/sys.so (unknown line)
jl_apply at /cache/build/builder-amdci5-3/julialang/julia-release-1-dot-12/src/julia.h:2391 [inlined]
jl_finish_task at /cache/build/builder-amdci5-3/julialang/julia-release-1-dot-12/src/task.c:341
start_task at /cache/build/builder-amdci5-3/julialang/julia-release-1-dot-12/src/task.c:1263
unknown function (ip: (nil)) at (unknown file)
_Z15cuGrowBisectionP6cuCtrlP7cuGraphi at /tmp/pdcs_cuclarabel_depot/artifacts/803630e51d4afdc9d88be19eff4a30816029da79/lib/libcudss.so (unknown line)
_Z15cuInitSeparatorP6cuCtrlP7cuGraphi at /tmp/pdcs_cuclarabel_depot/artifacts/803630e51d4afdc9d88be19eff4a30816029da79/lib/libcudss.so (unknown line)
_Z23cuMlevelNodeBisectionL1P6cuCtrlP7cuGraphii at /tmp/pdcs_cuclarabel_depot/artifacts/803630e51d4afdc9d88be19eff4a30816029da79/lib/libcudss.so (unknown line)
_Z23cuMlevelNodeBisectionL2P6cuCtrlP7cuGraphi at /tmp/pdcs_cuclarabel_depot/artifacts/803630e51d4afdc9d88be19eff4a30816029da79/lib/libcudss.so (unknown line)
_Z29cuMlevelNodeBisectionMultipleP6cuCtrlP7cuGraph at /tmp/pdcs_cuclarabel_depot/artifacts/803630e51d4afdc9d88be19eff4a30816029da79/lib/libcudss.so (unknown line)
_Z29cuMlevelNestedDissectionP_newiPv at /tmp/pdcs_cuclarabel_depot/artifacts/803630e51d4afdc9d88be19eff4a30816029da79/lib/libcudss.so (unknown line)
_Z15cuMETIS_NodeNDPP25cudssThreadingInterface_tiPlPiS2_iS2_S2_S2_S2_iiP11CUstream_stPVi at /tmp/pdcs_cuclarabel_depot/artifacts/803630e51d4afdc9d88be19eff4a30816029da79/lib/libcudss.so (unknown line)
_ZN5cudssL17nested_disection_INS_6TraitsEilEE13cudssStatus_tP11cudssConfigP13cudssUserDataP12cudssContextP11CUstream_stT0_PPviiSC_iPSB_iPT1_SE_SG_SG_iSG_14cudaDataType_tSB_SB_SE_PiSE_iSE_SE_SE_SE_SE_SE_SE_SE_SH_SG_SC_SC_iSE_SE_.isra.681 at /tmp/pdcs_cuclarabel_depot/artifacts/803630e51d4afdc9d88be19eff4a30816029da79/lib/libcudss.so (unknown line)
_ZN5cudss12cuDSS_commonINS_6TraitsEE16nested_disectionEv at /tmp/pdcs_cuclarabel_depot/artifacts/803630e51d4afdc9d88be19eff4a30816029da79/lib/libcudss.so (unknown line)
_ZN5cudss10cuDSS_base10reorderingEv at /tmp/pdcs_cuclarabel_depot/artifacts/803630e51d4afdc9d88be19eff4a30816029da79/lib/libcudss.so (unknown line)
cudssExecute at /tmp/pdcs_cuclarabel_depot/artifacts/803630e51d4afdc9d88be19eff4a30816029da79/lib/libcudss.so (unknown line)
macro expansion at /home/zhenwei/PDCS_fork/.julia-depot/packages/CUDSS/qTbSe/src/libcudss.jl:189 [inlined]
#cudssExecute##0 at /home/zhenwei/PDCS_fork/.julia-depot/packages/GPUToolbox/x8hVh/src/ccalls.jl:34 [inlined]
retry_reclaim at /home/zhenwei/PDCS_fork/.julia-depot/packages/CUDA/FQwqy/src/memory.jl:434 [inlined]
check at /home/zhenwei/PDCS_fork/.julia-depot/packages/CUDSS/qTbSe/src/error.jl:45 [inlined]
cudssExecute at /home/zhenwei/PDCS_fork/.julia-depot/packages/GPUToolbox/x8hVh/src/ccalls.jl:33 [inlined]
#cudss#63 at /home/zhenwei/PDCS_fork/.julia-depot/packages/CUDSS/qTbSe/src/interfaces.jl:510
cudss at /home/zhenwei/PDCS_fork/.julia-depot/packages/CUDSS/qTbSe/src/interfaces.jl:507 [inlined]
#cudss#64 at /home/zhenwei/PDCS_fork/.julia-depot/packages/CUDSS/qTbSe/src/interfaces.jl:522 [inlined]
cudss at /home/zhenwei/PDCS_fork/.julia-depot/packages/CUDSS/qTbSe/src/interfaces.jl:518 [inlined]
CUDSSDirectLDLSolver at /home/zhenwei/PDCS_fork/benchmark/cuclarabel_env/.cuclarabel-source/src/kktsolvers/gpu/directldl_cudss.jl:25
unknown function (ip: 0x7ef910422292) at (unknown file)
GPULDLKKTSolver at /home/zhenwei/PDCS_fork/benchmark/cuclarabel_env/.cuclarabel-source/src/kktsolvers/kktsolver_directldl_gpu.jl:90
unknown function (ip: 0x7ef9103b6c1a) at (unknown file)
DefaultKKTSystemGPU at /home/zhenwei/PDCS_fork/benchmark/cuclarabel_env/.cuclarabel-source/src/kktsystem_gpu.jl:35
unknown function (ip: 0x7ef9103ab662) at (unknown file)
#setup!#126 at /home/zhenwei/PDCS_fork/benchmark/cuclarabel_env/.cuclarabel-source/src/solver.jl:201
setup! at /home/zhenwei/PDCS_fork/benchmark/cuclarabel_env/.cuclarabel-source/src/solver.jl:142 [inlined]
setup! at /home/zhenwei/PDCS_fork/benchmark/cuclarabel_env/.cuclarabel-source/src/solver.jl:139 [inlined]
Solver at /home/zhenwei/PDCS_fork/benchmark/cuclarabel_env/.cuclarabel-source/src/solver.jl:27
unknown function (ip: 0x7efc278af2bf) at (unknown file)
copy_to at /home/zhenwei/PDCS_fork/benchmark/cuclarabel_env/.cuclarabel-source/src/MOI_wrapper/MOI_wrapper.jl:616
copy_to at /home/zhenwei/PDCS_fork/benchmark/cuclarabel_env/.cuclarabel-source/src/MOI_wrapper/MOI_wrapper.jl:568 [inlined]
optimize! at /home/zhenwei/PDCS_fork/.julia-depot/packages/MathOptInterface/CnW3S/src/MathOptInterface.jl:121 [inlined]
optimize! at /home/zhenwei/PDCS_fork/.julia-depot/packages/MathOptInterface/CnW3S/src/Utilities/cachingoptimizer.jl:370
unknown function (ip: 0x7efc27877262) at (unknown file)
optimize! at /home/zhenwei/PDCS_fork/.julia-depot/packages/MathOptInterface/CnW3S/src/Bridges/bridge_optimizer.jl:367 [inlined]
optimize! at /home/zhenwei/PDCS_fork/.julia-depot/packages/MathOptInterface/CnW3S/src/MathOptInterface.jl:122 [inlined]
optimize! at /home/zhenwei/PDCS_fork/.julia-depot/packages/MathOptInterface/CnW3S/src/Utilities/cachingoptimizer.jl:370
unknown function (ip: 0x7efc27873f52) at (unknown file)
#optimize!#96 at /home/zhenwei/PDCS_fork/.julia-depot/packages/JuMP/R9AEA/src/optimizer_interface.jl:633
optimize! at /home/zhenwei/PDCS_fork/.julia-depot/packages/JuMP/R9AEA/src/optimizer_interface.jl:569 [inlined]
main at /home/zhenwei/PDCS_fork/benchmark/large_scale_lasso/solve_table5_instance.jl:546
unknown function (ip: 0x7efc27829e2f) at (unknown file)
jl_apply at /cache/build/builder-amdci5-3/julialang/julia-release-1-dot-12/src/julia.h:2391 [inlined]
do_call at /cache/build/builder-amdci5-3/julialang/julia-release-1-dot-12/src/interpreter.c:123
eval_value at /cache/build/builder-amdci5-3/julialang/julia-release-1-dot-12/src/interpreter.c:243
eval_stmt_value at /cache/build/builder-amdci5-3/julialang/julia-release-1-dot-12/src/interpreter.c:194 [inlined]
eval_body at /cache/build/builder-amdci5-3/julialang/julia-release-1-dot-12/src/interpreter.c:707
jl_interpret_toplevel_thunk at /cache/build/builder-amdci5-3/julialang/julia-release-1-dot-12/src/interpreter.c:898
jl_toplevel_eval_flex at /cache/build/builder-amdci5-3/julialang/julia-release-1-dot-12/src/toplevel.c:1035
jl_toplevel_eval_flex at /cache/build/builder-amdci5-3/julialang/julia-release-1-dot-12/src/toplevel.c:975
ijl_toplevel_eval at /cache/build/builder-amdci5-3/julialang/julia-release-1-dot-12/src/toplevel.c:1047
ijl_toplevel_eval_in at /cache/build/builder-amdci5-3/julialang/julia-release-1-dot-12/src/toplevel.c:1092
eval at ./boot.jl:489
include_string at ./loading.jl:2870
_include at ./loading.jl:2930
include at ./Base.jl:306
exec_options at ./client.jl:317
_start at ./client.jl:550
jfptr__start_74358.1 at /snap/julia/165/lib/julia/sys.so (unknown line)
jl_apply at /cache/build/builder-amdci5-3/julialang/julia-release-1-dot-12/src/julia.h:2391 [inlined]
true_main at /cache/build/builder-amdci5-3/julialang/julia-release-1-dot-12/src/jlapi.c:971
jl_repl_entrypoint at /cache/build/builder-amdci5-3/julialang/julia-release-1-dot-12/src/jlapi.c:1139
main at /cache/build/builder-amdci5-3/julialang/julia-release-1-dot-12/cli/loader_exe.c:58
unknown function (ip: 0x7efc8442cd8f) at /lib/x86_64-linux-gnu/libc.so.6
__libc_start_main at /lib/x86_64-linux-gnu/libc.so.6 (unknown line)
unknown function (ip: 0x4010b8) at /workspace/srcdir/glibc-2.17/csu/../sysdeps/x86_64/start.S
unknown function (ip: (nil)) at (unknown file)
Allocations: 987242860 (Pool: 987241451; Big: 1409); GC: 143
