Precompiling packages...
    Pkg Being precompiled by another process (pid: 2239852, pidfile: /tmp/pdcs_scs_gpu_depot/compiled/v1.12/Pkg/tUTdb_ZeWUM.ji.pidfile)
  25474.8 ms  ✓ Pkg
    LazyArtifacts Being precompiled by another process (pid: 2239852, pidfile: /tmp/pdcs_scs_gpu_depot/compiled/v1.12/LazyArtifacts/MRP8l_ZeWUM.ji.pidfile)
   1015.9 ms  ✓ LazyArtifacts
    CUDA_Runtime_jll Being precompiled by another process (pid: 2239852, pidfile: /tmp/pdcs_scs_gpu_depot/compiled/v1.12/CUDA_Runtime_jll/Hs50y_ZeWUM.ji.pidfile)
   4643.3 ms  ✓ CUDA_Runtime_jll
    SCS_GPU_jll Being precompiled by another process (pid: 2239852, pidfile: /tmp/pdcs_scs_gpu_depot/compiled/v1.12/SCS_GPU_jll/OtXgE_ZeWUM.ji.pidfile)
   2699.0 ms  ✓ SCS_GPU_jll
  4 dependencies successfully precompiled in 34 seconds. 28 already precompiled.
Precompiling packages...
    SCS → SCSSCS_GPU_jllExt Being precompiled by another process (pid: 2239852, pidfile: /tmp/pdcs_scs_gpu_depot/compiled/v1.12/SCSSCS_GPU_jllExt/ZKon3_ZeWUM.ji.pidfile)
   2703.4 ms  ✓ SCS → SCSSCS_GPU_jllExt
  1 dependency successfully precompiled in 3 seconds. 66 already precompiled.
TABLE5_SOLVE_START solver=scs_gpu instance=table5-m10000-n100000-r05 m=10000 n=100000 density=0.0001 seed=2682075302358372869 tolerance=1.0e-6 time_limit=600.0
TABLE5_INSTANCE_READY instance=table5-m10000-n100000-r05 nnz=99930 lambda=0.02972194382049677 numerical_digest=7fcf8bf61bf1ec94c4bc155be1a0ece373ce22dcfdf84b418db388e17ec84e6a model_digest=1c45922acd010d12d4fbe0c0baf8727b08492713b85edb9ac0fa125d394ca5d6 generation_seconds=1.4285409450531006
------------------------------------------------------------------
	       SCS v3.2.11 - Splitting Conic Solver
	(c) Brendan O'Donoghue, Stanford University, 2012
------------------------------------------------------------------
problem:  variables n: 210004, constraints m: 220005
cones: 	  z: primal zero / dual free vars: 10003
	  l: linear vars: 200000
	  q: soc vars: 10002, qsize: 1
settings: eps_abs: 1.0e-06, eps_rel: 1.0e-06, eps_infeas: 1.0e-07
	  alpha: 1.50, scale: 1.00e-01, adaptive_scale: 1
	  max_iters: 100000, normalize: 1, rho_x: 1.00e-06
	  acceleration_lookback: 10, acceleration_interval: 10
	  time_limit_secs: 6.00e+02
	  compiled with openmp parallelization enabled
lin-sys:  sparse-indirect GPU
	  nnz(A): 419869, nnz(P): 0
------------------------------------------------------------------
 iter | pri res | dua res |   gap   |   obj   |  scale  | time (s)
------------------------------------------------------------------
     0| 2.83e+01  2.00e+00  3.61e+03 -1.81e+03  1.00e-01  3.27e+01 
   225| 6.98e-05  7.25e-05  5.01e-04  1.62e-01  1.09e+00  6.28e+02 
------------------------------------------------------------------
status:  solved (inaccurate - reached time_limit_secs)
timings: total: 6.28e+02s = setup: 2.64e+00s + solve: 6.25e+02s
	 lin-sys: 5.37e+02s, cones: 2.92e-01s, accel: 2.06e-01s
------------------------------------------------------------------
objective = 0.162153 (inaccurate)
------------------------------------------------------------------
TABLE5_SOLVE_RESULT solver=scs_gpu instance=table5-m10000-n100000-r05 termination=TIME_LIMIT primal_status=FEASIBLE_POINT iterations=225 objective=0.16190287953347532 optimize_wall_seconds=630.8166289329529
TABLE5_SOLVE_FINISH solver=scs_gpu instance=table5-m10000-n100000-r05 status=completed result=/home/zhenwei/PDCS_fork/benchmark/large_scale_lasso/table5_solver_results/scs_gpu/table5-m10000-n100000-r05/attempt_20260729T195705Z_gpu4/result.toml
