    CondaPkg Found dependencies: /home/zhenwei/PDCS_fork/.julia-depot/packages/PythonCall/5WGSP/CondaPkg.toml
    CondaPkg Found dependencies: /home/zhenwei/PDCS_fork/.julia-depot/packages/CondaPkg/lKlVY/CondaPkg.toml
    CondaPkg Resolving changes
             ~ libstdcxx
             ~ libstdcxx-ng
             ~ openssl
             ~ python
    CondaPkg Initialising pixi
             │ /home/zhenwei/PDCS_fork/.julia-depot/artifacts/4ae17cee0bd922f66b2c72bf2f01c22481a5ec19/bin/pixi
             │ init
             │ --format pixi
             └ /home/zhenwei/PDCS_fork/.CondaPkg
✔ Created /home/zhenwei/PDCS_fork/.CondaPkg/pixi.toml
    CondaPkg Wrote /home/zhenwei/PDCS_fork/.CondaPkg/pixi.toml
             │ [dependencies]
             │ openssl = ">=3, <3.6"
             │ libstdcxx = ">=3.4,<15.0"
             │ libstdcxx-ng = ">=3.4,<15.0"
             │ 
             │     [dependencies.python]
             │     channel = "conda-forge"
             │     build = "*cp*"
             │     version = ">=3.10,!=3.14.0,!=3.14.1,<4"
             │ 
             │ [workspace]
             │ name = ".CondaPkg"
             │ platforms = ["linux-64"]
             │ channels = ["conda-forge"]
             │ channel-priority = "strict"
             └ description = "automatically generated by CondaPkg.jl"
    CondaPkg Installing packages
             │ /home/zhenwei/PDCS_fork/.julia-depot/artifacts/4ae17cee0bd922f66b2c72bf2f01c22481a5ec19/bin/pixi
             │ install
             └ --manifest-path /home/zhenwei/PDCS_fork/.CondaPkg/pixi.toml
✔ The default environment has been installed.
TABLE5_SOLVE_START solver=cupdcs instance=table5-m750000-n7500000-r03 m=750000 n=7500000 density=0.0001 seed=7306719367855031537 tolerance=1.0e-6 time_limit=10800.0
TABLE5_INSTANCE_READY instance=table5-m750000-n7500000-r03 nnz=562478594 lambda=0.12566164043565964 numerical_digest=4ae5c02277e579d329d3ffeff6b849f443a3e6919819ee4d387429c1d80f0ff5 model_digest=189c6c5a3100903dfe6ad640af1bd95ed59a6c4d0cb413cd9f3ec5683eff8305 generation_seconds=114.59318804740906
rescaling_method is not set, using default value: :ruiz_pock_chambolle. Note that if :use_scaling is false, this option is ignored.
kkt_restart_freq is not set, using default value: 500.
duality_gap_restart_freq is not set, using default value: 2000.
[ Info: logfile is set to nothing
[ Info: ---------------------------------------------------
[ Info: ------------- Parameter Info Summary --------------
[ Info: ---------------------------------------------------
[ Info: time limit: 10800.0
[ Info: use_preconditioner: true
[ Info: use_adaptive_restart: true
[ Info: use_adaptive_step_size_weight: true
[ Info: use_aggressive: true
[ Info: use_restart: true
[ Info: use_adaptive_step: true
[ Info: use_reflection: true
[ Info: use_halpern: true
[ Info: use_resolving: true
[ Info: use_duality_gap_restart: true
[ Info: duality_gap_restart_freq: 2000
[ Info: use_kkt_restart: false
[ Info: kkt_restart_freq: 2000
[ Info: abs_tol: 1.0e-6
[ Info: rel_tol: 1.0e-6
[ Info: eps_primal_infeasible_low_acc: 1.0e-12
[ Info: eps_dual_infeasible_low_acc: 1.0e-12
[ Info: eps_primal_infeasible_high_acc: 1.0e-16
[ Info: eps_dual_infeasible_high_acc: 1.0e-16
[ Info: print_freq: 1000
[ Info: check_terminate_freq: 1000
[ Info: ---------------------------------------------------
[ Info: ------------- Model Info Summary -----------------
[ Info: ---------------------------------------------------
[ Info: variable number: 15750004
[ Info: constraint number: 16500005
[ Info: non-zero elements in G: 1141457197
[ Info: Number of box constraints: 15750004
[ Info: Number of equal constraints: 750003
[ Info: Number of nonnegative constraints: 15000000
[ Info: Number of soc cone constraints: 1
[ Info: Number of rsoc cone constraints: 0
[ Info: Number of exp cone constraints: 0
[ Info: Number of dual exp cone constraints: 0
[ Info: Number of soc cone variables: 0
[ Info: Number of rsoc cone variables: 0
[ Info: Number of exp cone variables: 0
[ Info: Number of dual exp cone variables: 0
[ Info: ---------------------------------------------------
[ Info: Using preconditioner
[ Info: Warm start not enabled. Ignoring warm start values.
[ Info: Initializing primal and dual variables to zero.
[ Info: initial nrm1G: 5.789680960310314e8, initial nrmInfG: 1.0
[ Info: initial nrm1c: 1.8849266065348908e6
[ Info: initial nrm1h: 2441.6094937187304
[ Info: initial nrmInfc: 2.0
[ Info: max Dr_product:8.469874153821602
[ Info: norm Dr_product:24061.75587144788
[ Info: max Dl_product:30.04085243887461
[ Info: norm Dl_product:24061.75589220664
[ Info: after scaling, norm1 c: 305754.6172565155
[ Info: after scaling, normInf c: 1.9996615778638578
[ Info: after scaling, norm1 G: 6.2823883806693135e6
[ Info: after scaling, normInf G: 0.7071067811865475
[ Info: iter:0 rel_p_res(inf):5.000e-01 rel_d_res(inf):6.667e-01 primal_obj:0.000e+00 dual_obj:0.000e+00 rel_pd_gap:0.000e+00 time:0.00 restart_used:0
[ Info: ==================================================
[ Info: Start unified diagonal GPU loop for the ablation-compatible production path.
[ Info: iter:0 rel_p_res(inf):5.000e-01 rel_d_res(inf):6.667e-01 primal_obj:0.000e+00 dual_obj:0.000e+00 rel_pd_gap:0.000e+00 time:3.49 restart_used:0
[ Info: iter:1000 rel_p_res(inf):1.012e-05 rel_d_res(inf):1.263e-02 primal_obj:1.24674e+01 dual_obj:1.29178e+01 rel_pd_gap:3.236e-02 time:253.66 restart_used:0, restart_trigger_mean:0, restart_trigger_ergodic:0, diff_nrm_x_recovered:8.863e+00 diff_nrm_y_recovered:5.143e+02 nrm2_x_recovered:8.863e+00 nrm2_y_recovered:5.143e+02, nrmInf_x_recovered:5.707e+00 nrmInf_y_recovered:1.188e+01 dual_gap_ergodic:1.000e+30, dual_gap_mean:1.000e+30, dual_gap_restart_threshold:Inf, dual_gap_r:0.000e+00, kkt_error_ergodic:1.000e+30, kkt_error_mean:1.000e+30, kkt_error_restart_threshold:0.000e+00, tau:1.229e-02, sigma:7.570e+01
[ Info: iter:2000 rel_p_res(inf):3.552e-07 rel_d_res(inf):2.176e-04 primal_obj:1.23995e+01 dual_obj:1.24073e+01 rel_pd_gap:5.831e-04 time:672.43 restart_used:0, restart_trigger_mean:0, restart_trigger_ergodic:0, diff_nrm_x_recovered:2.029e-01 diff_nrm_y_recovered:5.740e+00 nrm2_x_recovered:9.042e+00 nrm2_y_recovered:5.128e+02, nrmInf_x_recovered:5.835e+00 nrmInf_y_recovered:1.168e+01 dual_gap_ergodic:1.000e+30, dual_gap_mean:1.000e+30, dual_gap_restart_threshold:Inf, dual_gap_r:0.000e+00, kkt_error_ergodic:1.000e+30, kkt_error_mean:1.000e+30, kkt_error_restart_threshold:0.000e+00, tau:1.447e-02, sigma:8.918e+01
┌ Info: restart candidate selected
│   reason = "duality-gap condition 1"
│   selected_name = "current"
│   current_merit = 0.00011997601891654348
│   mean_merit = 0.0008891326358124189
└   halpern_merit = 0.0001242716990482131
[ Info: restart due to condition 1
[ Info: omega:78.4938015509333, x_diff_norm:11.402318428390405, y_diff_norm:546.2071337768718
[ Info: iter:3000 rel_p_res(inf):2.775e-09 rel_d_res(inf):3.623e-07 primal_obj:1.23984e+01 dual_obj:1.23984e+01 rel_pd_gap:6.218e-07 time:847.81 restart_used:1, restart_trigger_mean:0, restart_trigger_ergodic:1, diff_nrm_x_recovered:3.560e-03 diff_nrm_y_recovered:1.035e-01 nrm2_x_recovered:9.045e+00 nrm2_y_recovered:5.128e+02, nrmInf_x_recovered:5.837e+00 nrmInf_y_recovered:1.167e+01 dual_gap_ergodic:1.200e-04, dual_gap_mean:8.891e-04, dual_gap_restart_threshold:1.200e-04, dual_gap_r:1.230e+04, kkt_error_ergodic:1.000e+30, kkt_error_mean:1.000e+30, kkt_error_restart_threshold:0.000e+00, tau:1.701e-02, sigma:6.398e+01
[ Info: ===============================================
[ Info: ---------------------------------------------------
[ Info: ------------- Solver Info Summary -----------------
[ Info: ---------------------------------------------------
[ Info: iter_num:                     3000
[ Info: exit_status:                  optimal
[ Info: l_2_abs_primal_res:           9.8731e-07
[ Info: l_2_rel_primal_res:           2.0488e-10
[ Info: l_inf_abs_primal_res:         1.6193e-08
[ Info: l_inf_rel_primal_res:         2.7754e-09
[ Info: l_2_abs_dual_res:             1.2101e-05
[ Info: l_2_rel_dual_res:             6.4201e-12
[ Info: l_inf_abs_dual_res:           1.0870e-06
[ Info: l_inf_rel_dual_res:           3.6233e-07
[ Info: rel_gap:                      6.2178e-07
[ Info: abs_gap:                      8.3309e-06
[ Info: primal_obj:                   1.2398e+01
[ Info: dual_obj:                     1.2398e+01
[ Info: time:                         847.8126
[ Info: ---------------------------------------------------
[ Info:  norm(sol.x.recovered_primal.primal_sol.x, Inf): 5.836997964528604
[ Info:  norm(sol.y.recovered_dual.dual_sol.y, Inf): 11.674009462678196
[ Info: time for projection: 1.1345834732055664
[ Info: time for iterative: 750.4484360218048
[ Info: time for restart check: 2.8112730979919434
[ Info: time for exit check: 0.0
[ Info: time for print info calculation: 1.5218300819396973
TABLE5_SOLVE_RESULT solver=cupdcs instance=table5-m750000-n7500000-r03 termination=OPTIMAL primal_status=FEASIBLE_POINT iterations=3000 objective=12.398378610487708 optimize_wall_seconds=3062.2440440654755
TABLE5_SOLVE_FINISH solver=cupdcs instance=table5-m750000-n7500000-r03 status=completed result=/home/zhenwei/PDCS_fork/benchmark/large_scale_lasso/table5_solver_results/cupdcs/table5-m750000-n7500000-r03/attempt_20260730T024047Z/result.toml
