    CondaPkg Found dependencies: /home/zhenwei/PDCS_fork/.julia-depot/packages/PythonCall/5WGSP/CondaPkg.toml
    CondaPkg Found dependencies: /home/zhenwei/PDCS_fork/.julia-depot/packages/CondaPkg/lKlVY/CondaPkg.toml
    CondaPkg Resolving changes
             ~ libstdcxx
             ~ libstdcxx-ng
             ~ openssl
             ~ python
    CondaPkg Initialising pixi
             │ /home/zhenwei/PDCS_fork/.julia-depot/artifacts/4ae17cee0bd922f66b2c72bf2f01c22481a5ec19/bin/pixi
             │ init
             │ --format pixi
             └ /home/zhenwei/PDCS_fork/.CondaPkg
✔ Created /home/zhenwei/PDCS_fork/.CondaPkg/pixi.toml
    CondaPkg Wrote /home/zhenwei/PDCS_fork/.CondaPkg/pixi.toml
             │ [dependencies]
             │ openssl = ">=3, <3.6"
             │ libstdcxx = ">=3.4,<15.0"
             │ libstdcxx-ng = ">=3.4,<15.0"
             │ 
             │     [dependencies.python]
             │     channel = "conda-forge"
             │     build = "*cp*"
             │     version = ">=3.10,!=3.14.0,!=3.14.1,<4"
             │ 
             │ [workspace]
             │ name = ".CondaPkg"
             │ platforms = ["linux-64"]
             │ channels = ["conda-forge"]
             │ channel-priority = "strict"
             └ description = "automatically generated by CondaPkg.jl"
    CondaPkg Installing packages
             │ /home/zhenwei/PDCS_fork/.julia-depot/artifacts/4ae17cee0bd922f66b2c72bf2f01c22481a5ec19/bin/pixi
             │ install
             └ --manifest-path /home/zhenwei/PDCS_fork/.CondaPkg/pixi.toml
✔ The default environment has been installed.
TABLE5_SOLVE_START solver=cupdcs instance=table5-m400000-n7000000-r03 m=400000 n=7000000 density=0.0001 seed=2252237519727520935 tolerance=1.0e-6 time_limit=1800.0
TABLE5_INSTANCE_READY instance=table5-m400000-n7000000-r03 nnz=280028037 lambda=0.09383139571165827 numerical_digest=dbd9feacaead4253e64bcf40d3a39c41543a723462009c411a4f5d0c1441ed32 model_digest=f83571cffb4c6a593fe7dc96ce822ab2d52e77b51f416d6369087859da64839d generation_seconds=57.98242688179016
rescaling_method is not set, using default value: :ruiz_pock_chambolle. Note that if :use_scaling is false, this option is ignored.
kkt_restart_freq is not set, using default value: 500.
duality_gap_restart_freq is not set, using default value: 2000.
[ Info: logfile is set to nothing
[ Info: ---------------------------------------------------
[ Info: ------------- Parameter Info Summary --------------
[ Info: ---------------------------------------------------
[ Info: time limit: 1800.0
[ Info: use_preconditioner: true
[ Info: use_adaptive_restart: true
[ Info: use_adaptive_step_size_weight: true
[ Info: use_aggressive: true
[ Info: use_restart: true
[ Info: use_adaptive_step: true
[ Info: use_reflection: true
[ Info: use_halpern: true
[ Info: use_resolving: true
[ Info: use_duality_gap_restart: true
[ Info: duality_gap_restart_freq: 2000
[ Info: use_kkt_restart: false
[ Info: kkt_restart_freq: 2000
[ Info: abs_tol: 1.0e-6
[ Info: rel_tol: 1.0e-6
[ Info: eps_primal_infeasible_low_acc: 1.0e-12
[ Info: eps_dual_infeasible_low_acc: 1.0e-12
[ Info: eps_primal_infeasible_high_acc: 1.0e-16
[ Info: eps_dual_infeasible_high_acc: 1.0e-16
[ Info: print_freq: 1000
[ Info: check_terminate_freq: 1000
[ Info: ---------------------------------------------------
[ Info: ------------- Model Info Summary -----------------
[ Info: ---------------------------------------------------
[ Info: variable number: 14400004
[ Info: constraint number: 14800005
[ Info: non-zero elements in G: 574856083
[ Info: Number of box constraints: 14400004
[ Info: Number of equal constraints: 400003
[ Info: Number of nonnegative constraints: 14000000
[ Info: Number of soc cone constraints: 1
[ Info: Number of rsoc cone constraints: 0
[ Info: Number of exp cone constraints: 0
[ Info: Number of dual exp cone constraints: 0
[ Info: Number of soc cone variables: 0
[ Info: Number of rsoc cone variables: 0
[ Info: Number of exp cone variables: 0
[ Info: Number of dual exp cone variables: 0
[ Info: ---------------------------------------------------
[ Info: Using preconditioner
[ Info: Warm start not enabled. Ignoring warm start values.
[ Info: Initializing primal and dual variables to zero.
[ Info: initial nrm1G: 2.948250315890146e8, initial nrmInfG: 1.0
[ Info: initial nrm1c: 1.3136415399632142e6
[ Info: initial nrm1h: 1304.299580236156
[ Info: initial nrmInfc: 2.0
[ Info: max Dr_product:6.620236017962014
[ Info: norm Dr_product:17170.469742413556
[ Info: max Dl_product:29.12671944324022
[ Info: norm Dl_product:17170.46977150375
[ Info: after scaling, norm1 c: 290026.2381833812
[ Info: after scaling, normInf c: 1.9996615778638578
[ Info: after scaling, norm1 G: 5.681040538085869e6
[ Info: after scaling, normInf G: 0.7071067811865475
[ Info: iter:0 rel_p_res(inf):5.000e-01 rel_d_res(inf):6.667e-01 primal_obj:0.000e+00 dual_obj:0.000e+00 rel_pd_gap:0.000e+00 time:0.00 restart_used:0
[ Info: ==================================================
[ Info: Start unified diagonal GPU loop for the ablation-compatible production path.
[ Info: iter:0 rel_p_res(inf):5.000e-01 rel_d_res(inf):6.667e-01 primal_obj:0.000e+00 dual_obj:0.000e+00 rel_pd_gap:0.000e+00 time:3.12 restart_used:0
[ Info: iter:1000 rel_p_res(inf):1.320e-04 rel_d_res(inf):9.338e-02 primal_obj:5.20689e+00 dual_obj:8.77875e+00 rel_pd_gap:3.653e-01 time:155.05 restart_used:0, restart_trigger_mean:0, restart_trigger_ergodic:0, diff_nrm_x_recovered:4.350e+00 diff_nrm_y_recovered:3.737e+02 nrm2_x_recovered:4.350e+00 nrm2_y_recovered:3.737e+02, nrmInf_x_recovered:2.451e+00 nrmInf_y_recovered:6.006e+00 dual_gap_ergodic:1.000e+30, dual_gap_mean:1.000e+30, dual_gap_restart_threshold:Inf, dual_gap_r:0.000e+00, kkt_error_ergodic:1.000e+30, kkt_error_mean:1.000e+30, kkt_error_restart_threshold:0.000e+00, tau:1.316e-02, sigma:7.899e+01
[ Info: iter:2000 rel_p_res(inf):9.055e-05 rel_d_res(inf):4.623e-02 primal_obj:6.11335e+00 dual_obj:7.70585e+00 rel_pd_gap:1.829e-01 time:240.71 restart_used:0, restart_trigger_mean:0, restart_trigger_ergodic:0, diff_nrm_x_recovered:4.927e-01 diff_nrm_y_recovered:9.107e+00 nrm2_x_recovered:4.789e+00 nrm2_y_recovered:3.711e+02, nrmInf_x_recovered:2.773e+00 nrmInf_y_recovered:6.119e+00 dual_gap_ergodic:1.000e+30, dual_gap_mean:1.000e+30, dual_gap_restart_threshold:Inf, dual_gap_r:0.000e+00, kkt_error_ergodic:1.000e+30, kkt_error_mean:1.000e+30, kkt_error_restart_threshold:0.000e+00, tau:1.424e-02, sigma:8.547e+01
[ Info: restart due to condition 1
[ Info: omega:77.48562769040245, x_diff_norm:6.221279866613388, y_diff_norm:397.59906207159065
[ Info: iter:3000 rel_p_res(inf):6.871e-06 rel_d_res(inf):7.305e-03 primal_obj:6.64355e+00 dual_obj:6.79175e+00 rel_pd_gap:1.902e-02 time:327.12 restart_used:1, restart_trigger_mean:0, restart_trigger_ergodic:1, diff_nrm_x_recovered:4.012e-01 diff_nrm_y_recovered:8.686e+00 nrm2_x_recovered:5.150e+00 nrm2_y_recovered:3.688e+02, nrmInf_x_recovered:3.037e+00 nrmInf_y_recovered:6.215e+00 dual_gap_ergodic:5.546e-04, dual_gap_mean:2.254e-03, dual_gap_restart_threshold:5.546e-04, dual_gap_r:4.554e+03, kkt_error_ergodic:1.000e+30, kkt_error_mean:1.000e+30, kkt_error_restart_threshold:0.000e+00, tau:1.630e-02, sigma:8.071e+01
[ Info: iter:4000 rel_p_res(inf):3.935e-06 rel_d_res(inf):3.615e-03 primal_obj:6.63063e+00 dual_obj:6.70415e+00 rel_pd_gap:9.543e-03 time:411.44 restart_used:1, restart_trigger_mean:0, restart_trigger_ergodic:1, diff_nrm_x_recovered:4.025e-02 diff_nrm_y_recovered:1.256e+00 nrm2_x_recovered:5.182e+00 nrm2_y_recovered:3.685e+02, nrmInf_x_recovered:3.060e+00 nrmInf_y_recovered:6.191e+00 dual_gap_ergodic:5.546e-04, dual_gap_mean:2.254e-03, dual_gap_restart_threshold:5.546e-04, dual_gap_r:4.554e+03, kkt_error_ergodic:1.000e+30, kkt_error_mean:1.000e+30, kkt_error_restart_threshold:0.000e+00, tau:1.825e-02, sigma:9.035e+01
[ Info: iter:5000 rel_p_res(inf):2.299e-06 rel_d_res(inf):2.433e-03 primal_obj:6.62620e+00 dual_obj:6.67592e+00 rel_pd_gap:6.478e-03 time:497.13 restart_used:1, restart_trigger_mean:0, restart_trigger_ergodic:1, diff_nrm_x_recovered:1.252e-02 diff_nrm_y_recovered:4.116e-01 nrm2_x_recovered:5.192e+00 nrm2_y_recovered:3.684e+02, nrmInf_x_recovered:3.067e+00 nrmInf_y_recovered:6.182e+00 dual_gap_ergodic:6.705e-04, dual_gap_mean:2.346e-03, dual_gap_restart_threshold:5.546e-04, dual_gap_r:4.554e+03, kkt_error_ergodic:1.000e+30, kkt_error_mean:1.000e+30, kkt_error_restart_threshold:0.000e+00, tau:1.480e-02, sigma:7.328e+01
[ Info: iter:6000 rel_p_res(inf):1.721e-06 rel_d_res(inf):1.828e-03 primal_obj:6.62408e+00 dual_obj:6.66168e+00 rel_pd_gap:4.907e-03 time:581.45 restart_used:1, restart_trigger_mean:0, restart_trigger_ergodic:1, diff_nrm_x_recovered:6.328e-03 diff_nrm_y_recovered:2.096e-01 nrm2_x_recovered:5.197e+00 nrm2_y_recovered:3.683e+02, nrmInf_x_recovered:3.071e+00 nrmInf_y_recovered:6.178e+00 dual_gap_ergodic:6.705e-04, dual_gap_mean:2.346e-03, dual_gap_restart_threshold:5.546e-04, dual_gap_r:4.554e+03, kkt_error_ergodic:1.000e+30, kkt_error_mean:1.000e+30, kkt_error_restart_threshold:0.000e+00, tau:1.535e-02, sigma:7.599e+01
[ Info: restart due to condition 2
[ Info: omega:70.37094514344473, x_diff_norm:0.5961151804125315, y_diff_norm:16.437739013548985
[ Info: iter:7000 rel_p_res(inf):5.848e-07 rel_d_res(inf):1.479e-04 primal_obj:6.62011e+00 dual_obj:6.62150e+00 rel_pd_gap:1.820e-04 time:668.04 restart_used:2, restart_trigger_mean:0, restart_trigger_ergodic:2, diff_nrm_x_recovered:1.776e-02 diff_nrm_y_recovered:5.693e-01 nrm2_x_recovered:5.211e+00 nrm2_y_recovered:3.682e+02, nrmInf_x_recovered:3.082e+00 nrmInf_y_recovered:6.166e+00 dual_gap_ergodic:3.294e-04, dual_gap_mean:1.186e-03, dual_gap_restart_threshold:3.294e-04, dual_gap_r:2.687e+01, kkt_error_ergodic:1.000e+30, kkt_error_mean:1.000e+30, kkt_error_restart_threshold:0.000e+00, tau:2.572e-02, sigma:4.991e+01
[ Info: iter:8000 rel_p_res(inf):3.509e-07 rel_d_res(inf):7.273e-05 primal_obj:6.61907e+00 dual_obj:6.61974e+00 rel_pd_gap:8.809e-05 time:752.44 restart_used:2, restart_trigger_mean:0, restart_trigger_ergodic:2, diff_nrm_x_recovered:6.809e-04 diff_nrm_y_recovered:3.422e-02 nrm2_x_recovered:5.212e+00 nrm2_y_recovered:3.682e+02, nrmInf_x_recovered:3.082e+00 nrmInf_y_recovered:6.165e+00 dual_gap_ergodic:3.294e-04, dual_gap_mean:1.186e-03, dual_gap_restart_threshold:3.294e-04, dual_gap_r:2.687e+01, kkt_error_ergodic:1.000e+30, kkt_error_mean:1.000e+30, kkt_error_restart_threshold:0.000e+00, tau:2.720e-02, sigma:5.278e+01
[ Info: iter:9000 rel_p_res(inf):2.013e-07 rel_d_res(inf):4.874e-05 primal_obj:6.61872e+00 dual_obj:6.61917e+00 rel_pd_gap:5.946e-05 time:838.30 restart_used:2, restart_trigger_mean:0, restart_trigger_ergodic:2, diff_nrm_x_recovered:2.183e-04 diff_nrm_y_recovered:1.108e-02 nrm2_x_recovered:5.212e+00 nrm2_y_recovered:3.682e+02, nrmInf_x_recovered:3.082e+00 nrmInf_y_recovered:6.164e+00 dual_gap_ergodic:3.089e-03, dual_gap_mean:2.238e-03, dual_gap_restart_threshold:3.294e-04, dual_gap_r:2.687e+01, kkt_error_ergodic:1.000e+30, kkt_error_mean:1.000e+30, kkt_error_restart_threshold:0.000e+00, tau:2.683e-02, sigma:5.207e+01
[ Info: iter:10000 rel_p_res(inf):3.267e-07 rel_d_res(inf):3.637e-05 primal_obj:6.61855e+00 dual_obj:6.61888e+00 rel_pd_gap:4.402e-05 time:922.68 restart_used:2, restart_trigger_mean:0, restart_trigger_ergodic:2, diff_nrm_x_recovered:1.123e-04 diff_nrm_y_recovered:5.606e-03 nrm2_x_recovered:5.212e+00 nrm2_y_recovered:3.682e+02, nrmInf_x_recovered:3.082e+00 nrmInf_y_recovered:6.164e+00 dual_gap_ergodic:3.089e-03, dual_gap_mean:2.238e-03, dual_gap_restart_threshold:3.294e-04, dual_gap_r:2.687e+01, kkt_error_ergodic:1.000e+30, kkt_error_mean:1.000e+30, kkt_error_restart_threshold:0.000e+00, tau:2.504e-02, sigma:4.859e+01
[ Info: restart due to artificial condition, beta_artificial = 0.223, inner_iter = 3991, iter = 10001 or force_restart
[ Info: omega:44.05068250769287, x_diff_norm:0.02642883498053996, y_diff_norm:0.9704633168676614
[ Info: iter:11000 rel_p_res(inf):7.327e-08 rel_d_res(inf):6.391e-06 primal_obj:6.61827e+00 dual_obj:6.61818e+00 rel_pd_gap:1.256e-05 time:1009.79 restart_used:3, restart_trigger_mean:0, restart_trigger_ergodic:2, diff_nrm_x_recovered:2.688e-04 diff_nrm_y_recovered:1.206e-02 nrm2_x_recovered:5.212e+00 nrm2_y_recovered:3.682e+02, nrmInf_x_recovered:3.082e+00 nrmInf_y_recovered:6.164e+00 dual_gap_ergodic:2.854e+01, dual_gap_mean:1.294e-03, dual_gap_restart_threshold:1.352e-03, dual_gap_r:4.301e-02, kkt_error_ergodic:1.000e+30, kkt_error_mean:1.000e+30, kkt_error_restart_threshold:0.000e+00, tau:2.667e-02, sigma:4.314e+01
[ Info: iter:12000 rel_p_res(inf):4.134e-08 rel_d_res(inf):3.104e-06 primal_obj:6.61815e+00 dual_obj:6.61810e+00 rel_pd_gap:6.564e-06 time:1094.17 restart_used:3, restart_trigger_mean:0, restart_trigger_ergodic:2, diff_nrm_x_recovered:5.555e-05 diff_nrm_y_recovered:2.613e-03 nrm2_x_recovered:5.212e+00 nrm2_y_recovered:3.682e+02, nrmInf_x_recovered:3.082e+00 nrmInf_y_recovered:6.164e+00 dual_gap_ergodic:2.854e+01, dual_gap_mean:1.294e-03, dual_gap_restart_threshold:1.352e-03, dual_gap_r:4.301e-02, kkt_error_ergodic:1.000e+30, kkt_error_mean:1.000e+30, kkt_error_restart_threshold:0.000e+00, tau:3.079e-02, sigma:4.980e+01
[ Info: restart due to artificial condition, beta_artificial = 0.223, inner_iter = 2889, iter = 12952 or force_restart
[ Info: omega:40.2185929884631, x_diff_norm:0.0024554605143889043, y_diff_norm:0.11549796674874677
[ Info: iter:13000 rel_p_res(inf):8.350e-08 rel_d_res(inf):6.254e-06 primal_obj:6.61831e+00 dual_obj:6.61817e+00 rel_pd_gap:1.789e-05 time:1181.06 restart_used:4, restart_trigger_mean:0, restart_trigger_ergodic:2, diff_nrm_x_recovered:7.005e-05 diff_nrm_y_recovered:2.727e-03 nrm2_x_recovered:5.212e+00 nrm2_y_recovered:3.682e+02, nrmInf_x_recovered:3.082e+00 nrmInf_y_recovered:6.164e+00 dual_gap_ergodic:2.601e-03, dual_gap_mean:2.387e-03, dual_gap_restart_threshold:1.102e-03, dual_gap_r:4.775e-04, kkt_error_ergodic:1.000e+30, kkt_error_mean:1.000e+30, kkt_error_restart_threshold:0.000e+00, tau:2.827e-02, sigma:5.348e+01
[ Info: iter:14000 rel_p_res(inf):6.199e-09 rel_d_res(inf):2.898e-07 primal_obj:6.61805e+00 dual_obj:6.61802e+00 rel_pd_gap:3.411e-06 time:1265.35 restart_used:4, restart_trigger_mean:0, restart_trigger_ergodic:2, diff_nrm_x_recovered:1.160e-04 diff_nrm_y_recovered:4.973e-03 nrm2_x_recovered:5.212e+00 nrm2_y_recovered:3.682e+02, nrmInf_x_recovered:3.082e+00 nrmInf_y_recovered:6.164e+00 dual_gap_ergodic:2.601e-03, dual_gap_mean:2.387e-03, dual_gap_restart_threshold:1.102e-03, dual_gap_r:4.775e-04, kkt_error_ergodic:1.000e+30, kkt_error_mean:1.000e+30, kkt_error_restart_threshold:0.000e+00, tau:2.372e-02, sigma:4.488e+01
[ Info: restart due to condition 2
[ Info: omega:43.49447856201362, x_diff_norm:0.00023615237320708551, y_diff_norm:0.011199565367816727
[ Info: iter:15000 rel_p_res(inf):1.996e-10 rel_d_res(inf):7.518e-08 primal_obj:6.61803e+00 dual_obj:6.61803e+00 rel_pd_gap:2.354e-07 time:1352.49 restart_used:5, restart_trigger_mean:0, restart_trigger_ergodic:3, diff_nrm_x_recovered:1.068e-05 diff_nrm_y_recovered:4.545e-04 nrm2_x_recovered:5.212e+00 nrm2_y_recovered:3.682e+02, nrmInf_x_recovered:3.082e+00 nrmInf_y_recovered:6.164e+00 dual_gap_ergodic:7.682e-04, dual_gap_mean:2.648e-03, dual_gap_restart_threshold:7.682e-04, dual_gap_r:5.174e-06, kkt_error_ergodic:1.000e+30, kkt_error_mean:1.000e+30, kkt_error_restart_threshold:0.000e+00, tau:2.444e-02, sigma:5.041e+01
[ Info: ===============================================
[ Info: ---------------------------------------------------
[ Info: ------------- Solver Info Summary -----------------
[ Info: ---------------------------------------------------
[ Info: iter_num:                     15000
[ Info: exit_status:                  optimal
[ Info: l_2_abs_primal_res:           6.4740e-08
[ Info: l_2_rel_primal_res:           2.5192e-11
[ Info: l_inf_abs_primal_res:         7.7588e-10
[ Info: l_inf_rel_primal_res:         1.9964e-10
[ Info: l_2_abs_dual_res:             8.2356e-07
[ Info: l_2_rel_dual_res:             6.2693e-13
[ Info: l_inf_abs_dual_res:           2.2554e-07
[ Info: l_inf_rel_dual_res:           7.5179e-08
[ Info: rel_gap:                      2.3538e-07
[ Info: abs_gap:                      1.7931e-06
[ Info: primal_obj:                   6.6180e+00
[ Info: dual_obj:                     6.6180e+00
[ Info: time:                         1352.4855
[ Info: ---------------------------------------------------
[ Info:  norm(sol.x.recovered_primal.primal_sol.x, Inf): 3.0818792148397924
[ Info:  norm(sol.y.recovered_dual.dual_sol.y, Inf): 6.163756953049978
[ Info: time for projection: 3.993527412414551
[ Info: time for iterative: 1246.9781303405762
[ Info: time for restart check: 4.80946683883667
[ Info: time for exit check: 0.0
[ Info: time for print info calculation: 1.3411157131195068
TABLE5_SOLVE_RESULT solver=cupdcs instance=table5-m400000-n7000000-r03 termination=OPTIMAL primal_status=FEASIBLE_POINT iterations=15000 objective=6.61803185767848 optimize_wall_seconds=2462.530861854553
TABLE5_SOLVE_FINISH solver=cupdcs instance=table5-m400000-n7000000-r03 status=completed result=/home/zhenwei/PDCS_fork/benchmark/large_scale_lasso/table5_solver_results/cupdcs/table5-m400000-n7000000-r03/attempt_20260729T212629Z_gpu1/result.toml
