TABLE5_SOLVE_START solver=scs_gpu instance=table5-m70000-n700000-r03 m=70000 n=700000 density=0.0001 seed=6230819915418504357 tolerance=1.0e-6 time_limit=600.0
TABLE5_INSTANCE_READY instance=table5-m70000-n700000-r03 nnz=4904221 lambda=0.04484706362751911 numerical_digest=c289e22ee1cac3b81efe7c7772bb5a3d29f983b6381b890de00aa51ef5fb7cd4 model_digest=0a89990f787bf080987fe82393da22d71ab2bbad87ef744139779110a60abb23 generation_seconds=2.9083759784698486
------------------------------------------------------------------
	       SCS v3.2.11 - Splitting Conic Solver
	(c) Brendan O'Donoghue, Stanford University, 2012
------------------------------------------------------------------
problem:  variables n: 1470004, constraints m: 1540005
cones: 	  z: primal zero / dual free vars: 70003
	  l: linear vars: 1400000
	  q: soc vars: 70002, qsize: 1
settings: eps_abs: 1.0e-06, eps_rel: 1.0e-06, eps_infeas: 1.0e-07
	  alpha: 1.50, scale: 1.00e-01, adaptive_scale: 1
	  max_iters: 100000, normalize: 1, rho_x: 1.00e-06
	  acceleration_lookback: 10, acceleration_interval: 10
	  time_limit_secs: 6.00e+02
	  compiled with openmp parallelization enabled
lin-sys:  sparse-indirect GPU
	  nnz(A): 11348451, nnz(P): 0
------------------------------------------------------------------
 iter | pri res | dua res |   gap   |   obj   |  scale  | time (s)
------------------------------------------------------------------
     0| 2.83e+01  2.00e+00  5.64e+04 -2.82e+04  1.00e-01  1.13e+03 
------------------------------------------------------------------
status:  solved (inaccurate - reached time_limit_secs)
timings: total: 1.13e+03s = setup: 3.42e+00s + solve: 1.13e+03s
	 lin-sys: 3.49e-02s, cones: 2.14e-02s, accel: 6.08e-07s
------------------------------------------------------------------
objective = -28197.081701 (inaccurate)
------------------------------------------------------------------
TABLE5_SOLVE_RESULT solver=scs_gpu instance=table5-m70000-n700000-r03 termination=TIME_LIMIT primal_status=FEASIBLE_POINT iterations=0 objective=-56394.36774572654 optimize_wall_seconds=1144.1542840003967
TABLE5_SOLVE_FINISH solver=scs_gpu instance=table5-m70000-n700000-r03 status=completed result=/home/zhenwei/PDCS_fork/benchmark/large_scale_lasso/table5_solver_results/scs_gpu/table5-m70000-n700000-r03/attempt_20260729T195705Z_gpu1/result.toml
