┌ Info: CondaPkg: Waiting for lock to be freed. You may delete this file if no other process is resolving.
└   lock_file = "/home/zhenwei/PDCS_fork/.CondaPkg/lock"
TABLE5_SOLVE_START solver=cupdcs instance=table5-m10000-n100000-r03 m=10000 n=100000 density=0.0001 seed=7352328007339572649 tolerance=1.0e-6 time_limit=600.0
TABLE5_INSTANCE_READY instance=table5-m10000-n100000-r03 nnz=99988 lambda=0.027201017342407076 numerical_digest=321f8cd91391a75d2bc191369ca8e5c9c76a8849e1494fc63dfb1e0f7dbda3c7 model_digest=ea96e34d082b0d29a060eae7abb137276dc34e521d8814d76782ea126e1e58c4 generation_seconds=1.1224899291992188
rescaling_method is not set, using default value: :ruiz_pock_chambolle. Note that if :use_scaling is false, this option is ignored.
kkt_restart_freq is not set, using default value: 500.
duality_gap_restart_freq is not set, using default value: 2000.
[ Info: logfile is set to nothing
[ Info: ---------------------------------------------------
[ Info: ------------- Parameter Info Summary --------------
[ Info: ---------------------------------------------------
[ Info: time limit: 600.0
[ Info: use_preconditioner: true
[ Info: use_adaptive_restart: true
[ Info: use_adaptive_step_size_weight: true
[ Info: use_aggressive: true
[ Info: use_restart: true
[ Info: use_adaptive_step: true
[ Info: use_reflection: true
[ Info: use_halpern: true
[ Info: use_resolving: true
[ Info: use_duality_gap_restart: true
[ Info: duality_gap_restart_freq: 2000
[ Info: use_kkt_restart: false
[ Info: kkt_restart_freq: 2000
[ Info: abs_tol: 1.0e-6
[ Info: rel_tol: 1.0e-6
[ Info: eps_primal_infeasible_low_acc: 1.0e-12
[ Info: eps_dual_infeasible_low_acc: 1.0e-12
[ Info: eps_primal_infeasible_high_acc: 1.0e-16
[ Info: eps_dual_infeasible_high_acc: 1.0e-16
[ Info: print_freq: 1000
[ Info: check_terminate_freq: 1000
[ Info: ---------------------------------------------------
[ Info: ------------- Model Info Summary -----------------
[ Info: ---------------------------------------------------
[ Info: variable number: 210004
[ Info: constraint number: 220005
[ Info: non-zero elements in G: 419985
[ Info: Number of box constraints: 210004
[ Info: Number of equal constraints: 10003
[ Info: Number of nonnegative constraints: 200000
[ Info: Number of soc cone constraints: 1
[ Info: Number of rsoc cone constraints: 0
[ Info: Number of exp cone constraints: 0
[ Info: Number of dual exp cone constraints: 0
[ Info: Number of soc cone variables: 0
[ Info: Number of rsoc cone variables: 0
[ Info: Number of exp cone variables: 0
[ Info: Number of dual exp cone variables: 0
[ Info: ---------------------------------------------------
[ Info: Using preconditioner
[ Info: Warm start not enabled. Ignoring warm start values.
[ Info: Initializing primal and dual variables to zero.
[ Info: initial nrm1G: 319894.02231332177, initial nrmInfG: 1.0
[ Info: initial nrm1c: 5442.203468481415
[ Info: initial nrm1h: 31.56041216727182
[ Info: initial nrmInfc: 2.0
[ Info: max Dr_product:2.342336689761737
[ Info: norm Dr_product:565.5913793882181
[ Info: max Dl_product:5.422870702026435
[ Info: norm Dl_product:565.5922625204241
[ Info: after scaling, norm1 c: 4655.07642192241
[ Info: after scaling, normInf c: 1.9996615778638578
[ Info: after scaling, norm1 G: 201042.48219265323
[ Info: after scaling, normInf G: 1.0
[ Info: iter:0 rel_p_res(inf):5.000e-01 rel_d_res(inf):6.667e-01 primal_obj:0.000e+00 dual_obj:0.000e+00 rel_pd_gap:0.000e+00 time:0.00 restart_used:0
[ Info: ==================================================
[ Info: Start unified diagonal GPU loop for the ablation-compatible production path.
[ Info: iter:0 rel_p_res(inf):5.000e-01 rel_d_res(inf):6.667e-01 primal_obj:0.000e+00 dual_obj:0.000e+00 rel_pd_gap:0.000e+00 time:2.60 restart_used:0
[ Info: iter:1000 rel_p_res(inf):2.713e-04 rel_d_res(inf):5.957e-03 primal_obj:1.50256e-01 dual_obj:1.97512e-01 rel_pd_gap:3.946e-02 time:3.77 restart_used:0, restart_trigger_mean:0, restart_trigger_ergodic:0, diff_nrm_x_recovered:1.471e+00 diff_nrm_y_recovered:1.276e+01 nrm2_x_recovered:1.471e+00 nrm2_y_recovered:1.276e+01, nrmInf_x_recovered:9.995e-01 nrmInf_y_recovered:1.525e+00 dual_gap_ergodic:1.000e+30, dual_gap_mean:1.000e+30, dual_gap_restart_threshold:Inf, dual_gap_r:0.000e+00, kkt_error_ergodic:1.000e+30, kkt_error_mean:1.000e+30, kkt_error_restart_threshold:0.000e+00, tau:9.578e-02, sigma:1.087e+01
[ Info: iter:2000 rel_p_res(inf):1.763e-04 rel_d_res(inf):2.492e-03 primal_obj:1.58378e-01 dual_obj:1.77607e-01 rel_pd_gap:1.633e-02 time:4.82 restart_used:0, restart_trigger_mean:0, restart_trigger_ergodic:0, diff_nrm_x_recovered:1.689e-03 diff_nrm_y_recovered:2.290e-02 nrm2_x_recovered:1.471e+00 nrm2_y_recovered:1.275e+01, nrmInf_x_recovered:9.996e-01 nrmInf_y_recovered:1.524e+00 dual_gap_ergodic:1.000e+30, dual_gap_mean:1.000e+30, dual_gap_restart_threshold:Inf, dual_gap_r:0.000e+00, kkt_error_ergodic:1.000e+30, kkt_error_mean:1.000e+30, kkt_error_restart_threshold:0.000e+00, tau:1.189e-01, sigma:1.349e+01
[ Info: restart due to condition 1
[ Info: omega:10.654395249456819, x_diff_norm:2.1760610993905294, y_diff_norm:13.280850008194202
[ Info: iter:3000 rel_p_res(inf):4.779e-07 rel_d_res(inf):1.173e-06 primal_obj:1.62950e-01 dual_obj:1.62979e-01 rel_pd_gap:2.465e-05 time:5.19 restart_used:1, restart_trigger_mean:0, restart_trigger_ergodic:1, diff_nrm_x_recovered:1.155e-03 diff_nrm_y_recovered:1.693e-02 nrm2_x_recovered:1.472e+00 nrm2_y_recovered:1.275e+01, nrmInf_x_recovered:1.000e+00 nrmInf_y_recovered:1.523e+00 dual_gap_ergodic:1.137e-03, dual_gap_mean:7.980e-03, dual_gap_restart_threshold:1.137e-03, dual_gap_r:5.256e+01, kkt_error_ergodic:1.000e+30, kkt_error_mean:1.000e+30, kkt_error_restart_threshold:0.000e+00, tau:1.549e-01, sigma:1.007e+01
[ Info: iter:4000 rel_p_res(inf):2.541e-07 rel_d_res(inf):6.490e-07 primal_obj:1.62970e-01 dual_obj:1.62975e-01 rel_pd_gap:4.324e-06 time:5.48 restart_used:1, restart_trigger_mean:0, restart_trigger_ergodic:1, diff_nrm_x_recovered:8.139e-05 diff_nrm_y_recovered:6.829e-05 nrm2_x_recovered:1.472e+00 nrm2_y_recovered:1.275e+01, nrmInf_x_recovered:1.000e+00 nrmInf_y_recovered:1.523e+00 dual_gap_ergodic:1.137e-03, dual_gap_mean:7.980e-03, dual_gap_restart_threshold:1.137e-03, dual_gap_r:5.256e+01, kkt_error_ergodic:1.000e+30, kkt_error_mean:1.000e+30, kkt_error_restart_threshold:0.000e+00, tau:1.604e-01, sigma:1.043e+01
[ Info: restart due to condition 1
[ Info: omega:8.06383801650056, x_diff_norm:0.002203582174814494, y_diff_norm:0.019054213225500268
[ Info: iter:5000 rel_p_res(inf):6.440e-09 rel_d_res(inf):2.332e-07 primal_obj:1.62971e-01 dual_obj:1.62971e-01 rel_pd_gap:1.633e-08 time:5.80 restart_used:2, restart_trigger_mean:0, restart_trigger_ergodic:2, diff_nrm_x_recovered:6.523e-05 diff_nrm_y_recovered:4.492e-05 nrm2_x_recovered:1.472e+00 nrm2_y_recovered:1.275e+01, nrmInf_x_recovered:1.000e+00 nrmInf_y_recovered:1.523e+00 dual_gap_ergodic:3.629e-04, dual_gap_mean:2.419e-03, dual_gap_restart_threshold:3.629e-04, dual_gap_r:8.844e-05, kkt_error_ergodic:1.000e+30, kkt_error_mean:1.000e+30, kkt_error_restart_threshold:0.000e+00, tau:1.289e-01, sigma:8.988e+00
[ Info: ===============================================
[ Info: ---------------------------------------------------
[ Info: ------------- Solver Info Summary -----------------
[ Info: ---------------------------------------------------
[ Info: iter_num:                     5000
[ Info: exit_status:                  optimal
[ Info: l_2_abs_primal_res:           1.5167e-08
[ Info: l_2_rel_primal_res:           2.3603e-10
[ Info: l_inf_abs_primal_res:         1.2879e-08
[ Info: l_inf_rel_primal_res:         6.4397e-09
[ Info: l_2_abs_dual_res:             9.7860e-07
[ Info: l_2_rel_dual_res:             1.7978e-10
[ Info: l_inf_abs_dual_res:           6.9963e-07
[ Info: l_inf_rel_dual_res:           2.3321e-07
[ Info: rel_gap:                      1.6327e-08
[ Info: abs_gap:                      1.8988e-08
[ Info: primal_obj:                   1.6297e-01
[ Info: dual_obj:                     1.6297e-01
[ Info: time:                         5.8012
[ Info: ---------------------------------------------------
[ Info:  norm(sol.x.recovered_primal.primal_sol.x, Inf): 1.0000000005374738
[ Info:  norm(sol.y.recovered_dual.dual_sol.y, Inf): 1.5231518686116137
[ Info: time for projection: 0.28613972663879395
[ Info: time for iterative: 1.5270965099334717
[ Info: time for restart check: 0.21258306503295898
[ Info: time for exit check: 0.0
[ Info: time for print info calculation: 0.5683567523956299
TABLE5_SOLVE_RESULT solver=cupdcs instance=table5-m10000-n100000-r03 termination=OPTIMAL primal_status=FEASIBLE_POINT iterations=5000 objective=0.16297098686508793 optimize_wall_seconds=37.57955884933472
TABLE5_SOLVE_FINISH solver=cupdcs instance=table5-m10000-n100000-r03 status=completed result=/home/zhenwei/PDCS_fork/benchmark/large_scale_lasso/table5_solver_results/cupdcs/table5-m10000-n100000-r03/attempt_20260729T195705Z_gpu2/result.toml
