TABLE5_SOLVE_START solver=cuclarabel instance=pilot-r01 m=100 n=1000 density=0.01 seed=1456099608458829617 tolerance=1.0e-6 time_limit=30.0
TABLE5_INSTANCE_READY instance=pilot-r01 nnz=1027 lambda=0.149096197560088 numerical_digest=1d76556085e241e67bfae3a0474dddb7db7d3918bc08c8381781edf7ad722336 model_digest=aba92f3a03c8b46e533ff2a165b067f37bff56058360d1cc92fa6ed8b4995e65 generation_seconds=1.461305856704712
-------------------------------------------------------------
           Clarabel.jl v0.11.0  -  Clever Acronym              

                   (c) Paul Goulart                          
                University of Oxford, 2022                   
-------------------------------------------------------------

problem:
  variables     = 2104
  constraints   = 2205
  nnz(P)        = 0
  nnz(A)        = 4263
  cones (total) = 3
    : Zero        = 1,  numel = 103
    : Nonnegative = 1,  numel = 2000
    : SecondOrder = 1,  numel = 102

settings:
  linear algebra: direct / cudss, precision: 64 bit 
  max iter = 200, time limit = 30.000000,  max step = 0.990
  tol_feas = 1.0e-06, tol_gap_abs = 1.0e-06, tol_gap_rel = 1.0e-06,
  static reg : on, ϵ1 = 1.0e-08, ϵ2 = 4.9e-32
  dynamic reg: on, ϵ = 1.0e-13, δ = 2.0e-07
  iter refine: on, reltol = 1.0e-12, abstol = 1.0e-12, 
               max iter = 10, stop ratio = 5.0
  equilibrate: on, min_scale = 1.0e-04, max_scale = 1.0e+04
               max iter = 10

iter    pcost        dcost       gap       pres      dres      k/t        μ       step      
---------------------------------------------------------------------------------------------
  0   0.0000e+00   4.2105e-17  4.21e-17  9.49e-01  8.14e-01  1.00e+00  1.17e+00   ------   
  0   0.0000e+00   4.2105e-17  4.21e-17  9.49e-01  8.14e-01  1.00e+00  1.17e+00   ------   
---------------------------------------------------------------------------------------------
Terminated with status = time limit
total time =  44.1s (setup time =  20.2s, solve time =  9.16s)
TABLE5_SOLVE_RESULT solver=cuclarabel instance=pilot-r01 termination=TIME_LIMIT primal_status=OTHER_RESULT_STATUS iterations=0 objective=0.0 optimize_wall_seconds=51.40169382095337
TABLE5_SOLVE_FINISH solver=cuclarabel instance=pilot-r01 status=completed result=/home/zhenwei/PDCS_fork/benchmark/large_scale_lasso/smoke_solver_results_20260729/cuclarabel/pilot-r01/attempt_n1000_reference_v2/result.toml
