    CondaPkg Found dependencies: /home/zhenwei/PDCS_fork/.julia-depot/packages/PythonCall/5WGSP/CondaPkg.toml
    CondaPkg Found dependencies: /home/zhenwei/PDCS_fork/.julia-depot/packages/CondaPkg/lKlVY/CondaPkg.toml
    CondaPkg Resolving changes
             ~ libstdcxx
             ~ libstdcxx-ng
             ~ openssl
             ~ python
    CondaPkg Initialising pixi
             │ /home/zhenwei/PDCS_fork/.julia-depot/artifacts/4ae17cee0bd922f66b2c72bf2f01c22481a5ec19/bin/pixi
             │ init
             │ --format pixi
             └ /home/zhenwei/PDCS_fork/.CondaPkg
✔ Created /home/zhenwei/PDCS_fork/.CondaPkg/pixi.toml
    CondaPkg Wrote /home/zhenwei/PDCS_fork/.CondaPkg/pixi.toml
             │ [dependencies]
             │ openssl = ">=3, <3.6"
             │ libstdcxx = ">=3.4,<15.0"
             │ libstdcxx-ng = ">=3.4,<15.0"
             │ 
             │     [dependencies.python]
             │     channel = "conda-forge"
             │     build = "*cp*"
             │     version = ">=3.10,!=3.14.0,!=3.14.1,<4"
             │ 
             │ [workspace]
             │ name = ".CondaPkg"
             │ platforms = ["linux-64"]
             │ channels = ["conda-forge"]
             │ channel-priority = "strict"
             └ description = "automatically generated by CondaPkg.jl"
    CondaPkg Installing packages
             │ /home/zhenwei/PDCS_fork/.julia-depot/artifacts/4ae17cee0bd922f66b2c72bf2f01c22481a5ec19/bin/pixi
             │ install
             └ --manifest-path /home/zhenwei/PDCS_fork/.CondaPkg/pixi.toml
✔ The default environment has been installed.
TABLE5_SOLVE_START solver=cupdcs instance=table5-m750000-n7500000-r02 m=750000 n=7500000 density=0.0001 seed=7063733435616014003 tolerance=1.0e-6 time_limit=10800.0
TABLE5_INSTANCE_READY instance=table5-m750000-n7500000-r02 nnz=562517554 lambda=0.12600955151179413 numerical_digest=fc5957a47109729e8c64aaaf54a247654c817eb3f8c14d450efd76d037d392b1 model_digest=9713658c74155e5db27acb248004ea48c7e5e6faa4533ad51a9c02150ff339c8 generation_seconds=112.90475296974182
rescaling_method is not set, using default value: :ruiz_pock_chambolle. Note that if :use_scaling is false, this option is ignored.
kkt_restart_freq is not set, using default value: 500.
duality_gap_restart_freq is not set, using default value: 2000.
[ Info: logfile is set to nothing
[ Info: ---------------------------------------------------
[ Info: ------------- Parameter Info Summary --------------
[ Info: ---------------------------------------------------
[ Info: time limit: 10800.0
[ Info: use_preconditioner: true
[ Info: use_adaptive_restart: true
[ Info: use_adaptive_step_size_weight: true
[ Info: use_aggressive: true
[ Info: use_restart: true
[ Info: use_adaptive_step: true
[ Info: use_reflection: true
[ Info: use_halpern: true
[ Info: use_resolving: true
[ Info: use_duality_gap_restart: true
[ Info: duality_gap_restart_freq: 2000
[ Info: use_kkt_restart: false
[ Info: kkt_restart_freq: 2000
[ Info: abs_tol: 1.0e-6
[ Info: rel_tol: 1.0e-6
[ Info: eps_primal_infeasible_low_acc: 1.0e-12
[ Info: eps_dual_infeasible_low_acc: 1.0e-12
[ Info: eps_primal_infeasible_high_acc: 1.0e-16
[ Info: eps_dual_infeasible_high_acc: 1.0e-16
[ Info: print_freq: 1000
[ Info: check_terminate_freq: 1000
[ Info: ---------------------------------------------------
[ Info: ------------- Model Info Summary -----------------
[ Info: ---------------------------------------------------
[ Info: variable number: 15750004
[ Info: constraint number: 16500005
[ Info: non-zero elements in G: 1141535117
[ Info: Number of box constraints: 15750004
[ Info: Number of equal constraints: 750003
[ Info: Number of nonnegative constraints: 15000000
[ Info: Number of soc cone constraints: 1
[ Info: Number of rsoc cone constraints: 0
[ Info: Number of exp cone constraints: 0
[ Info: Number of dual exp cone constraints: 0
[ Info: Number of soc cone variables: 0
[ Info: Number of rsoc cone variables: 0
[ Info: Number of exp cone variables: 0
[ Info: Number of dual exp cone variables: 0
[ Info: ---------------------------------------------------
[ Info: Using preconditioner
[ Info: Warm start not enabled. Ignoring warm start values.
[ Info: Initializing primal and dual variables to zero.
[ Info: initial nrm1G: 5.790304385787858e8, initial nrmInfG: 1.0
[ Info: initial nrm1c: 1.8901452726769135e6
[ Info: initial nrm1h: 2440.750185135405
[ Info: initial nrmInfc: 2.0
[ Info: max Dr_product:8.331724974885645
[ Info: norm Dr_product:24063.05130620202
[ Info: max Dl_product:30.307833021294183
[ Info: norm Dl_product:24063.051326959674
[ Info: after scaling, norm1 c: 306587.75071572466
[ Info: after scaling, normInf c: 1.9996615778638578
[ Info: after scaling, norm1 G: 6.282273874622529e6
[ Info: after scaling, normInf G: 0.7071067811865475
[ Info: iter:0 rel_p_res(inf):5.000e-01 rel_d_res(inf):6.667e-01 primal_obj:0.000e+00 dual_obj:0.000e+00 rel_pd_gap:0.000e+00 time:0.00 restart_used:0
[ Info: ==================================================
[ Info: Start unified diagonal GPU loop for the ablation-compatible production path.
[ Info: iter:0 rel_p_res(inf):5.000e-01 rel_d_res(inf):6.667e-01 primal_obj:0.000e+00 dual_obj:0.000e+00 rel_pd_gap:0.000e+00 time:3.59 restart_used:0
[ Info: iter:1000 rel_p_res(inf):2.383e-05 rel_d_res(inf):1.283e-02 primal_obj:1.24658e+01 dual_obj:1.29263e+01 rel_pd_gap:3.307e-02 time:281.94 restart_used:0, restart_trigger_mean:0, restart_trigger_ergodic:0, diff_nrm_x_recovered:8.869e+00 diff_nrm_y_recovered:5.157e+02 nrm2_x_recovered:8.869e+00 nrm2_y_recovered:5.157e+02, nrmInf_x_recovered:5.711e+00 nrmInf_y_recovered:1.189e+01 dual_gap_ergodic:1.000e+30, dual_gap_mean:1.000e+30, dual_gap_restart_threshold:Inf, dual_gap_r:0.000e+00, kkt_error_ergodic:1.000e+30, kkt_error_mean:1.000e+30, kkt_error_restart_threshold:0.000e+00, tau:1.267e-02, sigma:7.849e+01
[ Info: iter:2000 rel_p_res(inf):3.021e-07 rel_d_res(inf):2.190e-04 primal_obj:1.24004e+01 dual_obj:1.24083e+01 rel_pd_gap:5.896e-04 time:674.61 restart_used:0, restart_trigger_mean:0, restart_trigger_ergodic:0, diff_nrm_x_recovered:2.058e-01 diff_nrm_y_recovered:5.853e+00 nrm2_x_recovered:9.051e+00 nrm2_y_recovered:5.141e+02, nrmInf_x_recovered:5.841e+00 nrmInf_y_recovered:1.169e+01 dual_gap_ergodic:1.000e+30, dual_gap_mean:1.000e+30, dual_gap_restart_threshold:Inf, dual_gap_r:0.000e+00, kkt_error_ergodic:1.000e+30, kkt_error_mean:1.000e+30, kkt_error_restart_threshold:0.000e+00, tau:1.494e-02, sigma:9.256e+01
┌ Info: restart candidate selected
│   reason = "duality-gap condition 1"
│   selected_name = "current"
│   current_merit = 2.0169494375824752e-5
│   mean_merit = 0.0009280129903980719
└   halpern_merit = 6.481077503476378e-5
[ Info: restart due to condition 1
[ Info: omega:78.7079790306076, x_diff_norm:11.413537278266613, y_diff_norm:547.4910534011864
[ Info: iter:3000 rel_p_res(inf):2.670e-09 rel_d_res(inf):3.398e-07 primal_obj:1.23993e+01 dual_obj:1.23994e+01 rel_pd_gap:5.738e-07 time:850.06 restart_used:1, restart_trigger_mean:0, restart_trigger_ergodic:1, diff_nrm_x_recovered:3.570e-03 diff_nrm_y_recovered:1.053e-01 nrm2_x_recovered:9.055e+00 nrm2_y_recovered:5.141e+02, nrmInf_x_recovered:5.844e+00 nrmInf_y_recovered:1.169e+01 dual_gap_ergodic:2.017e-05, dual_gap_mean:9.280e-04, dual_gap_restart_threshold:2.017e-05, dual_gap_r:1.193e+04, kkt_error_ergodic:1.000e+30, kkt_error_mean:1.000e+30, kkt_error_restart_threshold:0.000e+00, tau:1.709e-02, sigma:6.454e+01
[ Info: ===============================================
[ Info: ---------------------------------------------------
[ Info: ------------- Solver Info Summary -----------------
[ Info: ---------------------------------------------------
[ Info: iter_num:                     3000
[ Info: exit_status:                  optimal
[ Info: l_2_abs_primal_res:           9.5605e-07
[ Info: l_2_rel_primal_res:           1.9841e-10
[ Info: l_inf_abs_primal_res:         1.5590e-08
[ Info: l_inf_rel_primal_res:         2.6700e-09
[ Info: l_2_abs_dual_res:             1.2321e-05
[ Info: l_2_rel_dual_res:             6.5185e-12
[ Info: l_inf_abs_dual_res:           1.0193e-06
[ Info: l_inf_rel_dual_res:           3.3978e-07
[ Info: rel_gap:                      5.7381e-07
[ Info: abs_gap:                      7.6887e-06
[ Info: primal_obj:                   1.2399e+01
[ Info: dual_obj:                     1.2399e+01
[ Info: time:                         850.0639
[ Info: ---------------------------------------------------
[ Info:  norm(sol.x.recovered_primal.primal_sol.x, Inf): 5.843602017610905
[ Info:  norm(sol.y.recovered_dual.dual_sol.y, Inf): 11.687216740704764
[ Info: time for projection: 1.0966570377349854
[ Info: time for iterative: 502.59667110443115
[ Info: time for restart check: 2.8288090229034424
[ Info: time for exit check: 0.0
[ Info: time for print info calculation: 0.9734208583831787
TABLE5_SOLVE_RESULT solver=cupdcs instance=table5-m750000-n7500000-r02 termination=OPTIMAL primal_status=FEASIBLE_POINT iterations=3000 objective=12.399346362700927 optimize_wall_seconds=2988.545655965805
TABLE5_SOLVE_FINISH solver=cupdcs instance=table5-m750000-n7500000-r02 status=completed result=/home/zhenwei/PDCS_fork/benchmark/large_scale_lasso/table5_solver_results/cupdcs/table5-m750000-n7500000-r02/attempt_20260730T035205Z/result.toml
