TABLE5_SOLVE_PHASE_START storage=no_cbf utc=2026-07-29T19:57:06Z
JULIA_VERSION julia version 1.12.5
KEEP_EXISTING_MANIFEST config=/home/zhenwei/PDCS_fork/benchmark/large_scale_lasso/lasso_table5.toml
id	m	n	density	replicate	seed
table5-m10000-n100000-r01	10000	100000	0.0001	1	1456099608458829617
table5-m10000-n100000-r02	10000	100000	0.0001	2	3774683599633055197
table5-m10000-n100000-r03	10000	100000	0.0001	3	7352328007339572649
table5-m10000-n100000-r04	10000	100000	0.0001	4	8539239721064585772
table5-m10000-n100000-r05	10000	100000	0.0001	5	2682075302358372869
table5-m70000-n700000-r01	70000	700000	0.0001	1	6866308190711936842
table5-m70000-n700000-r02	70000	700000	0.0001	2	3717777317041247579
table5-m70000-n700000-r03	70000	700000	0.0001	3	6230819915418504357
table5-m70000-n700000-r04	70000	700000	0.0001	4	5050833866237992834
table5-m70000-n700000-r05	70000	700000	0.0001	5	3478211357477831271
table5-m400000-n7000000-r01	400000	7000000	0.0001	1	2810953517340410803
table5-m400000-n7000000-r02	400000	7000000	0.0001	2	6916851584803374380
table5-m400000-n7000000-r03	400000	7000000	0.0001	3	2252237519727520935
table5-m400000-n7000000-r04	400000	7000000	0.0001	4	9202490041639810005
table5-m400000-n7000000-r05	400000	7000000	0.0001	5	1459784771767232267
table5-m700000-n7000000-r01	700000	7000000	0.0001	1	2694979877904449328
table5-m700000-n7000000-r02	700000	7000000	0.0001	2	706412229318414900
table5-m700000-n7000000-r03	700000	7000000	0.0001	3	2776373863867649000
table5-m700000-n7000000-r04	700000	7000000	0.0001	4	780990368380045832
table5-m700000-n7000000-r05	700000	7000000	0.0001	5	6974796360093007817
table5-m750000-n7500000-r01	750000	7500000	0.0001	1	3464449634565370456
table5-m750000-n7500000-r02	750000	7500000	0.0001	2	7063733435616014003
table5-m750000-n7500000-r03	750000	7500000	0.0001	3	7306719367855031537
table5-m750000-n7500000-r04	750000	7500000	0.0001	4	66351557481754279
table5-m750000-n7500000-r05	750000	7500000	0.0001	5	7133432016813647455
TABLE5_MANIFEST_VALID instances=25 unique_ids=25 unique_seeds=25
GPU_PREFLIGHT 1, GPU-1a06a313-b094-618b-9f24-8ccf7885ac5b, NVIDIA H100 80GB HBM3, 0, 81081, 0
SOLVE_CASE_START solver=cupdcs id=table5-m10000-n100000-r02 gpu=1 utc=2026-07-29T19:57:07Z
TABLE5_SOLVE_START solver=cupdcs instance=table5-m10000-n100000-r02 m=10000 n=100000 density=0.0001 seed=3774683599633055197 tolerance=1.0e-6 time_limit=600.0
TABLE5_INSTANCE_READY instance=table5-m10000-n100000-r02 nnz=99628 lambda=0.034404785455175536 numerical_digest=2032fe65821f3ae162f8b40f9dcc78171f721f703d96ec6b9fb9cc822d8f126c model_digest=feb25d4b21bf57da12497740dd708d831bc20ccea036fc324fa1ec604d67567c generation_seconds=1.2156050205230713
rescaling_method is not set, using default value: :ruiz_pock_chambolle. Note that if :use_scaling is false, this option is ignored.
kkt_restart_freq is not set, using default value: 500.
duality_gap_restart_freq is not set, using default value: 2000.
[ Info: logfile is set to nothing
[ Info: ---------------------------------------------------
[ Info: ------------- Parameter Info Summary --------------
[ Info: ---------------------------------------------------
[ Info: time limit: 600.0
[ Info: use_preconditioner: true
[ Info: use_adaptive_restart: true
[ Info: use_adaptive_step_size_weight: true
[ Info: use_aggressive: true
[ Info: use_restart: true
[ Info: use_adaptive_step: true
[ Info: use_reflection: true
[ Info: use_halpern: true
[ Info: use_resolving: true
[ Info: use_duality_gap_restart: true
[ Info: duality_gap_restart_freq: 2000
[ Info: use_kkt_restart: false
[ Info: kkt_restart_freq: 2000
[ Info: abs_tol: 1.0e-6
[ Info: rel_tol: 1.0e-6
[ Info: eps_primal_infeasible_low_acc: 1.0e-12
[ Info: eps_dual_infeasible_low_acc: 1.0e-12
[ Info: eps_primal_infeasible_high_acc: 1.0e-16
[ Info: eps_dual_infeasible_high_acc: 1.0e-16
[ Info: print_freq: 1000
[ Info: check_terminate_freq: 1000
[ Info: ---------------------------------------------------
[ Info: ------------- Model Info Summary -----------------
[ Info: ---------------------------------------------------
[ Info: variable number: 210004
[ Info: constraint number: 220005
[ Info: non-zero elements in G: 419265
[ Info: Number of box constraints: 210004
[ Info: Number of equal constraints: 10003
[ Info: Number of nonnegative constraints: 200000
[ Info: Number of soc cone constraints: 1
[ Info: Number of rsoc cone constraints: 0
[ Info: Number of exp cone constraints: 0
[ Info: Number of dual exp cone constraints: 0
[ Info: Number of soc cone variables: 0
[ Info: Number of rsoc cone variables: 0
[ Info: Number of exp cone variables: 0
[ Info: Number of dual exp cone variables: 0
[ Info: ---------------------------------------------------
[ Info: Using preconditioner
[ Info: Warm start not enabled. Ignoring warm start values.
[ Info: Initializing primal and dual variables to zero.
[ Info: initial nrm1G: 319768.0620751027, initial nrmInfG: 1.0
[ Info: initial nrm1c: 6882.9570910351085
[ Info: initial nrm1h: 31.77505863391925
[ Info: initial nrmInfc: 2.0
[ Info: max Dr_product:2.427673848984682
[ Info: norm Dr_product:565.4800157388839
[ Info: max Dl_product:5.2446205176562115
[ Info: norm Dl_product:565.4808990450106
[ Info: after scaling, norm1 c: 5888.658793805105
[ Info: after scaling, normInf c: 1.9996615778638578
[ Info: after scaling, norm1 G: 201079.36697513447
[ Info: after scaling, normInf G: 1.0
[ Info: iter:0 rel_p_res(inf):5.000e-01 rel_d_res(inf):6.667e-01 primal_obj:0.000e+00 dual_obj:0.000e+00 rel_pd_gap:0.000e+00 time:0.00 restart_used:0
[ Info: ==================================================
[ Info: Start unified diagonal GPU loop for the ablation-compatible production path.
[ Info: iter:0 rel_p_res(inf):5.000e-01 rel_d_res(inf):6.667e-01 primal_obj:0.000e+00 dual_obj:0.000e+00 rel_pd_gap:0.000e+00 time:2.99 restart_used:0
[ Info: iter:1000 rel_p_res(inf):2.710e-04 rel_d_res(inf):7.864e-03 primal_obj:1.49794e-01 dual_obj:2.11822e-01 rel_pd_gap:5.119e-02 time:4.51 restart_used:0, restart_trigger_mean:0, restart_trigger_ergodic:0, diff_nrm_x_recovered:1.474e+00 diff_nrm_y_recovered:1.587e+01 nrm2_x_recovered:1.474e+00 nrm2_y_recovered:1.587e+01, nrmInf_x_recovered:9.995e-01 nrmInf_y_recovered:1.531e+00 dual_gap_ergodic:1.000e+30, dual_gap_mean:1.000e+30, dual_gap_restart_threshold:Inf, dual_gap_r:0.000e+00, kkt_error_ergodic:1.000e+30, kkt_error_mean:1.000e+30, kkt_error_restart_threshold:0.000e+00, tau:7.470e-02, sigma:1.339e+01
[ Info: iter:2000 rel_p_res(inf):1.810e-04 rel_d_res(inf):3.101e-03 primal_obj:1.63013e-01 dual_obj:1.83682e-01 rel_pd_gap:1.746e-02 time:5.41 restart_used:0, restart_trigger_mean:0, restart_trigger_ergodic:0, diff_nrm_x_recovered:1.728e-03 diff_nrm_y_recovered:3.497e-02 nrm2_x_recovered:1.474e+00 nrm2_y_recovered:1.586e+01, nrmInf_x_recovered:9.996e-01 nrmInf_y_recovered:1.530e+00 dual_gap_ergodic:1.000e+30, dual_gap_mean:1.000e+30, dual_gap_restart_threshold:Inf, dual_gap_r:0.000e+00, kkt_error_ergodic:1.000e+30, kkt_error_mean:1.000e+30, kkt_error_restart_threshold:0.000e+00, tau:9.560e-02, sigma:1.714e+01
[ Info: restart due to condition 1
[ Info: omega:13.388925055669858, x_diff_norm:2.179639515293937, y_diff_norm:16.293243432364132
[ Info: iter:3000 rel_p_res(inf):4.886e-07 rel_d_res(inf):1.410e-06 primal_obj:1.65464e-01 dual_obj:1.65481e-01 rel_pd_gap:1.460e-05 time:5.79 restart_used:1, restart_trigger_mean:0, restart_trigger_ergodic:1, diff_nrm_x_recovered:1.024e-03 diff_nrm_y_recovered:2.229e-02 nrm2_x_recovered:1.475e+00 nrm2_y_recovered:1.586e+01, nrmInf_x_recovered:1.000e+00 nrmInf_y_recovered:1.529e+00 dual_gap_ergodic:1.397e-03, dual_gap_mean:8.207e-03, dual_gap_restart_threshold:1.397e-03, dual_gap_r:6.482e+01, kkt_error_ergodic:1.000e+30, kkt_error_mean:1.000e+30, kkt_error_restart_threshold:0.000e+00, tau:1.124e-01, sigma:1.125e+01
[ Info: iter:4000 rel_p_res(inf):4.019e-07 rel_d_res(inf):7.939e-07 primal_obj:1.65466e-01 dual_obj:1.65476e-01 rel_pd_gap:8.643e-06 time:6.29 restart_used:1, restart_trigger_mean:0, restart_trigger_ergodic:1, diff_nrm_x_recovered:3.901e-06 diff_nrm_y_recovered:1.698e-05 nrm2_x_recovered:1.475e+00 nrm2_y_recovered:1.586e+01, nrmInf_x_recovered:1.000e+00 nrmInf_y_recovered:1.529e+00 dual_gap_ergodic:1.397e-03, dual_gap_mean:8.207e-03, dual_gap_restart_threshold:1.397e-03, dual_gap_r:6.482e+01, kkt_error_ergodic:1.000e+30, kkt_error_mean:1.000e+30, kkt_error_restart_threshold:0.000e+00, tau:1.018e-01, sigma:1.019e+01
[ Info: restart due to condition 1
[ Info: omega:10.00424438154341, x_diff_norm:0.0020954910301896304, y_diff_norm:0.02914202718840444
[ Info: iter:5000 rel_p_res(inf):4.754e-10 rel_d_res(inf):6.104e-09 primal_obj:1.65471e-01 dual_obj:1.65471e-01 rel_pd_gap:3.881e-08 time:6.62 restart_used:2, restart_trigger_mean:0, restart_trigger_ergodic:2, diff_nrm_x_recovered:4.289e-06 diff_nrm_y_recovered:3.204e-05 nrm2_x_recovered:1.475e+00 nrm2_y_recovered:1.586e+01, nrmInf_x_recovered:1.000e+00 nrmInf_y_recovered:1.529e+00 dual_gap_ergodic:3.394e-04, dual_gap_mean:2.605e-03, dual_gap_restart_threshold:3.394e-04, dual_gap_r:1.681e-04, kkt_error_ergodic:1.000e+30, kkt_error_mean:1.000e+30, kkt_error_restart_threshold:0.000e+00, tau:8.906e-02, sigma:1.239e+01
[ Info: ===============================================
[ Info: ---------------------------------------------------
[ Info: ------------- Solver Info Summary -----------------
[ Info: ---------------------------------------------------
[ Info: iter_num:                     5000
[ Info: exit_status:                  optimal
[ Info: l_2_abs_primal_res:           9.0479e-09
[ Info: l_2_rel_primal_res:           1.3952e-10
[ Info: l_inf_abs_primal_res:         9.5089e-10
[ Info: l_inf_rel_primal_res:         4.7545e-10
[ Info: l_2_abs_dual_res:             7.5373e-08
[ Info: l_2_rel_dual_res:             1.0949e-11
[ Info: l_inf_abs_dual_res:           1.8312e-08
[ Info: l_inf_rel_dual_res:           6.1039e-09
[ Info: rel_gap:                      3.8809e-08
[ Info: abs_gap:                      4.5231e-08
[ Info: primal_obj:                   1.6547e-01
[ Info: dual_obj:                     1.6547e-01
[ Info: time:                         6.6247
[ Info: ---------------------------------------------------
[ Info:  norm(sol.x.recovered_primal.primal_sol.x, Inf): 1.0000000006215388
[ Info:  norm(sol.y.recovered_dual.dual_sol.y, Inf): 1.5285578379608527
[ Info: time for projection: 0.49135494232177734
[ Info: time for iterative: 1.4692456722259521
[ Info: time for restart check: 0.300706148147583
[ Info: time for exit check: 0.0
[ Info: time for print info calculation: 0.5948994159698486
TABLE5_SOLVE_RESULT solver=cupdcs instance=table5-m10000-n100000-r02 termination=OPTIMAL primal_status=FEASIBLE_POINT iterations=5000 objective=0.1654709982043959 optimize_wall_seconds=38.569589138031006
TABLE5_SOLVE_FINISH solver=cupdcs instance=table5-m10000-n100000-r02 status=completed result=/home/zhenwei/PDCS_fork/benchmark/large_scale_lasso/table5_solver_results/cupdcs/table5-m10000-n100000-r02/attempt_20260729T195705Z_gpu1/result.toml
RESOURCE_SNAPSHOT label=solve_cupdcs_table5-m10000-n100000-r02 utc=2026-07-29T19:58:19Z
               total        used        free      shared  buff/cache   available
Mem:           2.0Ti        82Gi       461Gi        42Mi       1.4Ti       1.9Ti
Swap:             0B          0B          0B
Filesystem                    Size  Used Avail Use% Mounted on
/dev/mapper/ubuntu--vg-lv--0  778G  726G   13G  99% /home
SOLVE_CASE_COMPLETE solver=cupdcs id=table5-m10000-n100000-r02 utc=2026-07-29T19:58:19Z
GPU_PREFLIGHT 1, GPU-1a06a313-b094-618b-9f24-8ccf7885ac5b, NVIDIA H100 80GB HBM3, 0, 81081, 0
SOLVE_CASE_START solver=scs_gpu id=table5-m10000-n100000-r02 gpu=1 utc=2026-07-29T19:58:19Z
Precompiling packages...
    Pkg Being precompiled by another process (pid: 2239852, pidfile: /tmp/pdcs_scs_gpu_depot/compiled/v1.12/Pkg/tUTdb_ZeWUM.ji.pidfile)
  24165.4 ms  ✓ Pkg
    LazyArtifacts Being precompiled by another process (pid: 2239852, pidfile: /tmp/pdcs_scs_gpu_depot/compiled/v1.12/LazyArtifacts/MRP8l_ZeWUM.ji.pidfile)
   1176.6 ms  ✓ LazyArtifacts
    CUDA_Runtime_jll Being precompiled by another process (pid: 2239852, pidfile: /tmp/pdcs_scs_gpu_depot/compiled/v1.12/CUDA_Runtime_jll/Hs50y_ZeWUM.ji.pidfile)
   4519.9 ms  ✓ CUDA_Runtime_jll
    SCS_GPU_jll Being precompiled by another process (pid: 2239852, pidfile: /tmp/pdcs_scs_gpu_depot/compiled/v1.12/SCS_GPU_jll/OtXgE_ZeWUM.ji.pidfile)
   2824.0 ms  ✓ SCS_GPU_jll
  4 dependencies successfully precompiled in 33 seconds. 28 already precompiled.
Precompiling packages...
    SCS → SCSSCS_GPU_jllExt Being precompiled by another process (pid: 2239852, pidfile: /tmp/pdcs_scs_gpu_depot/compiled/v1.12/SCSSCS_GPU_jllExt/ZKon3_ZeWUM.ji.pidfile)
   2702.1 ms  ✓ SCS → SCSSCS_GPU_jllExt
  1 dependency successfully precompiled in 3 seconds. 66 already precompiled.
TABLE5_SOLVE_START solver=scs_gpu instance=table5-m10000-n100000-r02 m=10000 n=100000 density=0.0001 seed=3774683599633055197 tolerance=1.0e-6 time_limit=600.0
TABLE5_INSTANCE_READY instance=table5-m10000-n100000-r02 nnz=99628 lambda=0.034404785455175536 numerical_digest=2032fe65821f3ae162f8b40f9dcc78171f721f703d96ec6b9fb9cc822d8f126c model_digest=feb25d4b21bf57da12497740dd708d831bc20ccea036fc324fa1ec604d67567c generation_seconds=1.4288392066955566
------------------------------------------------------------------
	       SCS v3.2.11 - Splitting Conic Solver
	(c) Brendan O'Donoghue, Stanford University, 2012
------------------------------------------------------------------
problem:  variables n: 210004, constraints m: 220005
cones: 	  z: primal zero / dual free vars: 10003
	  l: linear vars: 200000
	  q: soc vars: 10002, qsize: 1
settings: eps_abs: 1.0e-06, eps_rel: 1.0e-06, eps_infeas: 1.0e-07
	  alpha: 1.50, scale: 1.00e-01, adaptive_scale: 1
	  max_iters: 100000, normalize: 1, rho_x: 1.00e-06
	  acceleration_lookback: 10, acceleration_interval: 10
	  time_limit_secs: 6.00e+02
	  compiled with openmp parallelization enabled
lin-sys:  sparse-indirect GPU
	  nnz(A): 419265, nnz(P): 0
------------------------------------------------------------------
 iter | pri res | dua res |   gap   |   obj   |  scale  | time (s)
------------------------------------------------------------------
     0| 2.83e+01  2.00e+00  4.82e+03 -2.41e+03  1.00e-01  3.16e+01 
   250| 6.10e-05  6.65e-05  4.13e-04  1.65e-01  1.07e+00  6.17e+02 
------------------------------------------------------------------
status:  solved (inaccurate - reached time_limit_secs)
timings: total: 6.17e+02s = setup: 2.53e+00s + solve: 6.14e+02s
	 lin-sys: 5.27e+02s, cones: 3.80e-01s, accel: 3.02e-01s
------------------------------------------------------------------
objective = 0.165273 (inaccurate)
------------------------------------------------------------------
TABLE5_SOLVE_RESULT solver=scs_gpu instance=table5-m10000-n100000-r02 termination=TIME_LIMIT primal_status=FEASIBLE_POINT iterations=250 objective=0.16506610994371165 optimize_wall_seconds=619.4800560474396
TABLE5_SOLVE_FINISH solver=scs_gpu instance=table5-m10000-n100000-r02 status=completed result=/home/zhenwei/PDCS_fork/benchmark/large_scale_lasso/table5_solver_results/scs_gpu/table5-m10000-n100000-r02/attempt_20260729T195705Z_gpu1/result.toml
RESOURCE_SNAPSHOT label=solve_scs_gpu_table5-m10000-n100000-r02 utc=2026-07-29T20:09:36Z
               total        used        free      shared  buff/cache   available
Mem:           2.0Ti        79Gi       464Gi        75Mi       1.4Ti       1.9Ti
Swap:             0B          0B          0B
Filesystem                    Size  Used Avail Use% Mounted on
/dev/mapper/ubuntu--vg-lv--0  778G  726G   13G  99% /home
SOLVE_CASE_COMPLETE solver=scs_gpu id=table5-m10000-n100000-r02 utc=2026-07-29T20:09:36Z
GPU_PREFLIGHT 1, GPU-1a06a313-b094-618b-9f24-8ccf7885ac5b, NVIDIA H100 80GB HBM3, 0, 81081, 0
SOLVE_CASE_START solver=cuclarabel id=table5-m10000-n100000-r02 gpu=1 utc=2026-07-29T20:09:36Z
Precompiling packages...
    673.5 ms  ✓ Mmap
   1898.0 ms  ✓ JSON
   4643.1 ms  ✓ ForwardDiff
  30864.7 ms  ✓ MathOptInterface
  21942.1 ms  ✓ JuMP
  5 dependencies successfully precompiled in 58 seconds. 39 already precompiled.
Precompiling packages...
    ExprTools Being precompiled by another process (pid: 2254670, pidfile: /tmp/pdcs_cuclarabel_depot/compiled/v1.12/ExprTools/eM8wu_ZeWUM.ji.pidfile)
    LLVMExtra_jll Being precompiled by another process (pid: 2254670, pidfile: /tmp/pdcs_cuclarabel_depot/compiled/v1.12/LLVMExtra_jll/R9OeX_ZeWUM.ji.pidfile)
    StringManipulation Being precompiled by another process (pid: 2254670, pidfile: /tmp/pdcs_cuclarabel_depot/compiled/v1.12/StringManipulation/4nJQd_ZeWUM.ji.pidfile)
    CUDA_Runtime_jll Being precompiled by another process (pid: 2254670, pidfile: /tmp/pdcs_cuclarabel_depot/compiled/v1.12/CUDA_Runtime_jll/Hs50y_ZeWUM.ji.pidfile)
    634.0 ms  ✓ ExprTools
    Tracy Being precompiled by another process (pid: 2254670, pidfile: /tmp/pdcs_cuclarabel_depot/compiled/v1.12/Tracy/QvZG9_ZeWUM.ji.pidfile)
    996.2 ms  ✓ Tracy
   1632.5 ms  ✓ LLVMExtra_jll
    LLVM Being precompiled by another process (pid: 2254670, pidfile: /tmp/pdcs_cuclarabel_depot/compiled/v1.12/LLVM/e8NBy_ZeWUM.ji.pidfile)
   3244.5 ms  ✓ StringManipulation
    PrettyTables Being precompiled by another process (pid: 2255591, pidfile: /tmp/pdcs_cuclarabel_depot/compiled/v1.12/PrettyTables/kRdcL_ZeWUM.ji.pidfile)
   4170.9 ms  ✓ CUDA_Runtime_jll
    CUDA_Compiler_jll Being precompiled by another process (pid: 2254670, pidfile: /tmp/pdcs_cuclarabel_depot/compiled/v1.12/CUDA_Compiler_jll/ljFRe_ZeWUM.ji.pidfile)
   2591.7 ms  ✓ CUDA_Compiler_jll
   8030.9 ms  ✓ LLVM
    GPUToolbox Being precompiled by another process (pid: 2254670, pidfile: /tmp/pdcs_cuclarabel_depot/compiled/v1.12/GPUToolbox/VNkSP_ZeWUM.ji.pidfile)
    LLVM → BFloat16sExt Being precompiled by another process (pid: 2254670, pidfile: /tmp/pdcs_cuclarabel_depot/compiled/v1.12/BFloat16sExt/B6KwG_ZeWUM.ji.pidfile)
    UnsafeAtomics → UnsafeAtomicsLLVM Being precompiled by another process (pid: 2254670, pidfile: /tmp/pdcs_cuclarabel_depot/compiled/v1.12/UnsafeAtomicsLLVM/yk2PZ_ZeWUM.ji.pidfile)
    GPUCompiler Being precompiled by another process (pid: 2254670, pidfile: /tmp/pdcs_cuclarabel_depot/compiled/v1.12/GPUCompiler/yPwef_ZeWUM.ji.pidfile)
   1105.4 ms  ✓ GPUToolbox
   1267.7 ms  ✓ LLVM → BFloat16sExt
   2294.4 ms  ✓ UnsafeAtomics → UnsafeAtomicsLLVM
    GPUArrays Being precompiled by another process (pid: 2254670, pidfile: /tmp/pdcs_cuclarabel_depot/compiled/v1.12/GPUArrays/v5u0T_ZeWUM.ji.pidfile)
   4873.3 ms  ✓ GPUArrays
  17017.3 ms  ✓ PrettyTables
  24463.2 ms  ✓ GPUCompiler
    CUDA Being precompiled by another process (pid: 2254670, pidfile: /tmp/pdcs_cuclarabel_depot/compiled/v1.12/CUDA/oWw5k_ZeWUM.ji.pidfile)
  37354.8 ms  ✓ CUDA
   6826.9 ms  ✓ Atomix → AtomixCUDAExt
  15 dependencies successfully precompiled in 79 seconds. 77 already precompiled.
Precompiling packages...
    923.2 ms  ✓ ForwardDiff → ForwardDiffStaticArraysExt
  1 dependency successfully precompiled in 1 seconds. 22 already precompiled.
Precompiling packages...
   6609.7 ms  ✓ CUDA → SpecialFunctionsExt
  1 dependency successfully precompiled in 7 seconds. 98 already precompiled.
Precompiling packages...
    TimerOutputs Being precompiled by another process (pid: 2254457, pidfile: /tmp/pdcs_cuclarabel_depot/compiled/v1.12/TimerOutputs/hd2yD_ZeWUM.ji.pidfile)
    DataStructures Being precompiled by another process (pid: 2254457, pidfile: /tmp/pdcs_cuclarabel_depot/compiled/v1.12/DataStructures/xKiwJ_ZeWUM.ji.pidfile)
    CUDSS_jll Being precompiled by another process (pid: 2254457, pidfile: /tmp/pdcs_cuclarabel_depot/compiled/v1.12/CUDSS_jll/zjbKf_ZeWUM.ji.pidfile)
   1586.4 ms  ✓ DataStructures
   2738.0 ms  ✓ CUDSS_jll
    CUDSS Being precompiled by another process (pid: 2254457, pidfile: /tmp/pdcs_cuclarabel_depot/compiled/v1.12/CUDSS/zEqeZ_ZeWUM.ji.pidfile)
   3723.4 ms  ✓ TimerOutputs
   6395.8 ms  ✓ CUDSS
    Clarabel Being precompiled by another process (pid: 2254457, pidfile: /tmp/pdcs_cuclarabel_depot/compiled/v1.12/Clarabel/g676L_ZeWUM.ji.pidfile)
  76876.4 ms  ✓ Clarabel
  5 dependencies successfully precompiled in 86 seconds. 123 already precompiled.
TABLE5_SOLVE_START solver=cuclarabel instance=table5-m10000-n100000-r02 m=10000 n=100000 density=0.0001 seed=3774683599633055197 tolerance=1.0e-6 time_limit=600.0
TABLE5_INSTANCE_READY instance=table5-m10000-n100000-r02 nnz=99628 lambda=0.034404785455175536 numerical_digest=2032fe65821f3ae162f8b40f9dcc78171f721f703d96ec6b9fb9cc822d8f126c model_digest=feb25d4b21bf57da12497740dd708d831bc20ccea036fc324fa1ec604d67567c generation_seconds=1.4569001197814941
-------------------------------------------------------------
           Clarabel.jl v0.11.0  -  Clever Acronym              

                   (c) Paul Goulart                          
                University of Oxford, 2022                   
-------------------------------------------------------------

problem:
  variables     = 210004
  constraints   = 220005
  nnz(P)        = 0
  nnz(A)        = 419265
  cones (total) = 3
    : Zero        = 1,  numel = 10003
    : Nonnegative = 1,  numel = 200000
    : SecondOrder = 1,  numel = 10002

settings:
  linear algebra: direct / cudss, precision: 64 bit 
  max iter = 200, time limit = 600.000000,  max step = 0.990
  tol_feas = 1.0e-06, tol_gap_abs = 1.0e-06, tol_gap_rel = 1.0e-06,
  static reg : on, ϵ1 = 1.0e-08, ϵ2 = 4.9e-32
  dynamic reg: on, ϵ = 1.0e-13, δ = 2.0e-07
  iter refine: on, reltol = 1.0e-12, abstol = 1.0e-12, 
               max iter = 10, stop ratio = 5.0
  equilibrate: on, min_scale = 1.0e-04, max_scale = 1.0e+04
               max iter = 10

iter    pcost        dcost       gap       pres      dres      k/t        μ       step      
---------------------------------------------------------------------------------------------
  0  -4.3368e-19  -3.8259e-16  3.82e-16  9.95e-01  9.60e-01  1.00e+00  1.04e+00   ------   
  1  -7.6204e+00  -1.2536e+00  5.08e+00  9.64e-01  8.28e-01  6.59e+00  9.37e-01  9.90e-01  
  2  -5.7990e+01  -7.8169e+00  6.42e+00  3.11e-01  2.24e-01  5.02e+01  6.01e-01  9.90e-01  
  3  -5.3622e+00  -6.0317e-01  4.76e+00  2.41e-01  6.02e-02  4.76e+00  8.57e-02  8.70e-01  
  4  -2.6151e-01   9.1161e-02  3.53e-01  2.99e-02  5.46e-03  3.53e-01  7.31e-03  9.24e-01  
  5   5.5929e-02   1.4327e-01  8.73e-02  1.02e-02  1.86e-03  8.74e-02  2.50e-03  7.52e-01  
  6   1.3056e-01   1.5769e-01  2.71e-02  4.18e-03  7.67e-04  2.72e-02  1.03e-03  6.89e-01  
  7   1.5664e-01   1.6331e-01  6.68e-03  1.40e-03  2.57e-04  6.69e-03  3.46e-04  7.54e-01  
  8   1.6311e-01   1.6487e-01  1.76e-03  3.82e-04  7.01e-05  1.76e-03  9.45e-05  7.37e-01  
  9   1.6495e-01   1.6533e-01  3.84e-04  9.03e-05  1.66e-05  3.85e-04  2.23e-05  7.82e-01  
 10   1.6541e-01   1.6545e-01  4.19e-05  1.10e-05  2.02e-06  4.20e-05  2.73e-06  8.91e-01  
 11   1.6547e-01   1.6547e-01  3.45e-06  9.17e-07  1.68e-07  3.46e-06  2.27e-07  9.18e-01  
 12   1.6547e-01   1.6547e-01  1.32e-07  3.52e-08  6.46e-09  1.33e-07  8.70e-09  9.62e-01  
---------------------------------------------------------------------------------------------
Terminated with status = solved
total time =  58.8s (setup time =  20.6s, solve time =  23.3s)
TABLE5_SOLVE_RESULT solver=cuclarabel instance=table5-m10000-n100000-r02 termination=OPTIMAL primal_status=FEASIBLE_POINT iterations=12 objective=0.16547079722862637 optimize_wall_seconds=67.27182412147522
TABLE5_SOLVE_FINISH solver=cuclarabel instance=table5-m10000-n100000-r02 status=completed result=/home/zhenwei/PDCS_fork/benchmark/large_scale_lasso/table5_solver_results/cuclarabel/table5-m10000-n100000-r02/attempt_20260729T195705Z_gpu1/result.toml
RESOURCE_SNAPSHOT label=solve_cuclarabel_table5-m10000-n100000-r02 utc=2026-07-29T20:14:58Z
               total        used        free      shared  buff/cache   available
Mem:           2.0Ti        84Gi       458Gi        63Mi       1.4Ti       1.9Ti
Swap:             0B          0B          0B
Filesystem                    Size  Used Avail Use% Mounted on
/dev/mapper/ubuntu--vg-lv--0  778G  726G   13G  99% /home
SOLVE_CASE_COMPLETE solver=cuclarabel id=table5-m10000-n100000-r02 utc=2026-07-29T20:14:58Z
GPU_PREFLIGHT 1, GPU-1a06a313-b094-618b-9f24-8ccf7885ac5b, NVIDIA H100 80GB HBM3, 0, 81081, 0
SOLVE_CASE_START solver=cupdcs id=table5-m70000-n700000-r03 gpu=1 utc=2026-07-29T20:14:58Z
┌ Info: CondaPkg: Waiting for lock to be freed. You may delete this file if no other process is resolving.
└   lock_file = "/home/zhenwei/PDCS_fork/.CondaPkg/lock"
TABLE5_SOLVE_START solver=cupdcs instance=table5-m70000-n700000-r03 m=70000 n=700000 density=0.0001 seed=6230819915418504357 tolerance=1.0e-6 time_limit=600.0
TABLE5_INSTANCE_READY instance=table5-m70000-n700000-r03 nnz=4904221 lambda=0.04484706362751911 numerical_digest=c289e22ee1cac3b81efe7c7772bb5a3d29f983b6381b890de00aa51ef5fb7cd4 model_digest=0a89990f787bf080987fe82393da22d71ab2bbad87ef744139779110a60abb23 generation_seconds=2.8200039863586426
rescaling_method is not set, using default value: :ruiz_pock_chambolle. Note that if :use_scaling is false, this option is ignored.
kkt_restart_freq is not set, using default value: 500.
duality_gap_restart_freq is not set, using default value: 2000.
[ Info: logfile is set to nothing
[ Info: ---------------------------------------------------
[ Info: ------------- Parameter Info Summary --------------
[ Info: ---------------------------------------------------
[ Info: time limit: 600.0
[ Info: use_preconditioner: true
[ Info: use_adaptive_restart: true
[ Info: use_adaptive_step_size_weight: true
[ Info: use_aggressive: true
[ Info: use_restart: true
[ Info: use_adaptive_step: true
[ Info: use_reflection: true
[ Info: use_halpern: true
[ Info: use_resolving: true
[ Info: use_duality_gap_restart: true
[ Info: duality_gap_restart_freq: 2000
[ Info: use_kkt_restart: false
[ Info: kkt_restart_freq: 2000
[ Info: abs_tol: 1.0e-6
[ Info: rel_tol: 1.0e-6
[ Info: eps_primal_infeasible_low_acc: 1.0e-12
[ Info: eps_dual_infeasible_low_acc: 1.0e-12
[ Info: eps_primal_infeasible_high_acc: 1.0e-16
[ Info: eps_dual_infeasible_high_acc: 1.0e-16
[ Info: print_freq: 1000
[ Info: check_terminate_freq: 1000
[ Info: ---------------------------------------------------
[ Info: ------------- Model Info Summary -----------------
[ Info: ---------------------------------------------------
[ Info: variable number: 1470004
[ Info: constraint number: 1540005
[ Info: non-zero elements in G: 11348451
[ Info: Number of box constraints: 1470004
[ Info: Number of equal constraints: 70003
[ Info: Number of nonnegative constraints: 1400000
[ Info: Number of soc cone constraints: 1
[ Info: Number of rsoc cone constraints: 0
[ Info: Number of exp cone constraints: 0
[ Info: Number of dual exp cone constraints: 0
[ Info: Number of soc cone variables: 0
[ Info: Number of rsoc cone variables: 0
[ Info: Number of exp cone variables: 0
[ Info: Number of dual exp cone variables: 0
[ Info: ---------------------------------------------------
[ Info: Using preconditioner
[ Info: Warm start not enabled. Ignoring warm start values.
[ Info: Initializing primal and dual variables to zero.
[ Info: initial nrm1G: 6.444608647242463e6, initial nrmInfG: 1.0
[ Info: initial nrm1c: 62787.88907852676
[ Info: initial nrm1h: 226.67505048556004
[ Info: initial nrmInfc: 2.0
[ Info: max Dr_product:3.7807598957615838
[ Info: norm Dr_product:2538.6232948918214
[ Info: max Dl_product:10.946015669622382
[ Info: norm Dl_product:2538.6234916489907
[ Info: after scaling, norm1 c: 31027.800757325535
[ Info: after scaling, normInf c: 1.9996615778638578
[ Info: after scaling, norm1 G: 1.0117662592019008e6
[ Info: after scaling, normInf G: 1.0
[ Info: iter:0 rel_p_res(inf):5.000e-01 rel_d_res(inf):6.667e-01 primal_obj:0.000e+00 dual_obj:0.000e+00 rel_pd_gap:0.000e+00 time:0.00 restart_used:0
[ Info: ==================================================
[ Info: Start unified diagonal GPU loop for the ablation-compatible production path.
[ Info: iter:0 rel_p_res(inf):5.000e-01 rel_d_res(inf):6.667e-01 primal_obj:0.000e+00 dual_obj:0.000e+00 rel_pd_gap:0.000e+00 time:3.15 restart_used:0
[ Info: iter:1000 rel_p_res(inf):3.409e-04 rel_d_res(inf):1.371e-02 primal_obj:1.06954e+00 dual_obj:1.28555e+00 rel_pd_gap:9.451e-02 time:4.97 restart_used:0, restart_trigger_mean:0, restart_trigger_ergodic:0, diff_nrm_x_recovered:1.902e+00 diff_nrm_y_recovered:5.545e+01 nrm2_x_recovered:1.902e+00 nrm2_y_recovered:5.545e+01, nrmInf_x_recovered:1.081e+00 nrmInf_y_recovered:2.195e+00 dual_gap_ergodic:1.000e+30, dual_gap_mean:1.000e+30, dual_gap_restart_threshold:Inf, dual_gap_r:0.000e+00, kkt_error_ergodic:1.000e+30, kkt_error_mean:1.000e+30, kkt_error_restart_threshold:0.000e+00, tau:4.339e-02, sigma:3.061e+01
[ Info: iter:2000 rel_p_res(inf):1.494e-04 rel_d_res(inf):6.888e-03 primal_obj:1.10750e+00 dual_obj:1.21599e+00 rel_pd_gap:4.896e-02 time:6.44 restart_used:0, restart_trigger_mean:0, restart_trigger_ergodic:0, diff_nrm_x_recovered:1.197e-02 diff_nrm_y_recovered:1.861e-01 nrm2_x_recovered:1.909e+00 nrm2_y_recovered:5.539e+01, nrmInf_x_recovered:1.086e+00 nrmInf_y_recovered:2.189e+00 dual_gap_ergodic:1.000e+30, dual_gap_mean:1.000e+30, dual_gap_restart_threshold:Inf, dual_gap_r:0.000e+00, kkt_error_ergodic:1.000e+30, kkt_error_mean:1.000e+30, kkt_error_restart_threshold:0.000e+00, tau:4.152e-02, sigma:2.929e+01
[ Info: restart due to condition 1
[ Info: omega:26.559103594327713, x_diff_norm:2.724883391480375, y_diff_norm:58.23021978096661
[ Info: iter:3000 rel_p_res(inf):6.374e-07 rel_d_res(inf):4.967e-05 primal_obj:1.14954e+00 dual_obj:1.14985e+00 rel_pd_gap:1.435e-04 time:7.43 restart_used:1, restart_trigger_mean:0, restart_trigger_ergodic:1, diff_nrm_x_recovered:1.205e-02 diff_nrm_y_recovered:1.798e-01 nrm2_x_recovered:1.917e+00 nrm2_y_recovered:5.533e+01, nrmInf_x_recovered:1.090e+00 nrmInf_y_recovered:2.181e+00 dual_gap_ergodic:7.462e-04, dual_gap_mean:4.311e-03, dual_gap_restart_threshold:7.462e-04, dual_gap_r:2.922e+02, kkt_error_ergodic:1.000e+30, kkt_error_mean:1.000e+30, kkt_error_restart_threshold:0.000e+00, tau:3.834e-02, sigma:2.176e+01
[ Info: iter:4000 rel_p_res(inf):4.285e-07 rel_d_res(inf):2.509e-05 primal_obj:1.14952e+00 dual_obj:1.14965e+00 rel_pd_gap:6.140e-05 time:8.32 restart_used:1, restart_trigger_mean:0, restart_trigger_ergodic:1, diff_nrm_x_recovered:1.444e-04 diff_nrm_y_recovered:2.101e-03 nrm2_x_recovered:1.917e+00 nrm2_y_recovered:5.533e+01, nrmInf_x_recovered:1.090e+00 nrmInf_y_recovered:2.181e+00 dual_gap_ergodic:7.462e-04, dual_gap_mean:4.311e-03, dual_gap_restart_threshold:7.462e-04, dual_gap_r:2.922e+02, kkt_error_ergodic:1.000e+30, kkt_error_mean:1.000e+30, kkt_error_restart_threshold:0.000e+00, tau:4.138e-02, sigma:2.349e+01
[ Info: restart due to condition 2
[ Info: omega:23.823576497156424, x_diff_norm:0.017211264453161245, y_diff_norm:0.2684426120322188
[ Info: iter:5000 rel_p_res(inf):6.184e-09 rel_d_res(inf):1.057e-07 primal_obj:1.14946e+00 dual_obj:1.14946e+00 rel_pd_gap:6.896e-07 time:9.26 restart_used:2, restart_trigger_mean:0, restart_trigger_ergodic:2, diff_nrm_x_recovered:1.439e-04 diff_nrm_y_recovered:2.093e-03 nrm2_x_recovered:1.917e+00 nrm2_y_recovered:5.533e+01, nrmInf_x_recovered:1.090e+00 nrmInf_y_recovered:2.181e+00 dual_gap_ergodic:4.455e-04, dual_gap_mean:2.935e-03, dual_gap_restart_threshold:4.455e-04, dual_gap_r:1.070e-02, kkt_error_ergodic:1.000e+30, kkt_error_mean:1.000e+30, kkt_error_restart_threshold:0.000e+00, tau:5.879e-02, sigma:2.185e+01
[ Info: ===============================================
[ Info: ---------------------------------------------------
[ Info: ------------- Solver Info Summary -----------------
[ Info: ---------------------------------------------------
[ Info: iter_num:                     5000
[ Info: exit_status:                  optimal
[ Info: l_2_abs_primal_res:           6.9873e-07
[ Info: l_2_rel_primal_res:           1.5527e-09
[ Info: l_inf_abs_primal_res:         1.2927e-08
[ Info: l_inf_rel_primal_res:         6.1842e-09
[ Info: l_2_abs_dual_res:             5.5632e-06
[ Info: l_2_rel_dual_res:             8.8602e-11
[ Info: l_inf_abs_dual_res:           3.1721e-07
[ Info: l_inf_rel_dual_res:           1.0574e-07
[ Info: rel_gap:                      6.8962e-07
[ Info: abs_gap:                      1.4823e-06
[ Info: primal_obj:                   1.1495e+00
[ Info: dual_obj:                     1.1495e+00
[ Info: time:                         9.2642
[ Info: ---------------------------------------------------
[ Info:  norm(sol.x.recovered_primal.primal_sol.x, Inf): 1.0903419713314002
[ Info:  norm(sol.y.recovered_dual.dual_sol.y, Inf): 2.1806846425988584
[ Info: time for projection: 0.31224489212036133
[ Info: time for iterative: 4.0198915004730225
[ Info: time for restart check: 0.21915698051452637
[ Info: time for exit check: 0.0
[ Info: time for print info calculation: 0.5817289352416992
TABLE5_SOLVE_RESULT solver=cupdcs instance=table5-m70000-n700000-r03 termination=OPTIMAL primal_status=FEASIBLE_POINT iterations=5000 objective=1.1494589028931772 optimize_wall_seconds=64.71532201766968
TABLE5_SOLVE_FINISH solver=cupdcs instance=table5-m70000-n700000-r03 status=completed result=/home/zhenwei/PDCS_fork/benchmark/large_scale_lasso/table5_solver_results/cupdcs/table5-m70000-n700000-r03/attempt_20260729T195705Z_gpu1/result.toml
RESOURCE_SNAPSHOT label=solve_cupdcs_table5-m70000-n700000-r03 utc=2026-07-29T20:16:57Z
               total        used        free      shared  buff/cache   available
Mem:           2.0Ti        95Gi       448Gi        58Mi       1.4Ti       1.9Ti
Swap:             0B          0B          0B
Filesystem                    Size  Used Avail Use% Mounted on
/dev/mapper/ubuntu--vg-lv--0  778G  726G   13G  99% /home
SOLVE_CASE_COMPLETE solver=cupdcs id=table5-m70000-n700000-r03 utc=2026-07-29T20:16:57Z
GPU_PREFLIGHT 1, GPU-1a06a313-b094-618b-9f24-8ccf7885ac5b, NVIDIA H100 80GB HBM3, 0, 81081, 0
SOLVE_CASE_START solver=scs_gpu id=table5-m70000-n700000-r03 gpu=1 utc=2026-07-29T20:16:57Z
TABLE5_SOLVE_START solver=scs_gpu instance=table5-m70000-n700000-r03 m=70000 n=700000 density=0.0001 seed=6230819915418504357 tolerance=1.0e-6 time_limit=600.0
TABLE5_INSTANCE_READY instance=table5-m70000-n700000-r03 nnz=4904221 lambda=0.04484706362751911 numerical_digest=c289e22ee1cac3b81efe7c7772bb5a3d29f983b6381b890de00aa51ef5fb7cd4 model_digest=0a89990f787bf080987fe82393da22d71ab2bbad87ef744139779110a60abb23 generation_seconds=2.9083759784698486
------------------------------------------------------------------
	       SCS v3.2.11 - Splitting Conic Solver
	(c) Brendan O'Donoghue, Stanford University, 2012
------------------------------------------------------------------
problem:  variables n: 1470004, constraints m: 1540005
cones: 	  z: primal zero / dual free vars: 70003
	  l: linear vars: 1400000
	  q: soc vars: 70002, qsize: 1
settings: eps_abs: 1.0e-06, eps_rel: 1.0e-06, eps_infeas: 1.0e-07
	  alpha: 1.50, scale: 1.00e-01, adaptive_scale: 1
	  max_iters: 100000, normalize: 1, rho_x: 1.00e-06
	  acceleration_lookback: 10, acceleration_interval: 10
	  time_limit_secs: 6.00e+02
	  compiled with openmp parallelization enabled
lin-sys:  sparse-indirect GPU
	  nnz(A): 11348451, nnz(P): 0
------------------------------------------------------------------
 iter | pri res | dua res |   gap   |   obj   |  scale  | time (s)
------------------------------------------------------------------
     0| 2.83e+01  2.00e+00  5.64e+04 -2.82e+04  1.00e-01  1.13e+03 
------------------------------------------------------------------
status:  solved (inaccurate - reached time_limit_secs)
timings: total: 1.13e+03s = setup: 3.42e+00s + solve: 1.13e+03s
	 lin-sys: 3.49e-02s, cones: 2.14e-02s, accel: 6.08e-07s
------------------------------------------------------------------
objective = -28197.081701 (inaccurate)
------------------------------------------------------------------
TABLE5_SOLVE_RESULT solver=scs_gpu instance=table5-m70000-n700000-r03 termination=TIME_LIMIT primal_status=FEASIBLE_POINT iterations=0 objective=-56394.36774572654 optimize_wall_seconds=1144.1542840003967
TABLE5_SOLVE_FINISH solver=scs_gpu instance=table5-m70000-n700000-r03 status=completed result=/home/zhenwei/PDCS_fork/benchmark/large_scale_lasso/table5_solver_results/scs_gpu/table5-m70000-n700000-r03/attempt_20260729T195705Z_gpu1/result.toml
RESOURCE_SNAPSHOT label=solve_scs_gpu_table5-m70000-n700000-r03 utc=2026-07-29T20:36:34Z
               total        used        free      shared  buff/cache   available
Mem:           2.0Ti       373Gi       202Gi        66Mi       1.4Ti       1.6Ti
Swap:             0B          0B          0B
Filesystem                    Size  Used Avail Use% Mounted on
/dev/mapper/ubuntu--vg-lv--0  778G  726G   13G  99% /home
SOLVE_CASE_COMPLETE solver=scs_gpu id=table5-m70000-n700000-r03 utc=2026-07-29T20:36:34Z
GPU_PREFLIGHT 1, GPU-1a06a313-b094-618b-9f24-8ccf7885ac5b, NVIDIA H100 80GB HBM3, 0, 81081, 1
SOLVE_CASE_START solver=cuclarabel id=table5-m70000-n700000-r03 gpu=1 utc=2026-07-29T20:36:34Z
TABLE5_SOLVE_START solver=cuclarabel instance=table5-m70000-n700000-r03 m=70000 n=700000 density=0.0001 seed=6230819915418504357 tolerance=1.0e-6 time_limit=600.0
TABLE5_INSTANCE_READY instance=table5-m70000-n700000-r03 nnz=4904221 lambda=0.04484706362751911 numerical_digest=c289e22ee1cac3b81efe7c7772bb5a3d29f983b6381b890de00aa51ef5fb7cd4 model_digest=0a89990f787bf080987fe82393da22d71ab2bbad87ef744139779110a60abb23 generation_seconds=3.0330100059509277
-------------------------------------------------------------
           Clarabel.jl v0.11.0  -  Clever Acronym              

                   (c) Paul Goulart                          
                University of Oxford, 2022                   
-------------------------------------------------------------

problem:
  variables     = 1470004
  constraints   = 1540005
  nnz(P)        = 0
  nnz(A)        = 11348451
  cones (total) = 3
    : Zero        = 1,  numel = 70003
    : Nonnegative = 1,  numel = 1400000
    : SecondOrder = 1,  numel = 70002

settings:
  linear algebra: direct / cudss, precision: 64 bit 
  max iter = 200, time limit = 600.000000,  max step = 0.990
  tol_feas = 1.0e-06, tol_gap_abs = 1.0e-06, tol_gap_rel = 1.0e-06,
  static reg : on, ϵ1 = 1.0e-08, ϵ2 = 4.9e-32
  dynamic reg: on, ϵ = 1.0e-13, δ = 2.0e-07
  iter refine: on, reltol = 1.0e-12, abstol = 1.0e-12, 
               max iter = 10, stop ratio = 5.0
  equilibrate: on, min_scale = 1.0e-04, max_scale = 1.0e+04
               max iter = 10

iter    pcost        dcost       gap       pres      dres      k/t        μ       step      
---------------------------------------------------------------------------------------------
  0   4.3368e-19  -4.0305e-16  4.03e-16  9.98e-01  9.54e-01  1.00e+00  1.05e+00   ------   
  1  -6.1460e+00  -9.6605e-01  5.18e+00  9.87e-01  8.27e-01  5.41e+00  9.18e-01  9.90e-01  
  2  -5.7786e+01  -7.5078e+00  6.70e+00  6.95e-01  4.00e-01  5.03e+01  5.46e-01  9.90e-01  
  3  -2.7007e+01  -3.0658e+00  7.81e+00  1.84e-01  4.77e-02  2.39e+01  6.40e-02  9.90e-01  
  4  -2.5108e+00   2.1535e-01  2.73e+00  9.00e-02  6.69e-03  2.73e+00  7.88e-03  8.83e-01  
  5   6.7466e-02   8.0812e-01  7.41e-01  2.62e-02  1.88e-03  7.41e-01  2.23e-03  7.27e-01  
  6   6.4106e-01   9.8045e-01  3.39e-01  1.48e-02  1.08e-03  3.39e-01  1.29e-03  5.42e-01  
  7   9.3903e-01   1.0777e+00  1.39e-01  7.71e-03  5.69e-04  1.39e-01  6.86e-04  5.91e-01  
  8   1.0961e+00   1.1305e+00  3.14e-02  3.05e-03  2.27e-04  3.45e-02  2.76e-04  7.51e-01  
  9   1.1377e+00   1.1453e+00  6.64e-03  8.90e-04  6.67e-05  7.56e-03  8.12e-05  7.81e-01  
 10   1.1491e+00   1.1493e+00  2.16e-04  5.79e-05  4.36e-06  2.49e-04  5.31e-06  9.67e-01  
 11   1.1494e+00   1.1495e+00  9.84e-06  2.71e-06  2.03e-07  1.13e-05  2.48e-07  9.55e-01  
 12   1.1495e+00   1.1495e+00  2.95e-07  8.20e-08  6.17e-09  3.40e-07  7.52e-09  9.70e-01  
---------------------------------------------------------------------------------------------
Terminated with status = solved
total time =   273s (setup time =   146s, solve time =   112s)
TABLE5_SOLVE_RESULT solver=cuclarabel instance=table5-m70000-n700000-r03 termination=OPTIMAL primal_status=FEASIBLE_POINT iterations=12 objective=1.1494563936440874 optimize_wall_seconds=291.93250703811646
TABLE5_SOLVE_FINISH solver=cuclarabel instance=table5-m70000-n700000-r03 status=completed result=/home/zhenwei/PDCS_fork/benchmark/large_scale_lasso/table5_solver_results/cuclarabel/table5-m70000-n700000-r03/attempt_20260729T195705Z_gpu1/result.toml
RESOURCE_SNAPSHOT label=solve_cuclarabel_table5-m70000-n700000-r03 utc=2026-07-29T20:42:03Z
               total        used        free      shared  buff/cache   available
Mem:           2.0Ti       416Gi       171Gi        79Mi       1.4Ti       1.5Ti
Swap:             0B          0B          0B
Filesystem                    Size  Used Avail Use% Mounted on
/dev/mapper/ubuntu--vg-lv--0  778G  726G   13G  99% /home
SOLVE_CASE_COMPLETE solver=cuclarabel id=table5-m70000-n700000-r03 utc=2026-07-29T20:42:03Z
GPU_PREFLIGHT 1, GPU-1a06a313-b094-618b-9f24-8ccf7885ac5b, NVIDIA H100 80GB HBM3, 0, 81081, 0
SOLVE_CASE_START solver=cupdcs id=table5-m400000-n7000000-r04 gpu=1 utc=2026-07-29T20:42:04Z
TABLE5_SOLVE_START solver=cupdcs instance=table5-m400000-n7000000-r04 m=400000 n=7000000 density=0.0001 seed=9202490041639810005 tolerance=1.0e-6 time_limit=600.0
TABLE5_INSTANCE_READY instance=table5-m400000-n7000000-r04 nnz=279981174 lambda=0.09482065892406456 numerical_digest=1e6bc31a3be695d80b66538deb54930a1f0d4ff73c4490a7ed8d8da29eeffccf model_digest=7f99a895dfeff1f1dc93a0abbdc1ed49758cd670a0f4f7d775a3453e8352c549 generation_seconds=60.17014002799988
rescaling_method is not set, using default value: :ruiz_pock_chambolle. Note that if :use_scaling is false, this option is ignored.
kkt_restart_freq is not set, using default value: 500.
duality_gap_restart_freq is not set, using default value: 2000.
[ Info: logfile is set to nothing
[ Info: ---------------------------------------------------
[ Info: ------------- Parameter Info Summary --------------
[ Info: ---------------------------------------------------
[ Info: time limit: 600.0
[ Info: use_preconditioner: true
[ Info: use_adaptive_restart: true
[ Info: use_adaptive_step_size_weight: true
[ Info: use_aggressive: true
[ Info: use_restart: true
[ Info: use_adaptive_step: true
[ Info: use_reflection: true
[ Info: use_halpern: true
[ Info: use_resolving: true
[ Info: use_duality_gap_restart: true
[ Info: duality_gap_restart_freq: 2000
[ Info: use_kkt_restart: false
[ Info: kkt_restart_freq: 2000
[ Info: abs_tol: 1.0e-6
[ Info: rel_tol: 1.0e-6
[ Info: eps_primal_infeasible_low_acc: 1.0e-12
[ Info: eps_dual_infeasible_low_acc: 1.0e-12
[ Info: eps_primal_infeasible_high_acc: 1.0e-16
[ Info: eps_dual_infeasible_high_acc: 1.0e-16
[ Info: print_freq: 1000
[ Info: check_terminate_freq: 1000
[ Info: ---------------------------------------------------
[ Info: ------------- Model Info Summary -----------------
[ Info: ---------------------------------------------------
[ Info: variable number: 14400004
[ Info: constraint number: 14800005
[ Info: non-zero elements in G: 574762357
[ Info: Number of box constraints: 14400004
[ Info: Number of equal constraints: 400003
[ Info: Number of nonnegative constraints: 14000000
[ Info: Number of soc cone constraints: 1
[ Info: Number of rsoc cone constraints: 0
[ Info: Number of exp cone constraints: 0
[ Info: Number of dual exp cone constraints: 0
[ Info: Number of soc cone variables: 0
[ Info: Number of rsoc cone variables: 0
[ Info: Number of exp cone variables: 0
[ Info: Number of dual exp cone variables: 0
[ Info: ---------------------------------------------------
[ Info: Using preconditioner
[ Info: Warm start not enabled. Ignoring warm start values.
[ Info: Initializing primal and dual variables to zero.
[ Info: initial nrm1G: 2.94790288907327e8, initial nrmInfG: 1.0
[ Info: initial nrm1c: 1.327491224936906e6
[ Info: initial nrm1h: 1306.8517564889705
[ Info: initial nrmInfc: 2.0
[ Info: max Dr_product:6.691412053145778
[ Info: norm Dr_product:17169.458013969223
[ Info: max Dl_product:29.06088628375592
[ Info: norm Dl_product:17169.458043061135
[ Info: after scaling, norm1 c: 293101.86456457485
[ Info: after scaling, normInf c: 1.9996615778638578
[ Info: after scaling, norm1 G: 5.681222879546413e6
[ Info: after scaling, normInf G: 0.7071067811865475
[ Info: iter:0 rel_p_res(inf):5.000e-01 rel_d_res(inf):6.667e-01 primal_obj:0.000e+00 dual_obj:0.000e+00 rel_pd_gap:0.000e+00 time:0.00 restart_used:0
[ Info: ==================================================
[ Info: Start unified diagonal GPU loop for the ablation-compatible production path.
[ Info: iter:0 rel_p_res(inf):5.000e-01 rel_d_res(inf):6.667e-01 primal_obj:0.000e+00 dual_obj:0.000e+00 rel_pd_gap:0.000e+00 time:3.64 restart_used:0
[ Info: iter:1000 rel_p_res(inf):1.351e-04 rel_d_res(inf):9.117e-02 primal_obj:5.51924e+00 dual_obj:8.77866e+00 rel_pd_gap:3.333e-01 time:88.59 restart_used:0, restart_trigger_mean:0, restart_trigger_ergodic:0, diff_nrm_x_recovered:4.378e+00 diff_nrm_y_recovered:3.776e+02 nrm2_x_recovered:4.378e+00 nrm2_y_recovered:3.776e+02, nrmInf_x_recovered:2.471e+00 nrmInf_y_recovered:6.098e+00 dual_gap_ergodic:1.000e+30, dual_gap_mean:1.000e+30, dual_gap_restart_threshold:Inf, dual_gap_r:0.000e+00, kkt_error_ergodic:1.000e+30, kkt_error_mean:1.000e+30, kkt_error_restart_threshold:0.000e+00, tau:1.359e-02, sigma:8.334e+01
[ Info: iter:2000 rel_p_res(inf):8.696e-05 rel_d_res(inf):4.817e-02 primal_obj:6.04092e+00 dual_obj:7.77792e+00 rel_pd_gap:1.979e-01 time:172.57 restart_used:0, restart_trigger_mean:0, restart_trigger_ergodic:0, diff_nrm_x_recovered:4.999e-01 diff_nrm_y_recovered:9.329e+00 nrm2_x_recovered:4.823e+00 nrm2_y_recovered:3.749e+02, nrmInf_x_recovered:2.799e+00 nrmInf_y_recovered:6.165e+00 dual_gap_ergodic:1.000e+30, dual_gap_mean:1.000e+30, dual_gap_restart_threshold:Inf, dual_gap_r:0.000e+00, kkt_error_ergodic:1.000e+30, kkt_error_mean:1.000e+30, kkt_error_restart_threshold:0.000e+00, tau:1.506e-02, sigma:9.234e+01
[ Info: restart due to condition 1
[ Info: omega:78.30595255956129, x_diff_norm:6.262965983984885, y_diff_norm:401.5250004023645
[ Info: iter:3000 rel_p_res(inf):1.338e-05 rel_d_res(inf):2.117e-02 primal_obj:6.69292e+00 dual_obj:7.16225e+00 rel_pd_gap:5.750e-02 time:258.18 restart_used:1, restart_trigger_mean:1, restart_trigger_ergodic:0, diff_nrm_x_recovered:2.551e-01 diff_nrm_y_recovered:4.509e+00 nrm2_x_recovered:5.057e+00 nrm2_y_recovered:3.736e+02, nrmInf_x_recovered:2.969e+00 nrmInf_y_recovered:6.344e+00 dual_gap_ergodic:5.505e-03, dual_gap_mean:2.555e-03, dual_gap_restart_threshold:3.053e-03, dual_gap_r:3.628e+03, kkt_error_ergodic:1.000e+30, kkt_error_mean:1.000e+30, kkt_error_restart_threshold:0.000e+00, tau:1.555e-02, sigma:7.807e+01
[ Info: iter:4000 rel_p_res(inf):6.779e-06 rel_d_res(inf):1.055e-02 primal_obj:6.66422e+00 dual_obj:6.90124e+00 rel_pd_gap:3.000e-02 time:342.02 restart_used:1, restart_trigger_mean:1, restart_trigger_ergodic:0, diff_nrm_x_recovered:1.203e-01 diff_nrm_y_recovered:3.534e+00 nrm2_x_recovered:5.158e+00 nrm2_y_recovered:3.728e+02, nrmInf_x_recovered:3.043e+00 nrmInf_y_recovered:6.291e+00 dual_gap_ergodic:5.505e-03, dual_gap_mean:2.555e-03, dual_gap_restart_threshold:3.053e-03, dual_gap_r:3.628e+03, kkt_error_ergodic:1.000e+30, kkt_error_mean:1.000e+30, kkt_error_restart_threshold:0.000e+00, tau:1.782e-02, sigma:8.945e+01
[ Info: restart due to condition 1
[ Info: omega:70.85388328842211, x_diff_norm:1.592268819626968, y_diff_norm:28.390402417310526
[ Info: iter:5000 rel_p_res(inf):4.333e-06 rel_d_res(inf):7.300e-04 primal_obj:6.65608e+00 dual_obj:6.65773e+00 rel_pd_gap:2.148e-04 time:427.20 restart_used:2, restart_trigger_mean:1, restart_trigger_ergodic:1, diff_nrm_x_recovered:1.055e-01 diff_nrm_y_recovered:3.244e+00 nrm2_x_recovered:5.247e+00 nrm2_y_recovered:3.720e+02, nrmInf_x_recovered:3.108e+00 nrmInf_y_recovered:6.230e+00 dual_gap_ergodic:9.748e-04, dual_gap_mean:2.311e-03, dual_gap_restart_threshold:9.748e-04, dual_gap_r:1.527e+02, kkt_error_ergodic:1.000e+30, kkt_error_mean:1.000e+30, kkt_error_restart_threshold:0.000e+00, tau:2.863e-02, sigma:3.617e+01
[ Info: iter:6000 rel_p_res(inf):2.161e-06 rel_d_res(inf):3.652e-04 primal_obj:6.64824e+00 dual_obj:6.64911e+00 rel_pd_gap:1.136e-04 time:511.16 restart_used:2, restart_trigger_mean:1, restart_trigger_ergodic:1, diff_nrm_x_recovered:3.397e-03 diff_nrm_y_recovered:1.972e-01 nrm2_x_recovered:5.246e+00 nrm2_y_recovered:3.719e+02, nrmInf_x_recovered:3.107e+00 nrmInf_y_recovered:6.221e+00 dual_gap_ergodic:9.748e-04, dual_gap_mean:2.311e-03, dual_gap_restart_threshold:9.748e-04, dual_gap_r:1.527e+02, kkt_error_ergodic:1.000e+30, kkt_error_mean:1.000e+30, kkt_error_restart_threshold:0.000e+00, tau:2.897e-02, sigma:3.660e+01
[ Info: restart due to condition 2
[ Info: omega:35.54343589717436, x_diff_norm:0.14652694867288418, y_diff_norm:5.389858228561759
[ Info: iter:7000 rel_p_res(inf):2.191e-07 rel_d_res(inf):8.228e-06 primal_obj:6.64118e+00 dual_obj:6.64026e+00 rel_pd_gap:1.212e-04 time:596.91 restart_used:3, restart_trigger_mean:1, restart_trigger_ergodic:2, diff_nrm_x_recovered:3.117e-03 diff_nrm_y_recovered:1.918e-01 nrm2_x_recovered:5.245e+00 nrm2_y_recovered:3.719e+02, nrmInf_x_recovered:3.106e+00 nrmInf_y_recovered:6.212e+00 dual_gap_ergodic:5.419e-04, dual_gap_mean:1.822e-03, dual_gap_restart_threshold:5.419e-04, dual_gap_r:1.546e+00, kkt_error_ergodic:1.000e+30, kkt_error_mean:1.000e+30, kkt_error_restart_threshold:0.000e+00, tau:3.044e-02, sigma:3.980e+01
[ Info: iter:8000 rel_p_res(inf):1.044e-07 rel_d_res(inf):4.029e-06 primal_obj:6.64082e+00 dual_obj:6.64036e+00 rel_pd_gap:6.035e-05 time:680.42 restart_used:3, restart_trigger_mean:1, restart_trigger_ergodic:2, diff_nrm_x_recovered:2.395e-04 diff_nrm_y_recovered:5.114e-03 nrm2_x_recovered:5.245e+00 nrm2_y_recovered:3.719e+02, nrmInf_x_recovered:3.106e+00 nrmInf_y_recovered:6.212e+00 dual_gap_ergodic:5.419e-04, dual_gap_mean:1.822e-03, dual_gap_restart_threshold:5.419e-04, dual_gap_r:1.546e+00, kkt_error_ergodic:1.000e+30, kkt_error_mean:1.000e+30, kkt_error_restart_threshold:0.000e+00, tau:2.690e-02, sigma:3.518e+01
[ Info: ===============================================
[ Info: ---------------------------------------------------
[ Info: ------------- Solver Info Summary -----------------
[ Info: ---------------------------------------------------
[ Info: iter_num:                     8000
[ Info: exit_status:                  time_limit
[ Info: l_2_abs_primal_res:           5.2587e-05
[ Info: l_2_rel_primal_res:           2.0403e-08
[ Info: l_inf_abs_primal_res:         4.0744e-07
[ Info: l_inf_rel_primal_res:         1.0438e-07
[ Info: l_2_abs_dual_res:             1.6606e-04
[ Info: l_2_rel_dual_res:             1.2510e-10
[ Info: l_inf_abs_dual_res:           1.2086e-05
[ Info: l_inf_rel_dual_res:           4.0285e-06
[ Info: rel_gap:                      6.0350e-05
[ Info: abs_gap:                      4.6112e-04
[ Info: primal_obj:                   6.6408e+00
[ Info: dual_obj:                     6.6404e+00
[ Info: time:                         680.4160
[ Info: ---------------------------------------------------
[ Info:  norm(sol.x.recovered_primal.primal_sol.x, Inf): 3.10615625973249
[ Info:  norm(sol.y.recovered_dual.dual_sol.y, Inf): 6.212234713705493
[ Info: time for projection: 1.2628333568572998
[ Info: time for iterative: 660.3448016643524
[ Info: time for restart check: 2.8105599880218506
[ Info: time for exit check: 0.0
[ Info: time for print info calculation: 0.8981032371520996
TABLE5_SOLVE_RESULT solver=cupdcs instance=table5-m400000-n7000000-r04 termination=TIME_LIMIT primal_status=INFEASIBILITY_CERTIFICATE iterations=8000 objective=6.640821884088992 optimize_wall_seconds=1874.4557201862335
TABLE5_SOLVE_FINISH solver=cupdcs instance=table5-m400000-n7000000-r04 status=completed result=/home/zhenwei/PDCS_fork/benchmark/large_scale_lasso/table5_solver_results/cupdcs/table5-m400000-n7000000-r04/attempt_20260729T195705Z_gpu1/result.toml
RESOURCE_SNAPSHOT label=solve_cupdcs_table5-m400000-n7000000-r04 utc=2026-07-29T21:25:59Z
               total        used        free      shared  buff/cache   available
Mem:           2.0Ti       706Gi       232Gi        91Mi       1.1Ti       1.3Ti
Swap:             0B          0B          0B
Filesystem                    Size  Used Avail Use% Mounted on
/dev/mapper/ubuntu--vg-lv--0  778G  726G   13G  99% /home
SOLVE_CASE_COMPLETE solver=cupdcs id=table5-m400000-n7000000-r04 utc=2026-07-29T21:25:59Z
SOLVE_SKIP_DONE solver=scs_gpu id=table5-m400000-n7000000-r04
SOLVE_SKIP_DONE solver=cuclarabel id=table5-m400000-n7000000-r04
SOLVE_SKIP_DONE solver=cupdcs id=table5-m700000-n7000000-r05
SOLVE_SKIP_DONE solver=scs_gpu id=table5-m700000-n7000000-r05
SOLVE_SKIP_DONE solver=cuclarabel id=table5-m700000-n7000000-r05
TABLE5_SOLVE_PHASE_COMPLETE cases=4 storage=no_cbf utc=2026-07-29T21:25:59Z
/home/zhenwei/PDCS_fork/benchmark/large_scale_lasso/run_table5_lasso.sh: line 743: unexpected EOF while looking for matching `"'
/home/zhenwei/PDCS_fork/benchmark/large_scale_lasso/run_table5_lasso.sh: line 744: syntax error: unexpected end of file
