TABLE5_SOLVE_PHASE_START storage=no_cbf utc=2026-07-29T19:57:06Z
JULIA_VERSION julia version 1.12.5
KEEP_EXISTING_MANIFEST config=/home/zhenwei/PDCS_fork/benchmark/large_scale_lasso/lasso_table5.toml
id	m	n	density	replicate	seed
table5-m10000-n100000-r01	10000	100000	0.0001	1	1456099608458829617
table5-m10000-n100000-r02	10000	100000	0.0001	2	3774683599633055197
table5-m10000-n100000-r03	10000	100000	0.0001	3	7352328007339572649
table5-m10000-n100000-r04	10000	100000	0.0001	4	8539239721064585772
table5-m10000-n100000-r05	10000	100000	0.0001	5	2682075302358372869
table5-m70000-n700000-r01	70000	700000	0.0001	1	6866308190711936842
table5-m70000-n700000-r02	70000	700000	0.0001	2	3717777317041247579
table5-m70000-n700000-r03	70000	700000	0.0001	3	6230819915418504357
table5-m70000-n700000-r04	70000	700000	0.0001	4	5050833866237992834
table5-m70000-n700000-r05	70000	700000	0.0001	5	3478211357477831271
table5-m400000-n7000000-r01	400000	7000000	0.0001	1	2810953517340410803
table5-m400000-n7000000-r02	400000	7000000	0.0001	2	6916851584803374380
table5-m400000-n7000000-r03	400000	7000000	0.0001	3	2252237519727520935
table5-m400000-n7000000-r04	400000	7000000	0.0001	4	9202490041639810005
table5-m400000-n7000000-r05	400000	7000000	0.0001	5	1459784771767232267
table5-m700000-n7000000-r01	700000	7000000	0.0001	1	2694979877904449328
table5-m700000-n7000000-r02	700000	7000000	0.0001	2	706412229318414900
table5-m700000-n7000000-r03	700000	7000000	0.0001	3	2776373863867649000
table5-m700000-n7000000-r04	700000	7000000	0.0001	4	780990368380045832
table5-m700000-n7000000-r05	700000	7000000	0.0001	5	6974796360093007817
table5-m750000-n7500000-r01	750000	7500000	0.0001	1	3464449634565370456
table5-m750000-n7500000-r02	750000	7500000	0.0001	2	7063733435616014003
table5-m750000-n7500000-r03	750000	7500000	0.0001	3	7306719367855031537
table5-m750000-n7500000-r04	750000	7500000	0.0001	4	66351557481754279
table5-m750000-n7500000-r05	750000	7500000	0.0001	5	7133432016813647455
TABLE5_MANIFEST_VALID instances=25 unique_ids=25 unique_seeds=25
GPU_PREFLIGHT 3, GPU-22f89f46-9219-a475-fe40-bba785517158, NVIDIA H100 80GB HBM3, 0, 81081, 0
SOLVE_CASE_START solver=cupdcs id=table5-m10000-n100000-r04 gpu=3 utc=2026-07-29T19:57:07Z
┌ Info: CondaPkg: Waiting for lock to be freed. You may delete this file if no other process is resolving.
└   lock_file = "/home/zhenwei/PDCS_fork/.CondaPkg/lock"
TABLE5_SOLVE_START solver=cupdcs instance=table5-m10000-n100000-r04 m=10000 n=100000 density=0.0001 seed=8539239721064585772 tolerance=1.0e-6 time_limit=600.0
TABLE5_INSTANCE_READY instance=table5-m10000-n100000-r04 nnz=100186 lambda=0.030464354934446564 numerical_digest=c908b5684763cfe8179a62cd603cb013a15a9115fff037027212c05c04349add model_digest=d842ad0b6f78b8bf29632a1ed5c157a0bfd0440bcee131e637e3065cf5d6fafb generation_seconds=1.2661621570587158
rescaling_method is not set, using default value: :ruiz_pock_chambolle. Note that if :use_scaling is false, this option is ignored.
kkt_restart_freq is not set, using default value: 500.
duality_gap_restart_freq is not set, using default value: 2000.
[ Info: logfile is set to nothing
[ Info: ---------------------------------------------------
[ Info: ------------- Parameter Info Summary --------------
[ Info: ---------------------------------------------------
[ Info: time limit: 600.0
[ Info: use_preconditioner: true
[ Info: use_adaptive_restart: true
[ Info: use_adaptive_step_size_weight: true
[ Info: use_aggressive: true
[ Info: use_restart: true
[ Info: use_adaptive_step: true
[ Info: use_reflection: true
[ Info: use_halpern: true
[ Info: use_resolving: true
[ Info: use_duality_gap_restart: true
[ Info: duality_gap_restart_freq: 2000
[ Info: use_kkt_restart: false
[ Info: kkt_restart_freq: 2000
[ Info: abs_tol: 1.0e-6
[ Info: rel_tol: 1.0e-6
[ Info: eps_primal_infeasible_low_acc: 1.0e-12
[ Info: eps_dual_infeasible_low_acc: 1.0e-12
[ Info: eps_primal_infeasible_high_acc: 1.0e-16
[ Info: eps_dual_infeasible_high_acc: 1.0e-16
[ Info: print_freq: 1000
[ Info: check_terminate_freq: 1000
[ Info: ---------------------------------------------------
[ Info: ------------- Model Info Summary -----------------
[ Info: ---------------------------------------------------
[ Info: variable number: 210004
[ Info: constraint number: 220005
[ Info: non-zero elements in G: 420381
[ Info: Number of box constraints: 210004
[ Info: Number of equal constraints: 10003
[ Info: Number of nonnegative constraints: 200000
[ Info: Number of soc cone constraints: 1
[ Info: Number of rsoc cone constraints: 0
[ Info: Number of exp cone constraints: 0
[ Info: Number of dual exp cone constraints: 0
[ Info: Number of soc cone variables: 0
[ Info: Number of rsoc cone variables: 0
[ Info: Number of exp cone variables: 0
[ Info: Number of dual exp cone variables: 0
[ Info: ---------------------------------------------------
[ Info: Using preconditioner
[ Info: Warm start not enabled. Ignoring warm start values.
[ Info: Initializing primal and dual variables to zero.
[ Info: initial nrm1G: 320405.08706177433, initial nrmInfG: 1.0
[ Info: initial nrm1c: 6094.870986889313
[ Info: initial nrm1h: 32.09091883699762
[ Info: initial nrmInfc: 2.0
[ Info: max Dr_product:2.309901733059307
[ Info: norm Dr_product:566.0429958816907
[ Info: max Dl_product:5.149963005929267
[ Info: norm Dl_product:566.0438783092924
[ Info: after scaling, norm1 c: 5209.4071791238375
[ Info: after scaling, normInf c: 1.9996615778638578
[ Info: after scaling, norm1 G: 200967.9514729775
[ Info: after scaling, normInf G: 1.0
[ Info: iter:0 rel_p_res(inf):5.000e-01 rel_d_res(inf):6.667e-01 primal_obj:0.000e+00 dual_obj:0.000e+00 rel_pd_gap:0.000e+00 time:0.00 restart_used:0
[ Info: ==================================================
[ Info: Start unified diagonal GPU loop for the ablation-compatible production path.
[ Info: iter:0 rel_p_res(inf):5.000e-01 rel_d_res(inf):6.667e-01 primal_obj:0.000e+00 dual_obj:0.000e+00 rel_pd_gap:0.000e+00 time:2.61 restart_used:0
[ Info: iter:1000 rel_p_res(inf):3.419e-04 rel_d_res(inf):5.544e-03 primal_obj:1.57066e-01 dual_obj:2.00567e-01 rel_pd_gap:3.623e-02 time:3.94 restart_used:0, restart_trigger_mean:0, restart_trigger_ergodic:0, diff_nrm_x_recovered:1.474e+00 diff_nrm_y_recovered:1.417e+01 nrm2_x_recovered:1.474e+00 nrm2_y_recovered:1.417e+01, nrmInf_x_recovered:9.993e-01 nrmInf_y_recovered:1.531e+00 dual_gap_ergodic:1.000e+30, dual_gap_mean:1.000e+30, dual_gap_restart_threshold:Inf, dual_gap_r:0.000e+00, kkt_error_ergodic:1.000e+30, kkt_error_mean:1.000e+30, kkt_error_restart_threshold:0.000e+00, tau:1.036e-01, sigma:1.462e+01
[ Info: iter:2000 rel_p_res(inf):1.830e-04 rel_d_res(inf):2.938e-03 primal_obj:1.63060e-01 dual_obj:1.85687e-01 rel_pd_gap:1.908e-02 time:4.78 restart_used:0, restart_trigger_mean:0, restart_trigger_ergodic:0, diff_nrm_x_recovered:1.059e-03 diff_nrm_y_recovered:1.868e-02 nrm2_x_recovered:1.474e+00 nrm2_y_recovered:1.417e+01, nrmInf_x_recovered:9.996e-01 nrmInf_y_recovered:1.530e+00 dual_gap_ergodic:1.000e+30, dual_gap_mean:1.000e+30, dual_gap_restart_threshold:Inf, dual_gap_r:0.000e+00, kkt_error_ergodic:1.000e+30, kkt_error_mean:1.000e+30, kkt_error_restart_threshold:0.000e+00, tau:1.001e-01, sigma:1.413e+01
[ Info: restart due to condition 1
[ Info: omega:11.88048202667493, x_diff_norm:2.1800666695527475, y_diff_norm:14.661261161707923
[ Info: iter:3000 rel_p_res(inf):5.362e-07 rel_d_res(inf):1.521e-06 primal_obj:1.68494e-01 dual_obj:1.68507e-01 rel_pd_gap:1.048e-05 time:5.15 restart_used:1, restart_trigger_mean:0, restart_trigger_ergodic:1, diff_nrm_x_recovered:1.133e-03 diff_nrm_y_recovered:2.021e-02 nrm2_x_recovered:1.475e+00 nrm2_y_recovered:1.416e+01, nrmInf_x_recovered:1.000e+00 nrmInf_y_recovered:1.529e+00 dual_gap_ergodic:1.069e-03, dual_gap_mean:7.081e-03, dual_gap_restart_threshold:1.069e-03, dual_gap_r:6.235e+01, kkt_error_ergodic:1.000e+30, kkt_error_mean:1.000e+30, kkt_error_restart_threshold:0.000e+00, tau:1.284e-01, sigma:1.026e+01
[ Info: iter:4000 rel_p_res(inf):2.522e-07 rel_d_res(inf):6.964e-07 primal_obj:1.68495e-01 dual_obj:1.68501e-01 rel_pd_gap:4.891e-06 time:5.44 restart_used:1, restart_trigger_mean:0, restart_trigger_ergodic:1, diff_nrm_x_recovered:4.361e-06 diff_nrm_y_recovered:2.284e-05 nrm2_x_recovered:1.475e+00 nrm2_y_recovered:1.416e+01, nrmInf_x_recovered:1.000e+00 nrmInf_y_recovered:1.529e+00 dual_gap_ergodic:1.069e-03, dual_gap_mean:7.081e-03, dual_gap_restart_threshold:1.069e-03, dual_gap_r:6.235e+01, kkt_error_ergodic:1.000e+30, kkt_error_mean:1.000e+30, kkt_error_restart_threshold:0.000e+00, tau:1.426e-01, sigma:1.139e+01
[ Info: restart due to condition 1
[ Info: omega:8.938565114815383, x_diff_norm:0.0021866007958607114, y_diff_norm:0.023139414635518826
[ Info: iter:5000 rel_p_res(inf):4.147e-10 rel_d_res(inf):4.583e-09 primal_obj:1.68496e-01 dual_obj:1.68496e-01 rel_pd_gap:2.200e-08 time:5.76 restart_used:2, restart_trigger_mean:0, restart_trigger_ergodic:2, diff_nrm_x_recovered:4.294e-06 diff_nrm_y_recovered:2.359e-05 nrm2_x_recovered:1.475e+00 nrm2_y_recovered:1.416e+01, nrmInf_x_recovered:1.000e+00 nrmInf_y_recovered:1.529e+00 dual_gap_ergodic:3.582e-04, dual_gap_mean:2.277e-03, dual_gap_restart_threshold:3.582e-04, dual_gap_r:1.091e-04, kkt_error_ergodic:1.000e+30, kkt_error_mean:1.000e+30, kkt_error_restart_threshold:0.000e+00, tau:1.134e-01, sigma:1.073e+01
[ Info: ===============================================
[ Info: ---------------------------------------------------
[ Info: ------------- Solver Info Summary -----------------
[ Info: ---------------------------------------------------
[ Info: iter_num:                     5000
[ Info: exit_status:                  optimal
[ Info: l_2_abs_primal_res:           7.9561e-09
[ Info: l_2_rel_primal_res:           1.2167e-10
[ Info: l_inf_abs_primal_res:         8.2936e-10
[ Info: l_inf_rel_primal_res:         4.1468e-10
[ Info: l_2_abs_dual_res:             6.0586e-08
[ Info: l_2_rel_dual_res:             9.9388e-12
[ Info: l_inf_abs_dual_res:           1.3750e-08
[ Info: l_inf_rel_dual_res:           4.5832e-09
[ Info: rel_gap:                      2.1998e-08
[ Info: abs_gap:                      2.5705e-08
[ Info: primal_obj:                   1.6850e-01
[ Info: dual_obj:                     1.6850e-01
[ Info: time:                         5.7593
[ Info: ---------------------------------------------------
[ Info:  norm(sol.x.recovered_primal.primal_sol.x, Inf): 1.0000000005344976
[ Info:  norm(sol.y.recovered_dual.dual_sol.y, Inf): 1.5290356414661725
[ Info: time for projection: 0.2716708183288574
[ Info: time for iterative: 1.3243355751037598
[ Info: time for restart check: 0.1838369369506836
[ Info: time for exit check: 0.0
[ Info: time for print info calculation: 0.5511960983276367
TABLE5_SOLVE_RESULT solver=cupdcs instance=table5-m10000-n100000-r04 termination=OPTIMAL primal_status=FEASIBLE_POINT iterations=5000 objective=0.16849621533470688 optimize_wall_seconds=37.138020038604736
TABLE5_SOLVE_FINISH solver=cupdcs instance=table5-m10000-n100000-r04 status=completed result=/home/zhenwei/PDCS_fork/benchmark/large_scale_lasso/table5_solver_results/cupdcs/table5-m10000-n100000-r04/attempt_20260729T195705Z_gpu3/result.toml
RESOURCE_SNAPSHOT label=solve_cupdcs_table5-m10000-n100000-r04 utc=2026-07-29T19:58:17Z
               total        used        free      shared  buff/cache   available
Mem:           2.0Ti        84Gi       459Gi        83Mi       1.4Ti       1.9Ti
Swap:             0B          0B          0B
Filesystem                    Size  Used Avail Use% Mounted on
/dev/mapper/ubuntu--vg-lv--0  778G  726G   13G  99% /home
SOLVE_CASE_COMPLETE solver=cupdcs id=table5-m10000-n100000-r04 utc=2026-07-29T19:58:17Z
GPU_PREFLIGHT 3, GPU-22f89f46-9219-a475-fe40-bba785517158, NVIDIA H100 80GB HBM3, 0, 81081, 2
SOLVE_CASE_START solver=scs_gpu id=table5-m10000-n100000-r04 gpu=3 utc=2026-07-29T19:58:17Z
Precompiling packages...
    Pkg Being precompiled by another process (pid: 2239852, pidfile: /tmp/pdcs_scs_gpu_depot/compiled/v1.12/Pkg/tUTdb_ZeWUM.ji.pidfile)
  25884.4 ms  ✓ Pkg
    LazyArtifacts Being precompiled by another process (pid: 2239852, pidfile: /tmp/pdcs_scs_gpu_depot/compiled/v1.12/LazyArtifacts/MRP8l_ZeWUM.ji.pidfile)
   1095.8 ms  ✓ LazyArtifacts
    CUDA_Runtime_jll Being precompiled by another process (pid: 2239852, pidfile: /tmp/pdcs_scs_gpu_depot/compiled/v1.12/CUDA_Runtime_jll/Hs50y_ZeWUM.ji.pidfile)
   4531.9 ms  ✓ CUDA_Runtime_jll
    SCS_GPU_jll Being precompiled by another process (pid: 2239852, pidfile: /tmp/pdcs_scs_gpu_depot/compiled/v1.12/SCS_GPU_jll/OtXgE_ZeWUM.ji.pidfile)
   2808.8 ms  ✓ SCS_GPU_jll
  4 dependencies successfully precompiled in 34 seconds. 28 already precompiled.
Precompiling packages...
    SCS → SCSSCS_GPU_jllExt Being precompiled by another process (pid: 2239852, pidfile: /tmp/pdcs_scs_gpu_depot/compiled/v1.12/SCSSCS_GPU_jllExt/ZKon3_ZeWUM.ji.pidfile)
   2791.5 ms  ✓ SCS → SCSSCS_GPU_jllExt
  1 dependency successfully precompiled in 3 seconds. 66 already precompiled.
TABLE5_SOLVE_START solver=scs_gpu instance=table5-m10000-n100000-r04 m=10000 n=100000 density=0.0001 seed=8539239721064585772 tolerance=1.0e-6 time_limit=600.0
TABLE5_INSTANCE_READY instance=table5-m10000-n100000-r04 nnz=100186 lambda=0.030464354934446564 numerical_digest=c908b5684763cfe8179a62cd603cb013a15a9115fff037027212c05c04349add model_digest=d842ad0b6f78b8bf29632a1ed5c157a0bfd0440bcee131e637e3065cf5d6fafb generation_seconds=1.3559348583221436
------------------------------------------------------------------
	       SCS v3.2.11 - Splitting Conic Solver
	(c) Brendan O'Donoghue, Stanford University, 2012
------------------------------------------------------------------
problem:  variables n: 210004, constraints m: 220005
cones: 	  z: primal zero / dual free vars: 10003
	  l: linear vars: 200000
	  q: soc vars: 10002, qsize: 1
settings: eps_abs: 1.0e-06, eps_rel: 1.0e-06, eps_infeas: 1.0e-07
	  alpha: 1.50, scale: 1.00e-01, adaptive_scale: 1
	  max_iters: 100000, normalize: 1, rho_x: 1.00e-06
	  acceleration_lookback: 10, acceleration_interval: 10
	  time_limit_secs: 6.00e+02
	  compiled with openmp parallelization enabled
lin-sys:  sparse-indirect GPU
	  nnz(A): 420381, nnz(P): 0
------------------------------------------------------------------
 iter | pri res | dua res |   gap   |   obj   |  scale  | time (s)
------------------------------------------------------------------
     0| 2.83e+01  2.00e+00  3.79e+03 -1.90e+03  1.00e-01  3.06e+01 
   250| 3.40e-04  4.83e-05  7.96e-04  1.68e-01  3.25e-01  5.72e+02 
   275| 1.67e-04  4.81e-05  5.42e-04  1.68e-01  3.25e-01  6.37e+02 
------------------------------------------------------------------
status:  solved (inaccurate - reached time_limit_secs)
timings: total: 6.37e+02s = setup: 9.00e-01s + solve: 6.36e+02s
	 lin-sys: 5.78e+02s, cones: 4.06e-01s, accel: 3.29e-01s
------------------------------------------------------------------
objective = 0.168103 (inaccurate)
------------------------------------------------------------------
TABLE5_SOLVE_RESULT solver=scs_gpu instance=table5-m10000-n100000-r04 termination=TIME_LIMIT primal_status=FEASIBLE_POINT iterations=275 objective=0.16783191836446898 optimize_wall_seconds=640.0369820594788
TABLE5_SOLVE_FINISH solver=scs_gpu instance=table5-m10000-n100000-r04 status=completed result=/home/zhenwei/PDCS_fork/benchmark/large_scale_lasso/table5_solver_results/scs_gpu/table5-m10000-n100000-r04/attempt_20260729T195705Z_gpu3/result.toml
RESOURCE_SNAPSHOT label=solve_scs_gpu_table5-m10000-n100000-r04 utc=2026-07-29T20:09:55Z
               total        used        free      shared  buff/cache   available
Mem:           2.0Ti        78Gi       465Gi        59Mi       1.4Ti       1.9Ti
Swap:             0B          0B          0B
Filesystem                    Size  Used Avail Use% Mounted on
/dev/mapper/ubuntu--vg-lv--0  778G  726G   13G  99% /home
SOLVE_CASE_COMPLETE solver=scs_gpu id=table5-m10000-n100000-r04 utc=2026-07-29T20:09:55Z
GPU_PREFLIGHT 3, GPU-22f89f46-9219-a475-fe40-bba785517158, NVIDIA H100 80GB HBM3, 0, 81081, 1
SOLVE_CASE_START solver=cuclarabel id=table5-m10000-n100000-r04 gpu=3 utc=2026-07-29T20:09:56Z
Precompiling packages...
    MathOptInterface Being precompiled by another process (pid: 2254177, pidfile: /tmp/pdcs_cuclarabel_depot/compiled/v1.12/MathOptInterface/tyub8_ZeWUM.ji.pidfile)
  16087.2 ms  ✓ MathOptInterface
    JuMP Being precompiled by another process (pid: 2254177, pidfile: /tmp/pdcs_cuclarabel_depot/compiled/v1.12/JuMP/DmXqY_ZeWUM.ji.pidfile)
  22172.4 ms  ✓ JuMP
  2 dependencies successfully precompiled in 38 seconds. 42 already precompiled.
Precompiling packages...
    658.1 ms  ✓ ExprTools
   1015.0 ms  ✓ Tracy
   1705.3 ms  ✓ LLVMExtra_jll
   3405.3 ms  ✓ StringManipulation
    PrettyTables Being precompiled by another process (pid: 2255591, pidfile: /tmp/pdcs_cuclarabel_depot/compiled/v1.12/PrettyTables/kRdcL_ZeWUM.ji.pidfile)
   4103.6 ms  ✓ CUDA_Runtime_jll
   2677.4 ms  ✓ CUDA_Compiler_jll
   7986.0 ms  ✓ LLVM
   1178.6 ms  ✓ GPUToolbox
   1239.4 ms  ✓ LLVM → BFloat16sExt
   2226.4 ms  ✓ UnsafeAtomics → UnsafeAtomicsLLVM
   4977.5 ms  ✓ GPUArrays
  16953.1 ms  ✓ PrettyTables
  24354.0 ms  ✓ GPUCompiler
  37391.6 ms  ✓ CUDA
    Atomix → AtomixCUDAExt Being precompiled by another process (pid: 2254177, pidfile: /tmp/pdcs_cuclarabel_depot/compiled/v1.12/AtomixCUDAExt/B0Tg4_ZeWUM.ji.pidfile)
   7401.5 ms  ✓ Atomix → AtomixCUDAExt
  15 dependencies successfully precompiled in 79 seconds. 77 already precompiled.
Precompiling packages...
    CUDA → SpecialFunctionsExt Being precompiled by another process (pid: 2254177, pidfile: /tmp/pdcs_cuclarabel_depot/compiled/v1.12/SpecialFunctionsExt/9h4VD_ZeWUM.ji.pidfile)
   3312.9 ms  ✓ CUDA → SpecialFunctionsExt
  1 dependency successfully precompiled in 4 seconds. 98 already precompiled.
Precompiling packages...
    TimerOutputs Being precompiled by another process (pid: 2254457, pidfile: /tmp/pdcs_cuclarabel_depot/compiled/v1.12/TimerOutputs/hd2yD_ZeWUM.ji.pidfile)
    DataStructures Being precompiled by another process (pid: 2254457, pidfile: /tmp/pdcs_cuclarabel_depot/compiled/v1.12/DataStructures/xKiwJ_ZeWUM.ji.pidfile)
    CUDSS_jll Being precompiled by another process (pid: 2254457, pidfile: /tmp/pdcs_cuclarabel_depot/compiled/v1.12/CUDSS_jll/zjbKf_ZeWUM.ji.pidfile)
   1650.1 ms  ✓ DataStructures
   2793.6 ms  ✓ CUDSS_jll
    CUDSS Being precompiled by another process (pid: 2254457, pidfile: /tmp/pdcs_cuclarabel_depot/compiled/v1.12/CUDSS/zEqeZ_ZeWUM.ji.pidfile)
   3797.5 ms  ✓ TimerOutputs
   6399.9 ms  ✓ CUDSS
    Clarabel Being precompiled by another process (pid: 2254457, pidfile: /tmp/pdcs_cuclarabel_depot/compiled/v1.12/Clarabel/g676L_ZeWUM.ji.pidfile)
  77122.6 ms  ✓ Clarabel
  5 dependencies successfully precompiled in 87 seconds. 123 already precompiled.
TABLE5_SOLVE_START solver=cuclarabel instance=table5-m10000-n100000-r04 m=10000 n=100000 density=0.0001 seed=8539239721064585772 tolerance=1.0e-6 time_limit=600.0
TABLE5_INSTANCE_READY instance=table5-m10000-n100000-r04 nnz=100186 lambda=0.030464354934446564 numerical_digest=c908b5684763cfe8179a62cd603cb013a15a9115fff037027212c05c04349add model_digest=d842ad0b6f78b8bf29632a1ed5c157a0bfd0440bcee131e637e3065cf5d6fafb generation_seconds=1.4749999046325684
-------------------------------------------------------------
           Clarabel.jl v0.11.0  -  Clever Acronym              

                   (c) Paul Goulart                          
                University of Oxford, 2022                   
-------------------------------------------------------------

problem:
  variables     = 210004
  constraints   = 220005
  nnz(P)        = 0
  nnz(A)        = 420381
  cones (total) = 3
    : Zero        = 1,  numel = 10003
    : Nonnegative = 1,  numel = 200000
    : SecondOrder = 1,  numel = 10002

settings:
  linear algebra: direct / cudss, precision: 64 bit 
  max iter = 200, time limit = 600.000000,  max step = 0.990
  tol_feas = 1.0e-06, tol_gap_abs = 1.0e-06, tol_gap_rel = 1.0e-06,
  static reg : on, ϵ1 = 1.0e-08, ϵ2 = 4.9e-32
  dynamic reg: on, ϵ = 1.0e-13, δ = 2.0e-07
  iter refine: on, reltol = 1.0e-12, abstol = 1.0e-12, 
               max iter = 10, stop ratio = 5.0
  equilibrate: on, min_scale = 1.0e-04, max_scale = 1.0e+04
               max iter = 10

iter    pcost        dcost       gap       pres      dres      k/t        μ       step      
---------------------------------------------------------------------------------------------
  0  -5.4210e-19  -3.8106e-16  3.81e-16  9.95e-01  9.63e-01  1.00e+00  1.03e+00   ------   
  1  -8.4313e+00  -1.4123e+00  4.97e+00  9.62e-01  8.35e-01  7.24e+00  9.44e-01  9.90e-01  
  2  -5.8952e+01  -8.0527e+00  6.32e+00  2.53e-01  1.92e-01  5.09e+01  6.26e-01  9.90e-01  
  3  -4.5072e+00  -5.2147e-01  3.99e+00  2.13e-01  5.45e-02  3.99e+00  7.90e-02  8.77e-01  
  4  -2.4683e-01   9.3095e-02  3.40e-01  2.74e-02  5.50e-03  3.40e-01  7.52e-03  9.12e-01  
  5   4.9360e-02   1.4398e-01  9.46e-02  1.09e-02  2.19e-03  9.47e-02  3.00e-03  7.22e-01  
  6   1.2720e-01   1.5927e-01  3.21e-02  4.85e-03  9.75e-04  3.21e-02  1.34e-03  6.61e-01  
  7   1.5480e-01   1.6523e-01  1.04e-02  1.98e-03  3.98e-04  1.04e-02  5.48e-04  6.75e-01  
  8   1.6398e-01   1.6737e-01  3.39e-03  7.25e-04  1.46e-04  3.40e-03  2.01e-04  6.75e-01  
  9   1.6766e-01   1.6827e-01  6.15e-04  1.97e-04  3.96e-05  6.17e-04  5.46e-05  8.18e-01  
 10   1.6835e-01   1.6846e-01  1.04e-04  3.59e-05  7.23e-06  1.04e-04  9.96e-06  8.31e-01  
 11   1.6848e-01   1.6849e-01  1.13e-05  4.06e-06  8.17e-07  1.13e-05  1.12e-06  8.91e-01  
 12   1.6849e-01   1.6850e-01  9.33e-07  3.42e-07  6.88e-08  9.36e-07  9.48e-08  9.17e-01  
---------------------------------------------------------------------------------------------
Terminated with status = solved
total time =  56.0s (setup time =  19.9s, solve time =  22.2s)
TABLE5_SOLVE_RESULT solver=cuclarabel instance=table5-m10000-n100000-r04 termination=OPTIMAL primal_status=FEASIBLE_POINT iterations=12 objective=0.16849485731976654 optimize_wall_seconds=64.25173282623291
TABLE5_SOLVE_FINISH solver=cuclarabel instance=table5-m10000-n100000-r04 status=completed result=/home/zhenwei/PDCS_fork/benchmark/large_scale_lasso/table5_solver_results/cuclarabel/table5-m10000-n100000-r04/attempt_20260729T195705Z_gpu3/result.toml
RESOURCE_SNAPSHOT label=solve_cuclarabel_table5-m10000-n100000-r04 utc=2026-07-29T20:14:55Z
               total        used        free      shared  buff/cache   available
Mem:           2.0Ti        90Gi       453Gi       123Mi       1.4Ti       1.9Ti
Swap:             0B          0B          0B
Filesystem                    Size  Used Avail Use% Mounted on
/dev/mapper/ubuntu--vg-lv--0  778G  726G   13G  99% /home
SOLVE_CASE_COMPLETE solver=cuclarabel id=table5-m10000-n100000-r04 utc=2026-07-29T20:14:55Z
GPU_PREFLIGHT 3, GPU-22f89f46-9219-a475-fe40-bba785517158, NVIDIA H100 80GB HBM3, 0, 81081, 0
SOLVE_CASE_START solver=cupdcs id=table5-m70000-n700000-r05 gpu=3 utc=2026-07-29T20:14:55Z
┌ Info: CondaPkg: Waiting for lock to be freed. You may delete this file if no other process is resolving.
└   lock_file = "/home/zhenwei/PDCS_fork/.CondaPkg/lock"
TABLE5_SOLVE_START solver=cupdcs instance=table5-m70000-n700000-r05 m=70000 n=700000 density=0.0001 seed=3478211357477831271 tolerance=1.0e-6 time_limit=600.0
TABLE5_INSTANCE_READY instance=table5-m70000-n700000-r05 nnz=4900969 lambda=0.04797910888477588 numerical_digest=ed0b21b8debd70178485af9c352b577e80bcb200ff5ee7c84d44e3917cbf2dd2 model_digest=104daa536b6cfee1a9678548cb630152bb8e2f201ec2b6edd4826af35343316d generation_seconds=2.814448833465576
rescaling_method is not set, using default value: :ruiz_pock_chambolle. Note that if :use_scaling is false, this option is ignored.
kkt_restart_freq is not set, using default value: 500.
duality_gap_restart_freq is not set, using default value: 2000.
[ Info: logfile is set to nothing
[ Info: ---------------------------------------------------
[ Info: ------------- Parameter Info Summary --------------
[ Info: ---------------------------------------------------
[ Info: time limit: 600.0
[ Info: use_preconditioner: true
[ Info: use_adaptive_restart: true
[ Info: use_adaptive_step_size_weight: true
[ Info: use_aggressive: true
[ Info: use_restart: true
[ Info: use_adaptive_step: true
[ Info: use_reflection: true
[ Info: use_halpern: true
[ Info: use_resolving: true
[ Info: use_duality_gap_restart: true
[ Info: duality_gap_restart_freq: 2000
[ Info: use_kkt_restart: false
[ Info: kkt_restart_freq: 2000
[ Info: abs_tol: 1.0e-6
[ Info: rel_tol: 1.0e-6
[ Info: eps_primal_infeasible_low_acc: 1.0e-12
[ Info: eps_dual_infeasible_low_acc: 1.0e-12
[ Info: eps_primal_infeasible_high_acc: 1.0e-16
[ Info: eps_dual_infeasible_high_acc: 1.0e-16
[ Info: print_freq: 1000
[ Info: check_terminate_freq: 1000
[ Info: ---------------------------------------------------
[ Info: ------------- Model Info Summary -----------------
[ Info: ---------------------------------------------------
[ Info: variable number: 1470004
[ Info: constraint number: 1540005
[ Info: non-zero elements in G: 11341947
[ Info: Number of box constraints: 1470004
[ Info: Number of equal constraints: 70003
[ Info: Number of nonnegative constraints: 1400000
[ Info: Number of soc cone constraints: 1
[ Info: Number of rsoc cone constraints: 0
[ Info: Number of exp cone constraints: 0
[ Info: Number of dual exp cone constraints: 0
[ Info: Number of soc cone variables: 0
[ Info: Number of rsoc cone variables: 0
[ Info: Number of exp cone variables: 0
[ Info: Number of dual exp cone variables: 0
[ Info: ---------------------------------------------------
[ Info: Using preconditioner
[ Info: Warm start not enabled. Ignoring warm start values.
[ Info: Initializing primal and dual variables to zero.
[ Info: initial nrm1G: 6.44352453132222e6, initial nrmInfG: 1.0
[ Info: initial nrm1c: 67172.7524386862
[ Info: initial nrm1h: 227.71737709397883
[ Info: initial nrmInfc: 2.0
[ Info: max Dr_product:3.7859233384658264
[ Info: norm Dr_product:2538.4097615332253
[ Info: max Dl_product:11.159566267235302
[ Info: norm Dl_product:2538.409958306946
[ Info: after scaling, norm1 c: 33203.24506615444
[ Info: after scaling, normInf c: 1.9996615778638578
[ Info: after scaling, norm1 G: 1.0119120188309598e6
[ Info: after scaling, normInf G: 1.0
[ Info: iter:0 rel_p_res(inf):5.000e-01 rel_d_res(inf):6.667e-01 primal_obj:0.000e+00 dual_obj:0.000e+00 rel_pd_gap:0.000e+00 time:0.00 restart_used:0
[ Info: ==================================================
[ Info: Start unified diagonal GPU loop for the ablation-compatible production path.
[ Info: iter:0 rel_p_res(inf):5.000e-01 rel_d_res(inf):6.667e-01 primal_obj:0.000e+00 dual_obj:0.000e+00 rel_pd_gap:0.000e+00 time:3.14 restart_used:0
[ Info: iter:1000 rel_p_res(inf):2.672e-04 rel_d_res(inf):1.264e-02 primal_obj:1.08873e+00 dual_obj:1.29222e+00 rel_pd_gap:8.877e-02 time:5.20 restart_used:0, restart_trigger_mean:0, restart_trigger_ergodic:0, diff_nrm_x_recovered:1.922e+00 diff_nrm_y_recovered:5.911e+01 nrm2_x_recovered:1.922e+00 nrm2_y_recovered:5.911e+01, nrmInf_x_recovered:1.094e+00 nrmInf_y_recovered:2.229e+00 dual_gap_ergodic:1.000e+30, dual_gap_mean:1.000e+30, dual_gap_restart_threshold:Inf, dual_gap_r:0.000e+00, kkt_error_ergodic:1.000e+30, kkt_error_mean:1.000e+30, kkt_error_restart_threshold:0.000e+00, tau:4.341e-02, sigma:3.504e+01
[ Info: iter:2000 rel_p_res(inf):1.845e-04 rel_d_res(inf):7.913e-03 primal_obj:1.11410e+00 dual_obj:1.23432e+00 rel_pd_gap:5.381e-02 time:7.03 restart_used:0, restart_trigger_mean:0, restart_trigger_ergodic:0, diff_nrm_x_recovered:1.371e-02 diff_nrm_y_recovered:3.582e-01 nrm2_x_recovered:1.929e+00 nrm2_y_recovered:5.904e+01, nrmInf_x_recovered:1.098e+00 nrmInf_y_recovered:2.216e+00 dual_gap_ergodic:1.000e+30, dual_gap_mean:1.000e+30, dual_gap_restart_threshold:Inf, dual_gap_r:0.000e+00, kkt_error_ergodic:1.000e+30, kkt_error_mean:1.000e+30, kkt_error_restart_threshold:0.000e+00, tau:3.556e-02, sigma:2.870e+01
[ Info: restart due to condition 1
[ Info: omega:28.411382948911275, x_diff_norm:2.7474580062954184, y_diff_norm:61.80575488633809
[ Info: iter:3000 rel_p_res(inf):4.744e-06 rel_d_res(inf):3.019e-04 primal_obj:1.16394e+00 dual_obj:1.16617e+00 rel_pd_gap:1.029e-03 time:8.05 restart_used:1, restart_trigger_mean:1, restart_trigger_ergodic:0, diff_nrm_x_recovered:1.114e-02 diff_nrm_y_recovered:2.395e-01 nrm2_x_recovered:1.935e+00 nrm2_y_recovered:5.897e+01, nrmInf_x_recovered:1.102e+00 nrmInf_y_recovered:2.206e+00 dual_gap_ergodic:4.857e-02, dual_gap_mean:3.597e-03, dual_gap_restart_threshold:3.664e-03, dual_gap_r:3.368e+02, kkt_error_ergodic:1.000e+30, kkt_error_mean:1.000e+30, kkt_error_restart_threshold:0.000e+00, tau:4.263e-02, sigma:2.724e+01
[ Info: iter:4000 rel_p_res(inf):2.153e-06 rel_d_res(inf):1.490e-04 primal_obj:1.16377e+00 dual_obj:1.16485e+00 rel_pd_gap:4.967e-04 time:8.94 restart_used:1, restart_trigger_mean:1, restart_trigger_ergodic:0, diff_nrm_x_recovered:6.070e-04 diff_nrm_y_recovered:1.223e-02 nrm2_x_recovered:1.935e+00 nrm2_y_recovered:5.897e+01, nrmInf_x_recovered:1.102e+00 nrmInf_y_recovered:2.206e+00 dual_gap_ergodic:4.857e-02, dual_gap_mean:3.597e-03, dual_gap_restart_threshold:3.664e-03, dual_gap_r:3.368e+02, kkt_error_ergodic:1.000e+30, kkt_error_mean:1.000e+30, kkt_error_restart_threshold:0.000e+00, tau:4.349e-02, sigma:2.780e+01
[ Info: restart due to condition 1
[ Info: omega:25.281050314663013, x_diff_norm:0.08627130964224415, y_diff_norm:1.2222499142123295
[ Info: iter:5000 rel_p_res(inf):4.181e-08 rel_d_res(inf):3.703e-07 primal_obj:1.16359e+00 dual_obj:1.16358e+00 rel_pd_gap:5.844e-06 time:9.88 restart_used:2, restart_trigger_mean:1, restart_trigger_ergodic:1, diff_nrm_x_recovered:5.974e-04 diff_nrm_y_recovered:1.268e-02 nrm2_x_recovered:1.935e+00 nrm2_y_recovered:5.897e+01, nrmInf_x_recovered:1.102e+00 nrmInf_y_recovered:2.205e+00 dual_gap_ergodic:5.934e-04, dual_gap_mean:4.035e-03, dual_gap_restart_threshold:5.934e-04, dual_gap_r:2.396e-01, kkt_error_ergodic:1.000e+30, kkt_error_mean:1.000e+30, kkt_error_restart_threshold:0.000e+00, tau:5.720e-02, sigma:2.049e+01
[ Info: iter:6000 rel_p_res(inf):2.080e-08 rel_d_res(inf):1.706e-07 primal_obj:1.16358e+00 dual_obj:1.16357e+00 rel_pd_gap:3.204e-06 time:10.78 restart_used:2, restart_trigger_mean:1, restart_trigger_ergodic:1, diff_nrm_x_recovered:7.978e-06 diff_nrm_y_recovered:7.092e-05 nrm2_x_recovered:1.935e+00 nrm2_y_recovered:5.897e+01, nrmInf_x_recovered:1.102e+00 nrmInf_y_recovered:2.205e+00 dual_gap_ergodic:5.934e-04, dual_gap_mean:4.035e-03, dual_gap_restart_threshold:5.934e-04, dual_gap_r:2.396e-01, kkt_error_ergodic:1.000e+30, kkt_error_mean:1.000e+30, kkt_error_restart_threshold:0.000e+00, tau:7.022e-02, sigma:2.515e+01
[ Info: iter:7000 rel_p_res(inf):1.367e-08 rel_d_res(inf):1.134e-07 primal_obj:1.16358e+00 dual_obj:1.16357e+00 rel_pd_gap:2.279e-06 time:11.69 restart_used:2, restart_trigger_mean:1, restart_trigger_ergodic:1, diff_nrm_x_recovered:2.626e-06 diff_nrm_y_recovered:2.190e-05 nrm2_x_recovered:1.935e+00 nrm2_y_recovered:5.897e+01, nrmInf_x_recovered:1.102e+00 nrmInf_y_recovered:2.205e+00 dual_gap_ergodic:1.154e-03, dual_gap_mean:2.739e-03, dual_gap_restart_threshold:5.934e-04, dual_gap_r:2.396e-01, kkt_error_ergodic:1.000e+30, kkt_error_mean:1.000e+30, kkt_error_restart_threshold:0.000e+00, tau:7.372e-02, sigma:2.640e+01
[ Info: iter:8000 rel_p_res(inf):1.184e-08 rel_d_res(inf):9.372e-08 primal_obj:1.16358e+00 dual_obj:1.16357e+00 rel_pd_gap:1.742e-06 time:12.58 restart_used:2, restart_trigger_mean:1, restart_trigger_ergodic:1, diff_nrm_x_recovered:7.476e-07 diff_nrm_y_recovered:8.234e-06 nrm2_x_recovered:1.935e+00 nrm2_y_recovered:5.897e+01, nrmInf_x_recovered:1.102e+00 nrmInf_y_recovered:2.205e+00 dual_gap_ergodic:1.154e-03, dual_gap_mean:2.739e-03, dual_gap_restart_threshold:5.934e-04, dual_gap_r:2.396e-01, kkt_error_ergodic:1.000e+30, kkt_error_mean:1.000e+30, kkt_error_restart_threshold:0.000e+00, tau:6.635e-02, sigma:2.377e+01
[ Info: restart due to condition 2
[ Info: omega:18.925369557621142, x_diff_norm:0.0010282971786073562, y_diff_norm:0.01983390524087565
[ Info: iter:9000 rel_p_res(inf):1.500e-10 rel_d_res(inf):4.729e-09 primal_obj:1.16357e+00 dual_obj:1.16357e+00 rel_pd_gap:2.945e-08 time:13.51 restart_used:3, restart_trigger_mean:1, restart_trigger_ergodic:2, diff_nrm_x_recovered:4.206e-06 diff_nrm_y_recovered:3.440e-05 nrm2_x_recovered:1.935e+00 nrm2_y_recovered:5.897e+01, nrmInf_x_recovered:1.102e+00 nrmInf_y_recovered:2.205e+00 dual_gap_ergodic:4.318e-04, dual_gap_mean:1.474e-03, dual_gap_restart_threshold:4.318e-04, dual_gap_r:3.322e-05, kkt_error_ergodic:1.000e+30, kkt_error_mean:1.000e+30, kkt_error_restart_threshold:0.000e+00, tau:6.211e-02, sigma:2.267e+01
[ Info: ===============================================
[ Info: ---------------------------------------------------
[ Info: ------------- Solver Info Summary -----------------
[ Info: ---------------------------------------------------
[ Info: iter_num:                     9000
[ Info: exit_status:                  optimal
[ Info: l_2_abs_primal_res:           1.2297e-08
[ Info: l_2_rel_primal_res:           2.7114e-11
[ Info: l_inf_abs_primal_res:         3.1541e-10
[ Info: l_inf_rel_primal_res:         1.5003e-10
[ Info: l_2_abs_dual_res:             1.4382e-07
[ Info: l_2_rel_dual_res:             2.1411e-12
[ Info: l_inf_abs_dual_res:           1.4186e-08
[ Info: l_inf_rel_dual_res:           4.7286e-09
[ Info: rel_gap:                      2.9454e-08
[ Info: abs_gap:                      6.3727e-08
[ Info: primal_obj:                   1.1636e+00
[ Info: dual_obj:                     1.1636e+00
[ Info: time:                         13.5141
[ Info: ---------------------------------------------------
[ Info:  norm(sol.x.recovered_primal.primal_sol.x, Inf): 1.102346714109072
[ Info:  norm(sol.y.recovered_dual.dual_sol.y, Inf): 2.2046934090525507
[ Info: time for projection: 0.4772181510925293
[ Info: time for iterative: 7.06309700012207
[ Info: time for restart check: 0.22584009170532227
[ Info: time for exit check: 0.0
[ Info: time for print info calculation: 0.9496395587921143
TABLE5_SOLVE_RESULT solver=cupdcs instance=table5-m70000-n700000-r05 termination=OPTIMAL primal_status=FEASIBLE_POINT iterations=9000 objective=1.1635740712352218 optimize_wall_seconds=69.44034504890442
TABLE5_SOLVE_FINISH solver=cupdcs instance=table5-m70000-n700000-r05 status=completed result=/home/zhenwei/PDCS_fork/benchmark/large_scale_lasso/table5_solver_results/cupdcs/table5-m70000-n700000-r05/attempt_20260729T195705Z_gpu3/result.toml
RESOURCE_SNAPSHOT label=solve_cupdcs_table5-m70000-n700000-r05 utc=2026-07-29T20:17:01Z
               total        used        free      shared  buff/cache   available
Mem:           2.0Ti        93Gi       449Gi        38Mi       1.4Ti       1.9Ti
Swap:             0B          0B          0B
Filesystem                    Size  Used Avail Use% Mounted on
/dev/mapper/ubuntu--vg-lv--0  778G  726G   13G  99% /home
SOLVE_CASE_COMPLETE solver=cupdcs id=table5-m70000-n700000-r05 utc=2026-07-29T20:17:01Z
GPU_PREFLIGHT 3, GPU-22f89f46-9219-a475-fe40-bba785517158, NVIDIA H100 80GB HBM3, 0, 81081, 0
SOLVE_CASE_START solver=scs_gpu id=table5-m70000-n700000-r05 gpu=3 utc=2026-07-29T20:17:01Z
TABLE5_SOLVE_START solver=scs_gpu instance=table5-m70000-n700000-r05 m=70000 n=700000 density=0.0001 seed=3478211357477831271 tolerance=1.0e-6 time_limit=600.0
TABLE5_INSTANCE_READY instance=table5-m70000-n700000-r05 nnz=4900969 lambda=0.04797910888477588 numerical_digest=ed0b21b8debd70178485af9c352b577e80bcb200ff5ee7c84d44e3917cbf2dd2 model_digest=104daa536b6cfee1a9678548cb630152bb8e2f201ec2b6edd4826af35343316d generation_seconds=2.7756969928741455
------------------------------------------------------------------
	       SCS v3.2.11 - Splitting Conic Solver
	(c) Brendan O'Donoghue, Stanford University, 2012
------------------------------------------------------------------
problem:  variables n: 1470004, constraints m: 1540005
cones: 	  z: primal zero / dual free vars: 70003
	  l: linear vars: 1400000
	  q: soc vars: 70002, qsize: 1
settings: eps_abs: 1.0e-06, eps_rel: 1.0e-06, eps_infeas: 1.0e-07
	  alpha: 1.50, scale: 1.00e-01, adaptive_scale: 1
	  max_iters: 100000, normalize: 1, rho_x: 1.00e-06
	  acceleration_lookback: 10, acceleration_interval: 10
	  time_limit_secs: 6.00e+02
	  compiled with openmp parallelization enabled
lin-sys:  sparse-indirect GPU
	  nnz(A): 11341947, nnz(P): 0
------------------------------------------------------------------
 iter | pri res | dua res |   gap   |   obj   |  scale  | time (s)
------------------------------------------------------------------
     0| 2.83e+01  2.00e+00  6.45e+04 -3.23e+04  1.00e-01  1.16e+03 
------------------------------------------------------------------
status:  solved (inaccurate - reached time_limit_secs)
timings: total: 1.16e+03s = setup: 3.38e+00s + solve: 1.16e+03s
	 lin-sys: 3.72e-02s, cones: 1.80e-02s, accel: 5.10e-08s
------------------------------------------------------------------
objective = -32267.309379 (inaccurate)
------------------------------------------------------------------
TABLE5_SOLVE_RESULT solver=scs_gpu instance=table5-m70000-n700000-r05 termination=TIME_LIMIT primal_status=FEASIBLE_POINT iterations=0 objective=-64534.82313572808 optimize_wall_seconds=1168.7001388072968
TABLE5_SOLVE_FINISH solver=scs_gpu instance=table5-m70000-n700000-r05 status=completed result=/home/zhenwei/PDCS_fork/benchmark/large_scale_lasso/table5_solver_results/scs_gpu/table5-m70000-n700000-r05/attempt_20260729T195705Z_gpu3/result.toml
RESOURCE_SNAPSHOT label=solve_scs_gpu_table5-m70000-n700000-r05 utc=2026-07-29T20:37:02Z
               total        used        free      shared  buff/cache   available
Mem:           2.0Ti       368Gi       207Gi        75Mi       1.4Ti       1.6Ti
Swap:             0B          0B          0B
Filesystem                    Size  Used Avail Use% Mounted on
/dev/mapper/ubuntu--vg-lv--0  778G  726G   13G  99% /home
SOLVE_CASE_COMPLETE solver=scs_gpu id=table5-m70000-n700000-r05 utc=2026-07-29T20:37:02Z
GPU_PREFLIGHT 3, GPU-22f89f46-9219-a475-fe40-bba785517158, NVIDIA H100 80GB HBM3, 0, 81081, 0
SOLVE_CASE_START solver=cuclarabel id=table5-m70000-n700000-r05 gpu=3 utc=2026-07-29T20:37:02Z
TABLE5_SOLVE_START solver=cuclarabel instance=table5-m70000-n700000-r05 m=70000 n=700000 density=0.0001 seed=3478211357477831271 tolerance=1.0e-6 time_limit=600.0
TABLE5_INSTANCE_READY instance=table5-m70000-n700000-r05 nnz=4900969 lambda=0.04797910888477588 numerical_digest=ed0b21b8debd70178485af9c352b577e80bcb200ff5ee7c84d44e3917cbf2dd2 model_digest=104daa536b6cfee1a9678548cb630152bb8e2f201ec2b6edd4826af35343316d generation_seconds=3.0222768783569336
-------------------------------------------------------------
           Clarabel.jl v0.11.0  -  Clever Acronym              

                   (c) Paul Goulart                          
                University of Oxford, 2022                   
-------------------------------------------------------------

problem:
  variables     = 1470004
  constraints   = 1540005
  nnz(P)        = 0
  nnz(A)        = 11341947
  cones (total) = 3
    : Zero        = 1,  numel = 70003
    : Nonnegative = 1,  numel = 1400000
    : SecondOrder = 1,  numel = 70002

settings:
  linear algebra: direct / cudss, precision: 64 bit 
  max iter = 200, time limit = 600.000000,  max step = 0.990
  tol_feas = 1.0e-06, tol_gap_abs = 1.0e-06, tol_gap_rel = 1.0e-06,
  static reg : on, ϵ1 = 1.0e-08, ϵ2 = 4.9e-32
  dynamic reg: on, ϵ = 1.0e-13, δ = 2.0e-07
  iter refine: on, reltol = 1.0e-12, abstol = 1.0e-12, 
               max iter = 10, stop ratio = 5.0
  equilibrate: on, min_scale = 1.0e-04, max_scale = 1.0e+04
               max iter = 10

iter    pcost        dcost       gap       pres      dres      k/t        μ       step      
---------------------------------------------------------------------------------------------
  0   8.6736e-19  -4.0402e-16  4.05e-16  9.98e-01  9.52e-01  1.00e+00  1.05e+00   ------   
  1  -5.7060e+00  -8.8087e-01  4.83e+00  9.87e-01  8.18e-01  5.06e+00  9.13e-01  9.90e-01  
  2  -4.8131e+01  -6.1791e+00  6.79e+00  7.31e-01  3.97e-01  4.20e+01  5.25e-01  9.90e-01  
  3  -2.0496e+01  -2.2665e+00  8.04e+00  2.16e-01  4.34e-02  1.82e+01  5.57e-02  9.90e-01  
  4  -1.7459e+00   3.3076e-01  2.08e+00  8.77e-02  5.82e-03  2.08e+00  6.85e-03  8.83e-01  
  5   3.3999e-01   8.6856e-01  5.29e-01  2.27e-02  1.52e-03  5.29e-01  1.81e-03  7.45e-01  
  6   8.0277e-01   1.0333e+00  2.31e-01  1.26e-02  8.63e-04  2.31e-01  1.03e-03  5.64e-01  
  7   1.0497e+00   1.1236e+00  7.04e-02  5.61e-03  3.93e-04  7.39e-02  4.75e-04  6.79e-01  
  8   1.1524e+00   1.1594e+00  6.14e-03  1.55e-03  1.10e-04  7.08e-03  1.33e-04  9.04e-01  
  9   1.1634e+00   1.1635e+00  1.24e-04  9.84e-05  7.02e-06  1.44e-04  8.54e-06  9.80e-01  
 10   1.1636e+00   1.1636e+00  2.97e-06  2.40e-06  1.71e-07  3.46e-06  2.08e-07  9.76e-01  
 11   1.1636e+00   1.1636e+00  2.69e-07  2.26e-07  1.62e-08  3.14e-07  1.97e-08  9.09e-01  
---------------------------------------------------------------------------------------------
Terminated with status = solved
total time =   278s (setup time =   152s, solve time =   110s)
TABLE5_SOLVE_RESULT solver=cuclarabel instance=table5-m70000-n700000-r05 termination=OPTIMAL primal_status=FEASIBLE_POINT iterations=11 objective=1.1635734357840413 optimize_wall_seconds=297.0725860595703
TABLE5_SOLVE_FINISH solver=cuclarabel instance=table5-m70000-n700000-r05 status=completed result=/home/zhenwei/PDCS_fork/benchmark/large_scale_lasso/table5_solver_results/cuclarabel/table5-m70000-n700000-r05/attempt_20260729T195705Z_gpu3/result.toml
RESOURCE_SNAPSHOT label=solve_cuclarabel_table5-m70000-n700000-r05 utc=2026-07-29T20:42:39Z
               total        used        free      shared  buff/cache   available
Mem:           2.0Ti       421Gi       166Gi        74Mi       1.4Ti       1.5Ti
Swap:             0B          0B          0B
Filesystem                    Size  Used Avail Use% Mounted on
/dev/mapper/ubuntu--vg-lv--0  778G  726G   13G  99% /home
SOLVE_CASE_COMPLETE solver=cuclarabel id=table5-m70000-n700000-r05 utc=2026-07-29T20:42:39Z
GPU_PREFLIGHT 3, GPU-22f89f46-9219-a475-fe40-bba785517158, NVIDIA H100 80GB HBM3, 0, 81081, 0
SOLVE_CASE_START solver=cupdcs id=table5-m700000-n7000000-r01 gpu=3 utc=2026-07-29T20:42:39Z
TABLE5_SOLVE_START solver=cupdcs instance=table5-m700000-n7000000-r01 m=700000 n=7000000 density=0.0001 seed=2694979877904449328 tolerance=1.0e-6 time_limit=600.0
TABLE5_INSTANCE_READY instance=table5-m700000-n7000000-r01 nnz=489966133 lambda=0.12331210291489622 numerical_digest=14682a0201b8ec27f054a6dfc7849af710b5a7345b1ac8e2b27a9828de9e7ddb model_digest=7de21e703297657ae631a0ecccbdec7eb4b6db33d31bce5847097c5f142c74aa generation_seconds=98.26886510848999
rescaling_method is not set, using default value: :ruiz_pock_chambolle. Note that if :use_scaling is false, this option is ignored.
kkt_restart_freq is not set, using default value: 500.
duality_gap_restart_freq is not set, using default value: 2000.
[ Info: logfile is set to nothing
[ Info: ---------------------------------------------------
[ Info: ------------- Parameter Info Summary --------------
[ Info: ---------------------------------------------------
[ Info: time limit: 600.0
[ Info: use_preconditioner: true
[ Info: use_adaptive_restart: true
[ Info: use_adaptive_step_size_weight: true
[ Info: use_aggressive: true
[ Info: use_restart: true
[ Info: use_adaptive_step: true
[ Info: use_reflection: true
[ Info: use_halpern: true
[ Info: use_resolving: true
[ Info: use_duality_gap_restart: true
[ Info: duality_gap_restart_freq: 2000
[ Info: use_kkt_restart: false
[ Info: kkt_restart_freq: 2000
[ Info: abs_tol: 1.0e-6
[ Info: rel_tol: 1.0e-6
[ Info: eps_primal_infeasible_low_acc: 1.0e-12
[ Info: eps_dual_infeasible_low_acc: 1.0e-12
[ Info: eps_primal_infeasible_high_acc: 1.0e-16
[ Info: eps_dual_infeasible_high_acc: 1.0e-16
[ Info: print_freq: 1000
[ Info: check_terminate_freq: 1000
[ Info: ---------------------------------------------------
[ Info: ------------- Model Info Summary -----------------
[ Info: ---------------------------------------------------
[ Info: variable number: 14700004
[ Info: constraint number: 15400005
[ Info: non-zero elements in G: 995332275
[ Info: Number of box constraints: 14700004
[ Info: Number of equal constraints: 700003
[ Info: Number of nonnegative constraints: 14000000
[ Info: Number of soc cone constraints: 1
[ Info: Number of rsoc cone constraints: 0
[ Info: Number of exp cone constraints: 0
[ Info: Number of dual exp cone constraints: 0
[ Info: Number of soc cone variables: 0
[ Info: Number of rsoc cone variables: 0
[ Info: Number of exp cone variables: 0
[ Info: Number of dual exp cone variables: 0
[ Info: ---------------------------------------------------
[ Info: Using preconditioner
[ Info: Warm start not enabled. Ignoring warm start values.
[ Info: Initializing primal and dual variables to zero.
[ Info: initial nrm1G: 5.0538069585863304e8, initial nrmInfG: 1.0
[ Info: initial nrm1c: 1.7263714408085484e6
[ Info: initial nrm1h: 2275.2600527718705
[ Info: initial nrmInfc: 2.0
[ Info: max Dr_product:8.001075929393485
[ Info: norm Dr_product:22480.673820968048
[ Info: max Dl_product:29.042952639522166
[ Info: norm Dl_product:22480.673843186796
[ Info: after scaling, norm1 c: 289722.1845055987
[ Info: after scaling, normInf c: 1.9996615778638578
[ Info: after scaling, norm1 G: 5.939155152674824e6
[ Info: after scaling, normInf G: 0.7071067811865475
[ Info: iter:0 rel_p_res(inf):5.000e-01 rel_d_res(inf):6.667e-01 primal_obj:0.000e+00 dual_obj:0.000e+00 rel_pd_gap:0.000e+00 time:0.00 restart_used:0
[ Info: ==================================================
[ Info: Start unified diagonal GPU loop for the ablation-compatible production path.
[ Info: iter:0 rel_p_res(inf):5.000e-01 rel_d_res(inf):6.667e-01 primal_obj:0.000e+00 dual_obj:0.000e+00 rel_pd_gap:0.000e+00 time:3.39 restart_used:0
[ Info: iter:1000 rel_p_res(inf):1.317e-04 rel_d_res(inf):1.317e-01 primal_obj:1.02593e+01 dual_obj:1.65034e+01 rel_pd_gap:3.567e-01 time:217.84 restart_used:0, restart_trigger_mean:0, restart_trigger_ergodic:0, diff_nrm_x_recovered:6.468e+00 diff_nrm_y_recovered:4.983e+02 nrm2_x_recovered:6.468e+00 nrm2_y_recovered:4.983e+02, nrmInf_x_recovered:3.990e+00 nrmInf_y_recovered:1.105e+01 dual_gap_ergodic:1.000e+30, dual_gap_mean:1.000e+30, dual_gap_restart_threshold:Inf, dual_gap_r:0.000e+00, kkt_error_ergodic:1.000e+30, kkt_error_mean:1.000e+30, kkt_error_restart_threshold:0.000e+00, tau:1.517e-02, sigma:8.993e+01
[ Info: iter:2000 rel_p_res(inf):4.880e-05 rel_d_res(inf):7.372e-02 primal_obj:1.04814e+01 dual_obj:1.43394e+01 rel_pd_gap:2.515e-01 time:364.12 restart_used:0, restart_trigger_mean:0, restart_trigger_ergodic:0, diff_nrm_x_recovered:1.084e+00 diff_nrm_y_recovered:1.796e+01 nrm2_x_recovered:7.484e+00 nrm2_y_recovered:4.928e+02, nrmInf_x_recovered:4.720e+00 nrmInf_y_recovered:1.128e+01 dual_gap_ergodic:1.000e+30, dual_gap_mean:1.000e+30, dual_gap_restart_threshold:Inf, dual_gap_r:0.000e+00, kkt_error_ergodic:1.000e+30, kkt_error_mean:1.000e+30, kkt_error_restart_threshold:0.000e+00, tau:1.343e-02, sigma:7.963e+01
[ Info: restart due to condition 1
[ Info: omega:77.00330174938058, x_diff_norm:9.509093651632458, y_diff_norm:532.1902841920472
[ Info: iter:3000 rel_p_res(inf):2.118e-05 rel_d_res(inf):1.660e-02 primal_obj:1.16394e+01 dual_obj:1.21968e+01 rel_pd_gap:4.224e-02 time:512.30 restart_used:1, restart_trigger_mean:0, restart_trigger_ergodic:1, diff_nrm_x_recovered:9.107e-01 diff_nrm_y_recovered:1.753e+01 nrm2_x_recovered:8.344e+00 nrm2_y_recovered:4.876e+02, nrmInf_x_recovered:5.336e+00 nrmInf_y_recovered:1.124e+01 dual_gap_ergodic:5.947e-04, dual_gap_mean:3.089e-03, dual_gap_restart_threshold:5.947e-04, dual_gap_r:1.026e+04, kkt_error_ergodic:1.000e+30, kkt_error_mean:1.000e+30, kkt_error_restart_threshold:0.000e+00, tau:1.412e-02, sigma:6.087e+01
[ Info: iter:4000 rel_p_res(inf):4.284e-06 rel_d_res(inf):8.290e-03 primal_obj:1.15914e+01 dual_obj:1.18728e+01 rel_pd_gap:2.186e-02 time:657.26 restart_used:1, restart_trigger_mean:0, restart_trigger_ergodic:1, diff_nrm_x_recovered:1.157e-01 diff_nrm_y_recovered:3.778e+00 nrm2_x_recovered:8.444e+00 nrm2_y_recovered:4.866e+02, nrmInf_x_recovered:5.408e+00 nrmInf_y_recovered:1.110e+01 dual_gap_ergodic:5.947e-04, dual_gap_mean:3.089e-03, dual_gap_restart_threshold:5.947e-04, dual_gap_r:1.026e+04, kkt_error_ergodic:1.000e+30, kkt_error_mean:1.000e+30, kkt_error_restart_threshold:0.000e+00, tau:1.450e-02, sigma:6.248e+01
[ Info: ===============================================
[ Info: ---------------------------------------------------
[ Info: ------------- Solver Info Summary -----------------
[ Info: ---------------------------------------------------
[ Info: iter_num:                     4000
[ Info: exit_status:                  time_limit
[ Info: l_2_abs_primal_res:           4.3712e-03
[ Info: l_2_rel_primal_res:           9.7356e-07
[ Info: l_inf_abs_primal_res:         2.3695e-05
[ Info: l_inf_rel_primal_res:         4.2842e-06
[ Info: l_2_abs_dual_res:             7.0783e-02
[ Info: l_2_rel_dual_res:             4.1001e-08
[ Info: l_inf_abs_dual_res:           2.5015e-02
[ Info: l_inf_rel_dual_res:           8.2897e-03
[ Info: rel_gap:                      2.1859e-02
[ Info: abs_gap:                      2.8139e-01
[ Info: primal_obj:                   1.1591e+01
[ Info: dual_obj:                     1.1873e+01
[ Info: time:                         657.2622
[ Info: ---------------------------------------------------
[ Info:  norm(sol.x.recovered_primal.primal_sol.x, Inf): 5.407612595539579
[ Info:  norm(sol.y.recovered_dual.dual_sol.y, Inf): 11.102043511229413
[ Info: time for projection: 1.3288848400115967
[ Info: time for iterative: 640.778737783432
[ Info: time for restart check: 2.1542489528656006
[ Info: time for exit check: 0.0
[ Info: time for print info calculation: 1.5214440822601318
TABLE5_SOLVE_RESULT solver=cupdcs instance=table5-m700000-n7000000-r01 termination=TIME_LIMIT primal_status=INFEASIBILITY_CERTIFICATE iterations=4000 objective=11.591417707240664 optimize_wall_seconds=2541.2193489074707
TABLE5_SOLVE_FINISH solver=cupdcs instance=table5-m700000-n7000000-r01 status=completed result=/home/zhenwei/PDCS_fork/benchmark/large_scale_lasso/table5_solver_results/cupdcs/table5-m700000-n7000000-r01/attempt_20260729T195705Z_gpu3/result.toml
RESOURCE_SNAPSHOT label=solve_cupdcs_table5-m700000-n7000000-r01 utc=2026-07-29T21:45:40Z
               total        used        free      shared  buff/cache   available
Mem:           2.0Ti       716Gi       239Gi        74Mi       1.0Ti       1.3Ti
Swap:             0B          0B          0B
Filesystem                    Size  Used Avail Use% Mounted on
/dev/mapper/ubuntu--vg-lv--0  778G  726G   13G  99% /home
SOLVE_CASE_COMPLETE solver=cupdcs id=table5-m700000-n7000000-r01 utc=2026-07-29T21:45:41Z
SOLVE_SKIP_DONE solver=scs_gpu id=table5-m700000-n7000000-r01
SOLVE_SKIP_DONE solver=cuclarabel id=table5-m700000-n7000000-r01
SOLVE_SKIP_DONE solver=cupdcs id=table5-m750000-n7500000-r02
SOLVE_SKIP_DONE solver=scs_gpu id=table5-m750000-n7500000-r02
SOLVE_SKIP_DONE solver=cuclarabel id=table5-m750000-n7500000-r02
TABLE5_SOLVE_PHASE_COMPLETE cases=4 storage=no_cbf utc=2026-07-29T21:45:41Z
/home/zhenwei/PDCS_fork/benchmark/large_scale_lasso/run_table5_lasso.sh: line 743: unexpected EOF while looking for matching `"'
/home/zhenwei/PDCS_fork/benchmark/large_scale_lasso/run_table5_lasso.sh: line 744: syntax error: unexpected end of file
