TABLE5_SOLVE_PHASE_START storage=no_cbf utc=2026-07-29T21:26:29Z
JULIA_VERSION julia version 1.12.5
KEEP_EXISTING_MANIFEST config=/home/zhenwei/PDCS_fork/benchmark/large_scale_lasso/lasso_table5.toml
id	m	n	density	replicate	seed
table5-m10000-n100000-r01	10000	100000	0.0001	1	1456099608458829617
table5-m10000-n100000-r02	10000	100000	0.0001	2	3774683599633055197
table5-m10000-n100000-r03	10000	100000	0.0001	3	7352328007339572649
table5-m10000-n100000-r04	10000	100000	0.0001	4	8539239721064585772
table5-m10000-n100000-r05	10000	100000	0.0001	5	2682075302358372869
table5-m70000-n700000-r01	70000	700000	0.0001	1	6866308190711936842
table5-m70000-n700000-r02	70000	700000	0.0001	2	3717777317041247579
table5-m70000-n700000-r03	70000	700000	0.0001	3	6230819915418504357
table5-m70000-n700000-r04	70000	700000	0.0001	4	5050833866237992834
table5-m70000-n700000-r05	70000	700000	0.0001	5	3478211357477831271
table5-m400000-n7000000-r01	400000	7000000	0.0001	1	2810953517340410803
table5-m400000-n7000000-r02	400000	7000000	0.0001	2	6916851584803374380
table5-m400000-n7000000-r03	400000	7000000	0.0001	3	2252237519727520935
table5-m400000-n7000000-r04	400000	7000000	0.0001	4	9202490041639810005
table5-m400000-n7000000-r05	400000	7000000	0.0001	5	1459784771767232267
table5-m700000-n7000000-r01	700000	7000000	0.0001	1	2694979877904449328
table5-m700000-n7000000-r02	700000	7000000	0.0001	2	706412229318414900
table5-m700000-n7000000-r03	700000	7000000	0.0001	3	2776373863867649000
table5-m700000-n7000000-r04	700000	7000000	0.0001	4	780990368380045832
table5-m700000-n7000000-r05	700000	7000000	0.0001	5	6974796360093007817
table5-m750000-n7500000-r01	750000	7500000	0.0001	1	3464449634565370456
table5-m750000-n7500000-r02	750000	7500000	0.0001	2	7063733435616014003
table5-m750000-n7500000-r03	750000	7500000	0.0001	3	7306719367855031537
table5-m750000-n7500000-r04	750000	7500000	0.0001	4	66351557481754279
table5-m750000-n7500000-r05	750000	7500000	0.0001	5	7133432016813647455
TABLE5_MANIFEST_VALID instances=25 unique_ids=25 unique_seeds=25
SOLVE_RERUN_TIME_LIMIT solver=cupdcs id=table5-m400000-n7000000-r02
GPU_PREFLIGHT 2, GPU-28d7051d-27e3-48ab-6616-6771b0a9e050, NVIDIA H100 80GB HBM3, 0, 81081, 0
SOLVE_CASE_START solver=cupdcs id=table5-m400000-n7000000-r02 gpu=2 utc=2026-07-29T21:26:30Z
┌ Info: CondaPkg: Waiting for lock to be freed. You may delete this file if no other process is resolving.
└   lock_file = "/home/zhenwei/PDCS_fork/.CondaPkg/lock"
TABLE5_SOLVE_START solver=cupdcs instance=table5-m400000-n7000000-r02 m=400000 n=7000000 density=0.0001 seed=6916851584803374380 tolerance=1.0e-6 time_limit=1800.0
TABLE5_INSTANCE_READY instance=table5-m400000-n7000000-r02 nnz=279995382 lambda=0.09612647003185924 numerical_digest=b584efe758a07418b6093cc720241d115c783098ccdaae6b1a4e01c29a6633c6 model_digest=aca76b60eac09f8d209da37a0ff2c616fa8b3f1bf0f327ec7122082ab5d27136 generation_seconds=59.259588956832886
rescaling_method is not set, using default value: :ruiz_pock_chambolle. Note that if :use_scaling is false, this option is ignored.
kkt_restart_freq is not set, using default value: 500.
duality_gap_restart_freq is not set, using default value: 2000.
[ Info: logfile is set to nothing
[ Info: ---------------------------------------------------
[ Info: ------------- Parameter Info Summary --------------
[ Info: ---------------------------------------------------
[ Info: time limit: 1800.0
[ Info: use_preconditioner: true
[ Info: use_adaptive_restart: true
[ Info: use_adaptive_step_size_weight: true
[ Info: use_aggressive: true
[ Info: use_restart: true
[ Info: use_adaptive_step: true
[ Info: use_reflection: true
[ Info: use_halpern: true
[ Info: use_resolving: true
[ Info: use_duality_gap_restart: true
[ Info: duality_gap_restart_freq: 2000
[ Info: use_kkt_restart: false
[ Info: kkt_restart_freq: 2000
[ Info: abs_tol: 1.0e-6
[ Info: rel_tol: 1.0e-6
[ Info: eps_primal_infeasible_low_acc: 1.0e-12
[ Info: eps_dual_infeasible_low_acc: 1.0e-12
[ Info: eps_primal_infeasible_high_acc: 1.0e-16
[ Info: eps_dual_infeasible_high_acc: 1.0e-16
[ Info: print_freq: 1000
[ Info: check_terminate_freq: 1000
[ Info: ---------------------------------------------------
[ Info: ------------- Model Info Summary -----------------
[ Info: ---------------------------------------------------
[ Info: variable number: 14400004
[ Info: constraint number: 14800005
[ Info: non-zero elements in G: 574790773
[ Info: Number of box constraints: 14400004
[ Info: Number of equal constraints: 400003
[ Info: Number of nonnegative constraints: 14000000
[ Info: Number of soc cone constraints: 1
[ Info: Number of rsoc cone constraints: 0
[ Info: Number of exp cone constraints: 0
[ Info: Number of dual exp cone constraints: 0
[ Info: Number of soc cone variables: 0
[ Info: Number of rsoc cone variables: 0
[ Info: Number of exp cone variables: 0
[ Info: Number of dual exp cone variables: 0
[ Info: ---------------------------------------------------
[ Info: Using preconditioner
[ Info: Warm start not enabled. Ignoring warm start values.
[ Info: Initializing primal and dual variables to zero.
[ Info: initial nrm1G: 2.94794411620977e8, initial nrmInfG: 1.0
[ Info: initial nrm1c: 1.3457725804460307e6
[ Info: initial nrm1h: 1303.2164156153096
[ Info: initial nrmInfc: 2.0
[ Info: max Dr_product:6.5855199965410804
[ Info: norm Dr_product:17169.578073065797
[ Info: max Dl_product:29.21995032022489
[ Info: norm Dl_product:17169.57810215751
[ Info: after scaling, norm1 c: 297130.7755151606
[ Info: after scaling, normInf c: 1.9996615778638578
[ Info: after scaling, norm1 G: 5.681160620431385e6
[ Info: after scaling, normInf G: 0.7071067811865475
[ Info: iter:0 rel_p_res(inf):5.000e-01 rel_d_res(inf):6.667e-01 primal_obj:0.000e+00 dual_obj:0.000e+00 rel_pd_gap:0.000e+00 time:0.00 restart_used:0
[ Info: ==================================================
[ Info: Start unified diagonal GPU loop for the ablation-compatible production path.
[ Info: iter:0 rel_p_res(inf):5.000e-01 rel_d_res(inf):6.667e-01 primal_obj:0.000e+00 dual_obj:0.000e+00 rel_pd_gap:0.000e+00 time:3.51 restart_used:0
[ Info: iter:1000 rel_p_res(inf):1.975e-04 rel_d_res(inf):9.819e-02 primal_obj:5.34778e+00 dual_obj:8.91682e+00 rel_pd_gap:3.599e-01 time:89.92 restart_used:0, restart_trigger_mean:0, restart_trigger_ergodic:0, diff_nrm_x_recovered:4.410e+00 diff_nrm_y_recovered:3.821e+02 nrm2_x_recovered:4.410e+00 nrm2_y_recovered:3.821e+02, nrmInf_x_recovered:2.495e+00 nrmInf_y_recovered:6.119e+00 dual_gap_ergodic:1.000e+30, dual_gap_mean:1.000e+30, dual_gap_restart_threshold:Inf, dual_gap_r:0.000e+00, kkt_error_ergodic:1.000e+30, kkt_error_mean:1.000e+30, kkt_error_restart_threshold:0.000e+00, tau:1.145e-02, sigma:7.216e+01
[ Info: iter:2000 rel_p_res(inf):6.442e-05 rel_d_res(inf):4.840e-02 primal_obj:6.02289e+00 dual_obj:7.77672e+00 rel_pd_gap:1.998e-01 time:175.59 restart_used:0, restart_trigger_mean:0, restart_trigger_ergodic:0, diff_nrm_x_recovered:4.941e-01 diff_nrm_y_recovered:9.798e+00 nrm2_x_recovered:4.850e+00 nrm2_y_recovered:3.799e+02, nrmInf_x_recovered:2.818e+00 nrmInf_y_recovered:6.229e+00 dual_gap_ergodic:1.000e+30, dual_gap_mean:1.000e+30, dual_gap_restart_threshold:Inf, dual_gap_r:0.000e+00, kkt_error_ergodic:1.000e+30, kkt_error_mean:1.000e+30, kkt_error_restart_threshold:0.000e+00, tau:1.330e-02, sigma:8.384e+01
[ Info: restart due to condition 1
[ Info: omega:79.38218368919797, x_diff_norm:6.294346731232265, y_diff_norm:406.41447567031963
[ Info: iter:3000 rel_p_res(inf):7.668e-06 rel_d_res(inf):7.252e-03 primal_obj:6.65385e+00 dual_obj:6.79999e+00 rel_pd_gap:1.874e-02 time:262.11 restart_used:1, restart_trigger_mean:0, restart_trigger_ergodic:1, diff_nrm_x_recovered:4.001e-01 diff_nrm_y_recovered:9.412e+00 nrm2_x_recovered:5.209e+00 nrm2_y_recovered:3.772e+02, nrmInf_x_recovered:3.080e+00 nrmInf_y_recovered:6.303e+00 dual_gap_ergodic:5.444e-04, dual_gap_mean:3.927e-03, dual_gap_restart_threshold:5.444e-04, dual_gap_r:4.934e+03, kkt_error_ergodic:1.000e+30, kkt_error_mean:1.000e+30, kkt_error_restart_threshold:0.000e+00, tau:1.796e-02, sigma:9.204e+01
[ Info: iter:4000 rel_p_res(inf):2.732e-05 rel_d_res(inf):3.605e-03 primal_obj:6.63957e+00 dual_obj:6.71249e+00 rel_pd_gap:9.455e-03 time:346.54 restart_used:1, restart_trigger_mean:0, restart_trigger_ergodic:1, diff_nrm_x_recovered:3.690e-02 diff_nrm_y_recovered:1.291e+00 nrm2_x_recovered:5.238e+00 nrm2_y_recovered:3.769e+02, nrmInf_x_recovered:3.101e+00 nrmInf_y_recovered:6.273e+00 dual_gap_ergodic:5.444e-04, dual_gap_mean:3.927e-03, dual_gap_restart_threshold:5.444e-04, dual_gap_r:4.934e+03, kkt_error_ergodic:1.000e+30, kkt_error_mean:1.000e+30, kkt_error_restart_threshold:0.000e+00, tau:1.627e-02, sigma:8.339e+01
[ Info: iter:5000 rel_p_res(inf):2.523e-06 rel_d_res(inf):2.431e-03 primal_obj:6.63469e+00 dual_obj:6.68443e+00 rel_pd_gap:6.473e-03 time:432.31 restart_used:1, restart_trigger_mean:0, restart_trigger_ergodic:1, diff_nrm_x_recovered:1.124e-02 diff_nrm_y_recovered:4.318e-01 nrm2_x_recovered:5.247e+00 nrm2_y_recovered:3.768e+02, nrmInf_x_recovered:3.107e+00 nrmInf_y_recovered:6.263e+00 dual_gap_ergodic:2.096e+00, dual_gap_mean:1.984e-03, dual_gap_restart_threshold:5.444e-04, dual_gap_r:4.934e+03, kkt_error_ergodic:1.000e+30, kkt_error_mean:1.000e+30, kkt_error_restart_threshold:0.000e+00, tau:1.543e-02, sigma:7.909e+01
[ Info: iter:6000 rel_p_res(inf):1.897e-06 rel_d_res(inf):1.826e-03 primal_obj:6.63244e+00 dual_obj:6.66973e+00 rel_pd_gap:4.862e-03 time:516.71 restart_used:1, restart_trigger_mean:0, restart_trigger_ergodic:1, diff_nrm_x_recovered:5.804e-03 diff_nrm_y_recovered:2.183e-01 nrm2_x_recovered:5.251e+00 nrm2_y_recovered:3.768e+02, nrmInf_x_recovered:3.110e+00 nrmInf_y_recovered:6.257e+00 dual_gap_ergodic:2.096e+00, dual_gap_mean:1.984e-03, dual_gap_restart_threshold:5.444e-04, dual_gap_r:4.934e+03, kkt_error_ergodic:1.000e+30, kkt_error_mean:1.000e+30, kkt_error_restart_threshold:0.000e+00, tau:1.610e-02, sigma:8.251e+01
[ Info: restart due to condition 2
[ Info: omega:71.59303498190921, x_diff_norm:0.5888645501125822, y_diff_norm:17.613339161736974
[ Info: iter:7000 rel_p_res(inf):9.867e-07 rel_d_res(inf):1.326e-04 primal_obj:6.62789e+00 dual_obj:6.62893e+00 rel_pd_gap:1.367e-04 time:603.25 restart_used:2, restart_trigger_mean:0, restart_trigger_ergodic:2, diff_nrm_x_recovered:1.616e-02 diff_nrm_y_recovered:5.962e-01 nrm2_x_recovered:5.264e+00 nrm2_y_recovered:3.766e+02, nrmInf_x_recovered:3.120e+00 nrmInf_y_recovered:6.242e+00 dual_gap_ergodic:3.720e-04, dual_gap_mean:1.363e-03, dual_gap_restart_threshold:3.720e-04, dual_gap_r:2.547e+01, kkt_error_ergodic:1.000e+30, kkt_error_mean:1.000e+30, kkt_error_restart_threshold:0.000e+00, tau:2.585e-02, sigma:5.536e+01
[ Info: iter:8000 rel_p_res(inf):2.894e-07 rel_d_res(inf):6.714e-05 primal_obj:6.62684e+00 dual_obj:6.62738e+00 rel_pd_gap:7.106e-05 time:687.73 restart_used:2, restart_trigger_mean:0, restart_trigger_ergodic:2, diff_nrm_x_recovered:5.895e-04 diff_nrm_y_recovered:3.291e-02 nrm2_x_recovered:5.264e+00 nrm2_y_recovered:3.766e+02, nrmInf_x_recovered:3.120e+00 nrmInf_y_recovered:6.241e+00 dual_gap_ergodic:3.720e-04, dual_gap_mean:1.363e-03, dual_gap_restart_threshold:3.720e-04, dual_gap_r:2.547e+01, kkt_error_ergodic:1.000e+30, kkt_error_mean:1.000e+30, kkt_error_restart_threshold:0.000e+00, tau:2.118e-02, sigma:4.535e+01
[ Info: iter:9000 rel_p_res(inf):1.939e-07 rel_d_res(inf):4.537e-05 primal_obj:6.62649e+00 dual_obj:6.62687e+00 rel_pd_gap:4.883e-05 time:773.81 restart_used:2, restart_trigger_mean:0, restart_trigger_ergodic:2, diff_nrm_x_recovered:1.959e-04 diff_nrm_y_recovered:1.084e-02 nrm2_x_recovered:5.264e+00 nrm2_y_recovered:3.766e+02, nrmInf_x_recovered:3.120e+00 nrmInf_y_recovered:6.240e+00 dual_gap_ergodic:4.612e-04, dual_gap_mean:1.540e-03, dual_gap_restart_threshold:3.720e-04, dual_gap_r:2.547e+01, kkt_error_ergodic:1.000e+30, kkt_error_mean:1.000e+30, kkt_error_restart_threshold:0.000e+00, tau:2.350e-02, sigma:5.032e+01
[ Info: iter:10000 rel_p_res(inf):1.462e-07 rel_d_res(inf):3.406e-05 primal_obj:6.62632e+00 dual_obj:6.62660e+00 rel_pd_gap:3.636e-05 time:858.30 restart_used:2, restart_trigger_mean:0, restart_trigger_ergodic:2, diff_nrm_x_recovered:1.002e-04 diff_nrm_y_recovered:5.548e-03 nrm2_x_recovered:5.264e+00 nrm2_y_recovered:3.766e+02, nrmInf_x_recovered:3.120e+00 nrmInf_y_recovered:6.240e+00 dual_gap_ergodic:4.612e-04, dual_gap_mean:1.540e-03, dual_gap_restart_threshold:3.720e-04, dual_gap_r:2.547e+01, kkt_error_ergodic:1.000e+30, kkt_error_mean:1.000e+30, kkt_error_restart_threshold:0.000e+00, tau:2.509e-02, sigma:5.373e+01
[ Info: restart due to artificial condition, beta_artificial = 0.223, inner_iter = 3974, iter = 10001 or force_restart
[ Info: omega:46.27522408841308, x_diff_norm:0.024356531141150183, y_diff_norm:1.0049340383474092
[ Info: iter:11000 rel_p_res(inf):7.134e-08 rel_d_res(inf):4.391e-06 primal_obj:6.62601e+00 dual_obj:6.62589e+00 rel_pd_gap:1.617e-05 time:945.26 restart_used:3, restart_trigger_mean:0, restart_trigger_ergodic:2, diff_nrm_x_recovered:2.391e-04 diff_nrm_y_recovered:1.257e-02 nrm2_x_recovered:5.264e+00 nrm2_y_recovered:3.766e+02, nrmInf_x_recovered:3.120e+00 nrmInf_y_recovered:6.240e+00 dual_gap_ergodic:3.166e-04, dual_gap_mean:1.450e-03, dual_gap_restart_threshold:1.711e-03, dual_gap_r:3.637e-02, kkt_error_ergodic:1.000e+30, kkt_error_mean:1.000e+30, kkt_error_restart_threshold:0.000e+00, tau:2.205e-02, sigma:4.210e+01
[ Info: iter:12000 rel_p_res(inf):3.134e-08 rel_d_res(inf):2.222e-06 primal_obj:6.62590e+00 dual_obj:6.62584e+00 rel_pd_gap:8.041e-06 time:1029.66 restart_used:3, restart_trigger_mean:0, restart_trigger_ergodic:2, diff_nrm_x_recovered:5.364e-05 diff_nrm_y_recovered:2.626e-03 nrm2_x_recovered:5.264e+00 nrm2_y_recovered:3.766e+02, nrmInf_x_recovered:3.120e+00 nrmInf_y_recovered:6.240e+00 dual_gap_ergodic:3.166e-04, dual_gap_mean:1.450e-03, dual_gap_restart_threshold:1.711e-03, dual_gap_r:3.637e-02, kkt_error_ergodic:1.000e+30, kkt_error_mean:1.000e+30, kkt_error_restart_threshold:0.000e+00, tau:2.728e-02, sigma:5.208e+01
[ Info: restart due to condition 1
[ Info: omega:43.69536037090476, x_diff_norm:0.0022312889568293515, y_diff_norm:0.11343831548003044
[ Info: iter:13000 rel_p_res(inf):1.426e-09 rel_d_res(inf):2.557e-07 primal_obj:6.62579e+00 dual_obj:6.62578e+00 rel_pd_gap:1.373e-06 time:1116.63 restart_used:4, restart_trigger_mean:0, restart_trigger_ergodic:3, diff_nrm_x_recovered:5.103e-05 diff_nrm_y_recovered:2.459e-03 nrm2_x_recovered:5.264e+00 nrm2_y_recovered:3.766e+02, nrmInf_x_recovered:3.120e+00 nrmInf_y_recovered:6.240e+00 dual_gap_ergodic:5.797e-04, dual_gap_mean:2.292e-03, dual_gap_restart_threshold:5.797e-04, dual_gap_r:4.326e-04, kkt_error_ergodic:1.000e+30, kkt_error_mean:1.000e+30, kkt_error_restart_threshold:0.000e+00, tau:2.275e-02, sigma:5.054e+01
[ Info: iter:14000 rel_p_res(inf):7.515e-10 rel_d_res(inf):1.281e-07 primal_obj:6.62579e+00 dual_obj:6.62579e+00 rel_pd_gap:7.045e-07 time:1201.08 restart_used:4, restart_trigger_mean:0, restart_trigger_ergodic:3, diff_nrm_x_recovered:1.898e-06 diff_nrm_y_recovered:1.587e-04 nrm2_x_recovered:5.264e+00 nrm2_y_recovered:3.766e+02, nrmInf_x_recovered:3.120e+00 nrmInf_y_recovered:6.240e+00 dual_gap_ergodic:5.797e-04, dual_gap_mean:2.292e-03, dual_gap_restart_threshold:5.797e-04, dual_gap_r:4.326e-04, kkt_error_ergodic:1.000e+30, kkt_error_mean:1.000e+30, kkt_error_restart_threshold:0.000e+00, tau:2.609e-02, sigma:5.796e+01
[ Info: ===============================================
[ Info: ---------------------------------------------------
[ Info: ------------- Solver Info Summary -----------------
[ Info: ---------------------------------------------------
[ Info: iter_num:                     14000
[ Info: exit_status:                  optimal
[ Info: l_2_abs_primal_res:           3.8350e-07
[ Info: l_2_rel_primal_res:           1.4897e-10
[ Info: l_inf_abs_primal_res:         2.9407e-09
[ Info: l_inf_rel_primal_res:         7.5150e-10
[ Info: l_2_abs_dual_res:             3.0138e-06
[ Info: l_2_rel_dual_res:             2.2395e-12
[ Info: l_inf_abs_dual_res:           3.8427e-07
[ Info: l_inf_rel_dual_res:           1.2809e-07
[ Info: rel_gap:                      7.0450e-07
[ Info: abs_gap:                      5.3724e-06
[ Info: primal_obj:                   6.6258e+00
[ Info: dual_obj:                     6.6258e+00
[ Info: time:                         1201.0754
[ Info: ---------------------------------------------------
[ Info:  norm(sol.x.recovered_primal.primal_sol.x, Inf): 3.119785816112534
[ Info:  norm(sol.y.recovered_dual.dual_sol.y, Inf): 6.239569100081914
[ Info: time for projection: 3.809666156768799
[ Info: time for iterative: 1164.506224155426
[ Info: time for restart check: 3.872755765914917
[ Info: time for exit check: 0.0
[ Info: time for print info calculation: 1.320091724395752
TABLE5_SOLVE_RESULT solver=cupdcs instance=table5-m400000-n7000000-r02 termination=OPTIMAL primal_status=FEASIBLE_POINT iterations=14000 objective=6.625792660197963 optimize_wall_seconds=2361.373256921768
TABLE5_SOLVE_FINISH solver=cupdcs instance=table5-m400000-n7000000-r02 status=completed result=/home/zhenwei/PDCS_fork/benchmark/large_scale_lasso/table5_solver_results/cupdcs/table5-m400000-n7000000-r02/attempt_20260729T212629Z_gpu2/result.toml
RESOURCE_SNAPSHOT label=solve_cupdcs_table5-m400000-n7000000-r02 utc=2026-07-29T22:18:52Z
               total        used        free      shared  buff/cache   available
Mem:           2.0Ti       571Gi       419Gi        79Mi       1.0Ti       1.4Ti
Swap:             0B          0B          0B
Filesystem                    Size  Used Avail Use% Mounted on
/dev/mapper/ubuntu--vg-lv--0  778G  726G   13G  99% /home
SOLVE_CASE_COMPLETE solver=cupdcs id=table5-m400000-n7000000-r02 utc=2026-07-29T22:18:52Z
SOLVE_RERUN_TIME_LIMIT solver=cupdcs id=table5-m400000-n7000000-r04
GPU_PREFLIGHT 2, GPU-28d7051d-27e3-48ab-6616-6771b0a9e050, NVIDIA H100 80GB HBM3, 0, 81081, 0
SOLVE_CASE_START solver=cupdcs id=table5-m400000-n7000000-r04 gpu=2 utc=2026-07-29T22:18:52Z
TABLE5_SOLVE_START solver=cupdcs instance=table5-m400000-n7000000-r04 m=400000 n=7000000 density=0.0001 seed=9202490041639810005 tolerance=1.0e-6 time_limit=1800.0
TABLE5_INSTANCE_READY instance=table5-m400000-n7000000-r04 nnz=279981174 lambda=0.09482065892406456 numerical_digest=1e6bc31a3be695d80b66538deb54930a1f0d4ff73c4490a7ed8d8da29eeffccf model_digest=7f99a895dfeff1f1dc93a0abbdc1ed49758cd670a0f4f7d775a3453e8352c549 generation_seconds=59.29837203025818
rescaling_method is not set, using default value: :ruiz_pock_chambolle. Note that if :use_scaling is false, this option is ignored.
kkt_restart_freq is not set, using default value: 500.
duality_gap_restart_freq is not set, using default value: 2000.
[ Info: logfile is set to nothing
[ Info: ---------------------------------------------------
[ Info: ------------- Parameter Info Summary --------------
[ Info: ---------------------------------------------------
[ Info: time limit: 1800.0
[ Info: use_preconditioner: true
[ Info: use_adaptive_restart: true
[ Info: use_adaptive_step_size_weight: true
[ Info: use_aggressive: true
[ Info: use_restart: true
[ Info: use_adaptive_step: true
[ Info: use_reflection: true
[ Info: use_halpern: true
[ Info: use_resolving: true
[ Info: use_duality_gap_restart: true
[ Info: duality_gap_restart_freq: 2000
[ Info: use_kkt_restart: false
[ Info: kkt_restart_freq: 2000
[ Info: abs_tol: 1.0e-6
[ Info: rel_tol: 1.0e-6
[ Info: eps_primal_infeasible_low_acc: 1.0e-12
[ Info: eps_dual_infeasible_low_acc: 1.0e-12
[ Info: eps_primal_infeasible_high_acc: 1.0e-16
[ Info: eps_dual_infeasible_high_acc: 1.0e-16
[ Info: print_freq: 1000
[ Info: check_terminate_freq: 1000
[ Info: ---------------------------------------------------
[ Info: ------------- Model Info Summary -----------------
[ Info: ---------------------------------------------------
[ Info: variable number: 14400004
[ Info: constraint number: 14800005
[ Info: non-zero elements in G: 574762357
[ Info: Number of box constraints: 14400004
[ Info: Number of equal constraints: 400003
[ Info: Number of nonnegative constraints: 14000000
[ Info: Number of soc cone constraints: 1
[ Info: Number of rsoc cone constraints: 0
[ Info: Number of exp cone constraints: 0
[ Info: Number of dual exp cone constraints: 0
[ Info: Number of soc cone variables: 0
[ Info: Number of rsoc cone variables: 0
[ Info: Number of exp cone variables: 0
[ Info: Number of dual exp cone variables: 0
[ Info: ---------------------------------------------------
[ Info: Using preconditioner
[ Info: Warm start not enabled. Ignoring warm start values.
[ Info: Initializing primal and dual variables to zero.
[ Info: initial nrm1G: 2.94790288907327e8, initial nrmInfG: 1.0
[ Info: initial nrm1c: 1.327491224936906e6
[ Info: initial nrm1h: 1306.8517564889705
[ Info: initial nrmInfc: 2.0
[ Info: max Dr_product:6.691412053145778
[ Info: norm Dr_product:17169.458013969223
[ Info: max Dl_product:29.06088628375592
[ Info: norm Dl_product:17169.458043061135
[ Info: after scaling, norm1 c: 293101.86456457485
[ Info: after scaling, normInf c: 1.9996615778638578
[ Info: after scaling, norm1 G: 5.681222879546413e6
[ Info: after scaling, normInf G: 0.7071067811865475
[ Info: iter:0 rel_p_res(inf):5.000e-01 rel_d_res(inf):6.667e-01 primal_obj:0.000e+00 dual_obj:0.000e+00 rel_pd_gap:0.000e+00 time:0.00 restart_used:0
[ Info: ==================================================
[ Info: Start unified diagonal GPU loop for the ablation-compatible production path.
[ Info: iter:0 rel_p_res(inf):5.000e-01 rel_d_res(inf):6.667e-01 primal_obj:0.000e+00 dual_obj:0.000e+00 rel_pd_gap:0.000e+00 time:3.52 restart_used:0
[ Info: iter:1000 rel_p_res(inf):1.421e-04 rel_d_res(inf):9.597e-02 primal_obj:5.15130e+00 dual_obj:8.87179e+00 rel_pd_gap:3.769e-01 time:90.10 restart_used:0, restart_trigger_mean:0, restart_trigger_ergodic:0, diff_nrm_x_recovered:4.379e+00 diff_nrm_y_recovered:3.775e+02 nrm2_x_recovered:4.379e+00 nrm2_y_recovered:3.775e+02, nrmInf_x_recovered:2.472e+00 nrmInf_y_recovered:6.053e+00 dual_gap_ergodic:1.000e+30, dual_gap_mean:1.000e+30, dual_gap_restart_threshold:Inf, dual_gap_r:0.000e+00, kkt_error_ergodic:1.000e+30, kkt_error_mean:1.000e+30, kkt_error_restart_threshold:0.000e+00, tau:1.274e-02, sigma:7.813e+01
[ Info: iter:2000 rel_p_res(inf):8.485e-05 rel_d_res(inf):5.051e-02 primal_obj:5.87736e+00 dual_obj:7.82630e+00 rel_pd_gap:2.208e-01 time:175.69 restart_used:0, restart_trigger_mean:0, restart_trigger_ergodic:0, diff_nrm_x_recovered:4.974e-01 diff_nrm_y_recovered:9.288e+00 nrm2_x_recovered:4.822e+00 nrm2_y_recovered:3.749e+02, nrmInf_x_recovered:2.798e+00 nrmInf_y_recovered:6.114e+00 dual_gap_ergodic:1.000e+30, dual_gap_mean:1.000e+30, dual_gap_restart_threshold:Inf, dual_gap_r:0.000e+00, kkt_error_ergodic:1.000e+30, kkt_error_mean:1.000e+30, kkt_error_restart_threshold:0.000e+00, tau:1.265e-02, sigma:7.758e+01
[ Info: restart due to condition 1
[ Info: omega:78.30595255956129, x_diff_norm:6.2612908694959115, y_diff_norm:401.517803229433
[ Info: iter:3000 rel_p_res(inf):7.125e-06 rel_d_res(inf):7.355e-03 primal_obj:6.66741e+00 dual_obj:6.81672e+00 rel_pd_gap:1.910e-02 time:262.12 restart_used:1, restart_trigger_mean:0, restart_trigger_ergodic:1, diff_nrm_x_recovered:4.033e-01 diff_nrm_y_recovered:9.005e+00 nrm2_x_recovered:5.185e+00 nrm2_y_recovered:3.725e+02, nrmInf_x_recovered:3.062e+00 nrmInf_y_recovered:6.268e+00 dual_gap_ergodic:6.177e-04, dual_gap_mean:3.515e-03, dual_gap_restart_threshold:6.177e-04, dual_gap_r:5.163e+03, kkt_error_ergodic:1.000e+30, kkt_error_mean:1.000e+30, kkt_error_restart_threshold:0.000e+00, tau:1.393e-02, sigma:6.994e+01
[ Info: iter:4000 rel_p_res(inf):3.519e-06 rel_d_res(inf):3.672e-03 primal_obj:6.65340e+00 dual_obj:6.72868e+00 rel_pd_gap:9.741e-03 time:346.43 restart_used:1, restart_trigger_mean:0, restart_trigger_ergodic:1, diff_nrm_x_recovered:3.928e-02 diff_nrm_y_recovered:1.271e+00 nrm2_x_recovered:5.216e+00 nrm2_y_recovered:3.722e+02, nrmInf_x_recovered:3.085e+00 nrmInf_y_recovered:6.242e+00 dual_gap_ergodic:6.177e-04, dual_gap_mean:3.515e-03, dual_gap_restart_threshold:6.177e-04, dual_gap_r:5.163e+03, kkt_error_ergodic:1.000e+30, kkt_error_mean:1.000e+30, kkt_error_restart_threshold:0.000e+00, tau:1.358e-02, sigma:6.821e+01
[ Info: iter:5000 rel_p_res(inf):2.319e-06 rel_d_res(inf):2.459e-03 primal_obj:6.64891e+00 dual_obj:6.69932e+00 rel_pd_gap:6.547e-03 time:432.09 restart_used:1, restart_trigger_mean:0, restart_trigger_ergodic:1, diff_nrm_x_recovered:1.250e-02 diff_nrm_y_recovered:4.252e-01 nrm2_x_recovered:5.226e+00 nrm2_y_recovered:3.721e+02, nrmInf_x_recovered:3.092e+00 nrmInf_y_recovered:6.233e+00 dual_gap_ergodic:5.770e-04, dual_gap_mean:1.381e-03, dual_gap_restart_threshold:6.177e-04, dual_gap_r:5.163e+03, kkt_error_ergodic:1.000e+30, kkt_error_mean:1.000e+30, kkt_error_restart_threshold:0.000e+00, tau:1.644e-02, sigma:8.254e+01
[ Info: iter:6000 rel_p_res(inf):1.753e-06 rel_d_res(inf):1.842e-03 primal_obj:6.64680e+00 dual_obj:6.68472e+00 rel_pd_gap:4.934e-03 time:516.40 restart_used:1, restart_trigger_mean:0, restart_trigger_ergodic:1, diff_nrm_x_recovered:6.235e-03 diff_nrm_y_recovered:2.145e-01 nrm2_x_recovered:5.231e+00 nrm2_y_recovered:3.720e+02, nrmInf_x_recovered:3.096e+00 nrmInf_y_recovered:6.228e+00 dual_gap_ergodic:5.770e-04, dual_gap_mean:1.381e-03, dual_gap_restart_threshold:6.177e-04, dual_gap_r:5.163e+03, kkt_error_ergodic:1.000e+30, kkt_error_mean:1.000e+30, kkt_error_restart_threshold:0.000e+00, tau:1.682e-02, sigma:8.447e+01
[ Info: restart due to condition 2
[ Info: omega:70.86272550026563, x_diff_norm:0.5979692797289948, y_diff_norm:16.980714226666404
[ Info: iter:7000 rel_p_res(inf):2.040e-06 rel_d_res(inf):1.419e-04 primal_obj:6.64257e+00 dual_obj:6.64381e+00 rel_pd_gap:1.619e-04 time:602.96 restart_used:2, restart_trigger_mean:0, restart_trigger_ergodic:2, diff_nrm_x_recovered:1.734e-02 diff_nrm_y_recovered:5.854e-01 nrm2_x_recovered:5.245e+00 nrm2_y_recovered:3.719e+02, nrmInf_x_recovered:3.106e+00 nrmInf_y_recovered:6.214e+00 dual_gap_ergodic:4.002e-04, dual_gap_mean:1.444e-03, dual_gap_restart_threshold:4.002e-04, dual_gap_r:2.484e+01, kkt_error_ergodic:1.000e+30, kkt_error_mean:1.000e+30, kkt_error_restart_threshold:0.000e+00, tau:2.426e-02, sigma:4.882e+01
[ Info: iter:8000 rel_p_res(inf):3.083e-07 rel_d_res(inf):7.233e-05 primal_obj:6.64152e+00 dual_obj:6.64217e+00 rel_pd_gap:8.481e-05 time:687.32 restart_used:2, restart_trigger_mean:0, restart_trigger_ergodic:2, diff_nrm_x_recovered:6.259e-04 diff_nrm_y_recovered:3.294e-02 nrm2_x_recovered:5.245e+00 nrm2_y_recovered:3.719e+02, nrmInf_x_recovered:3.106e+00 nrmInf_y_recovered:6.213e+00 dual_gap_ergodic:4.002e-04, dual_gap_mean:1.444e-03, dual_gap_restart_threshold:4.002e-04, dual_gap_r:2.484e+01, kkt_error_ergodic:1.000e+30, kkt_error_mean:1.000e+30, kkt_error_restart_threshold:0.000e+00, tau:2.224e-02, sigma:4.476e+01
[ Info: iter:9000 rel_p_res(inf):2.057e-07 rel_d_res(inf):4.783e-05 primal_obj:6.64117e+00 dual_obj:6.64159e+00 rel_pd_gap:5.553e-05 time:773.18 restart_used:2, restart_trigger_mean:0, restart_trigger_ergodic:2, diff_nrm_x_recovered:2.183e-04 diff_nrm_y_recovered:1.129e-02 nrm2_x_recovered:5.245e+00 nrm2_y_recovered:3.719e+02, nrmInf_x_recovered:3.106e+00 nrmInf_y_recovered:6.213e+00 dual_gap_ergodic:4.812e-04, dual_gap_mean:1.586e-03, dual_gap_restart_threshold:4.002e-04, dual_gap_r:2.484e+01, kkt_error_ergodic:1.000e+30, kkt_error_mean:1.000e+30, kkt_error_restart_threshold:0.000e+00, tau:2.597e-02, sigma:5.225e+01
[ Info: iter:10000 rel_p_res(inf):1.553e-07 rel_d_res(inf):3.630e-05 primal_obj:6.64099e+00 dual_obj:6.64132e+00 rel_pd_gap:4.248e-05 time:857.52 restart_used:2, restart_trigger_mean:0, restart_trigger_ergodic:2, diff_nrm_x_recovered:1.035e-04 diff_nrm_y_recovered:5.385e-03 nrm2_x_recovered:5.245e+00 nrm2_y_recovered:3.719e+02, nrmInf_x_recovered:3.106e+00 nrmInf_y_recovered:6.213e+00 dual_gap_ergodic:4.812e-04, dual_gap_mean:1.586e-03, dual_gap_restart_threshold:4.002e-04, dual_gap_r:2.484e+01, kkt_error_ergodic:1.000e+30, kkt_error_mean:1.000e+30, kkt_error_restart_threshold:0.000e+00, tau:2.582e-02, sigma:5.196e+01
[ Info: restart due to condition 2
[ Info: omega:44.8587808236749, x_diff_norm:0.02587920829485444, y_diff_norm:0.9931378492746543
[ Info: iter:11000 rel_p_res(inf):1.977e-08 rel_d_res(inf):7.906e-07 primal_obj:6.64051e+00 dual_obj:6.64048e+00 rel_pd_gap:4.426e-06 time:944.32 restart_used:3, restart_trigger_mean:0, restart_trigger_ergodic:3, diff_nrm_x_recovered:3.108e-04 diff_nrm_y_recovered:1.601e-02 nrm2_x_recovered:5.245e+00 nrm2_y_recovered:3.719e+02, nrmInf_x_recovered:3.106e+00 nrmInf_y_recovered:6.212e+00 dual_gap_ergodic:3.134e-04, dual_gap_mean:1.433e-03, dual_gap_restart_threshold:3.134e-04, dual_gap_r:4.528e-02, kkt_error_ergodic:1.000e+30, kkt_error_mean:1.000e+30, kkt_error_restart_threshold:0.000e+00, tau:2.311e-02, sigma:3.979e+01
[ Info: iter:12000 rel_p_res(inf):8.103e-09 rel_d_res(inf):4.100e-07 primal_obj:6.64049e+00 dual_obj:6.64047e+00 rel_pd_gap:2.227e-06 time:1028.66 restart_used:3, restart_trigger_mean:0, restart_trigger_ergodic:3, diff_nrm_x_recovered:1.216e-05 diff_nrm_y_recovered:5.125e-04 nrm2_x_recovered:5.245e+00 nrm2_y_recovered:3.719e+02, nrmInf_x_recovered:3.106e+00 nrmInf_y_recovered:6.212e+00 dual_gap_ergodic:3.134e-04, dual_gap_mean:1.433e-03, dual_gap_restart_threshold:3.134e-04, dual_gap_r:4.528e-02, kkt_error_ergodic:1.000e+30, kkt_error_mean:1.000e+30, kkt_error_restart_threshold:0.000e+00, tau:3.026e-02, sigma:5.209e+01
[ Info: restart due to artificial condition, beta_artificial = 0.223, inner_iter = 2888, iter = 12950 or force_restart
[ Info: omega:41.49091445653525, x_diff_norm:0.0005296081702864368, y_diff_norm:0.02566629281301565
[ Info: iter:13000 rel_p_res(inf):1.786e-08 rel_d_res(inf):6.924e-07 primal_obj:6.64052e+00 dual_obj:6.64048e+00 rel_pd_gap:5.773e-06 time:1115.70 restart_used:4, restart_trigger_mean:0, restart_trigger_ergodic:3, diff_nrm_x_recovered:1.553e-05 diff_nrm_y_recovered:5.038e-04 nrm2_x_recovered:5.245e+00 nrm2_y_recovered:3.719e+02, nrmInf_x_recovered:3.106e+00 nrmInf_y_recovered:6.212e+00 dual_gap_ergodic:6.503e-04, dual_gap_mean:2.499e-03, dual_gap_restart_threshold:1.401e-03, dual_gap_r:2.039e-05, kkt_error_ergodic:1.000e+30, kkt_error_mean:1.000e+30, kkt_error_restart_threshold:0.000e+00, tau:2.616e-02, sigma:5.261e+01
[ Info: iter:14000 rel_p_res(inf):1.133e-09 rel_d_res(inf):1.165e-07 primal_obj:6.64047e+00 dual_obj:6.64046e+00 rel_pd_gap:7.886e-07 time:1200.13 restart_used:4, restart_trigger_mean:0, restart_trigger_ergodic:3, diff_nrm_x_recovered:2.609e-05 diff_nrm_y_recovered:9.583e-04 nrm2_x_recovered:5.245e+00 nrm2_y_recovered:3.719e+02, nrmInf_x_recovered:3.106e+00 nrmInf_y_recovered:6.212e+00 dual_gap_ergodic:6.503e-04, dual_gap_mean:2.499e-03, dual_gap_restart_threshold:1.401e-03, dual_gap_r:2.039e-05, kkt_error_ergodic:1.000e+30, kkt_error_mean:1.000e+30, kkt_error_restart_threshold:0.000e+00, tau:2.405e-02, sigma:4.836e+01
[ Info: ===============================================
[ Info: ---------------------------------------------------
[ Info: ------------- Solver Info Summary -----------------
[ Info: ---------------------------------------------------
[ Info: iter_num:                     14000
[ Info: exit_status:                  optimal
[ Info: l_2_abs_primal_res:           5.3472e-07
[ Info: l_2_rel_primal_res:           2.0746e-10
[ Info: l_inf_abs_primal_res:         4.4229e-09
[ Info: l_inf_rel_primal_res:         1.1331e-09
[ Info: l_2_abs_dual_res:             3.5219e-06
[ Info: l_2_rel_dual_res:             2.6531e-12
[ Info: l_inf_abs_dual_res:           3.4944e-07
[ Info: l_inf_rel_dual_res:           1.1648e-07
[ Info: rel_gap:                      7.8861e-07
[ Info: abs_gap:                      6.0253e-06
[ Info: primal_obj:                   6.6405e+00
[ Info: dual_obj:                     6.6405e+00
[ Info: time:                         1200.1273
[ Info: ---------------------------------------------------
[ Info:  norm(sol.x.recovered_primal.primal_sol.x, Inf): 3.1060041760241095
[ Info:  norm(sol.y.recovered_dual.dual_sol.y, Inf): 6.212006065402243
[ Info: time for projection: 3.7024545669555664
[ Info: time for iterative: 1163.5731184482574
[ Info: time for restart check: 3.88830304145813
[ Info: time for exit check: 0.0
[ Info: time for print info calculation: 1.3351826667785645
TABLE5_SOLVE_RESULT solver=cupdcs instance=table5-m400000-n7000000-r04 termination=OPTIMAL primal_status=FEASIBLE_POINT iterations=14000 objective=6.640465194837564 optimize_wall_seconds=2433.277892112732
TABLE5_SOLVE_FINISH solver=cupdcs instance=table5-m400000-n7000000-r04 status=completed result=/home/zhenwei/PDCS_fork/benchmark/large_scale_lasso/table5_solver_results/cupdcs/table5-m400000-n7000000-r04/attempt_20260729T212629Z_gpu2/result.toml
RESOURCE_SNAPSHOT label=solve_cupdcs_table5-m400000-n7000000-r04 utc=2026-07-29T23:12:01Z
               total        used        free      shared  buff/cache   available
Mem:           2.0Ti       699Gi       357Gi       123Mi       959Gi       1.3Ti
Swap:             0B          0B          0B
Filesystem                    Size  Used Avail Use% Mounted on
/dev/mapper/ubuntu--vg-lv--0  778G  726G   13G  99% /home
SOLVE_CASE_COMPLETE solver=cupdcs id=table5-m400000-n7000000-r04 utc=2026-07-29T23:12:01Z
TABLE5_SOLVE_PHASE_COMPLETE cases=2 storage=no_cbf utc=2026-07-29T23:12:01Z
TABLE5_DRIVER_FINISH command=solve status=0 log=/home/zhenwei/PDCS_fork/benchmark/large_scale_lasso/table5_logs/workers/driver_20260729T212629Z_gpu2.log utc=2026-07-29T23:12:01Z
