TABLE5_SOLVE_PHASE_START storage=no_cbf utc=2026-07-29T19:57:06Z
JULIA_VERSION julia version 1.12.5
KEEP_EXISTING_MANIFEST config=/home/zhenwei/PDCS_fork/benchmark/large_scale_lasso/lasso_table5.toml
id	m	n	density	replicate	seed
table5-m10000-n100000-r01	10000	100000	0.0001	1	1456099608458829617
table5-m10000-n100000-r02	10000	100000	0.0001	2	3774683599633055197
table5-m10000-n100000-r03	10000	100000	0.0001	3	7352328007339572649
table5-m10000-n100000-r04	10000	100000	0.0001	4	8539239721064585772
table5-m10000-n100000-r05	10000	100000	0.0001	5	2682075302358372869
table5-m70000-n700000-r01	70000	700000	0.0001	1	6866308190711936842
table5-m70000-n700000-r02	70000	700000	0.0001	2	3717777317041247579
table5-m70000-n700000-r03	70000	700000	0.0001	3	6230819915418504357
table5-m70000-n700000-r04	70000	700000	0.0001	4	5050833866237992834
table5-m70000-n700000-r05	70000	700000	0.0001	5	3478211357477831271
table5-m400000-n7000000-r01	400000	7000000	0.0001	1	2810953517340410803
table5-m400000-n7000000-r02	400000	7000000	0.0001	2	6916851584803374380
table5-m400000-n7000000-r03	400000	7000000	0.0001	3	2252237519727520935
table5-m400000-n7000000-r04	400000	7000000	0.0001	4	9202490041639810005
table5-m400000-n7000000-r05	400000	7000000	0.0001	5	1459784771767232267
table5-m700000-n7000000-r01	700000	7000000	0.0001	1	2694979877904449328
table5-m700000-n7000000-r02	700000	7000000	0.0001	2	706412229318414900
table5-m700000-n7000000-r03	700000	7000000	0.0001	3	2776373863867649000
table5-m700000-n7000000-r04	700000	7000000	0.0001	4	780990368380045832
table5-m700000-n7000000-r05	700000	7000000	0.0001	5	6974796360093007817
table5-m750000-n7500000-r01	750000	7500000	0.0001	1	3464449634565370456
table5-m750000-n7500000-r02	750000	7500000	0.0001	2	7063733435616014003
table5-m750000-n7500000-r03	750000	7500000	0.0001	3	7306719367855031537
table5-m750000-n7500000-r04	750000	7500000	0.0001	4	66351557481754279
table5-m750000-n7500000-r05	750000	7500000	0.0001	5	7133432016813647455
TABLE5_MANIFEST_VALID instances=25 unique_ids=25 unique_seeds=25
GPU_PREFLIGHT 6, GPU-790986fa-7e8a-1825-d49a-9b2ba1c63325, NVIDIA H100 80GB HBM3, 0, 81081, 0
SOLVE_CASE_START solver=cupdcs id=table5-m70000-n700000-r02 gpu=6 utc=2026-07-29T19:57:07Z
TABLE5_SOLVE_START solver=cupdcs instance=table5-m70000-n700000-r02 m=70000 n=700000 density=0.0001 seed=3717777317041247579 tolerance=1.0e-6 time_limit=600.0
TABLE5_INSTANCE_READY instance=table5-m70000-n700000-r02 nnz=4899722 lambda=0.052337271311113445 numerical_digest=02f9ec7e3c7e9002ad808099d95515249458dd2a890647dafe7b466a07b2cdfb model_digest=1e0f88d61922b1b49a9beca5440c13a1c9f837fd2000e546314540ff3152386f generation_seconds=4.184950113296509
rescaling_method is not set, using default value: :ruiz_pock_chambolle. Note that if :use_scaling is false, this option is ignored.
kkt_restart_freq is not set, using default value: 500.
duality_gap_restart_freq is not set, using default value: 2000.
[ Info: logfile is set to nothing
[ Info: ---------------------------------------------------
[ Info: ------------- Parameter Info Summary --------------
[ Info: ---------------------------------------------------
[ Info: time limit: 600.0
[ Info: use_preconditioner: true
[ Info: use_adaptive_restart: true
[ Info: use_adaptive_step_size_weight: true
[ Info: use_aggressive: true
[ Info: use_restart: true
[ Info: use_adaptive_step: true
[ Info: use_reflection: true
[ Info: use_halpern: true
[ Info: use_resolving: true
[ Info: use_duality_gap_restart: true
[ Info: duality_gap_restart_freq: 2000
[ Info: use_kkt_restart: false
[ Info: kkt_restart_freq: 2000
[ Info: abs_tol: 1.0e-6
[ Info: rel_tol: 1.0e-6
[ Info: eps_primal_infeasible_low_acc: 1.0e-12
[ Info: eps_dual_infeasible_low_acc: 1.0e-12
[ Info: eps_primal_infeasible_high_acc: 1.0e-16
[ Info: eps_dual_infeasible_high_acc: 1.0e-16
[ Info: print_freq: 1000
[ Info: check_terminate_freq: 1000
[ Info: ---------------------------------------------------
[ Info: ------------- Model Info Summary -----------------
[ Info: ---------------------------------------------------
[ Info: variable number: 1470004
[ Info: constraint number: 1540005
[ Info: non-zero elements in G: 11339453
[ Info: Number of box constraints: 1470004
[ Info: Number of equal constraints: 70003
[ Info: Number of nonnegative constraints: 1400000
[ Info: Number of soc cone constraints: 1
[ Info: Number of rsoc cone constraints: 0
[ Info: Number of exp cone constraints: 0
[ Info: Number of dual exp cone constraints: 0
[ Info: Number of soc cone variables: 0
[ Info: Number of rsoc cone variables: 0
[ Info: Number of exp cone variables: 0
[ Info: Number of dual exp cone variables: 0
[ Info: ---------------------------------------------------
[ Info: Using preconditioner
[ Info: Warm start not enabled. Ignoring warm start values.
[ Info: Initializing primal and dual variables to zero.
[ Info: initial nrm1G: 6.440310163173105e6, initial nrmInfG: 1.0
[ Info: initial nrm1c: 73274.17983555883
[ Info: initial nrm1h: 227.83060834842746
[ Info: initial nrmInfc: 2.0
[ Info: max Dr_product:3.7978512047201716
[ Info: norm Dr_product:2537.776536517361
[ Info: max Dl_product:10.889430432729185
[ Info: norm Dl_product:2537.77673334018
[ Info: after scaling, norm1 c: 36221.72596582693
[ Info: after scaling, normInf c: 1.9996615778638578
[ Info: after scaling, norm1 G: 1.0119728196347684e6
[ Info: after scaling, normInf G: 1.0
[ Info: iter:0 rel_p_res(inf):5.000e-01 rel_d_res(inf):6.667e-01 primal_obj:0.000e+00 dual_obj:0.000e+00 rel_pd_gap:0.000e+00 time:0.00 restart_used:0
[ Info: ==================================================
[ Info: Start unified diagonal GPU loop for the ablation-compatible production path.
[ Info: iter:0 rel_p_res(inf):5.000e-01 rel_d_res(inf):6.667e-01 primal_obj:0.000e+00 dual_obj:0.000e+00 rel_pd_gap:0.000e+00 time:2.86 restart_used:0
[ Info: iter:1000 rel_p_res(inf):4.325e-04 rel_d_res(inf):1.989e-02 primal_obj:1.04838e+00 dual_obj:1.35230e+00 rel_pd_gap:1.292e-01 time:4.68 restart_used:0, restart_trigger_mean:0, restart_trigger_ergodic:0, diff_nrm_x_recovered:1.936e+00 diff_nrm_y_recovered:6.414e+01 nrm2_x_recovered:1.936e+00 nrm2_y_recovered:6.414e+01, nrmInf_x_recovered:1.103e+00 nrmInf_y_recovered:2.245e+00 dual_gap_ergodic:1.000e+30, dual_gap_mean:1.000e+30, dual_gap_restart_threshold:Inf, dual_gap_r:0.000e+00, kkt_error_ergodic:1.000e+30, kkt_error_mean:1.000e+30, kkt_error_restart_threshold:0.000e+00, tau:2.957e-02, sigma:2.837e+01
[ Info: iter:2000 rel_p_res(inf):1.405e-04 rel_d_res(inf):8.163e-03 primal_obj:1.11716e+00 dual_obj:1.24344e+00 rel_pd_gap:5.629e-02 time:6.23 restart_used:0, restart_trigger_mean:0, restart_trigger_ergodic:0, diff_nrm_x_recovered:9.956e-03 diff_nrm_y_recovered:2.671e-01 nrm2_x_recovered:1.942e+00 nrm2_y_recovered:6.406e+01, nrmInf_x_recovered:1.107e+00 nrmInf_y_recovered:2.236e+00 dual_gap_ergodic:1.000e+30, dual_gap_mean:1.000e+30, dual_gap_restart_threshold:Inf, dual_gap_r:0.000e+00, kkt_error_ergodic:1.000e+30, kkt_error_mean:1.000e+30, kkt_error_restart_threshold:0.000e+00, tau:3.274e-02, sigma:3.142e+01
[ Info: restart due to condition 1
[ Info: omega:30.978373705860577, x_diff_norm:2.763120316711481, y_diff_norm:66.67483817293183
[ Info: iter:3000 rel_p_res(inf):5.356e-07 rel_d_res(inf):4.967e-05 primal_obj:1.16781e+00 dual_obj:1.16803e+00 rel_pd_gap:1.026e-04 time:7.26 restart_used:1, restart_trigger_mean:0, restart_trigger_ergodic:1, diff_nrm_x_recovered:1.020e-02 diff_nrm_y_recovered:2.388e-01 nrm2_x_recovered:1.948e+00 nrm2_y_recovered:6.399e+01, nrmInf_x_recovered:1.111e+00 nrmInf_y_recovered:2.222e+00 dual_gap_ergodic:6.278e-04, dual_gap_mean:3.645e-03, dual_gap_restart_threshold:6.278e-04, dual_gap_r:3.723e+02, kkt_error_ergodic:1.000e+30, kkt_error_mean:1.000e+30, kkt_error_restart_threshold:0.000e+00, tau:4.139e-02, sigma:3.094e+01
[ Info: iter:4000 rel_p_res(inf):2.751e-07 rel_d_res(inf):2.419e-05 primal_obj:1.16772e+00 dual_obj:1.16783e+00 rel_pd_gap:4.860e-05 time:8.15 restart_used:1, restart_trigger_mean:0, restart_trigger_ergodic:1, diff_nrm_x_recovered:1.392e-04 diff_nrm_y_recovered:2.524e-03 nrm2_x_recovered:1.948e+00 nrm2_y_recovered:6.399e+01, nrmInf_x_recovered:1.111e+00 nrmInf_y_recovered:2.222e+00 dual_gap_ergodic:6.278e-04, dual_gap_mean:3.645e-03, dual_gap_restart_threshold:6.278e-04, dual_gap_r:3.723e+02, kkt_error_ergodic:1.000e+30, kkt_error_mean:1.000e+30, kkt_error_restart_threshold:0.000e+00, tau:4.307e-02, sigma:3.219e+01
[ Info: iter:5000 rel_p_res(inf):1.992e-07 rel_d_res(inf):1.735e-05 primal_obj:1.16770e+00 dual_obj:1.16778e+00 rel_pd_gap:3.709e-05 time:9.05 restart_used:1, restart_trigger_mean:0, restart_trigger_ergodic:1, diff_nrm_x_recovered:4.405e-05 diff_nrm_y_recovered:7.456e-04 nrm2_x_recovered:1.948e+00 nrm2_y_recovered:6.399e+01, nrmInf_x_recovered:1.111e+00 nrmInf_y_recovered:2.222e+00 dual_gap_ergodic:6.542e-04, dual_gap_mean:2.142e-03, dual_gap_restart_threshold:6.278e-04, dual_gap_r:3.723e+02, kkt_error_ergodic:1.000e+30, kkt_error_mean:1.000e+30, kkt_error_restart_threshold:0.000e+00, tau:4.254e-02, sigma:3.180e+01
[ Info: iter:6000 rel_p_res(inf):1.433e-07 rel_d_res(inf):1.316e-05 primal_obj:1.16768e+00 dual_obj:1.16774e+00 rel_pd_gap:2.776e-05 time:9.93 restart_used:1, restart_trigger_mean:0, restart_trigger_ergodic:1, diff_nrm_x_recovered:2.253e-05 diff_nrm_y_recovered:4.044e-04 nrm2_x_recovered:1.948e+00 nrm2_y_recovered:6.399e+01, nrmInf_x_recovered:1.111e+00 nrmInf_y_recovered:2.222e+00 dual_gap_ergodic:6.542e-04, dual_gap_mean:2.142e-03, dual_gap_restart_threshold:6.278e-04, dual_gap_r:3.723e+02, kkt_error_ergodic:1.000e+30, kkt_error_mean:1.000e+30, kkt_error_restart_threshold:0.000e+00, tau:4.306e-02, sigma:3.219e+01
[ Info: restart due to condition 2
[ Info: omega:27.34074814664902, x_diff_norm:0.014947354835296115, y_diff_norm:0.360548575806447
[ Info: iter:7000 rel_p_res(inf):3.415e-09 rel_d_res(inf):6.725e-08 primal_obj:1.16764e+00 dual_obj:1.16764e+00 rel_pd_gap:7.490e-07 time:10.88 restart_used:2, restart_trigger_mean:0, restart_trigger_ergodic:2, diff_nrm_x_recovered:6.920e-05 diff_nrm_y_recovered:1.318e-03 nrm2_x_recovered:1.948e+00 nrm2_y_recovered:6.399e+01, nrmInf_x_recovered:1.111e+00 nrmInf_y_recovered:2.222e+00 dual_gap_ergodic:3.553e-04, dual_gap_mean:1.350e-03, dual_gap_restart_threshold:3.553e-04, dual_gap_r:9.692e-03, kkt_error_ergodic:1.000e+30, kkt_error_mean:1.000e+30, kkt_error_restart_threshold:0.000e+00, tau:4.301e-02, sigma:2.836e+01
[ Info: ===============================================
[ Info: ---------------------------------------------------
[ Info: ------------- Solver Info Summary -----------------
[ Info: ---------------------------------------------------
[ Info: iter_num:                     7000
[ Info: exit_status:                  optimal
[ Info: l_2_abs_primal_res:           3.3640e-07
[ Info: l_2_rel_primal_res:           7.3886e-10
[ Info: l_inf_abs_primal_res:         7.2077e-09
[ Info: l_inf_rel_primal_res:         3.4147e-09
[ Info: l_2_abs_dual_res:             3.6730e-06
[ Info: l_2_rel_dual_res:             5.0126e-11
[ Info: l_inf_abs_dual_res:           2.0175e-07
[ Info: l_inf_rel_dual_res:           6.7250e-08
[ Info: rel_gap:                      7.4901e-07
[ Info: abs_gap:                      1.6236e-06
[ Info: primal_obj:                   1.1676e+00
[ Info: dual_obj:                     1.1676e+00
[ Info: time:                         10.8752
[ Info: ---------------------------------------------------
[ Info:  norm(sol.x.recovered_primal.primal_sol.x, Inf): 1.1107854908365928
[ Info:  norm(sol.y.recovered_dual.dual_sol.y, Inf): 2.221570762435353
[ Info: time for projection: 0.4645218849182129
[ Info: time for iterative: 5.454439640045166
[ Info: time for restart check: 0.21353387832641602
[ Info: time for exit check: 0.0
[ Info: time for print info calculation: 0.5940101146697998
TABLE5_SOLVE_RESULT solver=cupdcs instance=table5-m70000-n700000-r02 termination=OPTIMAL primal_status=FEASIBLE_POINT iterations=7000 objective=1.1676391723442536 optimize_wall_seconds=69.95874810218811
TABLE5_SOLVE_FINISH solver=cupdcs instance=table5-m70000-n700000-r02 status=completed result=/home/zhenwei/PDCS_fork/benchmark/large_scale_lasso/table5_solver_results/cupdcs/table5-m70000-n700000-r02/attempt_20260729T195705Z_gpu6/result.toml
RESOURCE_SNAPSHOT label=solve_cupdcs_table5-m70000-n700000-r02 utc=2026-07-29T19:59:09Z
               total        used        free      shared  buff/cache   available
Mem:           2.0Ti        74Gi       469Gi        26Mi       1.4Ti       1.9Ti
Swap:             0B          0B          0B
Filesystem                    Size  Used Avail Use% Mounted on
/dev/mapper/ubuntu--vg-lv--0  778G  726G   13G  99% /home
SOLVE_CASE_COMPLETE solver=cupdcs id=table5-m70000-n700000-r02 utc=2026-07-29T19:59:09Z
GPU_PREFLIGHT 6, GPU-790986fa-7e8a-1825-d49a-9b2ba1c63325, NVIDIA H100 80GB HBM3, 0, 81081, 0
SOLVE_CASE_START solver=scs_gpu id=table5-m70000-n700000-r02 gpu=6 utc=2026-07-29T19:59:10Z
TABLE5_SOLVE_START solver=scs_gpu instance=table5-m70000-n700000-r02 m=70000 n=700000 density=0.0001 seed=3717777317041247579 tolerance=1.0e-6 time_limit=600.0
TABLE5_INSTANCE_READY instance=table5-m70000-n700000-r02 nnz=4899722 lambda=0.052337271311113445 numerical_digest=02f9ec7e3c7e9002ad808099d95515249458dd2a890647dafe7b466a07b2cdfb model_digest=1e0f88d61922b1b49a9beca5440c13a1c9f837fd2000e546314540ff3152386f generation_seconds=2.775279998779297
------------------------------------------------------------------
	       SCS v3.2.11 - Splitting Conic Solver
	(c) Brendan O'Donoghue, Stanford University, 2012
------------------------------------------------------------------
problem:  variables n: 1470004, constraints m: 1540005
cones: 	  z: primal zero / dual free vars: 70003
	  l: linear vars: 1400000
	  q: soc vars: 70002, qsize: 1
settings: eps_abs: 1.0e-06, eps_rel: 1.0e-06, eps_infeas: 1.0e-07
	  alpha: 1.50, scale: 1.00e-01, adaptive_scale: 1
	  max_iters: 100000, normalize: 1, rho_x: 1.00e-06
	  acceleration_lookback: 10, acceleration_interval: 10
	  time_limit_secs: 6.00e+02
	  compiled with openmp parallelization enabled
lin-sys:  sparse-indirect GPU
	  nnz(A): 11339453, nnz(P): 0
------------------------------------------------------------------
 iter | pri res | dua res |   gap   |   obj   |  scale  | time (s)
------------------------------------------------------------------
     0| 2.83e+01  2.00e+00  7.68e+04 -3.84e+04  1.00e-01  1.19e+03 
------------------------------------------------------------------
status:  solved (inaccurate - reached time_limit_secs)
timings: total: 1.19e+03s = setup: 3.61e+00s + solve: 1.19e+03s
	 lin-sys: 3.18e-02s, cones: 1.90e-02s, accel: 1.53e-07s
------------------------------------------------------------------
objective = -38387.930666 (inaccurate)
------------------------------------------------------------------
TABLE5_SOLVE_RESULT solver=scs_gpu instance=table5-m70000-n700000-r02 termination=TIME_LIMIT primal_status=FEASIBLE_POINT iterations=0 objective=-76776.06573158153 optimize_wall_seconds=1198.2346880435944
TABLE5_SOLVE_FINISH solver=scs_gpu instance=table5-m70000-n700000-r02 status=completed result=/home/zhenwei/PDCS_fork/benchmark/large_scale_lasso/table5_solver_results/scs_gpu/table5-m70000-n700000-r02/attempt_20260729T195705Z_gpu6/result.toml
RESOURCE_SNAPSHOT label=solve_scs_gpu_table5-m70000-n700000-r02 utc=2026-07-29T20:19:39Z
               total        used        free      shared  buff/cache   available
Mem:           2.0Ti       117Gi       425Gi        66Mi       1.4Ti       1.8Ti
Swap:             0B          0B          0B
Filesystem                    Size  Used Avail Use% Mounted on
/dev/mapper/ubuntu--vg-lv--0  778G  726G   13G  99% /home
SOLVE_CASE_COMPLETE solver=scs_gpu id=table5-m70000-n700000-r02 utc=2026-07-29T20:19:39Z
GPU_PREFLIGHT 6, GPU-790986fa-7e8a-1825-d49a-9b2ba1c63325, NVIDIA H100 80GB HBM3, 0, 81081, 0
SOLVE_CASE_START solver=cuclarabel id=table5-m70000-n700000-r02 gpu=6 utc=2026-07-29T20:19:39Z
TABLE5_SOLVE_START solver=cuclarabel instance=table5-m70000-n700000-r02 m=70000 n=700000 density=0.0001 seed=3717777317041247579 tolerance=1.0e-6 time_limit=600.0
TABLE5_INSTANCE_READY instance=table5-m70000-n700000-r02 nnz=4899722 lambda=0.052337271311113445 numerical_digest=02f9ec7e3c7e9002ad808099d95515249458dd2a890647dafe7b466a07b2cdfb model_digest=1e0f88d61922b1b49a9beca5440c13a1c9f837fd2000e546314540ff3152386f generation_seconds=2.934875965118408
-------------------------------------------------------------
           Clarabel.jl v0.11.0  -  Clever Acronym              

                   (c) Paul Goulart                          
                University of Oxford, 2022                   
-------------------------------------------------------------

problem:
  variables     = 1470004
  constraints   = 1540005
  nnz(P)        = 0
  nnz(A)        = 11339453
  cones (total) = 3
    : Zero        = 1,  numel = 70003
    : Nonnegative = 1,  numel = 1400000
    : SecondOrder = 1,  numel = 70002

settings:
  linear algebra: direct / cudss, precision: 64 bit 
  max iter = 200, time limit = 600.000000,  max step = 0.990
  tol_feas = 1.0e-06, tol_gap_abs = 1.0e-06, tol_gap_rel = 1.0e-06,
  static reg : on, ϵ1 = 1.0e-08, ϵ2 = 4.9e-32
  dynamic reg: on, ϵ = 1.0e-13, δ = 2.0e-07
  iter refine: on, reltol = 1.0e-12, abstol = 1.0e-12, 
               max iter = 10, stop ratio = 5.0
  equilibrate: on, min_scale = 1.0e-04, max_scale = 1.0e+04
               max iter = 10

iter    pcost        dcost       gap       pres      dres      k/t        μ       step      
---------------------------------------------------------------------------------------------
  0  -1.3010e-18  -4.0503e-16  4.04e-16  9.98e-01  9.48e-01  1.00e+00  1.05e+00   ------   
  1  -5.1802e+00  -7.7916e-01  4.40e+00  9.88e-01  8.06e-01  4.63e+00  9.05e-01  9.90e-01  
  2  -3.7849e+01  -4.7743e+00  6.93e+00  7.71e-01  3.88e-01  3.31e+01  4.96e-01  9.90e-01  
  3  -1.3886e+01  -1.4626e+00  8.49e+00  2.59e-01  3.68e-02  1.24e+01  4.56e-02  9.90e-01  
  4  -8.7020e-01   4.7291e-01  1.34e+00  7.84e-02  4.59e-03  1.34e+00  5.41e-03  8.90e-01  
  5   4.6656e-01   8.8980e-01  4.23e-01  2.45e-02  1.51e-03  4.23e-01  1.79e-03  6.84e-01  
  6   8.6513e-01   1.0531e+00  1.88e-01  1.34e-02  8.48e-04  1.88e-01  1.02e-03  5.56e-01  
  7   1.0775e+00   1.1369e+00  5.51e-02  5.44e-03  3.53e-04  5.93e-02  4.27e-04  6.84e-01  
  8   1.1569e+00   1.1642e+00  6.30e-03  1.27e-03  8.39e-05  7.29e-03  1.02e-04  8.77e-01  
  9   1.1674e+00   1.1676e+00  1.61e-04  6.41e-05  4.26e-06  1.89e-04  5.18e-06  9.74e-01  
 10   1.1676e+00   1.1676e+00  4.41e-06  1.75e-06  1.16e-07  5.15e-06  1.42e-07  9.73e-01  
 11   1.1676e+00   1.1676e+00  1.72e-07  6.88e-08  4.57e-09  2.01e-07  5.56e-09  9.61e-01  
---------------------------------------------------------------------------------------------
Terminated with status = solved
total time =   273s (setup time =   148s, solve time =   111s)
TABLE5_SOLVE_RESULT solver=cuclarabel instance=table5-m70000-n700000-r02 termination=OPTIMAL primal_status=FEASIBLE_POINT iterations=11 objective=1.167637701344788 optimize_wall_seconds=290.8936171531677
TABLE5_SOLVE_FINISH solver=cuclarabel instance=table5-m70000-n700000-r02 status=completed result=/home/zhenwei/PDCS_fork/benchmark/large_scale_lasso/table5_solver_results/cuclarabel/table5-m70000-n700000-r02/attempt_20260729T195705Z_gpu6/result.toml
RESOURCE_SNAPSHOT label=solve_cuclarabel_table5-m70000-n700000-r02 utc=2026-07-29T20:25:05Z
               total        used        free      shared  buff/cache   available
Mem:           2.0Ti       150Gi       393Gi        66Mi       1.4Ti       1.8Ti
Swap:             0B          0B          0B
Filesystem                    Size  Used Avail Use% Mounted on
/dev/mapper/ubuntu--vg-lv--0  778G  726G   13G  99% /home
SOLVE_CASE_COMPLETE solver=cuclarabel id=table5-m70000-n700000-r02 utc=2026-07-29T20:25:05Z
GPU_PREFLIGHT 6, GPU-790986fa-7e8a-1825-d49a-9b2ba1c63325, NVIDIA H100 80GB HBM3, 0, 81081, 0
SOLVE_CASE_START solver=cupdcs id=table5-m400000-n7000000-r03 gpu=6 utc=2026-07-29T20:25:05Z
TABLE5_SOLVE_START solver=cupdcs instance=table5-m400000-n7000000-r03 m=400000 n=7000000 density=0.0001 seed=2252237519727520935 tolerance=1.0e-6 time_limit=600.0
TABLE5_INSTANCE_READY instance=table5-m400000-n7000000-r03 nnz=280028037 lambda=0.09383139571165827 numerical_digest=dbd9feacaead4253e64bcf40d3a39c41543a723462009c411a4f5d0c1441ed32 model_digest=f83571cffb4c6a593fe7dc96ce822ab2d52e77b51f416d6369087859da64839d generation_seconds=58.69190311431885
rescaling_method is not set, using default value: :ruiz_pock_chambolle. Note that if :use_scaling is false, this option is ignored.
kkt_restart_freq is not set, using default value: 500.
duality_gap_restart_freq is not set, using default value: 2000.
[ Info: logfile is set to nothing
[ Info: ---------------------------------------------------
[ Info: ------------- Parameter Info Summary --------------
[ Info: ---------------------------------------------------
[ Info: time limit: 600.0
[ Info: use_preconditioner: true
[ Info: use_adaptive_restart: true
[ Info: use_adaptive_step_size_weight: true
[ Info: use_aggressive: true
[ Info: use_restart: true
[ Info: use_adaptive_step: true
[ Info: use_reflection: true
[ Info: use_halpern: true
[ Info: use_resolving: true
[ Info: use_duality_gap_restart: true
[ Info: duality_gap_restart_freq: 2000
[ Info: use_kkt_restart: false
[ Info: kkt_restart_freq: 2000
[ Info: abs_tol: 1.0e-6
[ Info: rel_tol: 1.0e-6
[ Info: eps_primal_infeasible_low_acc: 1.0e-12
[ Info: eps_dual_infeasible_low_acc: 1.0e-12
[ Info: eps_primal_infeasible_high_acc: 1.0e-16
[ Info: eps_dual_infeasible_high_acc: 1.0e-16
[ Info: print_freq: 1000
[ Info: check_terminate_freq: 1000
[ Info: ---------------------------------------------------
[ Info: ------------- Model Info Summary -----------------
[ Info: ---------------------------------------------------
[ Info: variable number: 14400004
[ Info: constraint number: 14800005
[ Info: non-zero elements in G: 574856083
[ Info: Number of box constraints: 14400004
[ Info: Number of equal constraints: 400003
[ Info: Number of nonnegative constraints: 14000000
[ Info: Number of soc cone constraints: 1
[ Info: Number of rsoc cone constraints: 0
[ Info: Number of exp cone constraints: 0
[ Info: Number of dual exp cone constraints: 0
[ Info: Number of soc cone variables: 0
[ Info: Number of rsoc cone variables: 0
[ Info: Number of exp cone variables: 0
[ Info: Number of dual exp cone variables: 0
[ Info: ---------------------------------------------------
[ Info: Using preconditioner
[ Info: Warm start not enabled. Ignoring warm start values.
[ Info: Initializing primal and dual variables to zero.
[ Info: initial nrm1G: 2.948250315890146e8, initial nrmInfG: 1.0
[ Info: initial nrm1c: 1.3136415399632142e6
[ Info: initial nrm1h: 1304.299580236156
[ Info: initial nrmInfc: 2.0
[ Info: max Dr_product:6.620236017962014
[ Info: norm Dr_product:17170.469742413556
[ Info: max Dl_product:29.12671944324022
[ Info: norm Dl_product:17170.46977150375
[ Info: after scaling, norm1 c: 290026.2381833812
[ Info: after scaling, normInf c: 1.9996615778638578
[ Info: after scaling, norm1 G: 5.681040538085869e6
[ Info: after scaling, normInf G: 0.7071067811865475
[ Info: iter:0 rel_p_res(inf):5.000e-01 rel_d_res(inf):6.667e-01 primal_obj:0.000e+00 dual_obj:0.000e+00 rel_pd_gap:0.000e+00 time:0.00 restart_used:0
[ Info: ==================================================
[ Info: Start unified diagonal GPU loop for the ablation-compatible production path.
[ Info: iter:0 rel_p_res(inf):5.000e-01 rel_d_res(inf):6.667e-01 primal_obj:0.000e+00 dual_obj:0.000e+00 rel_pd_gap:0.000e+00 time:3.18 restart_used:0
[ Info: iter:1000 rel_p_res(inf):1.365e-04 rel_d_res(inf):8.912e-02 primal_obj:5.59817e+00 dual_obj:8.69649e+00 rel_pd_gap:3.195e-01 time:170.69 restart_used:0, restart_trigger_mean:0, restart_trigger_ergodic:0, diff_nrm_x_recovered:4.352e+00 diff_nrm_y_recovered:3.737e+02 nrm2_x_recovered:4.352e+00 nrm2_y_recovered:3.737e+02, nrmInf_x_recovered:2.452e+00 nrmInf_y_recovered:6.046e+00 dual_gap_ergodic:1.000e+30, dual_gap_mean:1.000e+30, dual_gap_restart_threshold:Inf, dual_gap_r:0.000e+00, kkt_error_ergodic:1.000e+30, kkt_error_mean:1.000e+30, kkt_error_restart_threshold:0.000e+00, tau:1.392e-02, sigma:8.356e+01
[ Info: iter:2000 rel_p_res(inf):1.165e-04 rel_d_res(inf):4.931e-02 primal_obj:5.92620e+00 dual_obj:7.77088e+00 rel_pd_gap:2.103e-01 time:256.44 restart_used:0, restart_trigger_mean:0, restart_trigger_ergodic:0, diff_nrm_x_recovered:4.929e-01 diff_nrm_y_recovered:9.102e+00 nrm2_x_recovered:4.790e+00 nrm2_y_recovered:3.710e+02, nrmInf_x_recovered:2.775e+00 nrmInf_y_recovered:6.055e+00 dual_gap_ergodic:1.000e+30, dual_gap_mean:1.000e+30, dual_gap_restart_threshold:Inf, dual_gap_r:0.000e+00, kkt_error_ergodic:1.000e+30, kkt_error_mean:1.000e+30, kkt_error_restart_threshold:0.000e+00, tau:1.215e-02, sigma:7.292e+01
[ Info: restart due to condition 1
[ Info: omega:77.48562769040245, x_diff_norm:6.222828612593227, y_diff_norm:397.5209407554398
[ Info: iter:3000 rel_p_res(inf):6.849e-06 rel_d_res(inf):7.254e-03 primal_obj:6.64314e+00 dual_obj:6.79066e+00 rel_pd_gap:1.894e-02 time:342.97 restart_used:1, restart_trigger_mean:0, restart_trigger_ergodic:1, diff_nrm_x_recovered:4.002e-01 diff_nrm_y_recovered:8.711e+00 nrm2_x_recovered:5.150e+00 nrm2_y_recovered:3.688e+02, nrmInf_x_recovered:3.037e+00 nrmInf_y_recovered:6.214e+00 dual_gap_ergodic:7.077e-04, dual_gap_mean:3.184e-03, dual_gap_restart_threshold:7.077e-04, dual_gap_r:5.341e+03, kkt_error_ergodic:1.000e+30, kkt_error_mean:1.000e+30, kkt_error_restart_threshold:0.000e+00, tau:1.352e-02, sigma:6.693e+01
[ Info: iter:4000 rel_p_res(inf):3.460e-06 rel_d_res(inf):3.647e-03 primal_obj:6.63024e+00 dual_obj:6.70480e+00 rel_pd_gap:9.678e-03 time:427.26 restart_used:1, restart_trigger_mean:0, restart_trigger_ergodic:1, diff_nrm_x_recovered:3.918e-02 diff_nrm_y_recovered:1.229e+00 nrm2_x_recovered:5.182e+00 nrm2_y_recovered:3.685e+02, nrmInf_x_recovered:3.060e+00 nrmInf_y_recovered:6.191e+00 dual_gap_ergodic:7.077e-04, dual_gap_mean:3.184e-03, dual_gap_restart_threshold:7.077e-04, dual_gap_r:5.341e+03, kkt_error_ergodic:1.000e+30, kkt_error_mean:1.000e+30, kkt_error_restart_threshold:0.000e+00, tau:1.505e-02, sigma:7.451e+01
[ Info: iter:5000 rel_p_res(inf):2.661e-06 rel_d_res(inf):2.402e-03 primal_obj:6.62627e+00 dual_obj:6.67528e+00 rel_pd_gap:6.385e-03 time:513.02 restart_used:1, restart_trigger_mean:0, restart_trigger_ergodic:1, diff_nrm_x_recovered:1.321e-02 diff_nrm_y_recovered:4.274e-01 nrm2_x_recovered:5.192e+00 nrm2_y_recovered:3.684e+02, nrmInf_x_recovered:3.068e+00 nrmInf_y_recovered:6.182e+00 dual_gap_ergodic:6.922e-04, dual_gap_mean:1.646e-03, dual_gap_restart_threshold:7.077e-04, dual_gap_r:5.341e+03, kkt_error_ergodic:1.000e+30, kkt_error_mean:1.000e+30, kkt_error_restart_threshold:0.000e+00, tau:1.841e-02, sigma:9.115e+01
[ Info: iter:6000 rel_p_res(inf):2.163e-05 rel_d_res(inf):1.797e-03 primal_obj:6.62422e+00 dual_obj:6.66062e+00 rel_pd_gap:4.752e-03 time:597.48 restart_used:1, restart_trigger_mean:0, restart_trigger_ergodic:1, diff_nrm_x_recovered:6.419e-03 diff_nrm_y_recovered:2.201e-01 nrm2_x_recovered:5.197e+00 nrm2_y_recovered:3.683e+02, nrmInf_x_recovered:3.071e+00 nrmInf_y_recovered:6.178e+00 dual_gap_ergodic:6.922e-04, dual_gap_mean:1.646e-03, dual_gap_restart_threshold:7.077e-04, dual_gap_r:5.341e+03, kkt_error_ergodic:1.000e+30, kkt_error_mean:1.000e+30, kkt_error_restart_threshold:0.000e+00, tau:1.649e-02, sigma:8.163e+01
[ Info: iter:7000 rel_p_res(inf):1.349e-06 rel_d_res(inf):1.442e-03 primal_obj:6.62292e+00 dual_obj:6.65242e+00 rel_pd_gap:3.855e-03 time:683.51 restart_used:1, restart_trigger_mean:0, restart_trigger_ergodic:1, diff_nrm_x_recovered:3.665e-03 diff_nrm_y_recovered:1.261e-01 nrm2_x_recovered:5.200e+00 nrm2_y_recovered:3.683e+02, nrmInf_x_recovered:3.073e+00 nrmInf_y_recovered:6.175e+00 dual_gap_ergodic:1.283e+00, dual_gap_mean:1.362e-03, dual_gap_restart_threshold:7.077e-04, dual_gap_r:5.341e+03, kkt_error_ergodic:1.000e+30, kkt_error_mean:1.000e+30, kkt_error_restart_threshold:0.000e+00, tau:1.825e-02, sigma:9.034e+01
[ Info: ===============================================
[ Info: ---------------------------------------------------
[ Info: ------------- Solver Info Summary -----------------
[ Info: ---------------------------------------------------
[ Info: iter_num:                     7000
[ Info: exit_status:                  time_limit
[ Info: l_2_abs_primal_res:           7.3897e-04
[ Info: l_2_rel_primal_res:           2.8767e-07
[ Info: l_inf_abs_primal_res:         5.2332e-06
[ Info: l_inf_rel_primal_res:         1.3486e-06
[ Info: l_2_abs_dual_res:             1.2037e-02
[ Info: l_2_rel_dual_res:             9.1633e-09
[ Info: l_inf_abs_dual_res:           4.3305e-03
[ Info: l_inf_rel_dual_res:           1.4420e-03
[ Info: rel_gap:                      3.8548e-03
[ Info: abs_gap:                      2.9499e-02
[ Info: primal_obj:                   6.6229e+00
[ Info: dual_obj:                     6.6524e+00
[ Info: time:                         683.5057
[ Info: ---------------------------------------------------
[ Info:  norm(sol.x.recovered_primal.primal_sol.x, Inf): 3.0734085151261055
[ Info:  norm(sol.y.recovered_dual.dual_sol.y, Inf): 6.175119037067187
[ Info: time for projection: 2.0926601886749268
[ Info: time for iterative: 582.4267954826355
[ Info: time for restart check: 1.5671932697296143
[ Info: time for exit check: 0.0
[ Info: time for print info calculation: 1.3310809135437012
TABLE5_SOLVE_RESULT solver=cupdcs instance=table5-m400000-n7000000-r03 termination=TIME_LIMIT primal_status=INFEASIBILITY_CERTIFICATE iterations=7000 objective=6.622922391498887 optimize_wall_seconds=1756.0048470497131
TABLE5_SOLVE_FINISH solver=cupdcs instance=table5-m400000-n7000000-r03 status=completed result=/home/zhenwei/PDCS_fork/benchmark/large_scale_lasso/table5_solver_results/cupdcs/table5-m400000-n7000000-r03/attempt_20260729T195705Z_gpu6/result.toml
RESOURCE_SNAPSHOT label=solve_cupdcs_table5-m400000-n7000000-r03 utc=2026-07-29T21:06:58Z
               total        used        free      shared  buff/cache   available
Mem:           2.0Ti       576Gi       261Gi        83Mi       1.1Ti       1.4Ti
Swap:             0B          0B          0B
Filesystem                    Size  Used Avail Use% Mounted on
/dev/mapper/ubuntu--vg-lv--0  778G  726G   13G  99% /home
SOLVE_CASE_COMPLETE solver=cupdcs id=table5-m400000-n7000000-r03 utc=2026-07-29T21:06:58Z
SOLVE_SKIP_DONE solver=scs_gpu id=table5-m400000-n7000000-r03
SOLVE_SKIP_DONE solver=cuclarabel id=table5-m400000-n7000000-r03
GPU_PREFLIGHT 6, GPU-790986fa-7e8a-1825-d49a-9b2ba1c63325, NVIDIA H100 80GB HBM3, 0, 81081, 0
SOLVE_CASE_START solver=cupdcs id=table5-m700000-n7000000-r04 gpu=6 utc=2026-07-29T21:06:58Z
    CondaPkg Found dependencies: /home/zhenwei/PDCS_fork/.julia-depot/packages/PythonCall/5WGSP/CondaPkg.toml
    CondaPkg Found dependencies: /home/zhenwei/PDCS_fork/.julia-depot/packages/CondaPkg/lKlVY/CondaPkg.toml
    CondaPkg Resolving changes
             ~ libstdcxx
             ~ libstdcxx-ng
             ~ openssl
             ~ python
    CondaPkg Initialising pixi
             │ /home/zhenwei/PDCS_fork/.julia-depot/artifacts/4ae17cee0bd922f66b2c72bf2f01c22481a5ec19/bin/pixi
             │ init
             │ --format pixi
             └ /home/zhenwei/PDCS_fork/.CondaPkg
✔ Created /home/zhenwei/PDCS_fork/.CondaPkg/pixi.toml
    CondaPkg Wrote /home/zhenwei/PDCS_fork/.CondaPkg/pixi.toml
             │ [dependencies]
             │ openssl = ">=3, <3.6"
             │ libstdcxx = ">=3.4,<15.0"
             │ libstdcxx-ng = ">=3.4,<15.0"
             │ 
             │     [dependencies.python]
             │     channel = "conda-forge"
             │     build = "*cp*"
             │     version = ">=3.10,!=3.14.0,!=3.14.1,<4"
             │ 
             │ [workspace]
             │ name = ".CondaPkg"
             │ platforms = ["linux-64"]
             │ channels = ["conda-forge"]
             │ channel-priority = "strict"
             └ description = "automatically generated by CondaPkg.jl"
    CondaPkg Installing packages
             │ /home/zhenwei/PDCS_fork/.julia-depot/artifacts/4ae17cee0bd922f66b2c72bf2f01c22481a5ec19/bin/pixi
             │ install
             └ --manifest-path /home/zhenwei/PDCS_fork/.CondaPkg/pixi.toml
✔ The default environment has been installed.
TABLE5_SOLVE_START solver=cupdcs instance=table5-m700000-n7000000-r04 m=700000 n=7000000 density=0.0001 seed=780990368380045832 tolerance=1.0e-6 time_limit=600.0
TABLE5_INSTANCE_READY instance=table5-m700000-n7000000-r04 nnz=490025873 lambda=0.11988256988229479 numerical_digest=6469f5d80919a94e23bd656718ffa4aa2eb60c199fdc633055ce9c7e6d8cdc04 model_digest=2ee8dccfe2d07d01cfbfdf054b495664b35abbf7d8c52025b1e51883264370f0 generation_seconds=101.19085502624512
rescaling_method is not set, using default value: :ruiz_pock_chambolle. Note that if :use_scaling is false, this option is ignored.
kkt_restart_freq is not set, using default value: 500.
duality_gap_restart_freq is not set, using default value: 2000.
[ Info: logfile is set to nothing
[ Info: ---------------------------------------------------
[ Info: ------------- Parameter Info Summary --------------
[ Info: ---------------------------------------------------
[ Info: time limit: 600.0
[ Info: use_preconditioner: true
[ Info: use_adaptive_restart: true
[ Info: use_adaptive_step_size_weight: true
[ Info: use_aggressive: true
[ Info: use_restart: true
[ Info: use_adaptive_step: true
[ Info: use_reflection: true
[ Info: use_halpern: true
[ Info: use_resolving: true
[ Info: use_duality_gap_restart: true
[ Info: duality_gap_restart_freq: 2000
[ Info: use_kkt_restart: false
[ Info: kkt_restart_freq: 2000
[ Info: abs_tol: 1.0e-6
[ Info: rel_tol: 1.0e-6
[ Info: eps_primal_infeasible_low_acc: 1.0e-12
[ Info: eps_dual_infeasible_low_acc: 1.0e-12
[ Info: eps_primal_infeasible_high_acc: 1.0e-16
[ Info: eps_dual_infeasible_high_acc: 1.0e-16
[ Info: print_freq: 1000
[ Info: check_terminate_freq: 1000
[ Info: ---------------------------------------------------
[ Info: ------------- Model Info Summary -----------------
[ Info: ---------------------------------------------------
[ Info: variable number: 14700004
[ Info: constraint number: 15400005
[ Info: non-zero elements in G: 995451755
[ Info: Number of box constraints: 14700004
[ Info: Number of equal constraints: 700003
[ Info: Number of nonnegative constraints: 14000000
[ Info: Number of soc cone constraints: 1
[ Info: Number of rsoc cone constraints: 0
[ Info: Number of exp cone constraints: 0
[ Info: Number of dual exp cone constraints: 0
[ Info: Number of soc cone variables: 0
[ Info: Number of rsoc cone variables: 0
[ Info: Number of exp cone variables: 0
[ Info: Number of dual exp cone variables: 0
[ Info: ---------------------------------------------------
[ Info: Using preconditioner
[ Info: Warm start not enabled. Ignoring warm start values.
[ Info: Initializing primal and dual variables to zero.
[ Info: initial nrm1G: 5.0543545577936417e8, initial nrmInfG: 1.0
[ Info: initial nrm1c: 1.6783579783521267e6
[ Info: initial nrm1h: 2277.7647148349092
[ Info: initial nrmInfc: 2.0
[ Info: max Dr_product:8.14192227031762
[ Info: norm Dr_product:22481.89172123843
[ Info: max Dl_product:29.1036080371424
[ Info: norm Dl_product:22481.891743455973
[ Info: after scaling, norm1 c: 281650.3419462832
[ Info: after scaling, normInf c: 1.9996615778638578
[ Info: after scaling, norm1 G: 5.939036300176135e6
[ Info: after scaling, normInf G: 0.7071067811865475
[ Info: iter:0 rel_p_res(inf):5.000e-01 rel_d_res(inf):6.667e-01 primal_obj:0.000e+00 dual_obj:0.000e+00 rel_pd_gap:0.000e+00 time:0.00 restart_used:0
[ Info: ==================================================
[ Info: Start unified diagonal GPU loop for the ablation-compatible production path.
[ Info: iter:0 rel_p_res(inf):5.000e-01 rel_d_res(inf):6.667e-01 primal_obj:0.000e+00 dual_obj:0.000e+00 rel_pd_gap:0.000e+00 time:3.49 restart_used:0
[ Info: iter:1000 rel_p_res(inf):1.781e-04 rel_d_res(inf):1.297e-01 primal_obj:8.88429e+00 dual_obj:1.63305e+01 rel_pd_gap:4.297e-01 time:266.69 restart_used:0, restart_trigger_mean:0, restart_trigger_ergodic:0, diff_nrm_x_recovered:6.382e+00 diff_nrm_y_recovered:4.843e+02 nrm2_x_recovered:6.382e+00 nrm2_y_recovered:4.843e+02, nrmInf_x_recovered:3.927e+00 nrmInf_y_recovered:1.065e+01 dual_gap_ergodic:1.000e+30, dual_gap_mean:1.000e+30, dual_gap_restart_threshold:Inf, dual_gap_r:0.000e+00, kkt_error_ergodic:1.000e+30, kkt_error_mean:1.000e+30, kkt_error_restart_threshold:0.000e+00, tau:1.421e-02, sigma:7.962e+01
[ Info: iter:2000 rel_p_res(inf):4.924e-05 rel_d_res(inf):6.980e-02 primal_obj:1.06538e+01 dual_obj:1.41784e+01 rel_pd_gap:2.322e-01 time:412.90 restart_used:0, restart_trigger_mean:0, restart_trigger_ergodic:0, diff_nrm_x_recovered:1.064e+00 diff_nrm_y_recovered:1.672e+01 nrm2_x_recovered:7.380e+00 nrm2_y_recovered:4.798e+02, nrmInf_x_recovered:4.645e+00 nrmInf_y_recovered:1.105e+01 dual_gap_ergodic:1.000e+30, dual_gap_mean:1.000e+30, dual_gap_restart_threshold:Inf, dual_gap_r:0.000e+00, kkt_error_ergodic:1.000e+30, kkt_error_mean:1.000e+30, kkt_error_restart_threshold:0.000e+00, tau:1.420e-02, sigma:7.958e+01
[ Info: restart due to condition 1
[ Info: omega:74.85772031213823, x_diff_norm:9.383329630859453, y_diff_norm:518.9482601294555
[ Info: iter:3000 rel_p_res(inf):8.435e-06 rel_d_res(inf):1.658e-02 primal_obj:1.16496e+01 dual_obj:1.22033e+01 rel_pd_gap:4.194e-02 time:561.15 restart_used:1, restart_trigger_mean:0, restart_trigger_ergodic:1, diff_nrm_x_recovered:9.040e-01 diff_nrm_y_recovered:1.602e+01 nrm2_x_recovered:8.233e+00 nrm2_y_recovered:4.750e+02, nrmInf_x_recovered:5.257e+00 nrmInf_y_recovered:1.107e+01 dual_gap_ergodic:5.814e-04, dual_gap_mean:3.283e-03, dual_gap_restart_threshold:5.814e-04, dual_gap_r:9.558e+03, kkt_error_ergodic:1.000e+30, kkt_error_mean:1.000e+30, kkt_error_restart_threshold:0.000e+00, tau:1.573e-02, sigma:6.511e+01
[ Info: iter:4000 rel_p_res(inf):4.201e-06 rel_d_res(inf):8.317e-03 primal_obj:1.16040e+01 dual_obj:1.18853e+01 rel_pd_gap:2.184e-02 time:706.09 restart_used:1, restart_trigger_mean:0, restart_trigger_ergodic:1, diff_nrm_x_recovered:1.281e-01 diff_nrm_y_recovered:3.607e+00 nrm2_x_recovered:8.347e+00 nrm2_y_recovered:4.740e+02, nrmInf_x_recovered:5.338e+00 nrmInf_y_recovered:1.096e+01 dual_gap_ergodic:5.814e-04, dual_gap_mean:3.283e-03, dual_gap_restart_threshold:5.814e-04, dual_gap_r:9.558e+03, kkt_error_ergodic:1.000e+30, kkt_error_mean:1.000e+30, kkt_error_restart_threshold:0.000e+00, tau:1.573e-02, sigma:6.510e+01
[ Info: ===============================================
[ Info: ---------------------------------------------------
[ Info: ------------- Solver Info Summary -----------------
[ Info: ---------------------------------------------------
[ Info: iter_num:                     4000
[ Info: exit_status:                  time_limit
[ Info: l_2_abs_primal_res:           4.0761e-03
[ Info: l_2_rel_primal_res:           9.1003e-07
[ Info: l_inf_abs_primal_res:         2.3027e-05
[ Info: l_inf_rel_primal_res:         4.2007e-06
[ Info: l_2_abs_dual_res:             6.8328e-02
[ Info: l_2_rel_dual_res:             4.0711e-08
[ Info: l_inf_abs_dual_res:           2.5097e-02
[ Info: l_inf_rel_dual_res:           8.3166e-03
[ Info: rel_gap:                      2.1836e-02
[ Info: abs_gap:                      2.8136e-01
[ Info: primal_obj:                   1.1604e+01
[ Info: dual_obj:                     1.1885e+01
[ Info: time:                         706.0900
[ Info: ---------------------------------------------------
[ Info:  norm(sol.x.recovered_primal.primal_sol.x, Inf): 5.337882870133872
[ Info:  norm(sol.y.recovered_dual.dual_sol.y, Inf): 10.96039960134635
[ Info: time for projection: 1.221418857574463
[ Info: time for iterative: 689.9562242031097
[ Info: time for restart check: 2.1547720432281494
[ Info: time for exit check: 0.0
[ Info: time for print info calculation: 1.4292716979980469
TABLE5_SOLVE_RESULT solver=cupdcs instance=table5-m700000-n7000000-r04 termination=TIME_LIMIT primal_status=INFEASIBILITY_CERTIFICATE iterations=4000 objective=11.603983938095762 optimize_wall_seconds=2474.721986055374
TABLE5_SOLVE_FINISH solver=cupdcs instance=table5-m700000-n7000000-r04 status=completed result=/home/zhenwei/PDCS_fork/benchmark/large_scale_lasso/table5_solver_results/cupdcs/table5-m700000-n7000000-r04/attempt_20260729T195705Z_gpu6/result.toml
RESOURCE_SNAPSHOT label=solve_cupdcs_table5-m700000-n7000000-r04 utc=2026-07-29T22:10:02Z
               total        used        free      shared  buff/cache   available
Mem:           2.0Ti       715Gi       240Gi       111Mi       1.0Ti       1.3Ti
Swap:             0B          0B          0B
Filesystem                    Size  Used Avail Use% Mounted on
/dev/mapper/ubuntu--vg-lv--0  778G  726G   13G  99% /home
SOLVE_CASE_COMPLETE solver=cupdcs id=table5-m700000-n7000000-r04 utc=2026-07-29T22:10:02Z
SOLVE_SKIP_DONE solver=scs_gpu id=table5-m700000-n7000000-r04
SOLVE_SKIP_DONE solver=cuclarabel id=table5-m700000-n7000000-r04
SOLVE_SKIP_DONE solver=cupdcs id=table5-m750000-n7500000-r05
SOLVE_SKIP_DONE solver=scs_gpu id=table5-m750000-n7500000-r05
SOLVE_SKIP_DONE solver=cuclarabel id=table5-m750000-n7500000-r05
TABLE5_SOLVE_PHASE_COMPLETE cases=4 storage=no_cbf utc=2026-07-29T22:10:02Z
/home/zhenwei/PDCS_fork/benchmark/large_scale_lasso/run_table5_lasso.sh: line 743: unexpected EOF while looking for matching `"'
/home/zhenwei/PDCS_fork/benchmark/large_scale_lasso/run_table5_lasso.sh: line 744: syntax error: unexpected end of file
