TABLE5_SOLVE_PHASE_START storage=no_cbf utc=2026-07-29T19:57:06Z
JULIA_VERSION julia version 1.12.5
KEEP_EXISTING_MANIFEST config=/home/zhenwei/PDCS_fork/benchmark/large_scale_lasso/lasso_table5.toml
id	m	n	density	replicate	seed
table5-m10000-n100000-r01	10000	100000	0.0001	1	1456099608458829617
table5-m10000-n100000-r02	10000	100000	0.0001	2	3774683599633055197
table5-m10000-n100000-r03	10000	100000	0.0001	3	7352328007339572649
table5-m10000-n100000-r04	10000	100000	0.0001	4	8539239721064585772
table5-m10000-n100000-r05	10000	100000	0.0001	5	2682075302358372869
table5-m70000-n700000-r01	70000	700000	0.0001	1	6866308190711936842
table5-m70000-n700000-r02	70000	700000	0.0001	2	3717777317041247579
table5-m70000-n700000-r03	70000	700000	0.0001	3	6230819915418504357
table5-m70000-n700000-r04	70000	700000	0.0001	4	5050833866237992834
table5-m70000-n700000-r05	70000	700000	0.0001	5	3478211357477831271
table5-m400000-n7000000-r01	400000	7000000	0.0001	1	2810953517340410803
table5-m400000-n7000000-r02	400000	7000000	0.0001	2	6916851584803374380
table5-m400000-n7000000-r03	400000	7000000	0.0001	3	2252237519727520935
table5-m400000-n7000000-r04	400000	7000000	0.0001	4	9202490041639810005
table5-m400000-n7000000-r05	400000	7000000	0.0001	5	1459784771767232267
table5-m700000-n7000000-r01	700000	7000000	0.0001	1	2694979877904449328
table5-m700000-n7000000-r02	700000	7000000	0.0001	2	706412229318414900
table5-m700000-n7000000-r03	700000	7000000	0.0001	3	2776373863867649000
table5-m700000-n7000000-r04	700000	7000000	0.0001	4	780990368380045832
table5-m700000-n7000000-r05	700000	7000000	0.0001	5	6974796360093007817
table5-m750000-n7500000-r01	750000	7500000	0.0001	1	3464449634565370456
table5-m750000-n7500000-r02	750000	7500000	0.0001	2	7063733435616014003
table5-m750000-n7500000-r03	750000	7500000	0.0001	3	7306719367855031537
table5-m750000-n7500000-r04	750000	7500000	0.0001	4	66351557481754279
table5-m750000-n7500000-r05	750000	7500000	0.0001	5	7133432016813647455
TABLE5_MANIFEST_VALID instances=25 unique_ids=25 unique_seeds=25
GPU_PREFLIGHT 2, GPU-28d7051d-27e3-48ab-6616-6771b0a9e050, NVIDIA H100 80GB HBM3, 0, 81081, 0
SOLVE_CASE_START solver=cupdcs id=table5-m10000-n100000-r03 gpu=2 utc=2026-07-29T19:57:07Z
┌ Info: CondaPkg: Waiting for lock to be freed. You may delete this file if no other process is resolving.
└   lock_file = "/home/zhenwei/PDCS_fork/.CondaPkg/lock"
TABLE5_SOLVE_START solver=cupdcs instance=table5-m10000-n100000-r03 m=10000 n=100000 density=0.0001 seed=7352328007339572649 tolerance=1.0e-6 time_limit=600.0
TABLE5_INSTANCE_READY instance=table5-m10000-n100000-r03 nnz=99988 lambda=0.027201017342407076 numerical_digest=321f8cd91391a75d2bc191369ca8e5c9c76a8849e1494fc63dfb1e0f7dbda3c7 model_digest=ea96e34d082b0d29a060eae7abb137276dc34e521d8814d76782ea126e1e58c4 generation_seconds=1.1224899291992188
rescaling_method is not set, using default value: :ruiz_pock_chambolle. Note that if :use_scaling is false, this option is ignored.
kkt_restart_freq is not set, using default value: 500.
duality_gap_restart_freq is not set, using default value: 2000.
[ Info: logfile is set to nothing
[ Info: ---------------------------------------------------
[ Info: ------------- Parameter Info Summary --------------
[ Info: ---------------------------------------------------
[ Info: time limit: 600.0
[ Info: use_preconditioner: true
[ Info: use_adaptive_restart: true
[ Info: use_adaptive_step_size_weight: true
[ Info: use_aggressive: true
[ Info: use_restart: true
[ Info: use_adaptive_step: true
[ Info: use_reflection: true
[ Info: use_halpern: true
[ Info: use_resolving: true
[ Info: use_duality_gap_restart: true
[ Info: duality_gap_restart_freq: 2000
[ Info: use_kkt_restart: false
[ Info: kkt_restart_freq: 2000
[ Info: abs_tol: 1.0e-6
[ Info: rel_tol: 1.0e-6
[ Info: eps_primal_infeasible_low_acc: 1.0e-12
[ Info: eps_dual_infeasible_low_acc: 1.0e-12
[ Info: eps_primal_infeasible_high_acc: 1.0e-16
[ Info: eps_dual_infeasible_high_acc: 1.0e-16
[ Info: print_freq: 1000
[ Info: check_terminate_freq: 1000
[ Info: ---------------------------------------------------
[ Info: ------------- Model Info Summary -----------------
[ Info: ---------------------------------------------------
[ Info: variable number: 210004
[ Info: constraint number: 220005
[ Info: non-zero elements in G: 419985
[ Info: Number of box constraints: 210004
[ Info: Number of equal constraints: 10003
[ Info: Number of nonnegative constraints: 200000
[ Info: Number of soc cone constraints: 1
[ Info: Number of rsoc cone constraints: 0
[ Info: Number of exp cone constraints: 0
[ Info: Number of dual exp cone constraints: 0
[ Info: Number of soc cone variables: 0
[ Info: Number of rsoc cone variables: 0
[ Info: Number of exp cone variables: 0
[ Info: Number of dual exp cone variables: 0
[ Info: ---------------------------------------------------
[ Info: Using preconditioner
[ Info: Warm start not enabled. Ignoring warm start values.
[ Info: Initializing primal and dual variables to zero.
[ Info: initial nrm1G: 319894.02231332177, initial nrmInfG: 1.0
[ Info: initial nrm1c: 5442.203468481415
[ Info: initial nrm1h: 31.56041216727182
[ Info: initial nrmInfc: 2.0
[ Info: max Dr_product:2.342336689761737
[ Info: norm Dr_product:565.5913793882181
[ Info: max Dl_product:5.422870702026435
[ Info: norm Dl_product:565.5922625204241
[ Info: after scaling, norm1 c: 4655.07642192241
[ Info: after scaling, normInf c: 1.9996615778638578
[ Info: after scaling, norm1 G: 201042.48219265323
[ Info: after scaling, normInf G: 1.0
[ Info: iter:0 rel_p_res(inf):5.000e-01 rel_d_res(inf):6.667e-01 primal_obj:0.000e+00 dual_obj:0.000e+00 rel_pd_gap:0.000e+00 time:0.00 restart_used:0
[ Info: ==================================================
[ Info: Start unified diagonal GPU loop for the ablation-compatible production path.
[ Info: iter:0 rel_p_res(inf):5.000e-01 rel_d_res(inf):6.667e-01 primal_obj:0.000e+00 dual_obj:0.000e+00 rel_pd_gap:0.000e+00 time:2.60 restart_used:0
[ Info: iter:1000 rel_p_res(inf):2.713e-04 rel_d_res(inf):5.957e-03 primal_obj:1.50256e-01 dual_obj:1.97512e-01 rel_pd_gap:3.946e-02 time:3.77 restart_used:0, restart_trigger_mean:0, restart_trigger_ergodic:0, diff_nrm_x_recovered:1.471e+00 diff_nrm_y_recovered:1.276e+01 nrm2_x_recovered:1.471e+00 nrm2_y_recovered:1.276e+01, nrmInf_x_recovered:9.995e-01 nrmInf_y_recovered:1.525e+00 dual_gap_ergodic:1.000e+30, dual_gap_mean:1.000e+30, dual_gap_restart_threshold:Inf, dual_gap_r:0.000e+00, kkt_error_ergodic:1.000e+30, kkt_error_mean:1.000e+30, kkt_error_restart_threshold:0.000e+00, tau:9.578e-02, sigma:1.087e+01
[ Info: iter:2000 rel_p_res(inf):1.763e-04 rel_d_res(inf):2.492e-03 primal_obj:1.58378e-01 dual_obj:1.77607e-01 rel_pd_gap:1.633e-02 time:4.82 restart_used:0, restart_trigger_mean:0, restart_trigger_ergodic:0, diff_nrm_x_recovered:1.689e-03 diff_nrm_y_recovered:2.290e-02 nrm2_x_recovered:1.471e+00 nrm2_y_recovered:1.275e+01, nrmInf_x_recovered:9.996e-01 nrmInf_y_recovered:1.524e+00 dual_gap_ergodic:1.000e+30, dual_gap_mean:1.000e+30, dual_gap_restart_threshold:Inf, dual_gap_r:0.000e+00, kkt_error_ergodic:1.000e+30, kkt_error_mean:1.000e+30, kkt_error_restart_threshold:0.000e+00, tau:1.189e-01, sigma:1.349e+01
[ Info: restart due to condition 1
[ Info: omega:10.654395249456819, x_diff_norm:2.1760610993905294, y_diff_norm:13.280850008194202
[ Info: iter:3000 rel_p_res(inf):4.779e-07 rel_d_res(inf):1.173e-06 primal_obj:1.62950e-01 dual_obj:1.62979e-01 rel_pd_gap:2.465e-05 time:5.19 restart_used:1, restart_trigger_mean:0, restart_trigger_ergodic:1, diff_nrm_x_recovered:1.155e-03 diff_nrm_y_recovered:1.693e-02 nrm2_x_recovered:1.472e+00 nrm2_y_recovered:1.275e+01, nrmInf_x_recovered:1.000e+00 nrmInf_y_recovered:1.523e+00 dual_gap_ergodic:1.137e-03, dual_gap_mean:7.980e-03, dual_gap_restart_threshold:1.137e-03, dual_gap_r:5.256e+01, kkt_error_ergodic:1.000e+30, kkt_error_mean:1.000e+30, kkt_error_restart_threshold:0.000e+00, tau:1.549e-01, sigma:1.007e+01
[ Info: iter:4000 rel_p_res(inf):2.541e-07 rel_d_res(inf):6.490e-07 primal_obj:1.62970e-01 dual_obj:1.62975e-01 rel_pd_gap:4.324e-06 time:5.48 restart_used:1, restart_trigger_mean:0, restart_trigger_ergodic:1, diff_nrm_x_recovered:8.139e-05 diff_nrm_y_recovered:6.829e-05 nrm2_x_recovered:1.472e+00 nrm2_y_recovered:1.275e+01, nrmInf_x_recovered:1.000e+00 nrmInf_y_recovered:1.523e+00 dual_gap_ergodic:1.137e-03, dual_gap_mean:7.980e-03, dual_gap_restart_threshold:1.137e-03, dual_gap_r:5.256e+01, kkt_error_ergodic:1.000e+30, kkt_error_mean:1.000e+30, kkt_error_restart_threshold:0.000e+00, tau:1.604e-01, sigma:1.043e+01
[ Info: restart due to condition 1
[ Info: omega:8.06383801650056, x_diff_norm:0.002203582174814494, y_diff_norm:0.019054213225500268
[ Info: iter:5000 rel_p_res(inf):6.440e-09 rel_d_res(inf):2.332e-07 primal_obj:1.62971e-01 dual_obj:1.62971e-01 rel_pd_gap:1.633e-08 time:5.80 restart_used:2, restart_trigger_mean:0, restart_trigger_ergodic:2, diff_nrm_x_recovered:6.523e-05 diff_nrm_y_recovered:4.492e-05 nrm2_x_recovered:1.472e+00 nrm2_y_recovered:1.275e+01, nrmInf_x_recovered:1.000e+00 nrmInf_y_recovered:1.523e+00 dual_gap_ergodic:3.629e-04, dual_gap_mean:2.419e-03, dual_gap_restart_threshold:3.629e-04, dual_gap_r:8.844e-05, kkt_error_ergodic:1.000e+30, kkt_error_mean:1.000e+30, kkt_error_restart_threshold:0.000e+00, tau:1.289e-01, sigma:8.988e+00
[ Info: ===============================================
[ Info: ---------------------------------------------------
[ Info: ------------- Solver Info Summary -----------------
[ Info: ---------------------------------------------------
[ Info: iter_num:                     5000
[ Info: exit_status:                  optimal
[ Info: l_2_abs_primal_res:           1.5167e-08
[ Info: l_2_rel_primal_res:           2.3603e-10
[ Info: l_inf_abs_primal_res:         1.2879e-08
[ Info: l_inf_rel_primal_res:         6.4397e-09
[ Info: l_2_abs_dual_res:             9.7860e-07
[ Info: l_2_rel_dual_res:             1.7978e-10
[ Info: l_inf_abs_dual_res:           6.9963e-07
[ Info: l_inf_rel_dual_res:           2.3321e-07
[ Info: rel_gap:                      1.6327e-08
[ Info: abs_gap:                      1.8988e-08
[ Info: primal_obj:                   1.6297e-01
[ Info: dual_obj:                     1.6297e-01
[ Info: time:                         5.8012
[ Info: ---------------------------------------------------
[ Info:  norm(sol.x.recovered_primal.primal_sol.x, Inf): 1.0000000005374738
[ Info:  norm(sol.y.recovered_dual.dual_sol.y, Inf): 1.5231518686116137
[ Info: time for projection: 0.28613972663879395
[ Info: time for iterative: 1.5270965099334717
[ Info: time for restart check: 0.21258306503295898
[ Info: time for exit check: 0.0
[ Info: time for print info calculation: 0.5683567523956299
TABLE5_SOLVE_RESULT solver=cupdcs instance=table5-m10000-n100000-r03 termination=OPTIMAL primal_status=FEASIBLE_POINT iterations=5000 objective=0.16297098686508793 optimize_wall_seconds=37.57955884933472
TABLE5_SOLVE_FINISH solver=cupdcs instance=table5-m10000-n100000-r03 status=completed result=/home/zhenwei/PDCS_fork/benchmark/large_scale_lasso/table5_solver_results/cupdcs/table5-m10000-n100000-r03/attempt_20260729T195705Z_gpu2/result.toml
RESOURCE_SNAPSHOT label=solve_cupdcs_table5-m10000-n100000-r03 utc=2026-07-29T19:58:15Z
               total        used        free      shared  buff/cache   available
Mem:           2.0Ti        85Gi       458Gi       103Mi       1.4Ti       1.9Ti
Swap:             0B          0B          0B
Filesystem                    Size  Used Avail Use% Mounted on
/dev/mapper/ubuntu--vg-lv--0  778G  726G   13G  99% /home
SOLVE_CASE_COMPLETE solver=cupdcs id=table5-m10000-n100000-r03 utc=2026-07-29T19:58:15Z
GPU_PREFLIGHT 2, GPU-28d7051d-27e3-48ab-6616-6771b0a9e050, NVIDIA H100 80GB HBM3, 0, 81081, 0
SOLVE_CASE_START solver=scs_gpu id=table5-m10000-n100000-r03 gpu=2 utc=2026-07-29T19:58:16Z
Precompiling packages...
    Pkg Being precompiled by another process (pid: 2239852, pidfile: /tmp/pdcs_scs_gpu_depot/compiled/v1.12/Pkg/tUTdb_ZeWUM.ji.pidfile)
  27685.7 ms  ✓ Pkg
    LazyArtifacts Being precompiled by another process (pid: 2239852, pidfile: /tmp/pdcs_scs_gpu_depot/compiled/v1.12/LazyArtifacts/MRP8l_ZeWUM.ji.pidfile)
   1084.4 ms  ✓ LazyArtifacts
    CUDA_Runtime_jll Being precompiled by another process (pid: 2239852, pidfile: /tmp/pdcs_scs_gpu_depot/compiled/v1.12/CUDA_Runtime_jll/Hs50y_ZeWUM.ji.pidfile)
   4582.6 ms  ✓ CUDA_Runtime_jll
    SCS_GPU_jll Being precompiled by another process (pid: 2239852, pidfile: /tmp/pdcs_scs_gpu_depot/compiled/v1.12/SCS_GPU_jll/OtXgE_ZeWUM.ji.pidfile)
   2770.6 ms  ✓ SCS_GPU_jll
  4 dependencies successfully precompiled in 36 seconds. 28 already precompiled.
Precompiling packages...
    SCS → SCSSCS_GPU_jllExt Being precompiled by another process (pid: 2239852, pidfile: /tmp/pdcs_scs_gpu_depot/compiled/v1.12/SCSSCS_GPU_jllExt/ZKon3_ZeWUM.ji.pidfile)
   2903.7 ms  ✓ SCS → SCSSCS_GPU_jllExt
  1 dependency successfully precompiled in 3 seconds. 66 already precompiled.
TABLE5_SOLVE_START solver=scs_gpu instance=table5-m10000-n100000-r03 m=10000 n=100000 density=0.0001 seed=7352328007339572649 tolerance=1.0e-6 time_limit=600.0
TABLE5_INSTANCE_READY instance=table5-m10000-n100000-r03 nnz=99988 lambda=0.027201017342407076 numerical_digest=321f8cd91391a75d2bc191369ca8e5c9c76a8849e1494fc63dfb1e0f7dbda3c7 model_digest=ea96e34d082b0d29a060eae7abb137276dc34e521d8814d76782ea126e1e58c4 generation_seconds=1.469007968902588
------------------------------------------------------------------
	       SCS v3.2.11 - Splitting Conic Solver
	(c) Brendan O'Donoghue, Stanford University, 2012
------------------------------------------------------------------
problem:  variables n: 210004, constraints m: 220005
cones: 	  z: primal zero / dual free vars: 10003
	  l: linear vars: 200000
	  q: soc vars: 10002, qsize: 1
settings: eps_abs: 1.0e-06, eps_rel: 1.0e-06, eps_infeas: 1.0e-07
	  alpha: 1.50, scale: 1.00e-01, adaptive_scale: 1
	  max_iters: 100000, normalize: 1, rho_x: 1.00e-06
	  acceleration_lookback: 10, acceleration_interval: 10
	  time_limit_secs: 6.00e+02
	  compiled with openmp parallelization enabled
lin-sys:  sparse-indirect GPU
	  nnz(A): 419985, nnz(P): 0
------------------------------------------------------------------
 iter | pri res | dua res |   gap   |   obj   |  scale  | time (s)
------------------------------------------------------------------
     0| 2.83e+01  2.00e+00  3.04e+03 -1.52e+03  1.00e-01  3.23e+01 
   250| 5.40e-04  1.25e-04  2.05e-03  1.61e-01  3.30e-01  6.37e+02 
------------------------------------------------------------------
status:  solved (inaccurate - reached time_limit_secs)
timings: total: 6.37e+02s = setup: 1.66e+00s + solve: 6.36e+02s
	 lin-sys: 5.76e+02s, cones: 3.61e-01s, accel: 2.72e-01s
------------------------------------------------------------------
objective = 0.161136 (inaccurate)
------------------------------------------------------------------
TABLE5_SOLVE_RESULT solver=scs_gpu instance=table5-m10000-n100000-r03 termination=TIME_LIMIT primal_status=FEASIBLE_POINT iterations=250 objective=0.16010979587736618 optimize_wall_seconds=640.395514011383
TABLE5_SOLVE_FINISH solver=scs_gpu instance=table5-m10000-n100000-r03 status=completed result=/home/zhenwei/PDCS_fork/benchmark/large_scale_lasso/table5_solver_results/scs_gpu/table5-m10000-n100000-r03/attempt_20260729T195705Z_gpu2/result.toml
RESOURCE_SNAPSHOT label=solve_scs_gpu_table5-m10000-n100000-r03 utc=2026-07-29T20:09:56Z
               total        used        free      shared  buff/cache   available
Mem:           2.0Ti        77Gi       466Gi        50Mi       1.4Ti       1.9Ti
Swap:             0B          0B          0B
Filesystem                    Size  Used Avail Use% Mounted on
/dev/mapper/ubuntu--vg-lv--0  778G  726G   13G  99% /home
SOLVE_CASE_COMPLETE solver=scs_gpu id=table5-m10000-n100000-r03 utc=2026-07-29T20:09:56Z
GPU_PREFLIGHT 2, GPU-28d7051d-27e3-48ab-6616-6771b0a9e050, NVIDIA H100 80GB HBM3, 0, 81081, 1
SOLVE_CASE_START solver=cuclarabel id=table5-m10000-n100000-r03 gpu=2 utc=2026-07-29T20:09:56Z
Precompiling packages...
    MathOptInterface Being precompiled by another process (pid: 2254177, pidfile: /tmp/pdcs_cuclarabel_depot/compiled/v1.12/MathOptInterface/tyub8_ZeWUM.ji.pidfile)
  15379.2 ms  ✓ MathOptInterface
    JuMP Being precompiled by another process (pid: 2254177, pidfile: /tmp/pdcs_cuclarabel_depot/compiled/v1.12/JuMP/DmXqY_ZeWUM.ji.pidfile)
  21771.4 ms  ✓ JuMP
  2 dependencies successfully precompiled in 37 seconds. 42 already precompiled.
Precompiling packages...
    ExprTools Being precompiled by another process (pid: 2254670, pidfile: /tmp/pdcs_cuclarabel_depot/compiled/v1.12/ExprTools/eM8wu_ZeWUM.ji.pidfile)
    LLVMExtra_jll Being precompiled by another process (pid: 2254670, pidfile: /tmp/pdcs_cuclarabel_depot/compiled/v1.12/LLVMExtra_jll/R9OeX_ZeWUM.ji.pidfile)
    StringManipulation Being precompiled by another process (pid: 2254670, pidfile: /tmp/pdcs_cuclarabel_depot/compiled/v1.12/StringManipulation/4nJQd_ZeWUM.ji.pidfile)
    CUDA_Runtime_jll Being precompiled by another process (pid: 2254670, pidfile: /tmp/pdcs_cuclarabel_depot/compiled/v1.12/CUDA_Runtime_jll/Hs50y_ZeWUM.ji.pidfile)
    599.2 ms  ✓ ExprTools
    Tracy Being precompiled by another process (pid: 2254670, pidfile: /tmp/pdcs_cuclarabel_depot/compiled/v1.12/Tracy/QvZG9_ZeWUM.ji.pidfile)
   1019.5 ms  ✓ Tracy
   1807.9 ms  ✓ LLVMExtra_jll
    LLVM Being precompiled by another process (pid: 2254670, pidfile: /tmp/pdcs_cuclarabel_depot/compiled/v1.12/LLVM/e8NBy_ZeWUM.ji.pidfile)
   3376.5 ms  ✓ StringManipulation
    PrettyTables Being precompiled by another process (pid: 2255591, pidfile: /tmp/pdcs_cuclarabel_depot/compiled/v1.12/PrettyTables/kRdcL_ZeWUM.ji.pidfile)
   4387.5 ms  ✓ CUDA_Runtime_jll
    CUDA_Compiler_jll Being precompiled by another process (pid: 2254670, pidfile: /tmp/pdcs_cuclarabel_depot/compiled/v1.12/CUDA_Compiler_jll/ljFRe_ZeWUM.ji.pidfile)
   2684.1 ms  ✓ CUDA_Compiler_jll
   8043.5 ms  ✓ LLVM
    GPUToolbox Being precompiled by another process (pid: 2254670, pidfile: /tmp/pdcs_cuclarabel_depot/compiled/v1.12/GPUToolbox/VNkSP_ZeWUM.ji.pidfile)
    LLVM → BFloat16sExt Being precompiled by another process (pid: 2254670, pidfile: /tmp/pdcs_cuclarabel_depot/compiled/v1.12/BFloat16sExt/B6KwG_ZeWUM.ji.pidfile)
    UnsafeAtomics → UnsafeAtomicsLLVM Being precompiled by another process (pid: 2254670, pidfile: /tmp/pdcs_cuclarabel_depot/compiled/v1.12/UnsafeAtomicsLLVM/yk2PZ_ZeWUM.ji.pidfile)
    GPUCompiler Being precompiled by another process (pid: 2254670, pidfile: /tmp/pdcs_cuclarabel_depot/compiled/v1.12/GPUCompiler/yPwef_ZeWUM.ji.pidfile)
   1129.6 ms  ✓ GPUToolbox
   1129.3 ms  ✓ LLVM → BFloat16sExt
   2133.7 ms  ✓ UnsafeAtomics → UnsafeAtomicsLLVM
    GPUArrays Being precompiled by another process (pid: 2254670, pidfile: /tmp/pdcs_cuclarabel_depot/compiled/v1.12/GPUArrays/v5u0T_ZeWUM.ji.pidfile)
   5125.4 ms  ✓ GPUArrays
  16979.3 ms  ✓ PrettyTables
  24466.7 ms  ✓ GPUCompiler
    CUDA Being precompiled by another process (pid: 2254670, pidfile: /tmp/pdcs_cuclarabel_depot/compiled/v1.12/CUDA/oWw5k_ZeWUM.ji.pidfile)
  38414.2 ms  ✓ CUDA
    Atomix → AtomixCUDAExt Being precompiled by another process (pid: 2254177, pidfile: /tmp/pdcs_cuclarabel_depot/compiled/v1.12/AtomixCUDAExt/B0Tg4_ZeWUM.ji.pidfile)
   5846.2 ms  ✓ Atomix → AtomixCUDAExt
  15 dependencies successfully precompiled in 79 seconds. 77 already precompiled.
Precompiling packages...
    CUDA → SpecialFunctionsExt Being precompiled by another process (pid: 2254177, pidfile: /tmp/pdcs_cuclarabel_depot/compiled/v1.12/SpecialFunctionsExt/9h4VD_ZeWUM.ji.pidfile)
   3800.3 ms  ✓ CUDA → SpecialFunctionsExt
  1 dependency successfully precompiled in 4 seconds. 98 already precompiled.
Precompiling packages...
    TimerOutputs Being precompiled by another process (pid: 2254457, pidfile: /tmp/pdcs_cuclarabel_depot/compiled/v1.12/TimerOutputs/hd2yD_ZeWUM.ji.pidfile)
    DataStructures Being precompiled by another process (pid: 2254457, pidfile: /tmp/pdcs_cuclarabel_depot/compiled/v1.12/DataStructures/xKiwJ_ZeWUM.ji.pidfile)
    CUDSS_jll Being precompiled by another process (pid: 2254457, pidfile: /tmp/pdcs_cuclarabel_depot/compiled/v1.12/CUDSS_jll/zjbKf_ZeWUM.ji.pidfile)
   1672.6 ms  ✓ DataStructures
   2810.5 ms  ✓ CUDSS_jll
    CUDSS Being precompiled by another process (pid: 2254457, pidfile: /tmp/pdcs_cuclarabel_depot/compiled/v1.12/CUDSS/zEqeZ_ZeWUM.ji.pidfile)
   3803.6 ms  ✓ TimerOutputs
   6391.9 ms  ✓ CUDSS
    Clarabel Being precompiled by another process (pid: 2254457, pidfile: /tmp/pdcs_cuclarabel_depot/compiled/v1.12/Clarabel/g676L_ZeWUM.ji.pidfile)
  77046.6 ms  ✓ Clarabel
  5 dependencies successfully precompiled in 86 seconds. 123 already precompiled.
TABLE5_SOLVE_START solver=cuclarabel instance=table5-m10000-n100000-r03 m=10000 n=100000 density=0.0001 seed=7352328007339572649 tolerance=1.0e-6 time_limit=600.0
TABLE5_INSTANCE_READY instance=table5-m10000-n100000-r03 nnz=99988 lambda=0.027201017342407076 numerical_digest=321f8cd91391a75d2bc191369ca8e5c9c76a8849e1494fc63dfb1e0f7dbda3c7 model_digest=ea96e34d082b0d29a060eae7abb137276dc34e521d8814d76782ea126e1e58c4 generation_seconds=1.3370299339294434
-------------------------------------------------------------
           Clarabel.jl v0.11.0  -  Clever Acronym              

                   (c) Paul Goulart                          
                University of Oxford, 2022                   
-------------------------------------------------------------

problem:
  variables     = 210004
  constraints   = 220005
  nnz(P)        = 0
  nnz(A)        = 419985
  cones (total) = 3
    : Zero        = 1,  numel = 10003
    : Nonnegative = 1,  numel = 200000
    : SecondOrder = 1,  numel = 10002

settings:
  linear algebra: direct / cudss, precision: 64 bit 
  max iter = 200, time limit = 600.000000,  max step = 0.990
  tol_feas = 1.0e-06, tol_gap_abs = 1.0e-06, tol_gap_rel = 1.0e-06,
  static reg : on, ϵ1 = 1.0e-08, ϵ2 = 4.9e-32
  dynamic reg: on, ϵ = 1.0e-13, δ = 2.0e-07
  iter refine: on, reltol = 1.0e-12, abstol = 1.0e-12, 
               max iter = 10, stop ratio = 5.0
  equilibrate: on, min_scale = 1.0e-04, max_scale = 1.0e+04
               max iter = 10

iter    pcost        dcost       gap       pres      dres      k/t        μ       step      
---------------------------------------------------------------------------------------------
  0  -1.7347e-18  -4.0532e-16  4.04e-16  9.95e-01  9.66e-01  1.00e+00  1.03e+00   ------   
  1  -9.1658e+00  -1.5571e+00  4.89e+00  9.59e-01  8.39e-01  7.82e+00  9.50e-01  9.90e-01  
  2  -5.5194e+01  -7.6322e+00  6.23e+00  2.58e-01  1.96e-01  4.76e+01  6.86e-01  8.55e-01  
  3  -3.5913e+00  -4.0960e-01  3.18e+00  2.06e-01  5.33e-02  3.18e+00  7.81e-02  8.88e-01  
  4  -1.2942e-01   1.0489e-01  2.34e-01  2.11e-02  4.61e-03  2.34e-01  6.44e-03  9.24e-01  
  5   3.6444e-02   1.3611e-01  9.97e-02  1.00e-02  2.19e-03  9.98e-02  3.07e-03  5.74e-01  
  6   1.1705e-01   1.5251e-01  3.55e-02  4.35e-03  9.52e-04  3.55e-02  1.34e-03  6.44e-01  
  7   1.4426e-01   1.5852e-01  1.43e-02  2.06e-03  4.51e-04  1.43e-02  6.34e-04  5.98e-01  
  8   1.5832e-01   1.6178e-01  3.46e-03  8.07e-04  1.76e-04  3.47e-03  2.48e-04  7.57e-01  
  9   1.6222e-01   1.6276e-01  5.43e-04  1.87e-04  4.07e-05  5.44e-04  5.74e-05  8.43e-01  
 10   1.6290e-01   1.6295e-01  5.09e-05  3.30e-05  7.20e-06  5.11e-05  1.02e-05  9.06e-01  
 11   1.6296e-01   1.6297e-01  5.01e-06  3.36e-06  7.34e-07  5.03e-06  1.04e-06  9.02e-01  
 12   1.6297e-01   1.6297e-01  3.60e-07  2.44e-07  5.33e-08  3.62e-07  7.52e-08  9.28e-01  
---------------------------------------------------------------------------------------------
Terminated with status = solved
total time =  57.1s (setup time =  19.6s, solve time =  22.7s)
TABLE5_SOLVE_RESULT solver=cuclarabel instance=table5-m10000-n100000-r03 termination=OPTIMAL primal_status=FEASIBLE_POINT iterations=12 objective=0.162970444419048 optimize_wall_seconds=65.2356390953064
TABLE5_SOLVE_FINISH solver=cuclarabel instance=table5-m10000-n100000-r03 status=completed result=/home/zhenwei/PDCS_fork/benchmark/large_scale_lasso/table5_solver_results/cuclarabel/table5-m10000-n100000-r03/attempt_20260729T195705Z_gpu2/result.toml
RESOURCE_SNAPSHOT label=solve_cuclarabel_table5-m10000-n100000-r03 utc=2026-07-29T20:14:56Z
               total        used        free      shared  buff/cache   available
Mem:           2.0Ti        88Gi       454Gi       103Mi       1.4Ti       1.9Ti
Swap:             0B          0B          0B
Filesystem                    Size  Used Avail Use% Mounted on
/dev/mapper/ubuntu--vg-lv--0  778G  726G   13G  99% /home
SOLVE_CASE_COMPLETE solver=cuclarabel id=table5-m10000-n100000-r03 utc=2026-07-29T20:14:56Z
GPU_PREFLIGHT 2, GPU-28d7051d-27e3-48ab-6616-6771b0a9e050, NVIDIA H100 80GB HBM3, 0, 81081, 3
SOLVE_CASE_START solver=cupdcs id=table5-m70000-n700000-r04 gpu=2 utc=2026-07-29T20:14:56Z
    CondaPkg Found dependencies: /home/zhenwei/PDCS_fork/.julia-depot/packages/PythonCall/5WGSP/CondaPkg.toml
    CondaPkg Found dependencies: /home/zhenwei/PDCS_fork/.julia-depot/packages/CondaPkg/lKlVY/CondaPkg.toml
    CondaPkg Resolving changes
             ~ libstdcxx
             ~ libstdcxx-ng
             ~ openssl
             ~ python
    CondaPkg Initialising pixi
             │ /home/zhenwei/PDCS_fork/.julia-depot/artifacts/4ae17cee0bd922f66b2c72bf2f01c22481a5ec19/bin/pixi
             │ init
             │ --format pixi
             └ /home/zhenwei/PDCS_fork/.CondaPkg
✔ Created /home/zhenwei/PDCS_fork/.CondaPkg/pixi.toml
    CondaPkg Wrote /home/zhenwei/PDCS_fork/.CondaPkg/pixi.toml
             │ [dependencies]
             │ openssl = ">=3, <3.6"
             │ libstdcxx = ">=3.4,<15.0"
             │ libstdcxx-ng = ">=3.4,<15.0"
             │ 
             │     [dependencies.python]
             │     channel = "conda-forge"
             │     build = "*cp*"
             │     version = ">=3.10,!=3.14.0,!=3.14.1,<4"
             │ 
             │ [workspace]
             │ name = ".CondaPkg"
             │ platforms = ["linux-64"]
             │ channels = ["conda-forge"]
             │ channel-priority = "strict"
             └ description = "automatically generated by CondaPkg.jl"
    CondaPkg Installing packages
             │ /home/zhenwei/PDCS_fork/.julia-depot/artifacts/4ae17cee0bd922f66b2c72bf2f01c22481a5ec19/bin/pixi
             │ install
             └ --manifest-path /home/zhenwei/PDCS_fork/.CondaPkg/pixi.toml
✔ The default environment has been installed.
TABLE5_SOLVE_START solver=cupdcs instance=table5-m70000-n700000-r04 m=70000 n=700000 density=0.0001 seed=5050833866237992834 tolerance=1.0e-6 time_limit=600.0
TABLE5_INSTANCE_READY instance=table5-m70000-n700000-r04 nnz=4899939 lambda=0.0484942417627286 numerical_digest=aa0b5ec27bb5a37bbbef284f9f87437232cc609678d1b5351c5737423b955507 model_digest=e3d5739ac60fe5d0804eb578582b555218396798d7177a3381e0426274738d26 generation_seconds=2.9495952129364014
rescaling_method is not set, using default value: :ruiz_pock_chambolle. Note that if :use_scaling is false, this option is ignored.
kkt_restart_freq is not set, using default value: 500.
duality_gap_restart_freq is not set, using default value: 2000.
[ Info: logfile is set to nothing
[ Info: ---------------------------------------------------
[ Info: ------------- Parameter Info Summary --------------
[ Info: ---------------------------------------------------
[ Info: time limit: 600.0
[ Info: use_preconditioner: true
[ Info: use_adaptive_restart: true
[ Info: use_adaptive_step_size_weight: true
[ Info: use_aggressive: true
[ Info: use_restart: true
[ Info: use_adaptive_step: true
[ Info: use_reflection: true
[ Info: use_halpern: true
[ Info: use_resolving: true
[ Info: use_duality_gap_restart: true
[ Info: duality_gap_restart_freq: 2000
[ Info: use_kkt_restart: false
[ Info: kkt_restart_freq: 2000
[ Info: abs_tol: 1.0e-6
[ Info: rel_tol: 1.0e-6
[ Info: eps_primal_infeasible_low_acc: 1.0e-12
[ Info: eps_dual_infeasible_low_acc: 1.0e-12
[ Info: eps_primal_infeasible_high_acc: 1.0e-16
[ Info: eps_dual_infeasible_high_acc: 1.0e-16
[ Info: print_freq: 1000
[ Info: check_terminate_freq: 1000
[ Info: ---------------------------------------------------
[ Info: ------------- Model Info Summary -----------------
[ Info: ---------------------------------------------------
[ Info: variable number: 1470004
[ Info: constraint number: 1540005
[ Info: non-zero elements in G: 11339887
[ Info: Number of box constraints: 1470004
[ Info: Number of equal constraints: 70003
[ Info: Number of nonnegative constraints: 1400000
[ Info: Number of soc cone constraints: 1
[ Info: Number of rsoc cone constraints: 0
[ Info: Number of exp cone constraints: 0
[ Info: Number of dual exp cone constraints: 0
[ Info: Number of soc cone variables: 0
[ Info: Number of rsoc cone variables: 0
[ Info: Number of exp cone variables: 0
[ Info: Number of dual exp cone variables: 0
[ Info: ---------------------------------------------------
[ Info: Using preconditioner
[ Info: Warm start not enabled. Ignoring warm start values.
[ Info: Initializing primal and dual variables to zero.
[ Info: initial nrm1G: 6.436036330067612e6, initial nrmInfG: 1.0
[ Info: initial nrm1c: 67893.93846782004
[ Info: initial nrm1h: 228.02884494404512
[ Info: initial nrmInfc: 2.0
[ Info: max Dr_product:3.676604088552812
[ Info: norm Dr_product:2536.934353938343
[ Info: max Dl_product:10.895721338982092
[ Info: norm Dl_product:2536.9345508265014
[ Info: after scaling, norm1 c: 33572.61516735083
[ Info: after scaling, normInf c: 1.9996615778638578
[ Info: after scaling, norm1 G: 1.0121570556510547e6
[ Info: after scaling, normInf G: 1.0
[ Info: iter:0 rel_p_res(inf):5.000e-01 rel_d_res(inf):6.667e-01 primal_obj:0.000e+00 dual_obj:0.000e+00 rel_pd_gap:0.000e+00 time:0.00 restart_used:0
[ Info: ==================================================
[ Info: Start unified diagonal GPU loop for the ablation-compatible production path.
[ Info: iter:0 rel_p_res(inf):5.000e-01 rel_d_res(inf):6.667e-01 primal_obj:0.000e+00 dual_obj:0.000e+00 rel_pd_gap:0.000e+00 time:2.88 restart_used:0
[ Info: iter:1000 rel_p_res(inf):3.104e-04 rel_d_res(inf):1.381e-02 primal_obj:1.07424e+00 dual_obj:1.29661e+00 rel_pd_gap:9.682e-02 time:4.69 restart_used:0, restart_trigger_mean:0, restart_trigger_ergodic:0, diff_nrm_x_recovered:1.924e+00 diff_nrm_y_recovered:5.970e+01 nrm2_x_recovered:1.924e+00 nrm2_y_recovered:5.970e+01, nrmInf_x_recovered:1.096e+00 nrmInf_y_recovered:2.234e+00 dual_gap_ergodic:1.000e+30, dual_gap_mean:1.000e+30, dual_gap_restart_threshold:Inf, dual_gap_r:0.000e+00, kkt_error_ergodic:1.000e+30, kkt_error_mean:1.000e+30, kkt_error_restart_threshold:0.000e+00, tau:3.739e-02, sigma:3.084e+01
[ Info: iter:2000 rel_p_res(inf):1.668e-04 rel_d_res(inf):6.796e-03 primal_obj:1.12508e+00 dual_obj:1.23464e+00 rel_pd_gap:4.903e-02 time:6.23 restart_used:0, restart_trigger_mean:0, restart_trigger_ergodic:0, diff_nrm_x_recovered:1.216e-02 diff_nrm_y_recovered:2.096e-01 nrm2_x_recovered:1.931e+00 nrm2_y_recovered:5.963e+01, nrmInf_x_recovered:1.100e+00 nrmInf_y_recovered:2.221e+00 dual_gap_ergodic:1.000e+30, dual_gap_mean:1.000e+30, dual_gap_restart_threshold:Inf, dual_gap_r:0.000e+00, kkt_error_ergodic:1.000e+30, kkt_error_mean:1.000e+30, kkt_error_restart_threshold:0.000e+00, tau:4.115e-02, sigma:3.394e+01
[ Info: restart due to condition 1
[ Info: omega:28.721594786545626, x_diff_norm:2.7506907291862372, y_diff_norm:62.38357013911096
[ Info: iter:3000 rel_p_res(inf):6.770e-07 rel_d_res(inf):4.947e-05 primal_obj:1.16687e+00 dual_obj:1.16711e+00 rel_pd_gap:1.104e-04 time:7.21 restart_used:1, restart_trigger_mean:0, restart_trigger_ergodic:1, diff_nrm_x_recovered:1.108e-02 diff_nrm_y_recovered:2.141e-01 nrm2_x_recovered:1.938e+00 nrm2_y_recovered:5.956e+01, nrmInf_x_recovered:1.104e+00 nrmInf_y_recovered:2.209e+00 dual_gap_ergodic:8.122e-04, dual_gap_mean:4.932e-03, dual_gap_restart_threshold:8.122e-04, dual_gap_r:2.961e+02, kkt_error_ergodic:1.000e+30, kkt_error_mean:1.000e+30, kkt_error_restart_threshold:0.000e+00, tau:3.890e-02, sigma:2.534e+01
[ Info: iter:4000 rel_p_res(inf):3.195e-07 rel_d_res(inf):2.580e-05 primal_obj:1.16680e+00 dual_obj:1.16693e+00 rel_pd_gap:5.817e-05 time:8.08 restart_used:1, restart_trigger_mean:0, restart_trigger_ergodic:1, diff_nrm_x_recovered:1.466e-04 diff_nrm_y_recovered:2.206e-03 nrm2_x_recovered:1.938e+00 nrm2_y_recovered:5.956e+01, nrmInf_x_recovered:1.104e+00 nrmInf_y_recovered:2.209e+00 dual_gap_ergodic:8.122e-04, dual_gap_mean:4.932e-03, dual_gap_restart_threshold:8.122e-04, dual_gap_r:2.961e+02, kkt_error_ergodic:1.000e+30, kkt_error_mean:1.000e+30, kkt_error_restart_threshold:0.000e+00, tau:4.253e-02, sigma:2.771e+01
[ Info: restart due to condition 2
[ Info: omega:25.522223421313374, x_diff_norm:0.016139468839585194, y_diff_norm:0.32149326749608054
[ Info: iter:5000 rel_p_res(inf):6.160e-09 rel_d_res(inf):9.195e-08 primal_obj:1.16673e+00 dual_obj:1.16672e+00 rel_pd_gap:9.557e-07 time:9.01 restart_used:2, restart_trigger_mean:0, restart_trigger_ergodic:2, diff_nrm_x_recovered:1.420e-04 diff_nrm_y_recovered:2.327e-03 nrm2_x_recovered:1.938e+00 nrm2_y_recovered:5.956e+01, nrmInf_x_recovered:1.104e+00 nrmInf_y_recovered:2.208e+00 dual_gap_ergodic:5.459e-04, dual_gap_mean:3.497e-03, dual_gap_restart_threshold:5.459e-04, dual_gap_r:1.032e-02, kkt_error_ergodic:1.000e+30, kkt_error_mean:1.000e+30, kkt_error_restart_threshold:0.000e+00, tau:4.163e-02, sigma:2.116e+01
[ Info: ===============================================
[ Info: ---------------------------------------------------
[ Info: ------------- Solver Info Summary -----------------
[ Info: ---------------------------------------------------
[ Info: iter_num:                     5000
[ Info: exit_status:                  optimal
[ Info: l_2_abs_primal_res:           6.4558e-07
[ Info: l_2_rel_primal_res:           1.4209e-09
[ Info: l_inf_abs_primal_res:         1.2962e-08
[ Info: l_inf_rel_primal_res:         6.1599e-09
[ Info: l_2_abs_dual_res:             8.7358e-06
[ Info: l_2_rel_dual_res:             1.2867e-10
[ Info: l_inf_abs_dual_res:           2.7586e-07
[ Info: l_inf_rel_dual_res:           9.1955e-08
[ Info: rel_gap:                      9.5572e-07
[ Info: abs_gap:                      2.0708e-06
[ Info: primal_obj:                   1.1667e+00
[ Info: dual_obj:                     1.1667e+00
[ Info: time:                         9.0116
[ Info: ---------------------------------------------------
[ Info:  norm(sol.x.recovered_primal.primal_sol.x, Inf): 1.1042491720898089
[ Info:  norm(sol.y.recovered_dual.dual_sol.y, Inf): 2.208498522655478
[ Info: time for projection: 0.3086507320404053
[ Info: time for iterative: 4.010266065597534
[ Info: time for restart check: 0.20837807655334473
[ Info: time for exit check: 0.0
[ Info: time for print info calculation: 0.661719799041748
TABLE5_SOLVE_RESULT solver=cupdcs instance=table5-m70000-n700000-r04 termination=OPTIMAL primal_status=FEASIBLE_POINT iterations=5000 objective=1.1667251615177026 optimize_wall_seconds=65.81049609184265
TABLE5_SOLVE_FINISH solver=cupdcs instance=table5-m70000-n700000-r04 status=completed result=/home/zhenwei/PDCS_fork/benchmark/large_scale_lasso/table5_solver_results/cupdcs/table5-m70000-n700000-r04/attempt_20260729T195705Z_gpu2/result.toml
RESOURCE_SNAPSHOT label=solve_cupdcs_table5-m70000-n700000-r04 utc=2026-07-29T20:16:52Z
               total        used        free      shared  buff/cache   available
Mem:           2.0Ti        97Gi       445Gi        79Mi       1.4Ti       1.9Ti
Swap:             0B          0B          0B
Filesystem                    Size  Used Avail Use% Mounted on
/dev/mapper/ubuntu--vg-lv--0  778G  726G   13G  99% /home
SOLVE_CASE_COMPLETE solver=cupdcs id=table5-m70000-n700000-r04 utc=2026-07-29T20:16:52Z
GPU_PREFLIGHT 2, GPU-28d7051d-27e3-48ab-6616-6771b0a9e050, NVIDIA H100 80GB HBM3, 0, 81081, 0
SOLVE_CASE_START solver=scs_gpu id=table5-m70000-n700000-r04 gpu=2 utc=2026-07-29T20:16:52Z
TABLE5_SOLVE_START solver=scs_gpu instance=table5-m70000-n700000-r04 m=70000 n=700000 density=0.0001 seed=5050833866237992834 tolerance=1.0e-6 time_limit=600.0
TABLE5_INSTANCE_READY instance=table5-m70000-n700000-r04 nnz=4899939 lambda=0.0484942417627286 numerical_digest=aa0b5ec27bb5a37bbbef284f9f87437232cc609678d1b5351c5737423b955507 model_digest=e3d5739ac60fe5d0804eb578582b555218396798d7177a3381e0426274738d26 generation_seconds=2.8488540649414062
------------------------------------------------------------------
	       SCS v3.2.11 - Splitting Conic Solver
	(c) Brendan O'Donoghue, Stanford University, 2012
------------------------------------------------------------------
problem:  variables n: 1470004, constraints m: 1540005
cones: 	  z: primal zero / dual free vars: 70003
	  l: linear vars: 1400000
	  q: soc vars: 70002, qsize: 1
settings: eps_abs: 1.0e-06, eps_rel: 1.0e-06, eps_infeas: 1.0e-07
	  alpha: 1.50, scale: 1.00e-01, adaptive_scale: 1
	  max_iters: 100000, normalize: 1, rho_x: 1.00e-06
	  acceleration_lookback: 10, acceleration_interval: 10
	  time_limit_secs: 6.00e+02
	  compiled with openmp parallelization enabled
lin-sys:  sparse-indirect GPU
	  nnz(A): 11339887, nnz(P): 0
------------------------------------------------------------------
 iter | pri res | dua res |   gap   |   obj   |  scale  | time (s)
------------------------------------------------------------------
     0| 2.83e+01  2.00e+00  6.59e+04 -3.30e+04  1.00e-01  1.14e+03 
------------------------------------------------------------------
status:  solved (inaccurate - reached time_limit_secs)
timings: total: 1.14e+03s = setup: 3.38e+00s + solve: 1.13e+03s
	 lin-sys: 4.03e-02s, cones: 1.80e-02s, accel: 6.10e-08s
------------------------------------------------------------------
objective = -32963.049658 (inaccurate)
------------------------------------------------------------------
TABLE5_SOLVE_RESULT solver=scs_gpu instance=table5-m70000-n700000-r04 termination=TIME_LIMIT primal_status=FEASIBLE_POINT iterations=0 objective=-65926.30371813866 optimize_wall_seconds=1143.9490377902985
TABLE5_SOLVE_FINISH solver=scs_gpu instance=table5-m70000-n700000-r04 status=completed result=/home/zhenwei/PDCS_fork/benchmark/large_scale_lasso/table5_solver_results/scs_gpu/table5-m70000-n700000-r04/attempt_20260729T195705Z_gpu2/result.toml
RESOURCE_SNAPSHOT label=solve_scs_gpu_table5-m70000-n700000-r04 utc=2026-07-29T20:36:28Z
               total        used        free      shared  buff/cache   available
Mem:           2.0Ti       375Gi       200Gi        75Mi       1.4Ti       1.6Ti
Swap:             0B          0B          0B
Filesystem                    Size  Used Avail Use% Mounted on
/dev/mapper/ubuntu--vg-lv--0  778G  726G   13G  99% /home
SOLVE_CASE_COMPLETE solver=scs_gpu id=table5-m70000-n700000-r04 utc=2026-07-29T20:36:28Z
GPU_PREFLIGHT 2, GPU-28d7051d-27e3-48ab-6616-6771b0a9e050, NVIDIA H100 80GB HBM3, 0, 81081, 0
SOLVE_CASE_START solver=cuclarabel id=table5-m70000-n700000-r04 gpu=2 utc=2026-07-29T20:36:28Z
TABLE5_SOLVE_START solver=cuclarabel instance=table5-m70000-n700000-r04 m=70000 n=700000 density=0.0001 seed=5050833866237992834 tolerance=1.0e-6 time_limit=600.0
TABLE5_INSTANCE_READY instance=table5-m70000-n700000-r04 nnz=4899939 lambda=0.0484942417627286 numerical_digest=aa0b5ec27bb5a37bbbef284f9f87437232cc609678d1b5351c5737423b955507 model_digest=e3d5739ac60fe5d0804eb578582b555218396798d7177a3381e0426274738d26 generation_seconds=2.948941946029663
-------------------------------------------------------------
           Clarabel.jl v0.11.0  -  Clever Acronym              

                   (c) Paul Goulart                          
                University of Oxford, 2022                   
-------------------------------------------------------------

problem:
  variables     = 1470004
  constraints   = 1540005
  nnz(P)        = 0
  nnz(A)        = 11339887
  cones (total) = 3
    : Zero        = 1,  numel = 70003
    : Nonnegative = 1,  numel = 1400000
    : SecondOrder = 1,  numel = 70002

settings:
  linear algebra: direct / cudss, precision: 64 bit 
  max iter = 200, time limit = 600.000000,  max step = 0.990
  tol_feas = 1.0e-06, tol_gap_abs = 1.0e-06, tol_gap_rel = 1.0e-06,
  static reg : on, ϵ1 = 1.0e-08, ϵ2 = 4.9e-32
  dynamic reg: on, ϵ = 1.0e-13, δ = 2.0e-07
  iter refine: on, reltol = 1.0e-12, abstol = 1.0e-12, 
               max iter = 10, stop ratio = 5.0
  equilibrate: on, min_scale = 1.0e-04, max_scale = 1.0e+04
               max iter = 10

iter    pcost        dcost       gap       pres      dres      k/t        μ       step      
---------------------------------------------------------------------------------------------
  0   1.3010e-18  -4.0688e-16  4.08e-16  9.98e-01  9.51e-01  1.00e+00  1.05e+00   ------   
  1  -5.6388e+00  -8.6773e-01  4.77e+00  9.87e-01  8.17e-01  5.00e+00  9.12e-01  9.90e-01  
  2  -4.6743e+01  -5.9884e+00  6.81e+00  7.36e-01  3.97e-01  4.08e+01  5.21e-01  9.90e-01  
  3  -1.9576e+01  -2.1535e+00  8.09e+00  2.21e-01  4.26e-02  1.74e+01  5.44e-02  9.90e-01  
  4  -1.6840e+00   3.4277e-01  2.03e+00  8.81e-02  5.77e-03  2.03e+00  6.79e-03  8.81e-01  
  5   4.1480e-01   8.8922e-01  4.74e-01  2.10e-02  1.40e-03  4.74e-01  1.66e-03  7.65e-01  
  6   8.3470e-01   1.0457e+00  2.11e-01  1.22e-02  8.32e-04  2.11e-01  9.97e-04  5.55e-01  
  7   1.0687e+00   1.1326e+00  5.97e-02  5.42e-03  3.76e-04  6.38e-02  4.55e-04  6.97e-01  
  8   1.1538e+00   1.1626e+00  7.65e-03  1.20e-03  8.42e-05  8.83e-03  1.02e-04  8.62e-01  
  9   1.1665e+00   1.1667e+00  1.26e-04  6.30e-05  4.46e-06  1.47e-04  5.43e-06  9.83e-01  
 10   1.1667e+00   1.1667e+00  3.21e-06  1.62e-06  1.14e-07  3.75e-06  1.39e-07  9.74e-01  
 11   1.1667e+00   1.1667e+00  2.67e-07  1.40e-07  9.90e-09  3.12e-07  1.20e-08  9.17e-01  
---------------------------------------------------------------------------------------------
Terminated with status = solved
total time =   262s (setup time =   149s, solve time =  97.0s)
TABLE5_SOLVE_RESULT solver=cuclarabel instance=table5-m70000-n700000-r04 termination=OPTIMAL primal_status=FEASIBLE_POINT iterations=11 objective=1.1667224736920676 optimize_wall_seconds=279.29448986053467
TABLE5_SOLVE_FINISH solver=cuclarabel instance=table5-m70000-n700000-r04 status=completed result=/home/zhenwei/PDCS_fork/benchmark/large_scale_lasso/table5_solver_results/cuclarabel/table5-m70000-n700000-r04/attempt_20260729T195705Z_gpu2/result.toml
RESOURCE_SNAPSHOT label=solve_cuclarabel_table5-m70000-n700000-r04 utc=2026-07-29T20:41:43Z
               total        used        free      shared  buff/cache   available
Mem:           2.0Ti       410Gi       177Gi        91Mi       1.4Ti       1.6Ti
Swap:             0B          0B          0B
Filesystem                    Size  Used Avail Use% Mounted on
/dev/mapper/ubuntu--vg-lv--0  778G  726G   13G  99% /home
SOLVE_CASE_COMPLETE solver=cuclarabel id=table5-m70000-n700000-r04 utc=2026-07-29T20:41:43Z
GPU_PREFLIGHT 2, GPU-28d7051d-27e3-48ab-6616-6771b0a9e050, NVIDIA H100 80GB HBM3, 0, 81081, 0
SOLVE_CASE_START solver=cupdcs id=table5-m400000-n7000000-r05 gpu=2 utc=2026-07-29T20:41:43Z
    CondaPkg Found dependencies: /home/zhenwei/PDCS_fork/.julia-depot/packages/PythonCall/5WGSP/CondaPkg.toml
    CondaPkg Found dependencies: /home/zhenwei/PDCS_fork/.julia-depot/packages/CondaPkg/lKlVY/CondaPkg.toml
    CondaPkg Resolving changes
             ~ libstdcxx
             ~ libstdcxx-ng
             ~ openssl
             ~ python
    CondaPkg Initialising pixi
             │ /home/zhenwei/PDCS_fork/.julia-depot/artifacts/4ae17cee0bd922f66b2c72bf2f01c22481a5ec19/bin/pixi
             │ init
             │ --format pixi
             └ /home/zhenwei/PDCS_fork/.CondaPkg
✔ Created /home/zhenwei/PDCS_fork/.CondaPkg/pixi.toml
    CondaPkg Wrote /home/zhenwei/PDCS_fork/.CondaPkg/pixi.toml
             │ [dependencies]
             │ openssl = ">=3, <3.6"
             │ libstdcxx = ">=3.4,<15.0"
             │ libstdcxx-ng = ">=3.4,<15.0"
             │ 
             │     [dependencies.python]
             │     channel = "conda-forge"
             │     build = "*cp*"
             │     version = ">=3.10,!=3.14.0,!=3.14.1,<4"
             │ 
             │ [workspace]
             │ name = ".CondaPkg"
             │ platforms = ["linux-64"]
             │ channels = ["conda-forge"]
             │ channel-priority = "strict"
             └ description = "automatically generated by CondaPkg.jl"
    CondaPkg Installing packages
             │ /home/zhenwei/PDCS_fork/.julia-depot/artifacts/4ae17cee0bd922f66b2c72bf2f01c22481a5ec19/bin/pixi
             │ install
             └ --manifest-path /home/zhenwei/PDCS_fork/.CondaPkg/pixi.toml
✔ The default environment has been installed.
TABLE5_SOLVE_START solver=cupdcs instance=table5-m400000-n7000000-r05 m=400000 n=7000000 density=0.0001 seed=1459784771767232267 tolerance=1.0e-6 time_limit=600.0
TABLE5_INSTANCE_READY instance=table5-m400000-n7000000-r05 nnz=280000120 lambda=0.09952751335115233 numerical_digest=0b0c76bef477cf747dad0a404269280e19ccd0dac4567e83e1a0747af97b5bd5 model_digest=18ea90538610e3086b2d190af7232286ee825606a66a2c231cb482047cceedad generation_seconds=61.75396203994751
rescaling_method is not set, using default value: :ruiz_pock_chambolle. Note that if :use_scaling is false, this option is ignored.
kkt_restart_freq is not set, using default value: 500.
duality_gap_restart_freq is not set, using default value: 2000.
[ Info: logfile is set to nothing
[ Info: ---------------------------------------------------
[ Info: ------------- Parameter Info Summary --------------
[ Info: ---------------------------------------------------
[ Info: time limit: 600.0
[ Info: use_preconditioner: true
[ Info: use_adaptive_restart: true
[ Info: use_adaptive_step_size_weight: true
[ Info: use_aggressive: true
[ Info: use_restart: true
[ Info: use_adaptive_step: true
[ Info: use_reflection: true
[ Info: use_halpern: true
[ Info: use_resolving: true
[ Info: use_duality_gap_restart: true
[ Info: duality_gap_restart_freq: 2000
[ Info: use_kkt_restart: false
[ Info: kkt_restart_freq: 2000
[ Info: abs_tol: 1.0e-6
[ Info: rel_tol: 1.0e-6
[ Info: eps_primal_infeasible_low_acc: 1.0e-12
[ Info: eps_dual_infeasible_low_acc: 1.0e-12
[ Info: eps_primal_infeasible_high_acc: 1.0e-16
[ Info: eps_dual_infeasible_high_acc: 1.0e-16
[ Info: print_freq: 1000
[ Info: check_terminate_freq: 1000
[ Info: ---------------------------------------------------
[ Info: ------------- Model Info Summary -----------------
[ Info: ---------------------------------------------------
[ Info: variable number: 14400004
[ Info: constraint number: 14800005
[ Info: non-zero elements in G: 574800249
[ Info: Number of box constraints: 14400004
[ Info: Number of equal constraints: 400003
[ Info: Number of nonnegative constraints: 14000000
[ Info: Number of soc cone constraints: 1
[ Info: Number of rsoc cone constraints: 0
[ Info: Number of exp cone constraints: 0
[ Info: Number of dual exp cone constraints: 0
[ Info: Number of soc cone variables: 0
[ Info: Number of rsoc cone variables: 0
[ Info: Number of exp cone variables: 0
[ Info: Number of dual exp cone variables: 0
[ Info: ---------------------------------------------------
[ Info: Using preconditioner
[ Info: Warm start not enabled. Ignoring warm start values.
[ Info: Initializing primal and dual variables to zero.
[ Info: initial nrm1G: 2.948294818533353e8, initial nrmInfG: 1.0
[ Info: initial nrm1c: 1.3933871869161306e6
[ Info: initial nrm1h: 1305.8152241922637
[ Info: initial nrmInfc: 2.0
[ Info: max Dr_product:6.454227930609419
[ Info: norm Dr_product:17170.59933256438
[ Info: max Dl_product:28.921220988931353
[ Info: norm Dl_product:17170.599361654356
[ Info: after scaling, norm1 c: 307629.1415505159
[ Info: after scaling, normInf c: 1.9996615778638578
[ Info: after scaling, norm1 G: 5.681012319170054e6
[ Info: after scaling, normInf G: 0.7071067811865475
[ Info: iter:0 rel_p_res(inf):5.000e-01 rel_d_res(inf):6.667e-01 primal_obj:0.000e+00 dual_obj:0.000e+00 rel_pd_gap:0.000e+00 time:0.00 restart_used:0
[ Info: ==================================================
[ Info: Start unified diagonal GPU loop for the ablation-compatible production path.
[ Info: iter:0 rel_p_res(inf):5.000e-01 rel_d_res(inf):6.667e-01 primal_obj:0.000e+00 dual_obj:0.000e+00 rel_pd_gap:0.000e+00 time:3.88 restart_used:0
[ Info: iter:1000 rel_p_res(inf):2.307e-04 rel_d_res(inf):1.025e-01 primal_obj:5.43657e+00 dual_obj:9.09968e+00 rel_pd_gap:3.627e-01 time:90.69 restart_used:0, restart_trigger_mean:0, restart_trigger_ergodic:0, diff_nrm_x_recovered:4.486e+00 diff_nrm_y_recovered:3.952e+02 nrm2_x_recovered:4.486e+00 nrm2_y_recovered:3.952e+02, nrmInf_x_recovered:2.552e+00 nrmInf_y_recovered:6.310e+00 dual_gap_ergodic:1.000e+30, dual_gap_mean:1.000e+30, dual_gap_restart_threshold:Inf, dual_gap_r:0.000e+00, kkt_error_ergodic:1.000e+30, kkt_error_mean:1.000e+30, kkt_error_restart_threshold:0.000e+00, tau:1.071e-02, sigma:7.236e+01
[ Info: iter:2000 rel_p_res(inf):9.509e-05 rel_d_res(inf):5.353e-02 primal_obj:5.91299e+00 dual_obj:7.93880e+00 rel_pd_gap:2.266e-01 time:176.80 restart_used:0, restart_trigger_mean:0, restart_trigger_ergodic:0, diff_nrm_x_recovered:5.058e-01 diff_nrm_y_recovered:1.075e+01 nrm2_x_recovered:4.937e+00 nrm2_y_recovered:3.925e+02, nrmInf_x_recovered:2.881e+00 nrmInf_y_recovered:6.357e+00 dual_gap_ergodic:1.000e+30, dual_gap_mean:1.000e+30, dual_gap_restart_threshold:Inf, dual_gap_r:0.000e+00, kkt_error_ergodic:1.000e+30, kkt_error_mean:1.000e+30, kkt_error_restart_threshold:0.000e+00, tau:1.182e-02, sigma:7.984e+01
[ Info: restart due to condition 1
[ Info: omega:82.18455887924867, x_diff_norm:6.39796738732233, y_diff_norm:419.198340803042
[ Info: iter:3000 rel_p_res(inf):1.092e-05 rel_d_res(inf):7.202e-03 primal_obj:6.68624e+00 dual_obj:6.83148e+00 rel_pd_gap:1.855e-02 time:263.51 restart_used:1, restart_trigger_mean:0, restart_trigger_ergodic:1, diff_nrm_x_recovered:3.975e-01 diff_nrm_y_recovered:1.047e+01 nrm2_x_recovered:5.293e+00 nrm2_y_recovered:3.897e+02, nrmInf_x_recovered:3.141e+00 nrmInf_y_recovered:6.427e+00 dual_gap_ergodic:5.760e-04, dual_gap_mean:3.281e-03, dual_gap_restart_threshold:5.760e-04, dual_gap_r:5.650e+03, kkt_error_ergodic:1.000e+30, kkt_error_mean:1.000e+30, kkt_error_restart_threshold:0.000e+00, tau:1.796e-02, sigma:9.670e+01
[ Info: iter:4000 rel_p_res(inf):3.930e-06 rel_d_res(inf):3.611e-03 primal_obj:6.67038e+00 dual_obj:6.74412e+00 rel_pd_gap:9.521e-03 time:347.98 restart_used:1, restart_trigger_mean:0, restart_trigger_ergodic:1, diff_nrm_x_recovered:3.181e-02 diff_nrm_y_recovered:1.325e+00 nrm2_x_recovered:5.316e+00 nrm2_y_recovered:3.894e+02, nrmInf_x_recovered:3.158e+00 nrmInf_y_recovered:6.389e+00 dual_gap_ergodic:5.760e-04, dual_gap_mean:3.281e-03, dual_gap_restart_threshold:5.760e-04, dual_gap_r:5.650e+03, kkt_error_ergodic:1.000e+30, kkt_error_mean:1.000e+30, kkt_error_restart_threshold:0.000e+00, tau:1.330e-02, sigma:7.164e+01
[ Info: iter:5000 rel_p_res(inf):2.603e-06 rel_d_res(inf):2.419e-03 primal_obj:6.66533e+00 dual_obj:6.71489e+00 rel_pd_gap:6.424e-03 time:433.80 restart_used:1, restart_trigger_mean:0, restart_trigger_ergodic:1, diff_nrm_x_recovered:1.008e-02 diff_nrm_y_recovered:4.430e-01 nrm2_x_recovered:5.324e+00 nrm2_y_recovered:3.893e+02, nrmInf_x_recovered:3.163e+00 nrmInf_y_recovered:6.375e+00 dual_gap_ergodic:5.816e-04, dual_gap_mean:1.464e-03, dual_gap_restart_threshold:5.760e-04, dual_gap_r:5.650e+03, kkt_error_ergodic:1.000e+30, kkt_error_mean:1.000e+30, kkt_error_restart_threshold:0.000e+00, tau:1.521e-02, sigma:8.190e+01
[ Info: iter:6000 rel_p_res(inf):1.959e-06 rel_d_res(inf):1.812e-03 primal_obj:6.66290e+00 dual_obj:6.70004e+00 rel_pd_gap:4.823e-03 time:518.26 restart_used:1, restart_trigger_mean:0, restart_trigger_ergodic:1, diff_nrm_x_recovered:5.031e-03 diff_nrm_y_recovered:2.257e-01 nrm2_x_recovered:5.327e+00 nrm2_y_recovered:3.892e+02, nrmInf_x_recovered:3.166e+00 nrmInf_y_recovered:6.368e+00 dual_gap_ergodic:5.816e-04, dual_gap_mean:1.464e-03, dual_gap_restart_threshold:5.760e-04, dual_gap_r:5.650e+03, kkt_error_ergodic:1.000e+30, kkt_error_mean:1.000e+30, kkt_error_restart_threshold:0.000e+00, tau:1.510e-02, sigma:8.133e+01
[ Info: restart due to condition 2
[ Info: omega:73.38104307396578, x_diff_norm:0.5776727978035991, y_diff_norm:19.38663188245434
[ Info: iter:7000 rel_p_res(inf):6.300e-07 rel_d_res(inf):1.141e-04 primal_obj:6.65776e+00 dual_obj:6.65838e+00 rel_pd_gap:8.149e-05 time:605.05 restart_used:2, restart_trigger_mean:0, restart_trigger_ergodic:2, diff_nrm_x_recovered:1.406e-02 diff_nrm_y_recovered:6.221e-01 nrm2_x_recovered:5.338e+00 nrm2_y_recovered:3.891e+02, nrmInf_x_recovered:3.173e+00 nrmInf_y_recovered:6.349e+00 dual_gap_ergodic:3.452e-04, dual_gap_mean:1.300e-03, dual_gap_restart_threshold:3.452e-04, dual_gap_r:2.688e+01, kkt_error_ergodic:1.000e+30, kkt_error_mean:1.000e+30, kkt_error_restart_threshold:0.000e+00, tau:2.394e-02, sigma:5.895e+01
[ Info: ===============================================
[ Info: ---------------------------------------------------
[ Info: ------------- Solver Info Summary -----------------
[ Info: ---------------------------------------------------
[ Info: iter_num:                     7000
[ Info: exit_status:                  time_limit
[ Info: l_2_abs_primal_res:           4.1933e-04
[ Info: l_2_rel_primal_res:           1.6205e-07
[ Info: l_inf_abs_primal_res:         2.4892e-06
[ Info: l_inf_rel_primal_res:         6.3000e-07
[ Info: l_2_abs_dual_res:             5.3647e-03
[ Info: l_2_rel_dual_res:             3.8501e-09
[ Info: l_inf_abs_dual_res:           3.4244e-04
[ Info: l_inf_rel_dual_res:           1.1414e-04
[ Info: rel_gap:                      8.1487e-05
[ Info: abs_gap:                      6.2406e-04
[ Info: primal_obj:                   6.6578e+00
[ Info: dual_obj:                     6.6584e+00
[ Info: time:                         605.0485
[ Info: ---------------------------------------------------
[ Info:  norm(sol.x.recovered_primal.primal_sol.x, Inf): 3.173431168866193
[ Info:  norm(sol.y.recovered_dual.dual_sol.y, Inf): 6.349187215116515
[ Info: time for projection: 2.155291795730591
[ Info: time for iterative: 582.8360781669617
[ Info: time for restart check: 2.217542886734009
[ Info: time for exit check: 0.0
[ Info: time for print info calculation: 1.520002841949463
TABLE5_SOLVE_RESULT solver=cupdcs instance=table5-m400000-n7000000-r05 termination=TIME_LIMIT primal_status=INFEASIBILITY_CERTIFICATE iterations=7000 objective=6.657757575632744 optimize_wall_seconds=1841.0026910305023
TABLE5_SOLVE_FINISH solver=cupdcs instance=table5-m400000-n7000000-r05 status=completed result=/home/zhenwei/PDCS_fork/benchmark/large_scale_lasso/table5_solver_results/cupdcs/table5-m400000-n7000000-r05/attempt_20260729T195705Z_gpu2/result.toml
RESOURCE_SNAPSHOT label=solve_cupdcs_table5-m400000-n7000000-r05 utc=2026-07-29T21:24:55Z
               total        used        free      shared  buff/cache   available
Mem:           2.0Ti       763Gi       175Gi       111Mi       1.1Ti       1.2Ti
Swap:             0B          0B          0B
Filesystem                    Size  Used Avail Use% Mounted on
/dev/mapper/ubuntu--vg-lv--0  778G  726G   13G  99% /home
SOLVE_CASE_COMPLETE solver=cupdcs id=table5-m400000-n7000000-r05 utc=2026-07-29T21:24:55Z
SOLVE_SKIP_DONE solver=scs_gpu id=table5-m400000-n7000000-r05
SOLVE_SKIP_DONE solver=cuclarabel id=table5-m400000-n7000000-r05
SOLVE_SKIP_DONE solver=cupdcs id=table5-m750000-n7500000-r01
SOLVE_SKIP_DONE solver=scs_gpu id=table5-m750000-n7500000-r01
SOLVE_SKIP_DONE solver=cuclarabel id=table5-m750000-n7500000-r01
TABLE5_SOLVE_PHASE_COMPLETE cases=4 storage=no_cbf utc=2026-07-29T21:24:55Z
/home/zhenwei/PDCS_fork/benchmark/large_scale_lasso/run_table5_lasso.sh: line 743: unexpected EOF while looking for matching `"'
/home/zhenwei/PDCS_fork/benchmark/large_scale_lasso/run_table5_lasso.sh: line 744: syntax error: unexpected end of file
