TABLE5_SOLVE_PHASE_START storage=no_cbf utc=2026-07-29T19:57:06Z
JULIA_VERSION julia version 1.12.5
KEEP_EXISTING_MANIFEST config=/home/zhenwei/PDCS_fork/benchmark/large_scale_lasso/lasso_table5.toml
id	m	n	density	replicate	seed
table5-m10000-n100000-r01	10000	100000	0.0001	1	1456099608458829617
table5-m10000-n100000-r02	10000	100000	0.0001	2	3774683599633055197
table5-m10000-n100000-r03	10000	100000	0.0001	3	7352328007339572649
table5-m10000-n100000-r04	10000	100000	0.0001	4	8539239721064585772
table5-m10000-n100000-r05	10000	100000	0.0001	5	2682075302358372869
table5-m70000-n700000-r01	70000	700000	0.0001	1	6866308190711936842
table5-m70000-n700000-r02	70000	700000	0.0001	2	3717777317041247579
table5-m70000-n700000-r03	70000	700000	0.0001	3	6230819915418504357
table5-m70000-n700000-r04	70000	700000	0.0001	4	5050833866237992834
table5-m70000-n700000-r05	70000	700000	0.0001	5	3478211357477831271
table5-m400000-n7000000-r01	400000	7000000	0.0001	1	2810953517340410803
table5-m400000-n7000000-r02	400000	7000000	0.0001	2	6916851584803374380
table5-m400000-n7000000-r03	400000	7000000	0.0001	3	2252237519727520935
table5-m400000-n7000000-r04	400000	7000000	0.0001	4	9202490041639810005
table5-m400000-n7000000-r05	400000	7000000	0.0001	5	1459784771767232267
table5-m700000-n7000000-r01	700000	7000000	0.0001	1	2694979877904449328
table5-m700000-n7000000-r02	700000	7000000	0.0001	2	706412229318414900
table5-m700000-n7000000-r03	700000	7000000	0.0001	3	2776373863867649000
table5-m700000-n7000000-r04	700000	7000000	0.0001	4	780990368380045832
table5-m700000-n7000000-r05	700000	7000000	0.0001	5	6974796360093007817
table5-m750000-n7500000-r01	750000	7500000	0.0001	1	3464449634565370456
table5-m750000-n7500000-r02	750000	7500000	0.0001	2	7063733435616014003
table5-m750000-n7500000-r03	750000	7500000	0.0001	3	7306719367855031537
table5-m750000-n7500000-r04	750000	7500000	0.0001	4	66351557481754279
table5-m750000-n7500000-r05	750000	7500000	0.0001	5	7133432016813647455
TABLE5_MANIFEST_VALID instances=25 unique_ids=25 unique_seeds=25
GPU_PREFLIGHT 5, GPU-84fc7112-00ba-4e9e-0a3b-615cd5f7d9c2, NVIDIA H100 80GB HBM3, 0, 81081, 0
SOLVE_CASE_START solver=cupdcs id=table5-m70000-n700000-r01 gpu=5 utc=2026-07-29T19:57:07Z
┌ Info: CondaPkg: Waiting for lock to be freed. You may delete this file if no other process is resolving.
└   lock_file = "/home/zhenwei/PDCS_fork/.CondaPkg/lock"
TABLE5_SOLVE_START solver=cupdcs instance=table5-m70000-n700000-r01 m=70000 n=700000 density=0.0001 seed=6866308190711936842 tolerance=1.0e-6 time_limit=600.0
TABLE5_INSTANCE_READY instance=table5-m70000-n700000-r01 nnz=4902322 lambda=0.048930288571691086 numerical_digest=ea5f479114a93712157200d34dbe16e3ebf17d96129dc5d4a094c4d65e25ed47 model_digest=cf54c6000f9f42006e0157ee389b8aaa86a5ed7fda60cabdb3cd86a3151c0f1c generation_seconds=2.8544609546661377
rescaling_method is not set, using default value: :ruiz_pock_chambolle. Note that if :use_scaling is false, this option is ignored.
kkt_restart_freq is not set, using default value: 500.
duality_gap_restart_freq is not set, using default value: 2000.
[ Info: logfile is set to nothing
[ Info: ---------------------------------------------------
[ Info: ------------- Parameter Info Summary --------------
[ Info: ---------------------------------------------------
[ Info: time limit: 600.0
[ Info: use_preconditioner: true
[ Info: use_adaptive_restart: true
[ Info: use_adaptive_step_size_weight: true
[ Info: use_aggressive: true
[ Info: use_restart: true
[ Info: use_adaptive_step: true
[ Info: use_reflection: true
[ Info: use_halpern: true
[ Info: use_resolving: true
[ Info: use_duality_gap_restart: true
[ Info: duality_gap_restart_freq: 2000
[ Info: use_kkt_restart: false
[ Info: kkt_restart_freq: 2000
[ Info: abs_tol: 1.0e-6
[ Info: rel_tol: 1.0e-6
[ Info: eps_primal_infeasible_low_acc: 1.0e-12
[ Info: eps_dual_infeasible_low_acc: 1.0e-12
[ Info: eps_primal_infeasible_high_acc: 1.0e-16
[ Info: eps_dual_infeasible_high_acc: 1.0e-16
[ Info: print_freq: 1000
[ Info: check_terminate_freq: 1000
[ Info: ---------------------------------------------------
[ Info: ------------- Model Info Summary -----------------
[ Info: ---------------------------------------------------
[ Info: variable number: 1470004
[ Info: constraint number: 1540005
[ Info: non-zero elements in G: 11344653
[ Info: Number of box constraints: 1470004
[ Info: Number of equal constraints: 70003
[ Info: Number of nonnegative constraints: 1400000
[ Info: Number of soc cone constraints: 1
[ Info: Number of rsoc cone constraints: 0
[ Info: Number of exp cone constraints: 0
[ Info: Number of dual exp cone constraints: 0
[ Info: Number of soc cone variables: 0
[ Info: Number of rsoc cone variables: 0
[ Info: Number of exp cone variables: 0
[ Info: Number of dual exp cone variables: 0
[ Info: ---------------------------------------------------
[ Info: Using preconditioner
[ Info: Warm start not enabled. Ignoring warm start values.
[ Info: Initializing primal and dual variables to zero.
[ Info: initial nrm1G: 6.442085373418478e6, initial nrmInfG: 1.0
[ Info: initial nrm1c: 68504.40400036749
[ Info: initial nrm1h: 228.03090249002963
[ Info: initial nrmInfc: 2.0
[ Info: max Dr_product:3.6727120289805866
[ Info: norm Dr_product:2538.1262694246375
[ Info: max Dl_product:10.860378574929356
[ Info: norm Dl_product:2538.1264662203357
[ Info: after scaling, norm1 c: 33860.297885530934
[ Info: after scaling, normInf c: 1.9996615778638578
[ Info: after scaling, norm1 G: 1.0119023485714467e6
[ Info: after scaling, normInf G: 1.0
[ Info: iter:0 rel_p_res(inf):5.000e-01 rel_d_res(inf):6.667e-01 primal_obj:0.000e+00 dual_obj:0.000e+00 rel_pd_gap:0.000e+00 time:0.00 restart_used:0
[ Info: ==================================================
[ Info: Start unified diagonal GPU loop for the ablation-compatible production path.
[ Info: iter:0 rel_p_res(inf):5.000e-01 rel_d_res(inf):6.667e-01 primal_obj:0.000e+00 dual_obj:0.000e+00 rel_pd_gap:0.000e+00 time:2.71 restart_used:0
[ Info: iter:1000 rel_p_res(inf):2.663e-04 rel_d_res(inf):1.287e-02 primal_obj:1.08067e+00 dual_obj:1.29677e+00 rel_pd_gap:9.409e-02 time:4.60 restart_used:0, restart_trigger_mean:0, restart_trigger_ergodic:0, diff_nrm_x_recovered:1.926e+00 diff_nrm_y_recovered:6.021e+01 nrm2_x_recovered:1.926e+00 nrm2_y_recovered:6.021e+01, nrmInf_x_recovered:1.097e+00 nrmInf_y_recovered:2.235e+00 dual_gap_ergodic:1.000e+30, dual_gap_mean:1.000e+30, dual_gap_restart_threshold:Inf, dual_gap_r:0.000e+00, kkt_error_ergodic:1.000e+30, kkt_error_mean:1.000e+30, kkt_error_restart_threshold:0.000e+00, tau:4.244e-02, sigma:3.561e+01
[ Info: iter:2000 rel_p_res(inf):2.006e-04 rel_d_res(inf):9.289e-03 primal_obj:1.10954e+00 dual_obj:1.24945e+00 rel_pd_gap:6.220e-02 time:6.05 restart_used:0, restart_trigger_mean:0, restart_trigger_ergodic:0, diff_nrm_x_recovered:1.147e-02 diff_nrm_y_recovered:2.556e-01 nrm2_x_recovered:1.932e+00 nrm2_y_recovered:6.013e+01, nrmInf_x_recovered:1.101e+00 nrmInf_y_recovered:2.219e+00 dual_gap_ergodic:1.000e+30, dual_gap_mean:1.000e+30, dual_gap_restart_threshold:Inf, dual_gap_r:0.000e+00, kkt_error_ergodic:1.000e+30, kkt_error_mean:1.000e+30, kkt_error_restart_threshold:0.000e+00, tau:3.161e-02, sigma:2.653e+01
[ Info: restart due to condition 1
[ Info: omega:28.96885723560685, x_diff_norm:2.751726757668653, y_diff_norm:62.86131151098718
[ Info: iter:3000 rel_p_res(inf):5.077e-06 rel_d_res(inf):2.965e-04 primal_obj:1.16606e+00 dual_obj:1.16822e+00 rel_pd_gap:9.969e-04 time:7.12 restart_used:1, restart_trigger_mean:1, restart_trigger_ergodic:0, diff_nrm_x_recovered:1.027e-02 diff_nrm_y_recovered:2.009e-01 nrm2_x_recovered:1.939e+00 nrm2_y_recovered:6.007e+01, nrmInf_x_recovered:1.105e+00 nrmInf_y_recovered:2.211e+00 dual_gap_ergodic:3.014e-03, dual_gap_mean:2.967e-03, dual_gap_restart_threshold:3.021e-03, dual_gap_r:3.792e+02, kkt_error_ergodic:1.000e+30, kkt_error_mean:1.000e+30, kkt_error_restart_threshold:0.000e+00, tau:3.698e-02, sigma:2.448e+01
[ Info: iter:4000 rel_p_res(inf):1.833e-06 rel_d_res(inf):1.252e-04 primal_obj:1.16577e+00 dual_obj:1.16666e+00 rel_pd_gap:4.075e-04 time:8.01 restart_used:1, restart_trigger_mean:1, restart_trigger_ergodic:0, diff_nrm_x_recovered:6.329e-04 diff_nrm_y_recovered:1.305e-02 nrm2_x_recovered:1.939e+00 nrm2_y_recovered:6.006e+01, nrmInf_x_recovered:1.105e+00 nrmInf_y_recovered:2.210e+00 dual_gap_ergodic:3.014e-03, dual_gap_mean:2.967e-03, dual_gap_restart_threshold:3.021e-03, dual_gap_r:3.792e+02, kkt_error_ergodic:1.000e+30, kkt_error_mean:1.000e+30, kkt_error_restart_threshold:0.000e+00, tau:5.011e-02, sigma:3.316e+01
[ Info: iter:5000 rel_p_res(inf):1.320e-06 rel_d_res(inf):9.420e-05 primal_obj:1.16576e+00 dual_obj:1.16639e+00 rel_pd_gap:2.922e-04 time:8.91 restart_used:1, restart_trigger_mean:1, restart_trigger_ergodic:0, diff_nrm_x_recovered:1.974e-04 diff_nrm_y_recovered:4.128e-03 nrm2_x_recovered:1.939e+00 nrm2_y_recovered:6.006e+01, nrmInf_x_recovered:1.105e+00 nrmInf_y_recovered:2.210e+00 dual_gap_ergodic:1.775e-02, dual_gap_mean:2.840e-03, dual_gap_restart_threshold:3.021e-03, dual_gap_r:3.792e+02, kkt_error_ergodic:1.000e+30, kkt_error_mean:1.000e+30, kkt_error_restart_threshold:0.000e+00, tau:4.655e-02, sigma:3.081e+01
[ Info: iter:6000 rel_p_res(inf):9.078e-07 rel_d_res(inf):6.667e-05 primal_obj:1.16575e+00 dual_obj:1.16619e+00 rel_pd_gap:2.049e-04 time:9.81 restart_used:1, restart_trigger_mean:1, restart_trigger_ergodic:0, diff_nrm_x_recovered:1.204e-04 diff_nrm_y_recovered:3.154e-03 nrm2_x_recovered:1.939e+00 nrm2_y_recovered:6.006e+01, nrmInf_x_recovered:1.105e+00 nrmInf_y_recovered:2.210e+00 dual_gap_ergodic:1.775e-02, dual_gap_mean:2.840e-03, dual_gap_restart_threshold:3.021e-03, dual_gap_r:3.792e+02, kkt_error_ergodic:1.000e+30, kkt_error_mean:1.000e+30, kkt_error_restart_threshold:0.000e+00, tau:3.614e-02, sigma:2.392e+01
[ Info: restart due to condition 1
[ Info: omega:25.7249623094901, x_diff_norm:0.08636204986610029, y_diff_norm:1.2905468442655075
[ Info: iter:7000 rel_p_res(inf):1.737e-08 rel_d_res(inf):1.613e-07 primal_obj:1.16559e+00 dual_obj:1.16558e+00 rel_pd_gap:2.540e-06 time:10.87 restart_used:2, restart_trigger_mean:1, restart_trigger_ergodic:1, diff_nrm_x_recovered:2.934e-04 diff_nrm_y_recovered:5.722e-03 nrm2_x_recovered:1.939e+00 nrm2_y_recovered:6.006e+01, nrmInf_x_recovered:1.105e+00 nrmInf_y_recovered:2.210e+00 dual_gap_ergodic:2.560e-04, dual_gap_mean:1.833e-03, dual_gap_restart_threshold:2.560e-04, dual_gap_r:2.911e-01, kkt_error_ergodic:1.000e+30, kkt_error_mean:1.000e+30, kkt_error_restart_threshold:0.000e+00, tau:5.347e-02, sigma:2.055e+01
[ Info: iter:8000 rel_p_res(inf):9.472e-09 rel_d_res(inf):8.418e-08 primal_obj:1.16559e+00 dual_obj:1.16558e+00 rel_pd_gap:1.451e-06 time:11.78 restart_used:2, restart_trigger_mean:1, restart_trigger_ergodic:1, diff_nrm_x_recovered:3.387e-06 diff_nrm_y_recovered:2.543e-05 nrm2_x_recovered:1.939e+00 nrm2_y_recovered:6.006e+01, nrmInf_x_recovered:1.105e+00 nrmInf_y_recovered:2.210e+00 dual_gap_ergodic:2.560e-04, dual_gap_mean:1.833e-03, dual_gap_restart_threshold:2.560e-04, dual_gap_r:2.911e-01, kkt_error_ergodic:1.000e+30, kkt_error_mean:1.000e+30, kkt_error_restart_threshold:0.000e+00, tau:6.403e-02, sigma:2.461e+01
[ Info: iter:9000 rel_p_res(inf):5.509e-09 rel_d_res(inf):8.746e-08 primal_obj:1.16559e+00 dual_obj:1.16558e+00 rel_pd_gap:6.712e-07 time:12.79 restart_used:2, restart_trigger_mean:1, restart_trigger_ergodic:1, diff_nrm_x_recovered:1.389e-06 diff_nrm_y_recovered:8.579e-06 nrm2_x_recovered:1.939e+00 nrm2_y_recovered:6.006e+01, nrmInf_x_recovered:1.105e+00 nrmInf_y_recovered:2.210e+00 dual_gap_ergodic:8.539e-04, dual_gap_mean:2.746e-03, dual_gap_restart_threshold:2.560e-04, dual_gap_r:2.911e-01, kkt_error_ergodic:1.000e+30, kkt_error_mean:1.000e+30, kkt_error_restart_threshold:0.000e+00, tau:5.623e-02, sigma:2.162e+01
[ Info: ===============================================
[ Info: ---------------------------------------------------
[ Info: ------------- Solver Info Summary -----------------
[ Info: ---------------------------------------------------
[ Info: iter_num:                     9000
[ Info: exit_status:                  optimal
[ Info: l_2_abs_primal_res:           5.9289e-07
[ Info: l_2_rel_primal_res:           1.3042e-09
[ Info: l_inf_abs_primal_res:         1.1595e-08
[ Info: l_inf_rel_primal_res:         5.5086e-09
[ Info: l_2_abs_dual_res:             4.0106e-06
[ Info: l_2_rel_dual_res:             5.8544e-11
[ Info: l_inf_abs_dual_res:           2.6238e-07
[ Info: l_inf_rel_dual_res:           8.7459e-08
[ Info: rel_gap:                      6.7117e-07
[ Info: abs_gap:                      1.4535e-06
[ Info: primal_obj:                   1.1656e+00
[ Info: dual_obj:                     1.1656e+00
[ Info: time:                         12.7930
[ Info: ---------------------------------------------------
[ Info:  norm(sol.x.recovered_primal.primal_sol.x, Inf): 1.1048300843513534
[ Info:  norm(sol.y.recovered_dual.dual_sol.y, Inf): 2.20966073060216
[ Info: time for projection: 0.4715702533721924
[ Info: time for iterative: 7.182298183441162
[ Info: time for restart check: 0.21522998809814453
[ Info: time for exit check: 0.0
[ Info: time for print info calculation: 0.5770225524902344
TABLE5_SOLVE_RESULT solver=cupdcs instance=table5-m70000-n700000-r01 termination=OPTIMAL primal_status=FEASIBLE_POINT iterations=9000 objective=1.165586336556841 optimize_wall_seconds=69.87060809135437
TABLE5_SOLVE_FINISH solver=cupdcs instance=table5-m70000-n700000-r01 status=completed result=/home/zhenwei/PDCS_fork/benchmark/large_scale_lasso/table5_solver_results/cupdcs/table5-m70000-n700000-r01/attempt_20260729T195705Z_gpu5/result.toml
RESOURCE_SNAPSHOT label=solve_cupdcs_table5-m70000-n700000-r01 utc=2026-07-29T19:59:07Z
               total        used        free      shared  buff/cache   available
Mem:           2.0Ti        78Gi       465Gi        47Mi       1.4Ti       1.9Ti
Swap:             0B          0B          0B
Filesystem                    Size  Used Avail Use% Mounted on
/dev/mapper/ubuntu--vg-lv--0  778G  726G   13G  99% /home
SOLVE_CASE_COMPLETE solver=cupdcs id=table5-m70000-n700000-r01 utc=2026-07-29T19:59:07Z
GPU_PREFLIGHT 5, GPU-84fc7112-00ba-4e9e-0a3b-615cd5f7d9c2, NVIDIA H100 80GB HBM3, 0, 81081, 0
SOLVE_CASE_START solver=scs_gpu id=table5-m70000-n700000-r01 gpu=5 utc=2026-07-29T19:59:07Z
TABLE5_SOLVE_START solver=scs_gpu instance=table5-m70000-n700000-r01 m=70000 n=700000 density=0.0001 seed=6866308190711936842 tolerance=1.0e-6 time_limit=600.0
TABLE5_INSTANCE_READY instance=table5-m70000-n700000-r01 nnz=4902322 lambda=0.048930288571691086 numerical_digest=ea5f479114a93712157200d34dbe16e3ebf17d96129dc5d4a094c4d65e25ed47 model_digest=cf54c6000f9f42006e0157ee389b8aaa86a5ed7fda60cabdb3cd86a3151c0f1c generation_seconds=2.7678918838500977
------------------------------------------------------------------
	       SCS v3.2.11 - Splitting Conic Solver
	(c) Brendan O'Donoghue, Stanford University, 2012
------------------------------------------------------------------
problem:  variables n: 1470004, constraints m: 1540005
cones: 	  z: primal zero / dual free vars: 70003
	  l: linear vars: 1400000
	  q: soc vars: 70002, qsize: 1
settings: eps_abs: 1.0e-06, eps_rel: 1.0e-06, eps_infeas: 1.0e-07
	  alpha: 1.50, scale: 1.00e-01, adaptive_scale: 1
	  max_iters: 100000, normalize: 1, rho_x: 1.00e-06
	  acceleration_lookback: 10, acceleration_interval: 10
	  time_limit_secs: 6.00e+02
	  compiled with openmp parallelization enabled
lin-sys:  sparse-indirect GPU
	  nnz(A): 11344653, nnz(P): 0
------------------------------------------------------------------
 iter | pri res | dua res |   gap   |   obj   |  scale  | time (s)
------------------------------------------------------------------
     0| 2.83e+01  2.00e+00  6.71e+04 -3.36e+04  1.00e-01  1.15e+03 
------------------------------------------------------------------
status:  solved (inaccurate - reached time_limit_secs)
timings: total: 1.15e+03s = setup: 3.45e+00s + solve: 1.15e+03s
	 lin-sys: 4.06e-02s, cones: 1.96e-02s, accel: 4.44e-06s
------------------------------------------------------------------
objective = -33557.781797 (inaccurate)
------------------------------------------------------------------
TABLE5_SOLVE_RESULT solver=scs_gpu instance=table5-m70000-n700000-r01 termination=TIME_LIMIT primal_status=FEASIBLE_POINT iterations=0 objective=-67115.76798576472 optimize_wall_seconds=1161.9086458683014
TABLE5_SOLVE_FINISH solver=scs_gpu instance=table5-m70000-n700000-r01 status=completed result=/home/zhenwei/PDCS_fork/benchmark/large_scale_lasso/table5_solver_results/scs_gpu/table5-m70000-n700000-r01/attempt_20260729T195705Z_gpu5/result.toml
RESOURCE_SNAPSHOT label=solve_scs_gpu_table5-m70000-n700000-r01 utc=2026-07-29T20:18:59Z
               total        used        free      shared  buff/cache   available
Mem:           2.0Ti       111Gi       431Gi        66Mi       1.4Ti       1.8Ti
Swap:             0B          0B          0B
Filesystem                    Size  Used Avail Use% Mounted on
/dev/mapper/ubuntu--vg-lv--0  778G  726G   13G  99% /home
SOLVE_CASE_COMPLETE solver=scs_gpu id=table5-m70000-n700000-r01 utc=2026-07-29T20:18:59Z
GPU_PREFLIGHT 5, GPU-84fc7112-00ba-4e9e-0a3b-615cd5f7d9c2, NVIDIA H100 80GB HBM3, 0, 81081, 1
SOLVE_CASE_START solver=cuclarabel id=table5-m70000-n700000-r01 gpu=5 utc=2026-07-29T20:18:59Z
TABLE5_SOLVE_START solver=cuclarabel instance=table5-m70000-n700000-r01 m=70000 n=700000 density=0.0001 seed=6866308190711936842 tolerance=1.0e-6 time_limit=600.0
TABLE5_INSTANCE_READY instance=table5-m70000-n700000-r01 nnz=4902322 lambda=0.048930288571691086 numerical_digest=ea5f479114a93712157200d34dbe16e3ebf17d96129dc5d4a094c4d65e25ed47 model_digest=cf54c6000f9f42006e0157ee389b8aaa86a5ed7fda60cabdb3cd86a3151c0f1c generation_seconds=2.624523162841797
-------------------------------------------------------------
           Clarabel.jl v0.11.0  -  Clever Acronym              

                   (c) Paul Goulart                          
                University of Oxford, 2022                   
-------------------------------------------------------------

problem:
  variables     = 1470004
  constraints   = 1540005
  nnz(P)        = 0
  nnz(A)        = 11344653
  cones (total) = 3
    : Zero        = 1,  numel = 70003
    : Nonnegative = 1,  numel = 1400000
    : SecondOrder = 1,  numel = 70002

settings:
  linear algebra: direct / cudss, precision: 64 bit 
  max iter = 200, time limit = 600.000000,  max step = 0.990
  tol_feas = 1.0e-06, tol_gap_abs = 1.0e-06, tol_gap_rel = 1.0e-06,
  static reg : on, ϵ1 = 1.0e-08, ϵ2 = 4.9e-32
  dynamic reg: on, ϵ = 1.0e-13, δ = 2.0e-07
  iter refine: on, reltol = 1.0e-12, abstol = 1.0e-12, 
               max iter = 10, stop ratio = 5.0
  equilibrate: on, min_scale = 1.0e-04, max_scale = 1.0e+04
               max iter = 10

iter    pcost        dcost       gap       pres      dres      k/t        μ       step      
---------------------------------------------------------------------------------------------
  0   2.6021e-18  -3.9864e-16  4.01e-16  9.98e-01  9.51e-01  1.00e+00  1.05e+00   ------   
  1  -5.5833e+00  -8.5705e-01  4.73e+00  9.88e-01  8.16e-01  4.96e+00  9.11e-01  9.90e-01  
  2  -4.5608e+01  -5.8330e+00  6.82e+00  7.41e-01  3.96e-01  3.98e+01  5.18e-01  9.90e-01  
  3  -1.8829e+01  -2.0626e+00  8.13e+00  2.26e-01  4.20e-02  1.68e+01  5.34e-02  9.90e-01  
  4  -1.5307e+00   3.6489e-01  1.90e+00  8.63e-02  5.55e-03  1.90e+00  6.53e-03  8.84e-01  
  5   3.7014e-01   8.7426e-01  5.04e-01  2.30e-02  1.51e-03  5.04e-01  1.79e-03  7.33e-01  
  6   8.1425e-01   1.0368e+00  2.23e-01  1.30e-02  8.77e-04  2.23e-01  1.05e-03  5.59e-01  
  7   1.0393e+00   1.1210e+00  7.86e-02  6.09e-03  4.19e-04  8.17e-02  5.06e-04  6.33e-01  
  8   1.1456e+00   1.1588e+00  1.15e-02  1.71e-03  1.19e-04  1.32e-02  1.45e-04  8.38e-01  
  9   1.1651e+00   1.1655e+00  2.75e-04  1.12e-04  7.89e-06  3.21e-04  9.60e-06  9.76e-01  
 10   1.1656e+00   1.1656e+00  7.18e-06  2.98e-06  2.09e-07  8.38e-06  2.55e-07  9.74e-01  
 11   1.1656e+00   1.1656e+00  3.48e-07  1.46e-07  1.02e-08  4.06e-07  1.24e-08  9.51e-01  
---------------------------------------------------------------------------------------------
Terminated with status = solved
total time =   273s (setup time =   148s, solve time =   110s)
TABLE5_SOLVE_RESULT solver=cuclarabel instance=table5-m70000-n700000-r01 termination=OPTIMAL primal_status=FEASIBLE_POINT iterations=11 objective=1.1655836939490425 optimize_wall_seconds=290.7595751285553
TABLE5_SOLVE_FINISH solver=cuclarabel instance=table5-m70000-n700000-r01 status=completed result=/home/zhenwei/PDCS_fork/benchmark/large_scale_lasso/table5_solver_results/cuclarabel/table5-m70000-n700000-r01/attempt_20260729T195705Z_gpu5/result.toml
RESOURCE_SNAPSHOT label=solve_cuclarabel_table5-m70000-n700000-r01 utc=2026-07-29T20:24:30Z
               total        used        free      shared  buff/cache   available
Mem:           2.0Ti       143Gi       400Gi        79Mi       1.4Ti       1.8Ti
Swap:             0B          0B          0B
Filesystem                    Size  Used Avail Use% Mounted on
/dev/mapper/ubuntu--vg-lv--0  778G  726G   13G  99% /home
SOLVE_CASE_COMPLETE solver=cuclarabel id=table5-m70000-n700000-r01 utc=2026-07-29T20:24:30Z
GPU_PREFLIGHT 5, GPU-84fc7112-00ba-4e9e-0a3b-615cd5f7d9c2, NVIDIA H100 80GB HBM3, 0, 81081, 0
SOLVE_CASE_START solver=cupdcs id=table5-m400000-n7000000-r02 gpu=5 utc=2026-07-29T20:24:30Z
    CondaPkg Found dependencies: /home/zhenwei/PDCS_fork/.julia-depot/packages/PythonCall/5WGSP/CondaPkg.toml
    CondaPkg Found dependencies: /home/zhenwei/PDCS_fork/.julia-depot/packages/CondaPkg/lKlVY/CondaPkg.toml
    CondaPkg Resolving changes
             ~ libstdcxx
             ~ libstdcxx-ng
             ~ openssl
             ~ python
    CondaPkg Initialising pixi
             │ /home/zhenwei/PDCS_fork/.julia-depot/artifacts/4ae17cee0bd922f66b2c72bf2f01c22481a5ec19/bin/pixi
             │ init
             │ --format pixi
             └ /home/zhenwei/PDCS_fork/.CondaPkg
✔ Created /home/zhenwei/PDCS_fork/.CondaPkg/pixi.toml
    CondaPkg Wrote /home/zhenwei/PDCS_fork/.CondaPkg/pixi.toml
             │ [dependencies]
             │ openssl = ">=3, <3.6"
             │ libstdcxx = ">=3.4,<15.0"
             │ libstdcxx-ng = ">=3.4,<15.0"
             │ 
             │     [dependencies.python]
             │     channel = "conda-forge"
             │     build = "*cp*"
             │     version = ">=3.10,!=3.14.0,!=3.14.1,<4"
             │ 
             │ [workspace]
             │ name = ".CondaPkg"
             │ platforms = ["linux-64"]
             │ channels = ["conda-forge"]
             │ channel-priority = "strict"
             └ description = "automatically generated by CondaPkg.jl"
    CondaPkg Installing packages
             │ /home/zhenwei/PDCS_fork/.julia-depot/artifacts/4ae17cee0bd922f66b2c72bf2f01c22481a5ec19/bin/pixi
             │ install
             └ --manifest-path /home/zhenwei/PDCS_fork/.CondaPkg/pixi.toml
✔ The default environment has been installed.
TABLE5_SOLVE_START solver=cupdcs instance=table5-m400000-n7000000-r02 m=400000 n=7000000 density=0.0001 seed=6916851584803374380 tolerance=1.0e-6 time_limit=600.0
TABLE5_INSTANCE_READY instance=table5-m400000-n7000000-r02 nnz=279995382 lambda=0.09612647003185924 numerical_digest=b584efe758a07418b6093cc720241d115c783098ccdaae6b1a4e01c29a6633c6 model_digest=aca76b60eac09f8d209da37a0ff2c616fa8b3f1bf0f327ec7122082ab5d27136 generation_seconds=57.516541957855225
rescaling_method is not set, using default value: :ruiz_pock_chambolle. Note that if :use_scaling is false, this option is ignored.
kkt_restart_freq is not set, using default value: 500.
duality_gap_restart_freq is not set, using default value: 2000.
[ Info: logfile is set to nothing
[ Info: ---------------------------------------------------
[ Info: ------------- Parameter Info Summary --------------
[ Info: ---------------------------------------------------
[ Info: time limit: 600.0
[ Info: use_preconditioner: true
[ Info: use_adaptive_restart: true
[ Info: use_adaptive_step_size_weight: true
[ Info: use_aggressive: true
[ Info: use_restart: true
[ Info: use_adaptive_step: true
[ Info: use_reflection: true
[ Info: use_halpern: true
[ Info: use_resolving: true
[ Info: use_duality_gap_restart: true
[ Info: duality_gap_restart_freq: 2000
[ Info: use_kkt_restart: false
[ Info: kkt_restart_freq: 2000
[ Info: abs_tol: 1.0e-6
[ Info: rel_tol: 1.0e-6
[ Info: eps_primal_infeasible_low_acc: 1.0e-12
[ Info: eps_dual_infeasible_low_acc: 1.0e-12
[ Info: eps_primal_infeasible_high_acc: 1.0e-16
[ Info: eps_dual_infeasible_high_acc: 1.0e-16
[ Info: print_freq: 1000
[ Info: check_terminate_freq: 1000
[ Info: ---------------------------------------------------
[ Info: ------------- Model Info Summary -----------------
[ Info: ---------------------------------------------------
[ Info: variable number: 14400004
[ Info: constraint number: 14800005
[ Info: non-zero elements in G: 574790773
[ Info: Number of box constraints: 14400004
[ Info: Number of equal constraints: 400003
[ Info: Number of nonnegative constraints: 14000000
[ Info: Number of soc cone constraints: 1
[ Info: Number of rsoc cone constraints: 0
[ Info: Number of exp cone constraints: 0
[ Info: Number of dual exp cone constraints: 0
[ Info: Number of soc cone variables: 0
[ Info: Number of rsoc cone variables: 0
[ Info: Number of exp cone variables: 0
[ Info: Number of dual exp cone variables: 0
[ Info: ---------------------------------------------------
[ Info: Using preconditioner
[ Info: Warm start not enabled. Ignoring warm start values.
[ Info: Initializing primal and dual variables to zero.
[ Info: initial nrm1G: 2.94794411620977e8, initial nrmInfG: 1.0
[ Info: initial nrm1c: 1.3457725804460307e6
[ Info: initial nrm1h: 1303.2164156153096
[ Info: initial nrmInfc: 2.0
[ Info: max Dr_product:6.5855199965410804
[ Info: norm Dr_product:17169.578073065797
[ Info: max Dl_product:29.21995032022489
[ Info: norm Dl_product:17169.57810215751
[ Info: after scaling, norm1 c: 297130.7755151606
[ Info: after scaling, normInf c: 1.9996615778638578
[ Info: after scaling, norm1 G: 5.681160620431385e6
[ Info: after scaling, normInf G: 0.7071067811865475
[ Info: iter:0 rel_p_res(inf):5.000e-01 rel_d_res(inf):6.667e-01 primal_obj:0.000e+00 dual_obj:0.000e+00 rel_pd_gap:0.000e+00 time:0.00 restart_used:0
[ Info: ==================================================
[ Info: Start unified diagonal GPU loop for the ablation-compatible production path.
[ Info: iter:0 rel_p_res(inf):5.000e-01 rel_d_res(inf):6.667e-01 primal_obj:0.000e+00 dual_obj:0.000e+00 rel_pd_gap:0.000e+00 time:3.69 restart_used:0
[ Info: iter:1000 rel_p_res(inf):2.000e-04 rel_d_res(inf):9.368e-02 primal_obj:5.70396e+00 dual_obj:8.83410e+00 rel_pd_gap:3.183e-01 time:90.44 restart_used:0, restart_trigger_mean:0, restart_trigger_ergodic:0, diff_nrm_x_recovered:4.404e+00 diff_nrm_y_recovered:3.822e+02 nrm2_x_recovered:4.404e+00 nrm2_y_recovered:3.822e+02, nrmInf_x_recovered:2.491e+00 nrmInf_y_recovered:6.156e+00 dual_gap_ergodic:1.000e+30, dual_gap_mean:1.000e+30, dual_gap_restart_threshold:Inf, dual_gap_r:0.000e+00, kkt_error_ergodic:1.000e+30, kkt_error_mean:1.000e+30, kkt_error_restart_threshold:0.000e+00, tau:1.498e-02, sigma:9.437e+01
[ Info: iter:2000 rel_p_res(inf):8.497e-05 rel_d_res(inf):4.901e-02 primal_obj:6.01818e+00 dual_obj:7.78919e+00 rel_pd_gap:2.015e-01 time:176.24 restart_used:0, restart_trigger_mean:0, restart_trigger_ergodic:0, diff_nrm_x_recovered:5.020e-01 diff_nrm_y_recovered:9.818e+00 nrm2_x_recovered:4.851e+00 nrm2_y_recovered:3.798e+02, nrmInf_x_recovered:2.819e+00 nrmInf_y_recovered:6.223e+00 dual_gap_ergodic:1.000e+30, dual_gap_mean:1.000e+30, dual_gap_restart_threshold:Inf, dual_gap_r:0.000e+00, kkt_error_ergodic:1.000e+30, kkt_error_mean:1.000e+30, kkt_error_restart_threshold:0.000e+00, tau:1.495e-02, sigma:9.420e+01
[ Info: restart due to condition 1
[ Info: omega:79.38218368919797, x_diff_norm:6.295975333688689, y_diff_norm:406.38510440207085
[ Info: iter:3000 rel_p_res(inf):1.331e-05 rel_d_res(inf):2.148e-02 primal_obj:6.68214e+00 dual_obj:7.15445e+00 rel_pd_gap:5.792e-02 time:262.73 restart_used:1, restart_trigger_mean:1, restart_trigger_ergodic:0, diff_nrm_x_recovered:2.561e-01 diff_nrm_y_recovered:4.750e+00 nrm2_x_recovered:5.086e+00 nrm2_y_recovered:3.784e+02, nrmInf_x_recovered:2.990e+00 nrmInf_y_recovered:6.395e+00 dual_gap_ergodic:8.361e-03, dual_gap_mean:2.548e-03, dual_gap_restart_threshold:3.052e-03, dual_gap_r:3.666e+03, kkt_error_ergodic:1.000e+30, kkt_error_mean:1.000e+30, kkt_error_restart_threshold:0.000e+00, tau:1.723e-02, sigma:8.828e+01
[ Info: iter:4000 rel_p_res(inf):7.109e-06 rel_d_res(inf):1.064e-02 primal_obj:6.64921e+00 dual_obj:6.89274e+00 rel_pd_gap:3.086e-02 time:347.11 restart_used:1, restart_trigger_mean:1, restart_trigger_ergodic:0, diff_nrm_x_recovered:1.160e-01 diff_nrm_y_recovered:3.658e+00 nrm2_x_recovered:5.182e+00 nrm2_y_recovered:3.776e+02, nrmInf_x_recovered:3.060e+00 nrmInf_y_recovered:6.327e+00 dual_gap_ergodic:8.361e-03, dual_gap_mean:2.548e-03, dual_gap_restart_threshold:3.052e-03, dual_gap_r:3.666e+03, kkt_error_ergodic:1.000e+30, kkt_error_mean:1.000e+30, kkt_error_restart_threshold:0.000e+00, tau:1.316e-02, sigma:6.743e+01
[ Info: restart due to condition 1
[ Info: omega:71.58118807032943, x_diff_norm:1.6002491626361937, y_diff_norm:29.58269476513351
[ Info: iter:5000 rel_p_res(inf):4.153e-06 rel_d_res(inf):7.023e-04 primal_obj:6.64179e+00 dual_obj:6.64249e+00 rel_pd_gap:9.141e-05 time:433.50 restart_used:2, restart_trigger_mean:1, restart_trigger_ergodic:1, diff_nrm_x_recovered:1.010e-01 diff_nrm_y_recovered:3.358e+00 nrm2_x_recovered:5.267e+00 nrm2_y_recovered:3.767e+02, nrmInf_x_recovered:3.122e+00 nrmInf_y_recovered:6.258e+00 dual_gap_ergodic:5.986e-04, dual_gap_mean:1.340e-03, dual_gap_restart_threshold:5.986e-04, dual_gap_r:2.090e+02, kkt_error_ergodic:1.000e+30, kkt_error_mean:1.000e+30, kkt_error_restart_threshold:0.000e+00, tau:3.151e-02, sigma:4.169e+01
[ Info: iter:6000 rel_p_res(inf):2.073e-06 rel_d_res(inf):3.513e-04 primal_obj:6.63376e+00 dual_obj:6.63414e+00 rel_pd_gap:4.993e-05 time:517.86 restart_used:2, restart_trigger_mean:1, restart_trigger_ergodic:1, diff_nrm_x_recovered:3.525e-03 diff_nrm_y_recovered:2.044e-01 nrm2_x_recovered:5.265e+00 nrm2_y_recovered:3.767e+02, nrmInf_x_recovered:3.121e+00 nrmInf_y_recovered:6.249e+00 dual_gap_ergodic:5.986e-04, dual_gap_mean:1.340e-03, dual_gap_restart_threshold:5.986e-04, dual_gap_r:2.090e+02, kkt_error_ergodic:1.000e+30, kkt_error_mean:1.000e+30, kkt_error_restart_threshold:0.000e+00, tau:2.812e-02, sigma:3.721e+01
[ Info: iter:7000 rel_p_res(inf):1.393e-06 rel_d_res(inf):2.328e-04 primal_obj:6.63115e+00 dual_obj:6.63135e+00 rel_pd_gap:2.560e-05 time:603.83 restart_used:2, restart_trigger_mean:1, restart_trigger_ergodic:1, diff_nrm_x_recovered:1.152e-03 diff_nrm_y_recovered:6.814e-02 nrm2_x_recovered:5.265e+00 nrm2_y_recovered:3.766e+02, nrmInf_x_recovered:3.121e+00 nrmInf_y_recovered:6.246e+00 dual_gap_ergodic:5.372e-04, dual_gap_mean:1.797e-03, dual_gap_restart_threshold:5.986e-04, dual_gap_r:2.090e+02, kkt_error_ergodic:1.000e+30, kkt_error_mean:1.000e+30, kkt_error_restart_threshold:0.000e+00, tau:2.758e-02, sigma:3.650e+01
[ Info: ===============================================
[ Info: ---------------------------------------------------
[ Info: ------------- Solver Info Summary -----------------
[ Info: ---------------------------------------------------
[ Info: iter_num:                     7000
[ Info: exit_status:                  time_limit
[ Info: l_2_abs_primal_res:           7.5509e-04
[ Info: l_2_rel_primal_res:           2.9325e-07
[ Info: l_inf_abs_primal_res:         5.4504e-06
[ Info: l_inf_rel_primal_res:         1.3927e-06
[ Info: l_2_abs_dual_res:             2.9111e-03
[ Info: l_2_rel_dual_res:             2.1632e-09
[ Info: l_inf_abs_dual_res:           6.9848e-04
[ Info: l_inf_rel_dual_res:           2.3279e-04
[ Info: rel_gap:                      2.5602e-05
[ Info: abs_gap:                      1.9538e-04
[ Info: primal_obj:                   6.6312e+00
[ Info: dual_obj:                     6.6313e+00
[ Info: time:                         603.8272
[ Info: ---------------------------------------------------
[ Info:  norm(sol.x.recovered_primal.primal_sol.x, Inf): 3.1205468067174618
[ Info:  norm(sol.y.recovered_dual.dual_sol.y, Inf): 6.2457477882490515
[ Info: time for projection: 2.0951035022735596
[ Info: time for iterative: 582.4328954219818
[ Info: time for restart check: 2.079254150390625
[ Info: time for exit check: 0.0
[ Info: time for print info calculation: 1.3304274082183838
TABLE5_SOLVE_RESULT solver=cupdcs instance=table5-m400000-n7000000-r02 termination=TIME_LIMIT primal_status=INFEASIBILITY_CERTIFICATE iterations=7000 objective=6.6311500980645235 optimize_wall_seconds=1752.7957479953766
TABLE5_SOLVE_FINISH solver=cupdcs instance=table5-m400000-n7000000-r02 status=completed result=/home/zhenwei/PDCS_fork/benchmark/large_scale_lasso/table5_solver_results/cupdcs/table5-m400000-n7000000-r02/attempt_20260729T195705Z_gpu5/result.toml
RESOURCE_SNAPSHOT label=solve_cupdcs_table5-m400000-n7000000-r02 utc=2026-07-29T21:06:21Z
               total        used        free      shared  buff/cache   available
Mem:           2.0Ti       647Gi       190Gi        66Mi       1.1Ti       1.3Ti
Swap:             0B          0B          0B
Filesystem                    Size  Used Avail Use% Mounted on
/dev/mapper/ubuntu--vg-lv--0  778G  726G   13G  99% /home
SOLVE_CASE_COMPLETE solver=cupdcs id=table5-m400000-n7000000-r02 utc=2026-07-29T21:06:21Z
SOLVE_SKIP_DONE solver=scs_gpu id=table5-m400000-n7000000-r02
SOLVE_SKIP_DONE solver=cuclarabel id=table5-m400000-n7000000-r02
GPU preflight failed: 5, GPU-84fc7112-00ba-4e9e-0a3b-615cd5f7d9c2, NVIDIA H100 80GB HBM3, 0, 81081, 38
TABLE5_DRIVER_FINISH command=solve status=3 log=/home/zhenwei/PDCS_fork/benchmark/large_scale_lasso/table5_logs/workers/driver_20260729T195705Z_gpu5.log utc=2026-07-29T21:06:21Z
