TABLE5_SOLVE_PHASE_START storage=no_cbf utc=2026-07-29T21:26:29Z
JULIA_VERSION julia version 1.12.5
KEEP_EXISTING_MANIFEST config=/home/zhenwei/PDCS_fork/benchmark/large_scale_lasso/lasso_table5.toml
id	m	n	density	replicate	seed
table5-m10000-n100000-r01	10000	100000	0.0001	1	1456099608458829617
table5-m10000-n100000-r02	10000	100000	0.0001	2	3774683599633055197
table5-m10000-n100000-r03	10000	100000	0.0001	3	7352328007339572649
table5-m10000-n100000-r04	10000	100000	0.0001	4	8539239721064585772
table5-m10000-n100000-r05	10000	100000	0.0001	5	2682075302358372869
table5-m70000-n700000-r01	70000	700000	0.0001	1	6866308190711936842
table5-m70000-n700000-r02	70000	700000	0.0001	2	3717777317041247579
table5-m70000-n700000-r03	70000	700000	0.0001	3	6230819915418504357
table5-m70000-n700000-r04	70000	700000	0.0001	4	5050833866237992834
table5-m70000-n700000-r05	70000	700000	0.0001	5	3478211357477831271
table5-m400000-n7000000-r01	400000	7000000	0.0001	1	2810953517340410803
table5-m400000-n7000000-r02	400000	7000000	0.0001	2	6916851584803374380
table5-m400000-n7000000-r03	400000	7000000	0.0001	3	2252237519727520935
table5-m400000-n7000000-r04	400000	7000000	0.0001	4	9202490041639810005
table5-m400000-n7000000-r05	400000	7000000	0.0001	5	1459784771767232267
table5-m700000-n7000000-r01	700000	7000000	0.0001	1	2694979877904449328
table5-m700000-n7000000-r02	700000	7000000	0.0001	2	706412229318414900
table5-m700000-n7000000-r03	700000	7000000	0.0001	3	2776373863867649000
table5-m700000-n7000000-r04	700000	7000000	0.0001	4	780990368380045832
table5-m700000-n7000000-r05	700000	7000000	0.0001	5	6974796360093007817
table5-m750000-n7500000-r01	750000	7500000	0.0001	1	3464449634565370456
table5-m750000-n7500000-r02	750000	7500000	0.0001	2	7063733435616014003
table5-m750000-n7500000-r03	750000	7500000	0.0001	3	7306719367855031537
table5-m750000-n7500000-r04	750000	7500000	0.0001	4	66351557481754279
table5-m750000-n7500000-r05	750000	7500000	0.0001	5	7133432016813647455
TABLE5_MANIFEST_VALID instances=25 unique_ids=25 unique_seeds=25
SOLVE_RERUN_TIME_LIMIT solver=cupdcs id=table5-m400000-n7000000-r01
GPU_PREFLIGHT 1, GPU-1a06a313-b094-618b-9f24-8ccf7885ac5b, NVIDIA H100 80GB HBM3, 0, 81081, 0
SOLVE_CASE_START solver=cupdcs id=table5-m400000-n7000000-r01 gpu=1 utc=2026-07-29T21:26:30Z
    CondaPkg Found dependencies: /home/zhenwei/PDCS_fork/.julia-depot/packages/PythonCall/5WGSP/CondaPkg.toml
    CondaPkg Found dependencies: /home/zhenwei/PDCS_fork/.julia-depot/packages/CondaPkg/lKlVY/CondaPkg.toml
    CondaPkg Resolving changes
             ~ libstdcxx
             ~ libstdcxx-ng
             ~ openssl
             ~ python
    CondaPkg Initialising pixi
             │ /home/zhenwei/PDCS_fork/.julia-depot/artifacts/4ae17cee0bd922f66b2c72bf2f01c22481a5ec19/bin/pixi
             │ init
             │ --format pixi
             └ /home/zhenwei/PDCS_fork/.CondaPkg
✔ Created /home/zhenwei/PDCS_fork/.CondaPkg/pixi.toml
    CondaPkg Wrote /home/zhenwei/PDCS_fork/.CondaPkg/pixi.toml
             │ [dependencies]
             │ openssl = ">=3, <3.6"
             │ libstdcxx = ">=3.4,<15.0"
             │ libstdcxx-ng = ">=3.4,<15.0"
             │ 
             │     [dependencies.python]
             │     channel = "conda-forge"
             │     build = "*cp*"
             │     version = ">=3.10,!=3.14.0,!=3.14.1,<4"
             │ 
             │ [workspace]
             │ name = ".CondaPkg"
             │ platforms = ["linux-64"]
             │ channels = ["conda-forge"]
             │ channel-priority = "strict"
             └ description = "automatically generated by CondaPkg.jl"
    CondaPkg Installing packages
             │ /home/zhenwei/PDCS_fork/.julia-depot/artifacts/4ae17cee0bd922f66b2c72bf2f01c22481a5ec19/bin/pixi
             │ install
             └ --manifest-path /home/zhenwei/PDCS_fork/.CondaPkg/pixi.toml
✔ The default environment has been installed.
TABLE5_SOLVE_START solver=cupdcs instance=table5-m400000-n7000000-r01 m=400000 n=7000000 density=0.0001 seed=2810953517340410803 tolerance=1.0e-6 time_limit=1800.0
TABLE5_INSTANCE_READY instance=table5-m400000-n7000000-r01 nnz=279972972 lambda=0.08668710726461117 numerical_digest=b7b0d6150c1df45ac34a95f0872d8c4107ad40706adf2c847eba00812fa5d698 model_digest=1019b2bf33a935f1f4c6be3b6c5270c17131fe99591d7220a4c23f07c4689b91 generation_seconds=57.72274994850159
rescaling_method is not set, using default value: :ruiz_pock_chambolle. Note that if :use_scaling is false, this option is ignored.
kkt_restart_freq is not set, using default value: 500.
duality_gap_restart_freq is not set, using default value: 2000.
[ Info: logfile is set to nothing
[ Info: ---------------------------------------------------
[ Info: ------------- Parameter Info Summary --------------
[ Info: ---------------------------------------------------
[ Info: time limit: 1800.0
[ Info: use_preconditioner: true
[ Info: use_adaptive_restart: true
[ Info: use_adaptive_step_size_weight: true
[ Info: use_aggressive: true
[ Info: use_restart: true
[ Info: use_adaptive_step: true
[ Info: use_reflection: true
[ Info: use_halpern: true
[ Info: use_resolving: true
[ Info: use_duality_gap_restart: true
[ Info: duality_gap_restart_freq: 2000
[ Info: use_kkt_restart: false
[ Info: kkt_restart_freq: 2000
[ Info: abs_tol: 1.0e-6
[ Info: rel_tol: 1.0e-6
[ Info: eps_primal_infeasible_low_acc: 1.0e-12
[ Info: eps_dual_infeasible_low_acc: 1.0e-12
[ Info: eps_primal_infeasible_high_acc: 1.0e-16
[ Info: eps_dual_infeasible_high_acc: 1.0e-16
[ Info: print_freq: 1000
[ Info: check_terminate_freq: 1000
[ Info: ---------------------------------------------------
[ Info: ------------- Model Info Summary -----------------
[ Info: ---------------------------------------------------
[ Info: variable number: 14400004
[ Info: constraint number: 14800005
[ Info: non-zero elements in G: 574745953
[ Info: Number of box constraints: 14400004
[ Info: Number of equal constraints: 400003
[ Info: Number of nonnegative constraints: 14000000
[ Info: Number of soc cone constraints: 1
[ Info: Number of rsoc cone constraints: 0
[ Info: Number of exp cone constraints: 0
[ Info: Number of dual exp cone constraints: 0
[ Info: Number of soc cone variables: 0
[ Info: Number of rsoc cone variables: 0
[ Info: Number of exp cone variables: 0
[ Info: Number of dual exp cone variables: 0
[ Info: ---------------------------------------------------
[ Info: Using preconditioner
[ Info: Warm start not enabled. Ignoring warm start values.
[ Info: Initializing primal and dual variables to zero.
[ Info: initial nrm1G: 2.94772483977096e8, initial nrmInfG: 1.0
[ Info: initial nrm1c: 1.2136215017045564e6
[ Info: initial nrm1h: 1301.6718767436678
[ Info: initial nrmInfc: 2.0
[ Info: max Dr_product:6.675311572794786
[ Info: norm Dr_product:17168.939500249307
[ Info: max Dl_product:29.122545167055595
[ Info: norm Dl_product:17168.9395293421
[ Info: after scaling, norm1 c: 267966.27391077776
[ Info: after scaling, normInf c: 1.9996615778638578
[ Info: after scaling, norm1 G: 5.681294716296238e6
[ Info: after scaling, normInf G: 0.7071067811865475
[ Info: iter:0 rel_p_res(inf):5.000e-01 rel_d_res(inf):6.667e-01 primal_obj:0.000e+00 dual_obj:0.000e+00 rel_pd_gap:0.000e+00 time:0.00 restart_used:0
[ Info: ==================================================
[ Info: Start unified diagonal GPU loop for the ablation-compatible production path.
[ Info: iter:0 rel_p_res(inf):5.000e-01 rel_d_res(inf):6.667e-01 primal_obj:0.000e+00 dual_obj:0.000e+00 rel_pd_gap:0.000e+00 time:3.57 restart_used:0
[ Info: iter:1000 rel_p_res(inf):2.101e-04 rel_d_res(inf):8.494e-02 primal_obj:5.17555e+00 dual_obj:8.42104e+00 rel_pd_gap:3.445e-01 time:89.96 restart_used:0, restart_trigger_mean:0, restart_trigger_ergodic:0, diff_nrm_x_recovered:4.174e+00 diff_nrm_y_recovered:3.458e+02 nrm2_x_recovered:4.174e+00 nrm2_y_recovered:3.458e+02, nrmInf_x_recovered:2.348e+00 nrmInf_y_recovered:5.614e+00 dual_gap_ergodic:1.000e+30, dual_gap_mean:1.000e+30, dual_gap_restart_threshold:Inf, dual_gap_r:0.000e+00, kkt_error_ergodic:1.000e+30, kkt_error_mean:1.000e+30, kkt_error_restart_threshold:0.000e+00, tau:1.315e-02, sigma:6.743e+01
[ Info: iter:2000 rel_p_res(inf):1.005e-04 rel_d_res(inf):4.226e-02 primal_obj:5.99720e+00 dual_obj:7.49762e+00 rel_pd_gap:1.766e-01 time:175.61 restart_used:0, restart_trigger_mean:0, restart_trigger_ergodic:0, diff_nrm_x_recovered:4.539e-01 diff_nrm_y_recovered:7.172e+00 nrm2_x_recovered:4.578e+00 nrm2_y_recovered:3.441e+02, nrmInf_x_recovered:2.618e+00 nrmInf_y_recovered:5.674e+00 dual_gap_ergodic:1.000e+30, dual_gap_mean:1.000e+30, dual_gap_restart_threshold:Inf, dual_gap_r:0.000e+00, kkt_error_ergodic:1.000e+30, kkt_error_mean:1.000e+30, kkt_error_restart_threshold:0.000e+00, tau:1.262e-02, sigma:6.467e+01
[ Info: restart due to condition 1
[ Info: omega:71.59701930997095, x_diff_norm:5.969241009631591, y_diff_norm:370.18475829920993
[ Info: iter:3000 rel_p_res(inf):6.390e-06 rel_d_res(inf):6.805e-03 primal_obj:6.56766e+00 dual_obj:6.70258e+00 rel_pd_gap:1.752e-02 time:262.04 restart_used:1, restart_trigger_mean:0, restart_trigger_ergodic:1, diff_nrm_x_recovered:3.854e-01 diff_nrm_y_recovered:6.798e+00 nrm2_x_recovered:4.924e+00 nrm2_y_recovered:3.423e+02, nrmInf_x_recovered:2.872e+00 nrmInf_y_recovered:5.869e+00 dual_gap_ergodic:5.476e-04, dual_gap_mean:3.015e-03, dual_gap_restart_threshold:5.476e-04, dual_gap_r:4.930e+03, kkt_error_ergodic:1.000e+30, kkt_error_mean:1.000e+30, kkt_error_restart_threshold:0.000e+00, tau:1.426e-02, sigma:6.331e+01
[ Info: iter:4000 rel_p_res(inf):3.040e-06 rel_d_res(inf):3.432e-03 primal_obj:6.55750e+00 dual_obj:6.62591e+00 rel_pd_gap:8.970e-03 time:346.39 restart_used:1, restart_trigger_mean:0, restart_trigger_ergodic:1, diff_nrm_x_recovered:4.363e-02 diff_nrm_y_recovered:1.046e+00 nrm2_x_recovered:4.961e+00 nrm2_y_recovered:3.421e+02, nrmInf_x_recovered:2.899e+00 nrmInf_y_recovered:5.861e+00 dual_gap_ergodic:5.476e-04, dual_gap_mean:3.015e-03, dual_gap_restart_threshold:5.476e-04, dual_gap_r:4.930e+03, kkt_error_ergodic:1.000e+30, kkt_error_mean:1.000e+30, kkt_error_restart_threshold:0.000e+00, tau:1.575e-02, sigma:6.992e+01
[ Info: iter:5000 rel_p_res(inf):5.289e-06 rel_d_res(inf):2.264e-03 primal_obj:6.55430e+00 dual_obj:6.59972e+00 rel_pd_gap:5.977e-03 time:432.06 restart_used:1, restart_trigger_mean:0, restart_trigger_ergodic:1, diff_nrm_x_recovered:1.483e-02 diff_nrm_y_recovered:3.630e-01 nrm2_x_recovered:4.973e+00 nrm2_y_recovered:3.420e+02, nrmInf_x_recovered:2.908e+00 nrmInf_y_recovered:5.858e+00 dual_gap_ergodic:6.901e-04, dual_gap_mean:1.568e-03, dual_gap_restart_threshold:5.476e-04, dual_gap_r:4.930e+03, kkt_error_ergodic:1.000e+30, kkt_error_mean:1.000e+30, kkt_error_restart_threshold:0.000e+00, tau:1.392e-02, sigma:6.180e+01
[ Info: iter:6000 rel_p_res(inf):1.524e-06 rel_d_res(inf):1.711e-03 primal_obj:6.55271e+00 dual_obj:6.58704e+00 rel_pd_gap:4.524e-03 time:516.38 restart_used:1, restart_trigger_mean:0, restart_trigger_ergodic:1, diff_nrm_x_recovered:6.993e-03 diff_nrm_y_recovered:1.768e-01 nrm2_x_recovered:4.979e+00 nrm2_y_recovered:3.419e+02, nrmInf_x_recovered:2.912e+00 nrmInf_y_recovered:5.856e+00 dual_gap_ergodic:6.901e-04, dual_gap_mean:1.568e-03, dual_gap_restart_threshold:5.476e-04, dual_gap_r:4.930e+03, kkt_error_ergodic:1.000e+30, kkt_error_mean:1.000e+30, kkt_error_restart_threshold:0.000e+00, tau:1.487e-02, sigma:6.601e+01
[ Info: restart due to condition 2
[ Info: omega:66.63419891188957, x_diff_norm:0.5818157088674981, y_diff_norm:13.051435304045466
[ Info: iter:7000 rel_p_res(inf):6.195e-07 rel_d_res(inf):1.565e-04 primal_obj:6.54979e+00 dual_obj:6.55148e+00 rel_pd_gap:2.232e-04 time:602.95 restart_used:2, restart_trigger_mean:0, restart_trigger_ergodic:2, diff_nrm_x_recovered:2.002e-02 diff_nrm_y_recovered:4.783e-01 nrm2_x_recovered:4.996e+00 nrm2_y_recovered:3.418e+02, nrmInf_x_recovered:2.925e+00 nrmInf_y_recovered:5.852e+00 dual_gap_ergodic:2.789e-04, dual_gap_mean:9.819e-04, dual_gap_restart_threshold:2.789e-04, dual_gap_r:2.549e+01, kkt_error_ergodic:1.000e+30, kkt_error_mean:1.000e+30, kkt_error_restart_threshold:0.000e+00, tau:2.873e-02, sigma:4.295e+01
[ Info: iter:8000 rel_p_res(inf):3.199e-07 rel_d_res(inf):7.773e-05 primal_obj:6.54888e+00 dual_obj:6.54971e+00 rel_pd_gap:1.108e-04 time:687.04 restart_used:2, restart_trigger_mean:0, restart_trigger_ergodic:2, diff_nrm_x_recovered:8.051e-04 diff_nrm_y_recovered:3.322e-02 nrm2_x_recovered:4.996e+00 nrm2_y_recovered:3.418e+02, nrmInf_x_recovered:2.925e+00 nrmInf_y_recovered:5.851e+00 dual_gap_ergodic:2.789e-04, dual_gap_mean:9.819e-04, dual_gap_restart_threshold:2.789e-04, dual_gap_r:2.549e+01, kkt_error_ergodic:1.000e+30, kkt_error_mean:1.000e+30, kkt_error_restart_threshold:0.000e+00, tau:2.481e-02, sigma:3.709e+01
[ Info: iter:9000 rel_p_res(inf):2.066e-07 rel_d_res(inf):5.227e-05 primal_obj:6.54858e+00 dual_obj:6.54914e+00 rel_pd_gap:7.481e-05 time:772.18 restart_used:2, restart_trigger_mean:0, restart_trigger_ergodic:2, diff_nrm_x_recovered:2.596e-04 diff_nrm_y_recovered:1.080e-02 nrm2_x_recovered:4.997e+00 nrm2_y_recovered:3.418e+02, nrmInf_x_recovered:2.925e+00 nrmInf_y_recovered:5.851e+00 dual_gap_ergodic:4.696e-04, dual_gap_mean:1.437e-03, dual_gap_restart_threshold:2.789e-04, dual_gap_r:2.549e+01, kkt_error_ergodic:1.000e+30, kkt_error_mean:1.000e+30, kkt_error_restart_threshold:0.000e+00, tau:2.842e-02, sigma:4.248e+01
[ Info: iter:10000 rel_p_res(inf):1.549e-07 rel_d_res(inf):3.933e-05 primal_obj:6.54842e+00 dual_obj:6.54885e+00 rel_pd_gap:5.662e-05 time:856.06 restart_used:2, restart_trigger_mean:0, restart_trigger_ergodic:2, diff_nrm_x_recovered:1.318e-04 diff_nrm_y_recovered:5.480e-03 nrm2_x_recovered:4.997e+00 nrm2_y_recovered:3.418e+02, nrmInf_x_recovered:2.925e+00 nrmInf_y_recovered:5.851e+00 dual_gap_ergodic:4.696e-04, dual_gap_mean:1.437e-03, dual_gap_restart_threshold:2.789e-04, dual_gap_r:2.549e+01, kkt_error_ergodic:1.000e+30, kkt_error_mean:1.000e+30, kkt_error_restart_threshold:0.000e+00, tau:2.687e-02, sigma:4.016e+01
[ Info: restart due to artificial condition, beta_artificial = 0.223, inner_iter = 4001, iter = 10001 or force_restart
[ Info: omega:38.662061423512455, x_diff_norm:0.029024310954116138, y_diff_norm:0.8266491580291103
[ Info: iter:11000 rel_p_res(inf):1.312e-07 rel_d_res(inf):8.305e-06 primal_obj:6.54821e+00 dual_obj:6.54815e+00 rel_pd_gap:7.981e-06 time:943.03 restart_used:3, restart_trigger_mean:0, restart_trigger_ergodic:2, diff_nrm_x_recovered:3.524e-04 diff_nrm_y_recovered:1.107e-02 nrm2_x_recovered:4.997e+00 nrm2_y_recovered:3.418e+02, nrmInf_x_recovered:2.925e+00 nrmInf_y_recovered:5.851e+00 dual_gap_ergodic:2.522e-04, dual_gap_mean:1.139e-03, dual_gap_restart_threshold:1.361e-03, dual_gap_r:4.095e-02, kkt_error_ergodic:1.000e+30, kkt_error_mean:1.000e+30, kkt_error_restart_threshold:0.000e+00, tau:2.851e-02, sigma:3.139e+01
[ Info: iter:12000 rel_p_res(inf):4.425e-08 rel_d_res(inf):4.305e-06 primal_obj:6.54809e+00 dual_obj:6.54806e+00 rel_pd_gap:3.940e-06 time:1027.37 restart_used:3, restart_trigger_mean:0, restart_trigger_ergodic:2, diff_nrm_x_recovered:5.460e-05 diff_nrm_y_recovered:2.922e-03 nrm2_x_recovered:4.997e+00 nrm2_y_recovered:3.418e+02, nrmInf_x_recovered:2.925e+00 nrmInf_y_recovered:5.851e+00 dual_gap_ergodic:2.522e-04, dual_gap_mean:1.139e-03, dual_gap_restart_threshold:1.361e-03, dual_gap_r:4.095e-02, kkt_error_ergodic:1.000e+30, kkt_error_mean:1.000e+30, kkt_error_restart_threshold:0.000e+00, tau:3.564e-02, sigma:3.924e+01
[ Info: restart due to condition 2
[ Info: omega:33.18349748245558, x_diff_norm:0.0027258277999878022, y_diff_norm:0.10595397987257597
[ Info: iter:13000 rel_p_res(inf):3.299e-09 rel_d_res(inf):1.108e-07 primal_obj:6.54798e+00 dual_obj:6.54797e+00 rel_pd_gap:1.398e-06 time:1114.12 restart_used:4, restart_trigger_mean:0, restart_trigger_ergodic:3, diff_nrm_x_recovered:5.382e-05 diff_nrm_y_recovered:2.896e-03 nrm2_x_recovered:4.997e+00 nrm2_y_recovered:3.418e+02, nrmInf_x_recovered:2.925e+00 nrmInf_y_recovered:5.851e+00 dual_gap_ergodic:5.858e-04, dual_gap_mean:2.084e-03, dual_gap_restart_threshold:5.858e-04, dual_gap_r:4.985e-04, kkt_error_ergodic:1.000e+30, kkt_error_mean:1.000e+30, kkt_error_restart_threshold:0.000e+00, tau:2.850e-02, sigma:3.676e+01
[ Info: iter:14000 rel_p_res(inf):1.555e-09 rel_d_res(inf):5.443e-08 primal_obj:6.54797e+00 dual_obj:6.54797e+00 rel_pd_gap:7.059e-07 time:1198.40 restart_used:4, restart_trigger_mean:0, restart_trigger_ergodic:3, diff_nrm_x_recovered:2.862e-06 diff_nrm_y_recovered:1.368e-04 nrm2_x_recovered:4.997e+00 nrm2_y_recovered:3.418e+02, nrmInf_x_recovered:2.925e+00 nrmInf_y_recovered:5.851e+00 dual_gap_ergodic:5.858e-04, dual_gap_mean:2.084e-03, dual_gap_restart_threshold:5.858e-04, dual_gap_r:4.985e-04, kkt_error_ergodic:1.000e+30, kkt_error_mean:1.000e+30, kkt_error_restart_threshold:0.000e+00, tau:3.678e-02, sigma:4.743e+01
[ Info: ===============================================
[ Info: ---------------------------------------------------
[ Info: ------------- Solver Info Summary -----------------
[ Info: ---------------------------------------------------
[ Info: iter_num:                     14000
[ Info: exit_status:                  optimal
[ Info: l_2_abs_primal_res:           6.9730e-07
[ Info: l_2_rel_primal_res:           2.7463e-10
[ Info: l_inf_abs_primal_res:         5.8702e-09
[ Info: l_inf_rel_primal_res:         1.5548e-09
[ Info: l_2_abs_dual_res:             2.4772e-06
[ Info: l_2_rel_dual_res:             2.0412e-12
[ Info: l_inf_abs_dual_res:           1.6328e-07
[ Info: l_inf_rel_dual_res:           5.4425e-08
[ Info: rel_gap:                      7.0589e-07
[ Info: abs_gap:                      5.3281e-06
[ Info: primal_obj:                   6.5480e+00
[ Info: dual_obj:                     6.5480e+00
[ Info: time:                         1198.3991
[ Info: ---------------------------------------------------
[ Info:  norm(sol.x.recovered_primal.primal_sol.x, Inf): 2.9252578341313735
[ Info:  norm(sol.y.recovered_dual.dual_sol.y, Inf): 5.850514674123166
[ Info: time for projection: 3.5016438961029053
[ Info: time for iterative: 1162.3655655384064
[ Info: time for restart check: 3.861670970916748
[ Info: time for exit check: 0.0
[ Info: time for print info calculation: 1.3486135005950928
TABLE5_SOLVE_RESULT solver=cupdcs instance=table5-m400000-n7000000-r01 termination=OPTIMAL primal_status=FEASIBLE_POINT iterations=14000 objective=6.547972512117239 optimize_wall_seconds=2346.946841955185
TABLE5_SOLVE_FINISH solver=cupdcs instance=table5-m400000-n7000000-r01 status=completed result=/home/zhenwei/PDCS_fork/benchmark/large_scale_lasso/table5_solver_results/cupdcs/table5-m400000-n7000000-r01/attempt_20260729T212629Z_gpu1/result.toml
RESOURCE_SNAPSHOT label=solve_cupdcs_table5-m400000-n7000000-r01 utc=2026-07-29T22:18:36Z
               total        used        free      shared  buff/cache   available
Mem:           2.0Ti       655Gi       335Gi        99Mi       1.0Ti       1.3Ti
Swap:             0B          0B          0B
Filesystem                    Size  Used Avail Use% Mounted on
/dev/mapper/ubuntu--vg-lv--0  778G  726G   13G  99% /home
SOLVE_CASE_COMPLETE solver=cupdcs id=table5-m400000-n7000000-r01 utc=2026-07-29T22:18:36Z
SOLVE_RERUN_TIME_LIMIT solver=cupdcs id=table5-m400000-n7000000-r03
GPU_PREFLIGHT 1, GPU-1a06a313-b094-618b-9f24-8ccf7885ac5b, NVIDIA H100 80GB HBM3, 0, 81081, 0
SOLVE_CASE_START solver=cupdcs id=table5-m400000-n7000000-r03 gpu=1 utc=2026-07-29T22:18:37Z
    CondaPkg Found dependencies: /home/zhenwei/PDCS_fork/.julia-depot/packages/PythonCall/5WGSP/CondaPkg.toml
    CondaPkg Found dependencies: /home/zhenwei/PDCS_fork/.julia-depot/packages/CondaPkg/lKlVY/CondaPkg.toml
    CondaPkg Resolving changes
             ~ libstdcxx
             ~ libstdcxx-ng
             ~ openssl
             ~ python
    CondaPkg Initialising pixi
             │ /home/zhenwei/PDCS_fork/.julia-depot/artifacts/4ae17cee0bd922f66b2c72bf2f01c22481a5ec19/bin/pixi
             │ init
             │ --format pixi
             └ /home/zhenwei/PDCS_fork/.CondaPkg
✔ Created /home/zhenwei/PDCS_fork/.CondaPkg/pixi.toml
    CondaPkg Wrote /home/zhenwei/PDCS_fork/.CondaPkg/pixi.toml
             │ [dependencies]
             │ openssl = ">=3, <3.6"
             │ libstdcxx = ">=3.4,<15.0"
             │ libstdcxx-ng = ">=3.4,<15.0"
             │ 
             │     [dependencies.python]
             │     channel = "conda-forge"
             │     build = "*cp*"
             │     version = ">=3.10,!=3.14.0,!=3.14.1,<4"
             │ 
             │ [workspace]
             │ name = ".CondaPkg"
             │ platforms = ["linux-64"]
             │ channels = ["conda-forge"]
             │ channel-priority = "strict"
             └ description = "automatically generated by CondaPkg.jl"
    CondaPkg Installing packages
             │ /home/zhenwei/PDCS_fork/.julia-depot/artifacts/4ae17cee0bd922f66b2c72bf2f01c22481a5ec19/bin/pixi
             │ install
             └ --manifest-path /home/zhenwei/PDCS_fork/.CondaPkg/pixi.toml
✔ The default environment has been installed.
TABLE5_SOLVE_START solver=cupdcs instance=table5-m400000-n7000000-r03 m=400000 n=7000000 density=0.0001 seed=2252237519727520935 tolerance=1.0e-6 time_limit=1800.0
TABLE5_INSTANCE_READY instance=table5-m400000-n7000000-r03 nnz=280028037 lambda=0.09383139571165827 numerical_digest=dbd9feacaead4253e64bcf40d3a39c41543a723462009c411a4f5d0c1441ed32 model_digest=f83571cffb4c6a593fe7dc96ce822ab2d52e77b51f416d6369087859da64839d generation_seconds=57.98242688179016
rescaling_method is not set, using default value: :ruiz_pock_chambolle. Note that if :use_scaling is false, this option is ignored.
kkt_restart_freq is not set, using default value: 500.
duality_gap_restart_freq is not set, using default value: 2000.
[ Info: logfile is set to nothing
[ Info: ---------------------------------------------------
[ Info: ------------- Parameter Info Summary --------------
[ Info: ---------------------------------------------------
[ Info: time limit: 1800.0
[ Info: use_preconditioner: true
[ Info: use_adaptive_restart: true
[ Info: use_adaptive_step_size_weight: true
[ Info: use_aggressive: true
[ Info: use_restart: true
[ Info: use_adaptive_step: true
[ Info: use_reflection: true
[ Info: use_halpern: true
[ Info: use_resolving: true
[ Info: use_duality_gap_restart: true
[ Info: duality_gap_restart_freq: 2000
[ Info: use_kkt_restart: false
[ Info: kkt_restart_freq: 2000
[ Info: abs_tol: 1.0e-6
[ Info: rel_tol: 1.0e-6
[ Info: eps_primal_infeasible_low_acc: 1.0e-12
[ Info: eps_dual_infeasible_low_acc: 1.0e-12
[ Info: eps_primal_infeasible_high_acc: 1.0e-16
[ Info: eps_dual_infeasible_high_acc: 1.0e-16
[ Info: print_freq: 1000
[ Info: check_terminate_freq: 1000
[ Info: ---------------------------------------------------
[ Info: ------------- Model Info Summary -----------------
[ Info: ---------------------------------------------------
[ Info: variable number: 14400004
[ Info: constraint number: 14800005
[ Info: non-zero elements in G: 574856083
[ Info: Number of box constraints: 14400004
[ Info: Number of equal constraints: 400003
[ Info: Number of nonnegative constraints: 14000000
[ Info: Number of soc cone constraints: 1
[ Info: Number of rsoc cone constraints: 0
[ Info: Number of exp cone constraints: 0
[ Info: Number of dual exp cone constraints: 0
[ Info: Number of soc cone variables: 0
[ Info: Number of rsoc cone variables: 0
[ Info: Number of exp cone variables: 0
[ Info: Number of dual exp cone variables: 0
[ Info: ---------------------------------------------------
[ Info: Using preconditioner
[ Info: Warm start not enabled. Ignoring warm start values.
[ Info: Initializing primal and dual variables to zero.
[ Info: initial nrm1G: 2.948250315890146e8, initial nrmInfG: 1.0
[ Info: initial nrm1c: 1.3136415399632142e6
[ Info: initial nrm1h: 1304.299580236156
[ Info: initial nrmInfc: 2.0
[ Info: max Dr_product:6.620236017962014
[ Info: norm Dr_product:17170.469742413556
[ Info: max Dl_product:29.12671944324022
[ Info: norm Dl_product:17170.46977150375
[ Info: after scaling, norm1 c: 290026.2381833812
[ Info: after scaling, normInf c: 1.9996615778638578
[ Info: after scaling, norm1 G: 5.681040538085869e6
[ Info: after scaling, normInf G: 0.7071067811865475
[ Info: iter:0 rel_p_res(inf):5.000e-01 rel_d_res(inf):6.667e-01 primal_obj:0.000e+00 dual_obj:0.000e+00 rel_pd_gap:0.000e+00 time:0.00 restart_used:0
[ Info: ==================================================
[ Info: Start unified diagonal GPU loop for the ablation-compatible production path.
[ Info: iter:0 rel_p_res(inf):5.000e-01 rel_d_res(inf):6.667e-01 primal_obj:0.000e+00 dual_obj:0.000e+00 rel_pd_gap:0.000e+00 time:3.12 restart_used:0
[ Info: iter:1000 rel_p_res(inf):1.320e-04 rel_d_res(inf):9.338e-02 primal_obj:5.20689e+00 dual_obj:8.77875e+00 rel_pd_gap:3.653e-01 time:155.05 restart_used:0, restart_trigger_mean:0, restart_trigger_ergodic:0, diff_nrm_x_recovered:4.350e+00 diff_nrm_y_recovered:3.737e+02 nrm2_x_recovered:4.350e+00 nrm2_y_recovered:3.737e+02, nrmInf_x_recovered:2.451e+00 nrmInf_y_recovered:6.006e+00 dual_gap_ergodic:1.000e+30, dual_gap_mean:1.000e+30, dual_gap_restart_threshold:Inf, dual_gap_r:0.000e+00, kkt_error_ergodic:1.000e+30, kkt_error_mean:1.000e+30, kkt_error_restart_threshold:0.000e+00, tau:1.316e-02, sigma:7.899e+01
[ Info: iter:2000 rel_p_res(inf):9.055e-05 rel_d_res(inf):4.623e-02 primal_obj:6.11335e+00 dual_obj:7.70585e+00 rel_pd_gap:1.829e-01 time:240.71 restart_used:0, restart_trigger_mean:0, restart_trigger_ergodic:0, diff_nrm_x_recovered:4.927e-01 diff_nrm_y_recovered:9.107e+00 nrm2_x_recovered:4.789e+00 nrm2_y_recovered:3.711e+02, nrmInf_x_recovered:2.773e+00 nrmInf_y_recovered:6.119e+00 dual_gap_ergodic:1.000e+30, dual_gap_mean:1.000e+30, dual_gap_restart_threshold:Inf, dual_gap_r:0.000e+00, kkt_error_ergodic:1.000e+30, kkt_error_mean:1.000e+30, kkt_error_restart_threshold:0.000e+00, tau:1.424e-02, sigma:8.547e+01
[ Info: restart due to condition 1
[ Info: omega:77.48562769040245, x_diff_norm:6.221279866613388, y_diff_norm:397.59906207159065
[ Info: iter:3000 rel_p_res(inf):6.871e-06 rel_d_res(inf):7.305e-03 primal_obj:6.64355e+00 dual_obj:6.79175e+00 rel_pd_gap:1.902e-02 time:327.12 restart_used:1, restart_trigger_mean:0, restart_trigger_ergodic:1, diff_nrm_x_recovered:4.012e-01 diff_nrm_y_recovered:8.686e+00 nrm2_x_recovered:5.150e+00 nrm2_y_recovered:3.688e+02, nrmInf_x_recovered:3.037e+00 nrmInf_y_recovered:6.215e+00 dual_gap_ergodic:5.546e-04, dual_gap_mean:2.254e-03, dual_gap_restart_threshold:5.546e-04, dual_gap_r:4.554e+03, kkt_error_ergodic:1.000e+30, kkt_error_mean:1.000e+30, kkt_error_restart_threshold:0.000e+00, tau:1.630e-02, sigma:8.071e+01
[ Info: iter:4000 rel_p_res(inf):3.935e-06 rel_d_res(inf):3.615e-03 primal_obj:6.63063e+00 dual_obj:6.70415e+00 rel_pd_gap:9.543e-03 time:411.44 restart_used:1, restart_trigger_mean:0, restart_trigger_ergodic:1, diff_nrm_x_recovered:4.025e-02 diff_nrm_y_recovered:1.256e+00 nrm2_x_recovered:5.182e+00 nrm2_y_recovered:3.685e+02, nrmInf_x_recovered:3.060e+00 nrmInf_y_recovered:6.191e+00 dual_gap_ergodic:5.546e-04, dual_gap_mean:2.254e-03, dual_gap_restart_threshold:5.546e-04, dual_gap_r:4.554e+03, kkt_error_ergodic:1.000e+30, kkt_error_mean:1.000e+30, kkt_error_restart_threshold:0.000e+00, tau:1.825e-02, sigma:9.035e+01
[ Info: iter:5000 rel_p_res(inf):2.299e-06 rel_d_res(inf):2.433e-03 primal_obj:6.62620e+00 dual_obj:6.67592e+00 rel_pd_gap:6.478e-03 time:497.13 restart_used:1, restart_trigger_mean:0, restart_trigger_ergodic:1, diff_nrm_x_recovered:1.252e-02 diff_nrm_y_recovered:4.116e-01 nrm2_x_recovered:5.192e+00 nrm2_y_recovered:3.684e+02, nrmInf_x_recovered:3.067e+00 nrmInf_y_recovered:6.182e+00 dual_gap_ergodic:6.705e-04, dual_gap_mean:2.346e-03, dual_gap_restart_threshold:5.546e-04, dual_gap_r:4.554e+03, kkt_error_ergodic:1.000e+30, kkt_error_mean:1.000e+30, kkt_error_restart_threshold:0.000e+00, tau:1.480e-02, sigma:7.328e+01
[ Info: iter:6000 rel_p_res(inf):1.721e-06 rel_d_res(inf):1.828e-03 primal_obj:6.62408e+00 dual_obj:6.66168e+00 rel_pd_gap:4.907e-03 time:581.45 restart_used:1, restart_trigger_mean:0, restart_trigger_ergodic:1, diff_nrm_x_recovered:6.328e-03 diff_nrm_y_recovered:2.096e-01 nrm2_x_recovered:5.197e+00 nrm2_y_recovered:3.683e+02, nrmInf_x_recovered:3.071e+00 nrmInf_y_recovered:6.178e+00 dual_gap_ergodic:6.705e-04, dual_gap_mean:2.346e-03, dual_gap_restart_threshold:5.546e-04, dual_gap_r:4.554e+03, kkt_error_ergodic:1.000e+30, kkt_error_mean:1.000e+30, kkt_error_restart_threshold:0.000e+00, tau:1.535e-02, sigma:7.599e+01
[ Info: restart due to condition 2
[ Info: omega:70.37094514344473, x_diff_norm:0.5961151804125315, y_diff_norm:16.437739013548985
[ Info: iter:7000 rel_p_res(inf):5.848e-07 rel_d_res(inf):1.479e-04 primal_obj:6.62011e+00 dual_obj:6.62150e+00 rel_pd_gap:1.820e-04 time:668.04 restart_used:2, restart_trigger_mean:0, restart_trigger_ergodic:2, diff_nrm_x_recovered:1.776e-02 diff_nrm_y_recovered:5.693e-01 nrm2_x_recovered:5.211e+00 nrm2_y_recovered:3.682e+02, nrmInf_x_recovered:3.082e+00 nrmInf_y_recovered:6.166e+00 dual_gap_ergodic:3.294e-04, dual_gap_mean:1.186e-03, dual_gap_restart_threshold:3.294e-04, dual_gap_r:2.687e+01, kkt_error_ergodic:1.000e+30, kkt_error_mean:1.000e+30, kkt_error_restart_threshold:0.000e+00, tau:2.572e-02, sigma:4.991e+01
[ Info: iter:8000 rel_p_res(inf):3.509e-07 rel_d_res(inf):7.273e-05 primal_obj:6.61907e+00 dual_obj:6.61974e+00 rel_pd_gap:8.809e-05 time:752.44 restart_used:2, restart_trigger_mean:0, restart_trigger_ergodic:2, diff_nrm_x_recovered:6.809e-04 diff_nrm_y_recovered:3.422e-02 nrm2_x_recovered:5.212e+00 nrm2_y_recovered:3.682e+02, nrmInf_x_recovered:3.082e+00 nrmInf_y_recovered:6.165e+00 dual_gap_ergodic:3.294e-04, dual_gap_mean:1.186e-03, dual_gap_restart_threshold:3.294e-04, dual_gap_r:2.687e+01, kkt_error_ergodic:1.000e+30, kkt_error_mean:1.000e+30, kkt_error_restart_threshold:0.000e+00, tau:2.720e-02, sigma:5.278e+01
[ Info: iter:9000 rel_p_res(inf):2.013e-07 rel_d_res(inf):4.874e-05 primal_obj:6.61872e+00 dual_obj:6.61917e+00 rel_pd_gap:5.946e-05 time:838.30 restart_used:2, restart_trigger_mean:0, restart_trigger_ergodic:2, diff_nrm_x_recovered:2.183e-04 diff_nrm_y_recovered:1.108e-02 nrm2_x_recovered:5.212e+00 nrm2_y_recovered:3.682e+02, nrmInf_x_recovered:3.082e+00 nrmInf_y_recovered:6.164e+00 dual_gap_ergodic:3.089e-03, dual_gap_mean:2.238e-03, dual_gap_restart_threshold:3.294e-04, dual_gap_r:2.687e+01, kkt_error_ergodic:1.000e+30, kkt_error_mean:1.000e+30, kkt_error_restart_threshold:0.000e+00, tau:2.683e-02, sigma:5.207e+01
[ Info: iter:10000 rel_p_res(inf):3.267e-07 rel_d_res(inf):3.637e-05 primal_obj:6.61855e+00 dual_obj:6.61888e+00 rel_pd_gap:4.402e-05 time:922.68 restart_used:2, restart_trigger_mean:0, restart_trigger_ergodic:2, diff_nrm_x_recovered:1.123e-04 diff_nrm_y_recovered:5.606e-03 nrm2_x_recovered:5.212e+00 nrm2_y_recovered:3.682e+02, nrmInf_x_recovered:3.082e+00 nrmInf_y_recovered:6.164e+00 dual_gap_ergodic:3.089e-03, dual_gap_mean:2.238e-03, dual_gap_restart_threshold:3.294e-04, dual_gap_r:2.687e+01, kkt_error_ergodic:1.000e+30, kkt_error_mean:1.000e+30, kkt_error_restart_threshold:0.000e+00, tau:2.504e-02, sigma:4.859e+01
[ Info: restart due to artificial condition, beta_artificial = 0.223, inner_iter = 3991, iter = 10001 or force_restart
[ Info: omega:44.05068250769287, x_diff_norm:0.02642883498053996, y_diff_norm:0.9704633168676614
[ Info: iter:11000 rel_p_res(inf):7.327e-08 rel_d_res(inf):6.391e-06 primal_obj:6.61827e+00 dual_obj:6.61818e+00 rel_pd_gap:1.256e-05 time:1009.79 restart_used:3, restart_trigger_mean:0, restart_trigger_ergodic:2, diff_nrm_x_recovered:2.688e-04 diff_nrm_y_recovered:1.206e-02 nrm2_x_recovered:5.212e+00 nrm2_y_recovered:3.682e+02, nrmInf_x_recovered:3.082e+00 nrmInf_y_recovered:6.164e+00 dual_gap_ergodic:2.854e+01, dual_gap_mean:1.294e-03, dual_gap_restart_threshold:1.352e-03, dual_gap_r:4.301e-02, kkt_error_ergodic:1.000e+30, kkt_error_mean:1.000e+30, kkt_error_restart_threshold:0.000e+00, tau:2.667e-02, sigma:4.314e+01
[ Info: iter:12000 rel_p_res(inf):4.134e-08 rel_d_res(inf):3.104e-06 primal_obj:6.61815e+00 dual_obj:6.61810e+00 rel_pd_gap:6.564e-06 time:1094.17 restart_used:3, restart_trigger_mean:0, restart_trigger_ergodic:2, diff_nrm_x_recovered:5.555e-05 diff_nrm_y_recovered:2.613e-03 nrm2_x_recovered:5.212e+00 nrm2_y_recovered:3.682e+02, nrmInf_x_recovered:3.082e+00 nrmInf_y_recovered:6.164e+00 dual_gap_ergodic:2.854e+01, dual_gap_mean:1.294e-03, dual_gap_restart_threshold:1.352e-03, dual_gap_r:4.301e-02, kkt_error_ergodic:1.000e+30, kkt_error_mean:1.000e+30, kkt_error_restart_threshold:0.000e+00, tau:3.079e-02, sigma:4.980e+01
[ Info: restart due to artificial condition, beta_artificial = 0.223, inner_iter = 2889, iter = 12952 or force_restart
[ Info: omega:40.2185929884631, x_diff_norm:0.0024554605143889043, y_diff_norm:0.11549796674874677
[ Info: iter:13000 rel_p_res(inf):8.350e-08 rel_d_res(inf):6.254e-06 primal_obj:6.61831e+00 dual_obj:6.61817e+00 rel_pd_gap:1.789e-05 time:1181.06 restart_used:4, restart_trigger_mean:0, restart_trigger_ergodic:2, diff_nrm_x_recovered:7.005e-05 diff_nrm_y_recovered:2.727e-03 nrm2_x_recovered:5.212e+00 nrm2_y_recovered:3.682e+02, nrmInf_x_recovered:3.082e+00 nrmInf_y_recovered:6.164e+00 dual_gap_ergodic:2.601e-03, dual_gap_mean:2.387e-03, dual_gap_restart_threshold:1.102e-03, dual_gap_r:4.775e-04, kkt_error_ergodic:1.000e+30, kkt_error_mean:1.000e+30, kkt_error_restart_threshold:0.000e+00, tau:2.827e-02, sigma:5.348e+01
[ Info: iter:14000 rel_p_res(inf):6.199e-09 rel_d_res(inf):2.898e-07 primal_obj:6.61805e+00 dual_obj:6.61802e+00 rel_pd_gap:3.411e-06 time:1265.35 restart_used:4, restart_trigger_mean:0, restart_trigger_ergodic:2, diff_nrm_x_recovered:1.160e-04 diff_nrm_y_recovered:4.973e-03 nrm2_x_recovered:5.212e+00 nrm2_y_recovered:3.682e+02, nrmInf_x_recovered:3.082e+00 nrmInf_y_recovered:6.164e+00 dual_gap_ergodic:2.601e-03, dual_gap_mean:2.387e-03, dual_gap_restart_threshold:1.102e-03, dual_gap_r:4.775e-04, kkt_error_ergodic:1.000e+30, kkt_error_mean:1.000e+30, kkt_error_restart_threshold:0.000e+00, tau:2.372e-02, sigma:4.488e+01
[ Info: restart due to condition 2
[ Info: omega:43.49447856201362, x_diff_norm:0.00023615237320708551, y_diff_norm:0.011199565367816727
[ Info: iter:15000 rel_p_res(inf):1.996e-10 rel_d_res(inf):7.518e-08 primal_obj:6.61803e+00 dual_obj:6.61803e+00 rel_pd_gap:2.354e-07 time:1352.49 restart_used:5, restart_trigger_mean:0, restart_trigger_ergodic:3, diff_nrm_x_recovered:1.068e-05 diff_nrm_y_recovered:4.545e-04 nrm2_x_recovered:5.212e+00 nrm2_y_recovered:3.682e+02, nrmInf_x_recovered:3.082e+00 nrmInf_y_recovered:6.164e+00 dual_gap_ergodic:7.682e-04, dual_gap_mean:2.648e-03, dual_gap_restart_threshold:7.682e-04, dual_gap_r:5.174e-06, kkt_error_ergodic:1.000e+30, kkt_error_mean:1.000e+30, kkt_error_restart_threshold:0.000e+00, tau:2.444e-02, sigma:5.041e+01
[ Info: ===============================================
[ Info: ---------------------------------------------------
[ Info: ------------- Solver Info Summary -----------------
[ Info: ---------------------------------------------------
[ Info: iter_num:                     15000
[ Info: exit_status:                  optimal
[ Info: l_2_abs_primal_res:           6.4740e-08
[ Info: l_2_rel_primal_res:           2.5192e-11
[ Info: l_inf_abs_primal_res:         7.7588e-10
[ Info: l_inf_rel_primal_res:         1.9964e-10
[ Info: l_2_abs_dual_res:             8.2356e-07
[ Info: l_2_rel_dual_res:             6.2693e-13
[ Info: l_inf_abs_dual_res:           2.2554e-07
[ Info: l_inf_rel_dual_res:           7.5179e-08
[ Info: rel_gap:                      2.3538e-07
[ Info: abs_gap:                      1.7931e-06
[ Info: primal_obj:                   6.6180e+00
[ Info: dual_obj:                     6.6180e+00
[ Info: time:                         1352.4855
[ Info: ---------------------------------------------------
[ Info:  norm(sol.x.recovered_primal.primal_sol.x, Inf): 3.0818792148397924
[ Info:  norm(sol.y.recovered_dual.dual_sol.y, Inf): 6.163756953049978
[ Info: time for projection: 3.993527412414551
[ Info: time for iterative: 1246.9781303405762
[ Info: time for restart check: 4.80946683883667
[ Info: time for exit check: 0.0
[ Info: time for print info calculation: 1.3411157131195068
TABLE5_SOLVE_RESULT solver=cupdcs instance=table5-m400000-n7000000-r03 termination=OPTIMAL primal_status=FEASIBLE_POINT iterations=15000 objective=6.61803185767848 optimize_wall_seconds=2462.530861854553
TABLE5_SOLVE_FINISH solver=cupdcs instance=table5-m400000-n7000000-r03 status=completed result=/home/zhenwei/PDCS_fork/benchmark/large_scale_lasso/table5_solver_results/cupdcs/table5-m400000-n7000000-r03/attempt_20260729T212629Z_gpu1/result.toml
RESOURCE_SNAPSHOT label=solve_cupdcs_table5-m400000-n7000000-r03 utc=2026-07-29T23:12:24Z
               total        used        free      shared  buff/cache   available
Mem:           2.0Ti       465Gi       590Gi        91Mi       958Gi       1.5Ti
Swap:             0B          0B          0B
Filesystem                    Size  Used Avail Use% Mounted on
/dev/mapper/ubuntu--vg-lv--0  778G  726G   13G  99% /home
SOLVE_CASE_COMPLETE solver=cupdcs id=table5-m400000-n7000000-r03 utc=2026-07-29T23:12:24Z
SOLVE_RERUN_TIME_LIMIT solver=cupdcs id=table5-m400000-n7000000-r05
GPU_PREFLIGHT 1, GPU-1a06a313-b094-618b-9f24-8ccf7885ac5b, NVIDIA H100 80GB HBM3, 0, 81081, 0
SOLVE_CASE_START solver=cupdcs id=table5-m400000-n7000000-r05 gpu=1 utc=2026-07-29T23:12:24Z
TABLE5_SOLVE_START solver=cupdcs instance=table5-m400000-n7000000-r05 m=400000 n=7000000 density=0.0001 seed=1459784771767232267 tolerance=1.0e-6 time_limit=1800.0
TABLE5_INSTANCE_READY instance=table5-m400000-n7000000-r05 nnz=280000120 lambda=0.09952751335115233 numerical_digest=0b0c76bef477cf747dad0a404269280e19ccd0dac4567e83e1a0747af97b5bd5 model_digest=18ea90538610e3086b2d190af7232286ee825606a66a2c231cb482047cceedad generation_seconds=59.09135103225708
rescaling_method is not set, using default value: :ruiz_pock_chambolle. Note that if :use_scaling is false, this option is ignored.
kkt_restart_freq is not set, using default value: 500.
duality_gap_restart_freq is not set, using default value: 2000.
[ Info: logfile is set to nothing
[ Info: ---------------------------------------------------
[ Info: ------------- Parameter Info Summary --------------
[ Info: ---------------------------------------------------
[ Info: time limit: 1800.0
[ Info: use_preconditioner: true
[ Info: use_adaptive_restart: true
[ Info: use_adaptive_step_size_weight: true
[ Info: use_aggressive: true
[ Info: use_restart: true
[ Info: use_adaptive_step: true
[ Info: use_reflection: true
[ Info: use_halpern: true
[ Info: use_resolving: true
[ Info: use_duality_gap_restart: true
[ Info: duality_gap_restart_freq: 2000
[ Info: use_kkt_restart: false
[ Info: kkt_restart_freq: 2000
[ Info: abs_tol: 1.0e-6
[ Info: rel_tol: 1.0e-6
[ Info: eps_primal_infeasible_low_acc: 1.0e-12
[ Info: eps_dual_infeasible_low_acc: 1.0e-12
[ Info: eps_primal_infeasible_high_acc: 1.0e-16
[ Info: eps_dual_infeasible_high_acc: 1.0e-16
[ Info: print_freq: 1000
[ Info: check_terminate_freq: 1000
[ Info: ---------------------------------------------------
[ Info: ------------- Model Info Summary -----------------
[ Info: ---------------------------------------------------
[ Info: variable number: 14400004
[ Info: constraint number: 14800005
[ Info: non-zero elements in G: 574800249
[ Info: Number of box constraints: 14400004
[ Info: Number of equal constraints: 400003
[ Info: Number of nonnegative constraints: 14000000
[ Info: Number of soc cone constraints: 1
[ Info: Number of rsoc cone constraints: 0
[ Info: Number of exp cone constraints: 0
[ Info: Number of dual exp cone constraints: 0
[ Info: Number of soc cone variables: 0
[ Info: Number of rsoc cone variables: 0
[ Info: Number of exp cone variables: 0
[ Info: Number of dual exp cone variables: 0
[ Info: ---------------------------------------------------
[ Info: Using preconditioner
[ Info: Warm start not enabled. Ignoring warm start values.
[ Info: Initializing primal and dual variables to zero.
[ Info: initial nrm1G: 2.948294818533353e8, initial nrmInfG: 1.0
[ Info: initial nrm1c: 1.3933871869161306e6
[ Info: initial nrm1h: 1305.8152241922637
[ Info: initial nrmInfc: 2.0
[ Info: max Dr_product:6.454227930609419
[ Info: norm Dr_product:17170.59933256438
[ Info: max Dl_product:28.921220988931353
[ Info: norm Dl_product:17170.599361654356
[ Info: after scaling, norm1 c: 307629.1415505159
[ Info: after scaling, normInf c: 1.9996615778638578
[ Info: after scaling, norm1 G: 5.681012319170054e6
[ Info: after scaling, normInf G: 0.7071067811865475
[ Info: iter:0 rel_p_res(inf):5.000e-01 rel_d_res(inf):6.667e-01 primal_obj:0.000e+00 dual_obj:0.000e+00 rel_pd_gap:0.000e+00 time:0.00 restart_used:0
[ Info: ==================================================
[ Info: Start unified diagonal GPU loop for the ablation-compatible production path.
[ Info: iter:0 rel_p_res(inf):5.000e-01 rel_d_res(inf):6.667e-01 primal_obj:0.000e+00 dual_obj:0.000e+00 rel_pd_gap:0.000e+00 time:3.25 restart_used:0
[ Info: iter:1000 rel_p_res(inf):1.382e-04 rel_d_res(inf):9.759e-02 primal_obj:5.61139e+00 dual_obj:9.00480e+00 rel_pd_gap:3.392e-01 time:88.16 restart_used:0, restart_trigger_mean:0, restart_trigger_ergodic:0, diff_nrm_x_recovered:4.481e+00 diff_nrm_y_recovered:3.957e+02 nrm2_x_recovered:4.481e+00 nrm2_y_recovered:3.957e+02, nrmInf_x_recovered:2.547e+00 nrmInf_y_recovered:6.339e+00 dual_gap_ergodic:1.000e+30, dual_gap_mean:1.000e+30, dual_gap_restart_threshold:Inf, dual_gap_r:0.000e+00, kkt_error_ergodic:1.000e+30, kkt_error_mean:1.000e+30, kkt_error_restart_threshold:0.000e+00, tau:1.333e-02, sigma:9.001e+01
[ Info: iter:2000 rel_p_res(inf):6.033e-05 rel_d_res(inf):5.155e-02 primal_obj:5.99263e+00 dual_obj:7.89943e+00 rel_pd_gap:2.143e-01 time:172.10 restart_used:0, restart_trigger_mean:0, restart_trigger_ergodic:0, diff_nrm_x_recovered:5.115e-01 diff_nrm_y_recovered:1.082e+01 nrm2_x_recovered:4.936e+00 nrm2_y_recovered:3.927e+02, nrmInf_x_recovered:2.881e+00 nrmInf_y_recovered:6.394e+00 dual_gap_ergodic:1.000e+30, dual_gap_mean:1.000e+30, dual_gap_restart_threshold:Inf, dual_gap_r:0.000e+00, kkt_error_ergodic:1.000e+30, kkt_error_mean:1.000e+30, kkt_error_restart_threshold:0.000e+00, tau:1.269e-02, sigma:8.568e+01
[ Info: restart due to condition 1
[ Info: omega:82.18455887924867, x_diff_norm:6.397945373066167, y_diff_norm:419.3362428894312
[ Info: iter:3000 rel_p_res(inf):1.366e-05 rel_d_res(inf):7.185e-03 primal_obj:6.68643e+00 dual_obj:6.83153e+00 rel_pd_gap:1.853e-02 time:257.23 restart_used:1, restart_trigger_mean:0, restart_trigger_ergodic:1, diff_nrm_x_recovered:3.980e-01 diff_nrm_y_recovered:1.047e+01 nrm2_x_recovered:5.293e+00 nrm2_y_recovered:3.897e+02, nrmInf_x_recovered:3.141e+00 nrmInf_y_recovered:6.427e+00 dual_gap_ergodic:5.618e-04, dual_gap_mean:3.774e-03, dual_gap_restart_threshold:5.618e-04, dual_gap_r:5.265e+03, kkt_error_ergodic:1.000e+30, kkt_error_mean:1.000e+30, kkt_error_restart_threshold:0.000e+00, tau:1.254e-02, sigma:6.752e+01
[ Info: iter:4000 rel_p_res(inf):3.916e-06 rel_d_res(inf):3.622e-03 primal_obj:6.67085e+00 dual_obj:6.74401e+00 rel_pd_gap:9.448e-03 time:340.81 restart_used:1, restart_trigger_mean:0, restart_trigger_ergodic:1, diff_nrm_x_recovered:3.170e-02 diff_nrm_y_recovered:1.318e+00 nrm2_x_recovered:5.316e+00 nrm2_y_recovered:3.894e+02, nrmInf_x_recovered:3.158e+00 nrmInf_y_recovered:6.389e+00 dual_gap_ergodic:5.618e-04, dual_gap_mean:3.774e-03, dual_gap_restart_threshold:5.618e-04, dual_gap_r:5.265e+03, kkt_error_ergodic:1.000e+30, kkt_error_mean:1.000e+30, kkt_error_restart_threshold:0.000e+00, tau:1.398e-02, sigma:7.529e+01
[ Info: iter:5000 rel_p_res(inf):2.601e-06 rel_d_res(inf):2.416e-03 primal_obj:6.66557e+00 dual_obj:6.71481e+00 rel_pd_gap:6.382e-03 time:426.59 restart_used:1, restart_trigger_mean:0, restart_trigger_ergodic:1, diff_nrm_x_recovered:1.018e-02 diff_nrm_y_recovered:4.456e-01 nrm2_x_recovered:5.324e+00 nrm2_y_recovered:3.893e+02, nrmInf_x_recovered:3.163e+00 nrmInf_y_recovered:6.375e+00 dual_gap_ergodic:6.338e-04, dual_gap_mean:1.603e-03, dual_gap_restart_threshold:5.618e-04, dual_gap_r:5.265e+03, kkt_error_ergodic:1.000e+30, kkt_error_mean:1.000e+30, kkt_error_restart_threshold:0.000e+00, tau:1.539e-02, sigma:8.291e+01
[ Info: iter:6000 rel_p_res(inf):1.953e-06 rel_d_res(inf):1.816e-03 primal_obj:6.66305e+00 dual_obj:6.70003e+00 rel_pd_gap:4.803e-03 time:511.05 restart_used:1, restart_trigger_mean:0, restart_trigger_ergodic:1, diff_nrm_x_recovered:5.016e-03 diff_nrm_y_recovered:2.252e-01 nrm2_x_recovered:5.327e+00 nrm2_y_recovered:3.892e+02, nrmInf_x_recovered:3.166e+00 nrmInf_y_recovered:6.368e+00 dual_gap_ergodic:6.338e-04, dual_gap_mean:1.603e-03, dual_gap_restart_threshold:5.618e-04, dual_gap_r:5.265e+03, kkt_error_ergodic:1.000e+30, kkt_error_mean:1.000e+30, kkt_error_restart_threshold:0.000e+00, tau:1.531e-02, sigma:8.248e+01
[ Info: restart due to condition 2
[ Info: omega:73.39323828960788, x_diff_norm:0.5780470548518416, y_diff_norm:19.369700483860292
[ Info: iter:7000 rel_p_res(inf):6.993e-07 rel_d_res(inf):1.140e-04 primal_obj:6.65776e+00 dual_obj:6.65838e+00 rel_pd_gap:8.045e-05 time:597.72 restart_used:2, restart_trigger_mean:0, restart_trigger_ergodic:2, diff_nrm_x_recovered:1.407e-02 diff_nrm_y_recovered:6.227e-01 nrm2_x_recovered:5.338e+00 nrm2_y_recovered:3.891e+02, nrmInf_x_recovered:3.173e+00 nrmInf_y_recovered:6.349e+00 dual_gap_ergodic:3.530e-04, dual_gap_mean:1.330e-03, dual_gap_restart_threshold:3.530e-04, dual_gap_r:2.654e+01, kkt_error_ergodic:1.000e+30, kkt_error_mean:1.000e+30, kkt_error_restart_threshold:0.000e+00, tau:2.400e-02, sigma:5.901e+01
[ Info: iter:8000 rel_p_res(inf):2.622e-07 rel_d_res(inf):5.856e-05 primal_obj:6.65670e+00 dual_obj:6.65705e+00 rel_pd_gap:4.490e-05 time:682.18 restart_used:2, restart_trigger_mean:0, restart_trigger_ergodic:2, diff_nrm_x_recovered:5.329e-04 diff_nrm_y_recovered:2.772e-02 nrm2_x_recovered:5.338e+00 nrm2_y_recovered:3.891e+02, nrmInf_x_recovered:3.173e+00 nrmInf_y_recovered:6.348e+00 dual_gap_ergodic:3.530e-04, dual_gap_mean:1.330e-03, dual_gap_restart_threshold:3.530e-04, dual_gap_r:2.654e+01, kkt_error_ergodic:1.000e+30, kkt_error_mean:1.000e+30, kkt_error_restart_threshold:0.000e+00, tau:2.058e-02, sigma:5.061e+01
[ Info: iter:9000 rel_p_res(inf):3.220e-07 rel_d_res(inf):3.825e-05 primal_obj:6.65635e+00 dual_obj:6.65656e+00 rel_pd_gap:2.713e-05 time:768.11 restart_used:2, restart_trigger_mean:0, restart_trigger_ergodic:2, diff_nrm_x_recovered:1.842e-04 diff_nrm_y_recovered:9.861e-03 nrm2_x_recovered:5.338e+00 nrm2_y_recovered:3.891e+02, nrmInf_x_recovered:3.173e+00 nrmInf_y_recovered:6.348e+00 dual_gap_ergodic:5.021e-04, dual_gap_mean:1.677e-03, dual_gap_restart_threshold:3.530e-04, dual_gap_r:2.654e+01, kkt_error_ergodic:1.000e+30, kkt_error_mean:1.000e+30, kkt_error_restart_threshold:0.000e+00, tau:2.111e-02, sigma:5.192e+01
[ Info: iter:10000 rel_p_res(inf):1.335e-07 rel_d_res(inf):2.919e-05 primal_obj:6.65618e+00 dual_obj:6.65634e+00 rel_pd_gap:2.156e-05 time:852.57 restart_used:2, restart_trigger_mean:0, restart_trigger_ergodic:2, diff_nrm_x_recovered:8.705e-05 diff_nrm_y_recovered:4.529e-03 nrm2_x_recovered:5.338e+00 nrm2_y_recovered:3.891e+02, nrmInf_x_recovered:3.173e+00 nrmInf_y_recovered:6.347e+00 dual_gap_ergodic:5.021e-04, dual_gap_mean:1.677e-03, dual_gap_restart_threshold:3.530e-04, dual_gap_r:2.654e+01, kkt_error_ergodic:1.000e+30, kkt_error_mean:1.000e+30, kkt_error_restart_threshold:0.000e+00, tau:2.010e-02, sigma:4.942e+01
[ Info: restart due to condition 2
[ Info: omega:49.591572703265456, x_diff_norm:0.021797239729409414, y_diff_norm:1.041055922307372
[ Info: iter:11000 rel_p_res(inf):1.078e-08 rel_d_res(inf):2.276e-07 primal_obj:6.65568e+00 dual_obj:6.65564e+00 rel_pd_gap:5.696e-06 time:939.50 restart_used:3, restart_trigger_mean:0, restart_trigger_ergodic:3, diff_nrm_x_recovered:2.587e-04 diff_nrm_y_recovered:1.414e-02 nrm2_x_recovered:5.338e+00 nrm2_y_recovered:3.891e+02, nrmInf_x_recovered:3.173e+00 nrmInf_y_recovered:6.347e+00 dual_gap_ergodic:2.355e-04, dual_gap_mean:1.084e-03, dual_gap_restart_threshold:2.355e-04, dual_gap_r:4.586e-02, kkt_error_ergodic:1.000e+30, kkt_error_mean:1.000e+30, kkt_error_restart_threshold:0.000e+00, tau:2.158e-02, sigma:5.110e+01
[ Info: iter:12000 rel_p_res(inf):5.396e-09 rel_d_res(inf):1.145e-07 primal_obj:6.65566e+00 dual_obj:6.65564e+00 rel_pd_gap:2.873e-06 time:1023.82 restart_used:3, restart_trigger_mean:0, restart_trigger_ergodic:3, diff_nrm_x_recovered:9.858e-06 diff_nrm_y_recovered:1.801e-04 nrm2_x_recovered:5.338e+00 nrm2_y_recovered:3.891e+02, nrmInf_x_recovered:3.173e+00 nrmInf_y_recovered:6.347e+00 dual_gap_ergodic:2.355e-04, dual_gap_mean:1.084e-03, dual_gap_restart_threshold:2.355e-04, dual_gap_r:4.586e-02, kkt_error_ergodic:1.000e+30, kkt_error_mean:1.000e+30, kkt_error_restart_threshold:0.000e+00, tau:2.181e-02, sigma:5.166e+01
[ Info: restart due to artificial condition, beta_artificial = 0.223, inner_iter = 2889, iter = 12952 or force_restart
[ Info: omega:48.6676324941205, x_diff_norm:0.0004563897158819503, y_diff_norm:0.0224901415108263
[ Info: iter:13000 rel_p_res(inf):1.221e-08 rel_d_res(inf):3.776e-07 primal_obj:6.65569e+00 dual_obj:6.65563e+00 rel_pd_gap:7.347e-06 time:1110.96 restart_used:4, restart_trigger_mean:0, restart_trigger_ergodic:3, diff_nrm_x_recovered:1.342e-05 diff_nrm_y_recovered:1.619e-04 nrm2_x_recovered:5.338e+00 nrm2_y_recovered:3.891e+02, nrmInf_x_recovered:3.173e+00 nrmInf_y_recovered:6.347e+00 dual_gap_ergodic:4.549e-04, dual_gap_mean:1.914e-03, dual_gap_restart_threshold:1.178e-03, dual_gap_r:1.727e-05, kkt_error_ergodic:1.000e+30, kkt_error_mean:1.000e+30, kkt_error_restart_threshold:0.000e+00, tau:2.567e-02, sigma:6.158e+01
[ Info: iter:14000 rel_p_res(inf):5.230e-10 rel_d_res(inf):1.546e-07 primal_obj:6.65564e+00 dual_obj:6.65564e+00 rel_pd_gap:6.967e-07 time:1195.61 restart_used:4, restart_trigger_mean:0, restart_trigger_ergodic:3, diff_nrm_x_recovered:2.232e-05 diff_nrm_y_recovered:3.461e-04 nrm2_x_recovered:5.338e+00 nrm2_y_recovered:3.891e+02, nrmInf_x_recovered:3.173e+00 nrmInf_y_recovered:6.347e+00 dual_gap_ergodic:4.549e-04, dual_gap_mean:1.914e-03, dual_gap_restart_threshold:1.178e-03, dual_gap_r:1.727e-05, kkt_error_ergodic:1.000e+30, kkt_error_mean:1.000e+30, kkt_error_restart_threshold:0.000e+00, tau:2.293e-02, sigma:5.498e+01
[ Info: ===============================================
[ Info: ---------------------------------------------------
[ Info: ------------- Solver Info Summary -----------------
[ Info: ---------------------------------------------------
[ Info: iter_num:                     14000
[ Info: exit_status:                  optimal
[ Info: l_2_abs_primal_res:           2.7146e-07
[ Info: l_2_rel_primal_res:           1.0491e-10
[ Info: l_inf_abs_primal_res:         2.0666e-09
[ Info: l_inf_rel_primal_res:         5.2304e-10
[ Info: l_2_abs_dual_res:             3.0630e-06
[ Info: l_2_rel_dual_res:             2.1982e-12
[ Info: l_inf_abs_dual_res:           4.6367e-07
[ Info: l_inf_rel_dual_res:           1.5456e-07
[ Info: rel_gap:                      6.9668e-07
[ Info: abs_gap:                      5.3335e-06
[ Info: primal_obj:                   6.6556e+00
[ Info: dual_obj:                     6.6556e+00
[ Info: time:                         1195.6080
[ Info: ---------------------------------------------------
[ Info:  norm(sol.x.recovered_primal.primal_sol.x, Inf): 3.173399777802281
[ Info:  norm(sol.y.recovered_dual.dual_sol.y, Inf): 6.3467964398894345
[ Info: time for projection: 3.1416823863983154
[ Info: time for iterative: 1161.6793277263641
[ Info: time for restart check: 3.8554069995880127
[ Info: time for exit check: 0.0
[ Info: time for print info calculation: 0.917499303817749
TABLE5_SOLVE_RESULT solver=cupdcs instance=table5-m400000-n7000000-r05 termination=OPTIMAL primal_status=FEASIBLE_POINT iterations=14000 objective=6.655643954536559 optimize_wall_seconds=2499.3667681217194
TABLE5_SOLVE_FINISH solver=cupdcs instance=table5-m400000-n7000000-r05 status=completed result=/home/zhenwei/PDCS_fork/benchmark/large_scale_lasso/table5_solver_results/cupdcs/table5-m400000-n7000000-r05/attempt_20260729T212629Z_gpu1/result.toml
RESOURCE_SNAPSHOT label=solve_cupdcs_table5-m400000-n7000000-r05 utc=2026-07-30T00:06:32Z
               total        used        free      shared  buff/cache   available
Mem:           2.0Ti       948Gi       331Gi       111Mi       735Gi       1.0Ti
Swap:             0B          0B          0B
Filesystem                    Size  Used Avail Use% Mounted on
/dev/mapper/ubuntu--vg-lv--0  778G  726G   13G  99% /home
SOLVE_CASE_COMPLETE solver=cupdcs id=table5-m400000-n7000000-r05 utc=2026-07-30T00:06:32Z
TABLE5_SOLVE_PHASE_COMPLETE cases=3 storage=no_cbf utc=2026-07-30T00:06:32Z
TABLE5_DRIVER_FINISH command=solve status=0 log=/home/zhenwei/PDCS_fork/benchmark/large_scale_lasso/table5_logs/workers/driver_20260729T212629Z_gpu1.log utc=2026-07-30T00:06:32Z
