TABLE5_SOLVE_PHASE_START storage=no_cbf utc=2026-07-29T19:57:06Z
JULIA_VERSION julia version 1.12.5
KEEP_EXISTING_MANIFEST config=/home/zhenwei/PDCS_fork/benchmark/large_scale_lasso/lasso_table5.toml
id	m	n	density	replicate	seed
table5-m10000-n100000-r01	10000	100000	0.0001	1	1456099608458829617
table5-m10000-n100000-r02	10000	100000	0.0001	2	3774683599633055197
table5-m10000-n100000-r03	10000	100000	0.0001	3	7352328007339572649
table5-m10000-n100000-r04	10000	100000	0.0001	4	8539239721064585772
table5-m10000-n100000-r05	10000	100000	0.0001	5	2682075302358372869
table5-m70000-n700000-r01	70000	700000	0.0001	1	6866308190711936842
table5-m70000-n700000-r02	70000	700000	0.0001	2	3717777317041247579
table5-m70000-n700000-r03	70000	700000	0.0001	3	6230819915418504357
table5-m70000-n700000-r04	70000	700000	0.0001	4	5050833866237992834
table5-m70000-n700000-r05	70000	700000	0.0001	5	3478211357477831271
table5-m400000-n7000000-r01	400000	7000000	0.0001	1	2810953517340410803
table5-m400000-n7000000-r02	400000	7000000	0.0001	2	6916851584803374380
table5-m400000-n7000000-r03	400000	7000000	0.0001	3	2252237519727520935
table5-m400000-n7000000-r04	400000	7000000	0.0001	4	9202490041639810005
table5-m400000-n7000000-r05	400000	7000000	0.0001	5	1459784771767232267
table5-m700000-n7000000-r01	700000	7000000	0.0001	1	2694979877904449328
table5-m700000-n7000000-r02	700000	7000000	0.0001	2	706412229318414900
table5-m700000-n7000000-r03	700000	7000000	0.0001	3	2776373863867649000
table5-m700000-n7000000-r04	700000	7000000	0.0001	4	780990368380045832
table5-m700000-n7000000-r05	700000	7000000	0.0001	5	6974796360093007817
table5-m750000-n7500000-r01	750000	7500000	0.0001	1	3464449634565370456
table5-m750000-n7500000-r02	750000	7500000	0.0001	2	7063733435616014003
table5-m750000-n7500000-r03	750000	7500000	0.0001	3	7306719367855031537
table5-m750000-n7500000-r04	750000	7500000	0.0001	4	66351557481754279
table5-m750000-n7500000-r05	750000	7500000	0.0001	5	7133432016813647455
TABLE5_MANIFEST_VALID instances=25 unique_ids=25 unique_seeds=25
GPU_PREFLIGHT 4, GPU-7fe4e5c3-9503-89aa-3eea-36f0e5127410, NVIDIA H100 80GB HBM3, 0, 81081, 0
SOLVE_CASE_START solver=cupdcs id=table5-m10000-n100000-r05 gpu=4 utc=2026-07-29T19:57:07Z
TABLE5_SOLVE_START solver=cupdcs instance=table5-m10000-n100000-r05 m=10000 n=100000 density=0.0001 seed=2682075302358372869 tolerance=1.0e-6 time_limit=600.0
TABLE5_INSTANCE_READY instance=table5-m10000-n100000-r05 nnz=99930 lambda=0.02972194382049677 numerical_digest=7fcf8bf61bf1ec94c4bc155be1a0ece373ce22dcfdf84b418db388e17ec84e6a model_digest=1c45922acd010d12d4fbe0c0baf8727b08492713b85edb9ac0fa125d394ca5d6 generation_seconds=1.1576828956604004
rescaling_method is not set, using default value: :ruiz_pock_chambolle. Note that if :use_scaling is false, this option is ignored.
kkt_restart_freq is not set, using default value: 500.
duality_gap_restart_freq is not set, using default value: 2000.
[ Info: logfile is set to nothing
[ Info: ---------------------------------------------------
[ Info: ------------- Parameter Info Summary --------------
[ Info: ---------------------------------------------------
[ Info: time limit: 600.0
[ Info: use_preconditioner: true
[ Info: use_adaptive_restart: true
[ Info: use_adaptive_step_size_weight: true
[ Info: use_aggressive: true
[ Info: use_restart: true
[ Info: use_adaptive_step: true
[ Info: use_reflection: true
[ Info: use_halpern: true
[ Info: use_resolving: true
[ Info: use_duality_gap_restart: true
[ Info: duality_gap_restart_freq: 2000
[ Info: use_kkt_restart: false
[ Info: kkt_restart_freq: 2000
[ Info: abs_tol: 1.0e-6
[ Info: rel_tol: 1.0e-6
[ Info: eps_primal_infeasible_low_acc: 1.0e-12
[ Info: eps_dual_infeasible_low_acc: 1.0e-12
[ Info: eps_primal_infeasible_high_acc: 1.0e-16
[ Info: eps_dual_infeasible_high_acc: 1.0e-16
[ Info: print_freq: 1000
[ Info: check_terminate_freq: 1000
[ Info: ---------------------------------------------------
[ Info: ------------- Model Info Summary -----------------
[ Info: ---------------------------------------------------
[ Info: variable number: 210004
[ Info: constraint number: 220005
[ Info: non-zero elements in G: 419869
[ Info: Number of box constraints: 210004
[ Info: Number of equal constraints: 10003
[ Info: Number of nonnegative constraints: 200000
[ Info: Number of soc cone constraints: 1
[ Info: Number of rsoc cone constraints: 0
[ Info: Number of exp cone constraints: 0
[ Info: Number of dual exp cone constraints: 0
[ Info: Number of soc cone variables: 0
[ Info: Number of rsoc cone variables: 0
[ Info: Number of exp cone variables: 0
[ Info: Number of dual exp cone variables: 0
[ Info: ---------------------------------------------------
[ Info: Using preconditioner
[ Info: Warm start not enabled. Ignoring warm start values.
[ Info: Initializing primal and dual variables to zero.
[ Info: initial nrm1G: 319884.451285541, initial nrmInfG: 1.0
[ Info: initial nrm1c: 5946.388764099354
[ Info: initial nrm1h: 31.482614399477942
[ Info: initial nrmInfc: 2.0
[ Info: max Dr_product:2.446373570158056
[ Info: norm Dr_product:565.5829182449614
[ Info: max Dl_product:5.137290352387072
[ Info: norm Dl_product:565.5838013903789
[ Info: after scaling, norm1 c: 5087.602756897381
[ Info: after scaling, normInf c: 1.9996615778638578
[ Info: after scaling, norm1 G: 201066.91289939574
[ Info: after scaling, normInf G: 1.0
[ Info: iter:0 rel_p_res(inf):5.000e-01 rel_d_res(inf):6.667e-01 primal_obj:0.000e+00 dual_obj:0.000e+00 rel_pd_gap:0.000e+00 time:0.00 restart_used:0
[ Info: ==================================================
[ Info: Start unified diagonal GPU loop for the ablation-compatible production path.
[ Info: iter:0 rel_p_res(inf):5.000e-01 rel_d_res(inf):6.667e-01 primal_obj:0.000e+00 dual_obj:0.000e+00 rel_pd_gap:0.000e+00 time:4.13 restart_used:0
[ Info: iter:1000 rel_p_res(inf):2.867e-04 rel_d_res(inf):7.344e-03 primal_obj:1.48469e-01 dual_obj:2.06995e-01 rel_pd_gap:4.849e-02 time:5.73 restart_used:0, restart_trigger_mean:0, restart_trigger_ergodic:0, diff_nrm_x_recovered:1.472e+00 diff_nrm_y_recovered:1.384e+01 nrm2_x_recovered:1.472e+00 nrm2_y_recovered:1.384e+01, nrmInf_x_recovered:9.994e-01 nrmInf_y_recovered:1.527e+00 dual_gap_ergodic:1.000e+30, dual_gap_mean:1.000e+30, dual_gap_restart_threshold:Inf, dual_gap_r:0.000e+00, kkt_error_ergodic:1.000e+30, kkt_error_mean:1.000e+30, kkt_error_restart_threshold:0.000e+00, tau:8.501e-02, sigma:1.146e+01
[ Info: iter:2000 rel_p_res(inf):2.455e-04 rel_d_res(inf):4.011e-03 primal_obj:1.62882e-01 dual_obj:1.85663e-01 rel_pd_gap:1.921e-02 time:6.61 restart_used:0, restart_trigger_mean:0, restart_trigger_ergodic:0, diff_nrm_x_recovered:1.892e-03 diff_nrm_y_recovered:2.952e-02 nrm2_x_recovered:1.472e+00 nrm2_y_recovered:1.383e+01, nrmInf_x_recovered:9.995e-01 nrmInf_y_recovered:1.526e+00 dual_gap_ergodic:1.000e+30, dual_gap_mean:1.000e+30, dual_gap_restart_threshold:Inf, dual_gap_r:0.000e+00, kkt_error_ergodic:1.000e+30, kkt_error_mean:1.000e+30, kkt_error_restart_threshold:0.000e+00, tau:7.843e-02, sigma:1.058e+01
[ Info: restart due to condition 1
[ Info: omega:11.613098501789018, x_diff_norm:2.1766912128382088, y_diff_norm:14.324875505291343
[ Info: iter:3000 rel_p_res(inf):7.753e-07 rel_d_res(inf):1.801e-06 primal_obj:1.62375e-01 dual_obj:1.62393e-01 rel_pd_gap:1.522e-05 time:6.98 restart_used:1, restart_trigger_mean:0, restart_trigger_ergodic:1, diff_nrm_x_recovered:1.569e-03 diff_nrm_y_recovered:2.774e-02 nrm2_x_recovered:1.473e+00 nrm2_y_recovered:1.383e+01, nrmInf_x_recovered:1.000e+00 nrmInf_y_recovered:1.525e+00 dual_gap_ergodic:7.916e-04, dual_gap_mean:4.157e-03, dual_gap_restart_threshold:7.916e-04, dual_gap_r:7.945e+01, kkt_error_ergodic:1.000e+30, kkt_error_mean:1.000e+30, kkt_error_restart_threshold:0.000e+00, tau:1.331e-01, sigma:1.017e+01
[ Info: iter:4000 rel_p_res(inf):3.495e-07 rel_d_res(inf):1.668e-06 primal_obj:1.62379e-01 dual_obj:1.62393e-01 rel_pd_gap:1.263e-05 time:7.54 restart_used:1, restart_trigger_mean:0, restart_trigger_ergodic:1, diff_nrm_x_recovered:3.204e-06 diff_nrm_y_recovered:1.409e-05 nrm2_x_recovered:1.473e+00 nrm2_y_recovered:1.383e+01, nrmInf_x_recovered:1.000e+00 nrmInf_y_recovered:1.525e+00 dual_gap_ergodic:7.916e-04, dual_gap_mean:4.157e-03, dual_gap_restart_threshold:7.916e-04, dual_gap_r:7.945e+01, kkt_error_ergodic:1.000e+30, kkt_error_mean:1.000e+30, kkt_error_restart_threshold:0.000e+00, tau:1.217e-01, sigma:9.303e+00
[ Info: restart due to condition 2
[ Info: omega:8.742206705699488, x_diff_norm:0.002665618670346312, y_diff_norm:0.03233076258072385
[ Info: iter:5000 rel_p_res(inf):7.206e-10 rel_d_res(inf):5.195e-09 primal_obj:1.62383e-01 dual_obj:1.62383e-01 rel_pd_gap:3.379e-08 time:7.87 restart_used:2, restart_trigger_mean:0, restart_trigger_ergodic:2, diff_nrm_x_recovered:3.875e-06 diff_nrm_y_recovered:3.096e-05 nrm2_x_recovered:1.473e+00 nrm2_y_recovered:1.383e+01, nrmInf_x_recovered:1.000e+00 nrmInf_y_recovered:1.525e+00 dual_gap_ergodic:3.301e-04, dual_gap_mean:2.943e-03, dual_gap_restart_threshold:3.301e-04, dual_gap_r:2.241e-04, kkt_error_ergodic:1.000e+30, kkt_error_mean:1.000e+30, kkt_error_restart_threshold:0.000e+00, tau:1.018e-01, sigma:1.079e+01
[ Info: ===============================================
[ Info: ---------------------------------------------------
[ Info: ------------- Solver Info Summary -----------------
[ Info: ---------------------------------------------------
[ Info: iter_num:                     5000
[ Info: exit_status:                  optimal
[ Info: l_2_abs_primal_res:           9.1351e-09
[ Info: l_2_rel_primal_res:           1.4232e-10
[ Info: l_inf_abs_primal_res:         1.4412e-09
[ Info: l_inf_rel_primal_res:         7.2059e-10
[ Info: l_2_abs_dual_res:             5.8988e-08
[ Info: l_2_rel_dual_res:             9.9182e-12
[ Info: l_inf_abs_dual_res:           1.5586e-08
[ Info: l_inf_rel_dual_res:           5.1952e-09
[ Info: rel_gap:                      3.3786e-08
[ Info: abs_gap:                      3.9272e-08
[ Info: primal_obj:                   1.6238e-01
[ Info: dual_obj:                     1.6238e-01
[ Info: time:                         7.8683
[ Info: ---------------------------------------------------
[ Info:  norm(sol.x.recovered_primal.primal_sol.x, Inf): 1.000000001057576
[ Info:  norm(sol.y.recovered_dual.dual_sol.y, Inf): 1.5251498066298157
[ Info: time for projection: 0.37584900856018066
[ Info: time for iterative: 1.7474663257598877
[ Info: time for restart check: 0.3272850513458252
[ Info: time for exit check: 0.0
[ Info: time for print info calculation: 0.5655910968780518
TABLE5_SOLVE_RESULT solver=cupdcs instance=table5-m10000-n100000-r05 termination=OPTIMAL primal_status=FEASIBLE_POINT iterations=5000 objective=0.16238299887350452 optimize_wall_seconds=39.808138847351074
TABLE5_SOLVE_FINISH solver=cupdcs instance=table5-m10000-n100000-r05 status=completed result=/home/zhenwei/PDCS_fork/benchmark/large_scale_lasso/table5_solver_results/cupdcs/table5-m10000-n100000-r05/attempt_20260729T195705Z_gpu4/result.toml
RESOURCE_SNAPSHOT label=solve_cupdcs_table5-m10000-n100000-r05 utc=2026-07-29T19:58:17Z
               total        used        free      shared  buff/cache   available
Mem:           2.0Ti        82Gi       461Gi        63Mi       1.4Ti       1.9Ti
Swap:             0B          0B          0B
Filesystem                    Size  Used Avail Use% Mounted on
/dev/mapper/ubuntu--vg-lv--0  778G  726G   13G  99% /home
SOLVE_CASE_COMPLETE solver=cupdcs id=table5-m10000-n100000-r05 utc=2026-07-29T19:58:17Z
GPU_PREFLIGHT 4, GPU-7fe4e5c3-9503-89aa-3eea-36f0e5127410, NVIDIA H100 80GB HBM3, 0, 81081, 0
SOLVE_CASE_START solver=scs_gpu id=table5-m10000-n100000-r05 gpu=4 utc=2026-07-29T19:58:18Z
Precompiling packages...
    Pkg Being precompiled by another process (pid: 2239852, pidfile: /tmp/pdcs_scs_gpu_depot/compiled/v1.12/Pkg/tUTdb_ZeWUM.ji.pidfile)
  25474.8 ms  ✓ Pkg
    LazyArtifacts Being precompiled by another process (pid: 2239852, pidfile: /tmp/pdcs_scs_gpu_depot/compiled/v1.12/LazyArtifacts/MRP8l_ZeWUM.ji.pidfile)
   1015.9 ms  ✓ LazyArtifacts
    CUDA_Runtime_jll Being precompiled by another process (pid: 2239852, pidfile: /tmp/pdcs_scs_gpu_depot/compiled/v1.12/CUDA_Runtime_jll/Hs50y_ZeWUM.ji.pidfile)
   4643.3 ms  ✓ CUDA_Runtime_jll
    SCS_GPU_jll Being precompiled by another process (pid: 2239852, pidfile: /tmp/pdcs_scs_gpu_depot/compiled/v1.12/SCS_GPU_jll/OtXgE_ZeWUM.ji.pidfile)
   2699.0 ms  ✓ SCS_GPU_jll
  4 dependencies successfully precompiled in 34 seconds. 28 already precompiled.
Precompiling packages...
    SCS → SCSSCS_GPU_jllExt Being precompiled by another process (pid: 2239852, pidfile: /tmp/pdcs_scs_gpu_depot/compiled/v1.12/SCSSCS_GPU_jllExt/ZKon3_ZeWUM.ji.pidfile)
   2703.4 ms  ✓ SCS → SCSSCS_GPU_jllExt
  1 dependency successfully precompiled in 3 seconds. 66 already precompiled.
TABLE5_SOLVE_START solver=scs_gpu instance=table5-m10000-n100000-r05 m=10000 n=100000 density=0.0001 seed=2682075302358372869 tolerance=1.0e-6 time_limit=600.0
TABLE5_INSTANCE_READY instance=table5-m10000-n100000-r05 nnz=99930 lambda=0.02972194382049677 numerical_digest=7fcf8bf61bf1ec94c4bc155be1a0ece373ce22dcfdf84b418db388e17ec84e6a model_digest=1c45922acd010d12d4fbe0c0baf8727b08492713b85edb9ac0fa125d394ca5d6 generation_seconds=1.4285409450531006
------------------------------------------------------------------
	       SCS v3.2.11 - Splitting Conic Solver
	(c) Brendan O'Donoghue, Stanford University, 2012
------------------------------------------------------------------
problem:  variables n: 210004, constraints m: 220005
cones: 	  z: primal zero / dual free vars: 10003
	  l: linear vars: 200000
	  q: soc vars: 10002, qsize: 1
settings: eps_abs: 1.0e-06, eps_rel: 1.0e-06, eps_infeas: 1.0e-07
	  alpha: 1.50, scale: 1.00e-01, adaptive_scale: 1
	  max_iters: 100000, normalize: 1, rho_x: 1.00e-06
	  acceleration_lookback: 10, acceleration_interval: 10
	  time_limit_secs: 6.00e+02
	  compiled with openmp parallelization enabled
lin-sys:  sparse-indirect GPU
	  nnz(A): 419869, nnz(P): 0
------------------------------------------------------------------
 iter | pri res | dua res |   gap   |   obj   |  scale  | time (s)
------------------------------------------------------------------
     0| 2.83e+01  2.00e+00  3.61e+03 -1.81e+03  1.00e-01  3.27e+01 
   225| 6.98e-05  7.25e-05  5.01e-04  1.62e-01  1.09e+00  6.28e+02 
------------------------------------------------------------------
status:  solved (inaccurate - reached time_limit_secs)
timings: total: 6.28e+02s = setup: 2.64e+00s + solve: 6.25e+02s
	 lin-sys: 5.37e+02s, cones: 2.92e-01s, accel: 2.06e-01s
------------------------------------------------------------------
objective = 0.162153 (inaccurate)
------------------------------------------------------------------
TABLE5_SOLVE_RESULT solver=scs_gpu instance=table5-m10000-n100000-r05 termination=TIME_LIMIT primal_status=FEASIBLE_POINT iterations=225 objective=0.16190287953347532 optimize_wall_seconds=630.8166289329529
TABLE5_SOLVE_FINISH solver=scs_gpu instance=table5-m10000-n100000-r05 status=completed result=/home/zhenwei/PDCS_fork/benchmark/large_scale_lasso/table5_solver_results/scs_gpu/table5-m10000-n100000-r05/attempt_20260729T195705Z_gpu4/result.toml
RESOURCE_SNAPSHOT label=solve_scs_gpu_table5-m10000-n100000-r05 utc=2026-07-29T20:09:47Z
               total        used        free      shared  buff/cache   available
Mem:           2.0Ti        79Gi       464Gi        66Mi       1.4Ti       1.9Ti
Swap:             0B          0B          0B
Filesystem                    Size  Used Avail Use% Mounted on
/dev/mapper/ubuntu--vg-lv--0  778G  726G   13G  99% /home
SOLVE_CASE_COMPLETE solver=scs_gpu id=table5-m10000-n100000-r05 utc=2026-07-29T20:09:47Z
GPU_PREFLIGHT 4, GPU-7fe4e5c3-9503-89aa-3eea-36f0e5127410, NVIDIA H100 80GB HBM3, 0, 81081, 0
SOLVE_CASE_START solver=cuclarabel id=table5-m10000-n100000-r05 gpu=4 utc=2026-07-29T20:09:47Z
Precompiling packages...
    MathOptInterface Being precompiled by another process (pid: 2254177, pidfile: /tmp/pdcs_cuclarabel_depot/compiled/v1.12/MathOptInterface/tyub8_ZeWUM.ji.pidfile)
  24674.8 ms  ✓ MathOptInterface
    JuMP Being precompiled by another process (pid: 2254177, pidfile: /tmp/pdcs_cuclarabel_depot/compiled/v1.12/JuMP/DmXqY_ZeWUM.ji.pidfile)
  21971.5 ms  ✓ JuMP
  2 dependencies successfully precompiled in 47 seconds. 42 already precompiled.
Precompiling packages...
    ExprTools Being precompiled by another process (pid: 2254670, pidfile: /tmp/pdcs_cuclarabel_depot/compiled/v1.12/ExprTools/eM8wu_ZeWUM.ji.pidfile)
    LLVMExtra_jll Being precompiled by another process (pid: 2254670, pidfile: /tmp/pdcs_cuclarabel_depot/compiled/v1.12/LLVMExtra_jll/R9OeX_ZeWUM.ji.pidfile)
    StringManipulation Being precompiled by another process (pid: 2254670, pidfile: /tmp/pdcs_cuclarabel_depot/compiled/v1.12/StringManipulation/4nJQd_ZeWUM.ji.pidfile)
    CUDA_Runtime_jll Being precompiled by another process (pid: 2254670, pidfile: /tmp/pdcs_cuclarabel_depot/compiled/v1.12/CUDA_Runtime_jll/Hs50y_ZeWUM.ji.pidfile)
    332.8 ms  ✓ ExprTools
    Tracy Being precompiled by another process (pid: 2254670, pidfile: /tmp/pdcs_cuclarabel_depot/compiled/v1.12/Tracy/QvZG9_ZeWUM.ji.pidfile)
   1016.2 ms  ✓ Tracy
   1459.2 ms  ✓ LLVMExtra_jll
    LLVM Being precompiled by another process (pid: 2254670, pidfile: /tmp/pdcs_cuclarabel_depot/compiled/v1.12/LLVM/e8NBy_ZeWUM.ji.pidfile)
   3106.4 ms  ✓ StringManipulation
    PrettyTables Being precompiled by another process (pid: 2255591, pidfile: /tmp/pdcs_cuclarabel_depot/compiled/v1.12/PrettyTables/kRdcL_ZeWUM.ji.pidfile)
   3947.9 ms  ✓ CUDA_Runtime_jll
    CUDA_Compiler_jll Being precompiled by another process (pid: 2254670, pidfile: /tmp/pdcs_cuclarabel_depot/compiled/v1.12/CUDA_Compiler_jll/ljFRe_ZeWUM.ji.pidfile)
   2769.3 ms  ✓ CUDA_Compiler_jll
   7975.5 ms  ✓ LLVM
    GPUToolbox Being precompiled by another process (pid: 2254670, pidfile: /tmp/pdcs_cuclarabel_depot/compiled/v1.12/GPUToolbox/VNkSP_ZeWUM.ji.pidfile)
    LLVM → BFloat16sExt Being precompiled by another process (pid: 2254670, pidfile: /tmp/pdcs_cuclarabel_depot/compiled/v1.12/BFloat16sExt/B6KwG_ZeWUM.ji.pidfile)
    UnsafeAtomics → UnsafeAtomicsLLVM Being precompiled by another process (pid: 2254670, pidfile: /tmp/pdcs_cuclarabel_depot/compiled/v1.12/UnsafeAtomicsLLVM/yk2PZ_ZeWUM.ji.pidfile)
    GPUCompiler Being precompiled by another process (pid: 2254670, pidfile: /tmp/pdcs_cuclarabel_depot/compiled/v1.12/GPUCompiler/yPwef_ZeWUM.ji.pidfile)
   1252.3 ms  ✓ LLVM → BFloat16sExt
   1333.2 ms  ✓ GPUToolbox
   2328.9 ms  ✓ UnsafeAtomics → UnsafeAtomicsLLVM
    GPUArrays Being precompiled by another process (pid: 2254670, pidfile: /tmp/pdcs_cuclarabel_depot/compiled/v1.12/GPUArrays/v5u0T_ZeWUM.ji.pidfile)
   5009.0 ms  ✓ GPUArrays
  16921.9 ms  ✓ PrettyTables
  24482.8 ms  ✓ GPUCompiler
    CUDA Being precompiled by another process (pid: 2254670, pidfile: /tmp/pdcs_cuclarabel_depot/compiled/v1.12/CUDA/oWw5k_ZeWUM.ji.pidfile)
  37978.2 ms  ✓ CUDA
    Atomix → AtomixCUDAExt Being precompiled by another process (pid: 2254177, pidfile: /tmp/pdcs_cuclarabel_depot/compiled/v1.12/AtomixCUDAExt/B0Tg4_ZeWUM.ji.pidfile)
   6716.8 ms  ✓ Atomix → AtomixCUDAExt
  15 dependencies successfully precompiled in 79 seconds. 77 already precompiled.
Precompiling packages...
    CUDA → SpecialFunctionsExt Being precompiled by another process (pid: 2254177, pidfile: /tmp/pdcs_cuclarabel_depot/compiled/v1.12/SpecialFunctionsExt/9h4VD_ZeWUM.ji.pidfile)
   5786.5 ms  ✓ CUDA → SpecialFunctionsExt
  1 dependency successfully precompiled in 6 seconds. 98 already precompiled.
Precompiling packages...
   1758.3 ms  ✓ DataStructures
   2879.7 ms  ✓ CUDSS_jll
   3798.3 ms  ✓ TimerOutputs
   6389.2 ms  ✓ CUDSS
Info Given Clarabel was explicitly requested, output will be shown live [0K
[0KWARNING: Imported binding CUSPARSE.CuSparseDeviceMatrixCSR was undeclared at import time during import to Clarabel.
  76827.5 ms  ✓ Clarabel
  5 dependencies successfully precompiled in 86 seconds. 123 already precompiled.
  1 dependency had output during precompilation:
┌ Clarabel
│  [Output was shown above]
└  
TABLE5_SOLVE_START solver=cuclarabel instance=table5-m10000-n100000-r05 m=10000 n=100000 density=0.0001 seed=2682075302358372869 tolerance=1.0e-6 time_limit=600.0
TABLE5_INSTANCE_READY instance=table5-m10000-n100000-r05 nnz=99930 lambda=0.02972194382049677 numerical_digest=7fcf8bf61bf1ec94c4bc155be1a0ece373ce22dcfdf84b418db388e17ec84e6a model_digest=1c45922acd010d12d4fbe0c0baf8727b08492713b85edb9ac0fa125d394ca5d6 generation_seconds=1.435521125793457
-------------------------------------------------------------
           Clarabel.jl v0.11.0  -  Clever Acronym              

                   (c) Paul Goulart                          
                University of Oxford, 2022                   
-------------------------------------------------------------

problem:
  variables     = 210004
  constraints   = 220005
  nnz(P)        = 0
  nnz(A)        = 419869
  cones (total) = 3
    : Zero        = 1,  numel = 10003
    : Nonnegative = 1,  numel = 200000
    : SecondOrder = 1,  numel = 10002

settings:
  linear algebra: direct / cudss, precision: 64 bit 
  max iter = 200, time limit = 600.000000,  max step = 0.990
  tol_feas = 1.0e-06, tol_gap_abs = 1.0e-06, tol_gap_rel = 1.0e-06,
  static reg : on, ϵ1 = 1.0e-08, ϵ2 = 4.9e-32
  dynamic reg: on, ϵ = 1.0e-13, δ = 2.0e-07
  iter refine: on, reltol = 1.0e-12, abstol = 1.0e-12, 
               max iter = 10, stop ratio = 5.0
  equilibrate: on, min_scale = 1.0e-04, max_scale = 1.0e+04
               max iter = 10

iter    pcost        dcost       gap       pres      dres      k/t        μ       step      
---------------------------------------------------------------------------------------------
  0  -4.3368e-19  -2.4874e-16  2.48e-16  9.95e-01  9.64e-01  1.00e+00  1.03e+00   ------   
  1  -8.5948e+00  -1.4446e+00  4.95e+00  9.61e-01  8.36e-01  7.37e+00  9.46e-01  9.90e-01  
  2  -5.8051e+01  -7.9517e+00  6.30e+00  2.69e-01  2.03e-01  5.01e+01  6.53e-01  9.18e-01  
  3  -4.3968e+00  -5.0843e-01  3.89e+00  2.29e-01  5.91e-02  3.89e+00  8.58e-02  8.73e-01  
  4  -2.2419e-01   9.0930e-02  3.15e-01  2.79e-02  5.69e-03  3.15e-01  7.81e-03  9.16e-01  
  5   1.8107e-02   1.3332e-01  1.15e-01  1.18e-02  2.42e-03  1.15e-01  3.33e-03  6.34e-01  
  6   1.1570e-01   1.5214e-01  3.64e-02  4.44e-03  9.09e-04  3.65e-02  1.25e-03  6.83e-01  
  7   1.4976e-01   1.5935e-01  9.58e-03  1.78e-03  3.65e-04  9.60e-03  5.05e-04  7.37e-01  
  8   1.5951e-01   1.6163e-01  2.12e-03  6.34e-04  1.30e-04  2.13e-03  1.79e-04  7.78e-01  
  9   1.6179e-01   1.6222e-01  4.33e-04  1.43e-04  2.94e-05  4.34e-04  4.06e-05  7.96e-01  
 10   1.6230e-01   1.6236e-01  5.61e-05  2.03e-05  4.15e-06  5.62e-05  5.75e-06  8.70e-01  
 11   1.6237e-01   1.6238e-01  6.39e-06  2.33e-06  4.76e-07  6.41e-06  6.59e-07  8.86e-01  
 12   1.6238e-01   1.6238e-01  2.81e-07  1.04e-07  2.12e-08  2.82e-07  2.94e-08  9.56e-01  
---------------------------------------------------------------------------------------------
Terminated with status = solved
total time =  62.3s (setup time =  21.5s, solve time =  25.9s)
TABLE5_SOLVE_RESULT solver=cuclarabel instance=table5-m10000-n100000-r05 termination=OPTIMAL primal_status=FEASIBLE_POINT iterations=12 objective=0.16238257935720418 optimize_wall_seconds=71.35558080673218
TABLE5_SOLVE_FINISH solver=cuclarabel instance=table5-m10000-n100000-r05 status=completed result=/home/zhenwei/PDCS_fork/benchmark/large_scale_lasso/table5_solver_results/cuclarabel/table5-m10000-n100000-r05/attempt_20260729T195705Z_gpu4/result.toml
RESOURCE_SNAPSHOT label=solve_cuclarabel_table5-m10000-n100000-r05 utc=2026-07-29T20:15:03Z
               total        used        free      shared  buff/cache   available
Mem:           2.0Ti        83Gi       459Gi        42Mi       1.4Ti       1.9Ti
Swap:             0B          0B          0B
Filesystem                    Size  Used Avail Use% Mounted on
/dev/mapper/ubuntu--vg-lv--0  778G  726G   13G  99% /home
SOLVE_CASE_COMPLETE solver=cuclarabel id=table5-m10000-n100000-r05 utc=2026-07-29T20:15:03Z
GPU_PREFLIGHT 4, GPU-7fe4e5c3-9503-89aa-3eea-36f0e5127410, NVIDIA H100 80GB HBM3, 0, 81081, 0
SOLVE_CASE_START solver=cupdcs id=table5-m400000-n7000000-r01 gpu=4 utc=2026-07-29T20:15:03Z
┌ Info: CondaPkg: Waiting for lock to be freed. You may delete this file if no other process is resolving.
└   lock_file = "/home/zhenwei/PDCS_fork/.CondaPkg/lock"
TABLE5_SOLVE_START solver=cupdcs instance=table5-m400000-n7000000-r01 m=400000 n=7000000 density=0.0001 seed=2810953517340410803 tolerance=1.0e-6 time_limit=600.0
TABLE5_INSTANCE_READY instance=table5-m400000-n7000000-r01 nnz=279972972 lambda=0.08668710726461117 numerical_digest=b7b0d6150c1df45ac34a95f0872d8c4107ad40706adf2c847eba00812fa5d698 model_digest=1019b2bf33a935f1f4c6be3b6c5270c17131fe99591d7220a4c23f07c4689b91 generation_seconds=60.978955030441284
rescaling_method is not set, using default value: :ruiz_pock_chambolle. Note that if :use_scaling is false, this option is ignored.
kkt_restart_freq is not set, using default value: 500.
duality_gap_restart_freq is not set, using default value: 2000.
[ Info: logfile is set to nothing
[ Info: ---------------------------------------------------
[ Info: ------------- Parameter Info Summary --------------
[ Info: ---------------------------------------------------
[ Info: time limit: 600.0
[ Info: use_preconditioner: true
[ Info: use_adaptive_restart: true
[ Info: use_adaptive_step_size_weight: true
[ Info: use_aggressive: true
[ Info: use_restart: true
[ Info: use_adaptive_step: true
[ Info: use_reflection: true
[ Info: use_halpern: true
[ Info: use_resolving: true
[ Info: use_duality_gap_restart: true
[ Info: duality_gap_restart_freq: 2000
[ Info: use_kkt_restart: false
[ Info: kkt_restart_freq: 2000
[ Info: abs_tol: 1.0e-6
[ Info: rel_tol: 1.0e-6
[ Info: eps_primal_infeasible_low_acc: 1.0e-12
[ Info: eps_dual_infeasible_low_acc: 1.0e-12
[ Info: eps_primal_infeasible_high_acc: 1.0e-16
[ Info: eps_dual_infeasible_high_acc: 1.0e-16
[ Info: print_freq: 1000
[ Info: check_terminate_freq: 1000
[ Info: ---------------------------------------------------
[ Info: ------------- Model Info Summary -----------------
[ Info: ---------------------------------------------------
[ Info: variable number: 14400004
[ Info: constraint number: 14800005
[ Info: non-zero elements in G: 574745953
[ Info: Number of box constraints: 14400004
[ Info: Number of equal constraints: 400003
[ Info: Number of nonnegative constraints: 14000000
[ Info: Number of soc cone constraints: 1
[ Info: Number of rsoc cone constraints: 0
[ Info: Number of exp cone constraints: 0
[ Info: Number of dual exp cone constraints: 0
[ Info: Number of soc cone variables: 0
[ Info: Number of rsoc cone variables: 0
[ Info: Number of exp cone variables: 0
[ Info: Number of dual exp cone variables: 0
[ Info: ---------------------------------------------------
[ Info: Using preconditioner
[ Info: Warm start not enabled. Ignoring warm start values.
[ Info: Initializing primal and dual variables to zero.
[ Info: initial nrm1G: 2.94772483977096e8, initial nrmInfG: 1.0
[ Info: initial nrm1c: 1.2136215017045564e6
[ Info: initial nrm1h: 1301.6718767436678
[ Info: initial nrmInfc: 2.0
[ Info: max Dr_product:6.675311572794786
[ Info: norm Dr_product:17168.939500249307
[ Info: max Dl_product:29.122545167055595
[ Info: norm Dl_product:17168.9395293421
[ Info: after scaling, norm1 c: 267966.27391077776
[ Info: after scaling, normInf c: 1.9996615778638578
[ Info: after scaling, norm1 G: 5.681294716296238e6
[ Info: after scaling, normInf G: 0.7071067811865475
[ Info: iter:0 rel_p_res(inf):5.000e-01 rel_d_res(inf):6.667e-01 primal_obj:0.000e+00 dual_obj:0.000e+00 rel_pd_gap:0.000e+00 time:0.00 restart_used:0
[ Info: ==================================================
[ Info: Start unified diagonal GPU loop for the ablation-compatible production path.
[ Info: iter:0 rel_p_res(inf):5.000e-01 rel_d_res(inf):6.667e-01 primal_obj:0.000e+00 dual_obj:0.000e+00 rel_pd_gap:0.000e+00 time:3.63 restart_used:0
[ Info: iter:1000 rel_p_res(inf):2.109e-04 rel_d_res(inf):8.503e-02 primal_obj:5.16737e+00 dual_obj:8.42176e+00 rel_pd_gap:3.454e-01 time:90.11 restart_used:0, restart_trigger_mean:0, restart_trigger_ergodic:0, diff_nrm_x_recovered:4.174e+00 diff_nrm_y_recovered:3.458e+02 nrm2_x_recovered:4.174e+00 nrm2_y_recovered:3.458e+02, nrmInf_x_recovered:2.348e+00 nrmInf_y_recovered:5.616e+00 dual_gap_ergodic:1.000e+30, dual_gap_mean:1.000e+30, dual_gap_restart_threshold:Inf, dual_gap_r:0.000e+00, kkt_error_ergodic:1.000e+30, kkt_error_mean:1.000e+30, kkt_error_restart_threshold:0.000e+00, tau:1.308e-02, sigma:6.706e+01
[ Info: iter:2000 rel_p_res(inf):1.077e-04 rel_d_res(inf):4.162e-02 primal_obj:5.98924e+00 dual_obj:7.48730e+00 rel_pd_gap:1.765e-01 time:175.80 restart_used:0, restart_trigger_mean:0, restart_trigger_ergodic:0, diff_nrm_x_recovered:4.545e-01 diff_nrm_y_recovered:7.192e+00 nrm2_x_recovered:4.578e+00 nrm2_y_recovered:3.442e+02, nrmInf_x_recovered:2.618e+00 nrmInf_y_recovered:5.686e+00 dual_gap_ergodic:1.000e+30, dual_gap_mean:1.000e+30, dual_gap_restart_threshold:Inf, dual_gap_r:0.000e+00, kkt_error_ergodic:1.000e+30, kkt_error_mean:1.000e+30, kkt_error_restart_threshold:0.000e+00, tau:1.597e-02, sigma:8.189e+01
[ Info: restart due to condition 1
[ Info: omega:71.59701930997095, x_diff_norm:5.969886190747675, y_diff_norm:370.2664524826855
[ Info: iter:3000 rel_p_res(inf):1.079e-05 rel_d_res(inf):1.859e-02 primal_obj:6.58922e+00 dual_obj:6.98231e+00 rel_pd_gap:4.925e-02 time:262.23 restart_used:1, restart_trigger_mean:1, restart_trigger_ergodic:0, diff_nrm_x_recovered:2.352e-01 diff_nrm_y_recovered:3.333e+00 nrm2_x_recovered:4.792e+00 nrm2_y_recovered:3.432e+02, nrmInf_x_recovered:2.776e+00 nrmInf_y_recovered:5.885e+00 dual_gap_ergodic:4.565e-02, dual_gap_mean:2.470e-03, dual_gap_restart_threshold:2.909e-03, dual_gap_r:3.304e+03, kkt_error_ergodic:1.000e+30, kkt_error_mean:1.000e+30, kkt_error_restart_threshold:0.000e+00, tau:1.788e-02, sigma:7.940e+01
[ Info: iter:4000 rel_p_res(inf):1.225e-05 rel_d_res(inf):9.265e-03 primal_obj:6.56523e+00 dual_obj:6.76665e+00 rel_pd_gap:2.593e-02 time:346.56 restart_used:1, restart_trigger_mean:1, restart_trigger_ergodic:0, diff_nrm_x_recovered:1.233e-01 diff_nrm_y_recovered:2.793e+00 nrm2_x_recovered:4.898e+00 nrm2_y_recovered:3.425e+02, nrmInf_x_recovered:2.853e+00 nrmInf_y_recovered:5.876e+00 dual_gap_ergodic:4.565e-02, dual_gap_mean:2.470e-03, dual_gap_restart_threshold:2.909e-03, dual_gap_r:3.304e+03, kkt_error_ergodic:1.000e+30, kkt_error_mean:1.000e+30, kkt_error_restart_threshold:0.000e+00, tau:1.392e-02, sigma:6.179e+01
[ Info: restart due to condition 1
[ Info: omega:66.6379499266736, x_diff_norm:1.4830677176748728, y_diff_norm:21.756353134664103
[ Info: iter:5000 rel_p_res(inf):4.364e-06 rel_d_res(inf):7.215e-04 primal_obj:6.56061e+00 dual_obj:6.56419e+00 rel_pd_gap:4.736e-04 time:432.93 restart_used:2, restart_trigger_mean:1, restart_trigger_ergodic:1, diff_nrm_x_recovered:1.127e-01 diff_nrm_y_recovered:2.547e+00 nrm2_x_recovered:4.996e+00 nrm2_y_recovered:3.419e+02, nrmInf_x_recovered:2.924e+00 nrmInf_y_recovered:5.863e+00 dual_gap_ergodic:5.386e-04, dual_gap_mean:1.279e-03, dual_gap_restart_threshold:5.386e-04, dual_gap_r:1.668e+02, kkt_error_ergodic:1.000e+30, kkt_error_mean:1.000e+30, kkt_error_restart_threshold:0.000e+00, tau:3.752e-02, sigma:3.668e+01
[ Info: iter:6000 rel_p_res(inf):6.754e-06 rel_d_res(inf):3.549e-04 primal_obj:6.55427e+00 dual_obj:6.55596e+00 rel_pd_gap:2.238e-04 time:517.31 restart_used:2, restart_trigger_mean:1, restart_trigger_ergodic:1, diff_nrm_x_recovered:3.219e-03 diff_nrm_y_recovered:1.813e-01 nrm2_x_recovered:4.996e+00 nrm2_y_recovered:3.419e+02, nrmInf_x_recovered:2.925e+00 nrmInf_y_recovered:5.856e+00 dual_gap_ergodic:5.386e-04, dual_gap_mean:1.279e-03, dual_gap_restart_threshold:5.386e-04, dual_gap_r:1.668e+02, kkt_error_ergodic:1.000e+30, kkt_error_mean:1.000e+30, kkt_error_restart_threshold:0.000e+00, tau:3.164e-02, sigma:3.093e+01
[ Info: iter:7000 rel_p_res(inf):5.339e-06 rel_d_res(inf):2.365e-04 primal_obj:6.55216e+00 dual_obj:6.55330e+00 rel_pd_gap:1.508e-04 time:603.19 restart_used:2, restart_trigger_mean:1, restart_trigger_ergodic:1, diff_nrm_x_recovered:1.043e-03 diff_nrm_y_recovered:5.934e-02 nrm2_x_recovered:4.997e+00 nrm2_y_recovered:3.418e+02, nrmInf_x_recovered:2.925e+00 nrmInf_y_recovered:5.854e+00 dual_gap_ergodic:9.883e-02, dual_gap_mean:1.666e-03, dual_gap_restart_threshold:5.386e-04, dual_gap_r:1.668e+02, kkt_error_ergodic:1.000e+30, kkt_error_mean:1.000e+30, kkt_error_restart_threshold:0.000e+00, tau:3.280e-02, sigma:3.207e+01
[ Info: ===============================================
[ Info: ---------------------------------------------------
[ Info: ------------- Solver Info Summary -----------------
[ Info: ---------------------------------------------------
[ Info: iter_num:                     7000
[ Info: exit_status:                  time_limit
[ Info: l_2_abs_primal_res:           8.7985e-03
[ Info: l_2_rel_primal_res:           3.4647e-06
[ Info: l_inf_abs_primal_res:         2.0158e-05
[ Info: l_inf_rel_primal_res:         5.3394e-06
[ Info: l_2_abs_dual_res:             5.7638e-02
[ Info: l_2_rel_dual_res:             4.7493e-08
[ Info: l_inf_abs_dual_res:           7.0967e-04
[ Info: l_inf_rel_dual_res:           2.3652e-04
[ Info: rel_gap:                      1.5078e-04
[ Info: abs_gap:                      1.1389e-03
[ Info: primal_obj:                   6.5522e+00
[ Info: dual_obj:                     6.5533e+00
[ Info: time:                         603.1856
[ Info: ---------------------------------------------------
[ Info:  norm(sol.x.recovered_primal.primal_sol.x, Inf): 2.9250319363520183
[ Info:  norm(sol.y.recovered_dual.dual_sol.y, Inf): 5.854495548247602
[ Info: time for projection: 2.0470426082611084
[ Info: time for iterative: 581.7890005111694
[ Info: time for restart check: 2.0542590618133545
[ Info: time for exit check: 0.0
[ Info: time for print info calculation: 1.3672432899475098
TABLE5_SOLVE_RESULT solver=cupdcs instance=table5-m400000-n7000000-r01 termination=TIME_LIMIT primal_status=INFEASIBILITY_CERTIFICATE iterations=7000 objective=6.552163197783248 optimize_wall_seconds=1765.0244398117065
TABLE5_SOLVE_FINISH solver=cupdcs instance=table5-m400000-n7000000-r01 status=completed result=/home/zhenwei/PDCS_fork/benchmark/large_scale_lasso/table5_solver_results/cupdcs/table5-m400000-n7000000-r01/attempt_20260729T195705Z_gpu4/result.toml
RESOURCE_SNAPSHOT label=solve_cupdcs_table5-m400000-n7000000-r01 utc=2026-07-29T20:57:15Z
               total        used        free      shared  buff/cache   available
Mem:           2.0Ti       617Gi       104Gi        99Mi       1.3Ti       1.4Ti
Swap:             0B          0B          0B
Filesystem                    Size  Used Avail Use% Mounted on
/dev/mapper/ubuntu--vg-lv--0  778G  726G   13G  99% /home
SOLVE_CASE_COMPLETE solver=cupdcs id=table5-m400000-n7000000-r01 utc=2026-07-29T20:57:15Z
GPU_PREFLIGHT 4, GPU-7fe4e5c3-9503-89aa-3eea-36f0e5127410, NVIDIA H100 80GB HBM3, 0, 81081, 0
SOLVE_CASE_START solver=scs_gpu id=table5-m400000-n7000000-r01 gpu=4 utc=2026-07-29T20:57:15Z
TABLE5_SOLVE_START solver=scs_gpu instance=table5-m400000-n7000000-r01 m=400000 n=7000000 density=0.0001 seed=2810953517340410803 tolerance=1.0e-6 time_limit=600.0
TABLE5_INSTANCE_READY instance=table5-m400000-n7000000-r01 nnz=279972972 lambda=0.08668710726461117 numerical_digest=b7b0d6150c1df45ac34a95f0872d8c4107ad40706adf2c847eba00812fa5d698 model_digest=1019b2bf33a935f1f4c6be3b6c5270c17131fe99591d7220a4c23f07c4689b91 generation_seconds=58.10929799079895
------------------------------------------------------------------
	       SCS v3.2.11 - Splitting Conic Solver
	(c) Brendan O'Donoghue, Stanford University, 2012
------------------------------------------------------------------
problem:  variables n: 14400004, constraints m: 14800005
cones: 	  z: primal zero / dual free vars: 400003
	  l: linear vars: 14000000
	  q: soc vars: 400002, qsize: 1
settings: eps_abs: 1.0e-06, eps_rel: 1.0e-06, eps_infeas: 1.0e-07
	  alpha: 1.50, scale: 1.00e-01, adaptive_scale: 1
	  max_iters: 100000, normalize: 1, rho_x: 1.00e-06
	  acceleration_lookback: 10, acceleration_interval: 10
	  time_limit_secs: 6.00e+02
	  compiled with openmp parallelization enabled
lin-sys:  sparse-indirect GPU
	  nnz(A): 574745953, nnz(P): 0

[2284189] signal 15: Terminated
in expression starting at /home/zhenwei/PDCS_fork/benchmark/large_scale_lasso/solve_table5_instance.jl:597
unknown function (ip: 0x7fce3cee20d5) at /lib/x86_64-linux-gnu/libc.so.6
pthread_cond_wait at /lib/x86_64-linux-gnu/libc.so.6 (unknown line)
uv_cond_wait at /workspace/srcdir/libuv/src/unix/thread.c:822
ijl_task_get_next at /cache/build/builder-amdci5-3/julialang/julia-release-1-dot-12/src/scheduler.c:523
poptask at ./task.jl:1216
wait at ./task.jl:1228
#wait#398 at ./condition.jl:141
_trywait at ./asyncevent.jl:163
profile_printing_listener at ./Base.jl:332
#start_profile_listener##0 at ./Base.jl:352
jfptr_YY.start_profile_listenerYY.YY.0_6779.1 at /snap/julia/165/lib/julia/sys.so (unknown line)
jl_apply at /cache/build/builder-amdci5-3/julialang/julia-release-1-dot-12/src/julia.h:2391 [inlined]
start_task at /cache/build/builder-amdci5-3/julialang/julia-release-1-dot-12/src/task.c:1252
unknown function (ip: (nil)) at (unknown file)
unknown function (ip: 0x7fcdab8560e2) at /tmp/pdcs_scs_gpu_depot/artifacts/2c8e4324b86fc70a7c041ce8dc72b5f9b41a7a98/lib/libcuda.so
unknown function (ip: 0x7fcdab87e43b) at /tmp/pdcs_scs_gpu_depot/artifacts/2c8e4324b86fc70a7c041ce8dc72b5f9b41a7a98/lib/libcuda.so
unknown function (ip: 0x7fcdac9194a1) at /tmp/pdcs_scs_gpu_depot/artifacts/2c8e4324b86fc70a7c041ce8dc72b5f9b41a7a98/lib/libcuda.so
unknown function (ip: 0x7fcdac919924) at /tmp/pdcs_scs_gpu_depot/artifacts/2c8e4324b86fc70a7c041ce8dc72b5f9b41a7a98/lib/libcuda.so
unknown function (ip: 0x7fcdab86c08c) at /tmp/pdcs_scs_gpu_depot/artifacts/2c8e4324b86fc70a7c041ce8dc72b5f9b41a7a98/lib/libcuda.so
unknown function (ip: 0x7fcdab87b178) at /tmp/pdcs_scs_gpu_depot/artifacts/2c8e4324b86fc70a7c041ce8dc72b5f9b41a7a98/lib/libcuda.so
unknown function (ip: 0x7fcdab7e847f) at /tmp/pdcs_scs_gpu_depot/artifacts/2c8e4324b86fc70a7c041ce8dc72b5f9b41a7a98/lib/libcuda.so
unknown function (ip: 0x7fcdab95ca26) at /tmp/pdcs_scs_gpu_depot/artifacts/2c8e4324b86fc70a7c041ce8dc72b5f9b41a7a98/lib/libcuda.so
cuMemFree_v2 at /tmp/pdcs_scs_gpu_depot/artifacts/2c8e4324b86fc70a7c041ce8dc72b5f9b41a7a98/lib/libcuda.so (unknown line)
unknown function (ip: 0x7fcda60237ef) at /tmp/pdcs_scs_gpu_depot/artifacts/e6f45b98217f006aaf22c4a93902176ecbfa35d3/lib/libcublas.so
unknown function (ip: 0x7fcda6064b3f) at /tmp/pdcs_scs_gpu_depot/artifacts/e6f45b98217f006aaf22c4a93902176ecbfa35d3/lib/libcublas.so
unknown function (ip: 0x7fcda5d993ab) at /tmp/pdcs_scs_gpu_depot/artifacts/e6f45b98217f006aaf22c4a93902176ecbfa35d3/lib/libcublas.so
cublasDtbmv_v2 at /tmp/pdcs_scs_gpu_depot/artifacts/e6f45b98217f006aaf22c4a93902176ecbfa35d3/lib/libcublas.so (unknown line)
scale_by_diag at /workspace/srcdir/scs/linsys/gpu/indirect/private.c:128 [inlined]
pcg at /workspace/srcdir/scs/linsys/gpu/indirect/private.c:429 [inlined]
scs_solve_lin_sys at /workspace/srcdir/scs/linsys/gpu/indirect/private.c:495
update_work_cache at /workspace/srcdir/scs/src/scs.c:924 [inlined]
update_work at /workspace/srcdir/scs/src/scs.c:956 [inlined]
scs_solve at /workspace/srcdir/scs/src/scs.c:1063
scs_solve at /tmp/pdcs_scs_gpu_depot/packages/SCS/tfOOE/ext/SCSSCS_GPU_jllExt.jl:57 [inlined]
_unsafe_scs_solve at /tmp/pdcs_scs_gpu_depot/packages/SCS/tfOOE/src/c_wrapper.jl:433
#scs_solve#4 at /tmp/pdcs_scs_gpu_depot/packages/SCS/tfOOE/src/c_wrapper.jl:386
scs_solve at /tmp/pdcs_scs_gpu_depot/packages/SCS/tfOOE/src/c_wrapper.jl:302
unknown function (ip: 0x7fce1b796851) at (unknown file)
optimize! at /tmp/pdcs_scs_gpu_depot/packages/SCS/tfOOE/src/MOI_wrapper/MOI_wrapper.jl:427
optimize! at /tmp/pdcs_scs_gpu_depot/packages/MathOptInterface/CnW3S/src/Utilities/cachingoptimizer.jl:370
unknown function (ip: 0x7fce1b78c5a2) at (unknown file)
optimize! at /tmp/pdcs_scs_gpu_depot/packages/MathOptInterface/CnW3S/src/Bridges/bridge_optimizer.jl:367 [inlined]
optimize! at /tmp/pdcs_scs_gpu_depot/packages/MathOptInterface/CnW3S/src/MathOptInterface.jl:122 [inlined]
optimize! at /tmp/pdcs_scs_gpu_depot/packages/MathOptInterface/CnW3S/src/Utilities/cachingoptimizer.jl:370
unknown function (ip: 0x7fce1b777352) at (unknown file)
#optimize!#96 at /tmp/pdcs_scs_gpu_depot/packages/JuMP/R9AEA/src/optimizer_interface.jl:633
optimize! at /tmp/pdcs_scs_gpu_depot/packages/JuMP/R9AEA/src/optimizer_interface.jl:569 [inlined]
main at /home/zhenwei/PDCS_fork/benchmark/large_scale_lasso/solve_table5_instance.jl:546
unknown function (ip: 0x7fce1b71dbef) at (unknown file)
jl_apply at /cache/build/builder-amdci5-3/julialang/julia-release-1-dot-12/src/julia.h:2391 [inlined]
do_call at /cache/build/builder-amdci5-3/julialang/julia-release-1-dot-12/src/interpreter.c:123
eval_value at /cache/build/builder-amdci5-3/julialang/julia-release-1-dot-12/src/interpreter.c:243
eval_stmt_value at /cache/build/builder-amdci5-3/julialang/julia-release-1-dot-12/src/interpreter.c:194 [inlined]
eval_body at /cache/build/builder-amdci5-3/julialang/julia-release-1-dot-12/src/interpreter.c:707
jl_interpret_toplevel_thunk at /cache/build/builder-amdci5-3/julialang/julia-release-1-dot-12/src/interpreter.c:898
jl_toplevel_eval_flex at /cache/build/builder-amdci5-3/julialang/julia-release-1-dot-12/src/toplevel.c:1035
jl_toplevel_eval_flex at /cache/build/builder-amdci5-3/julialang/julia-release-1-dot-12/src/toplevel.c:975
ijl_toplevel_eval at /cache/build/builder-amdci5-3/julialang/julia-release-1-dot-12/src/toplevel.c:1047
ijl_toplevel_eval_in at /cache/build/builder-amdci5-3/julialang/julia-release-1-dot-12/src/toplevel.c:1092
eval at ./boot.jl:489
include_string at ./loading.jl:2870
_include at ./loading.jl:2930
include at ./Base.jl:306
exec_options at ./client.jl:317
_start at ./client.jl:550
jfptr__start_74358.1 at /snap/julia/165/lib/julia/sys.so (unknown line)
jl_apply at /cache/build/builder-amdci5-3/julialang/julia-release-1-dot-12/src/julia.h:2391 [inlined]
true_main at /cache/build/builder-amdci5-3/julialang/julia-release-1-dot-12/src/jlapi.c:971
jl_repl_entrypoint at /cache/build/builder-amdci5-3/julialang/julia-release-1-dot-12/src/jlapi.c:1139
main at /cache/build/builder-amdci5-3/julialang/julia-release-1-dot-12/cli/loader_exe.c:58
unknown function (ip: 0x7fce3ce7ad8f) at /lib/x86_64-linux-gnu/libc.so.6
__libc_start_main at /lib/x86_64-linux-gnu/libc.so.6 (unknown line)
unknown function (ip: 0x4010b8) at /workspace/srcdir/glibc-2.17/csu/../sysdeps/x86_64/start.S
unknown function (ip: (nil)) at (unknown file)
Allocations: 770537615 (Pool: 770537252; Big: 363); GC: 139
Terminated
RESOURCE_SNAPSHOT label=solve_scs_gpu_table5-m400000-n7000000-r01 utc=2026-07-29T21:50:56Z
               total        used        free      shared  buff/cache   available
Mem:           2.0Ti       770Gi       185Gi        87Mi       1.0Ti       1.2Ti
Swap:             0B          0B          0B
Filesystem                    Size  Used Avail Use% Mounted on
/dev/mapper/ubuntu--vg-lv--0  778G  726G   13G  99% /home
SOLVE_CASE_FAILED solver=scs_gpu id=table5-m400000-n7000000-r01 exit_code=143 log=/home/zhenwei/PDCS_fork/benchmark/large_scale_lasso/table5_solver_results/scs_gpu/table5-m400000-n7000000-r01/attempt_20260729T195705Z_gpu4/solver.raw.log
/home/zhenwei/PDCS_fork/benchmark/large_scale_lasso/run_table5_lasso.sh: line 743: unexpected EOF while looking for matching `"'
/home/zhenwei/PDCS_fork/benchmark/large_scale_lasso/run_table5_lasso.sh: line 744: syntax error: unexpected end of file
