TABLE5_SOLVE_START solver=cupdcs instance=table5-m70000-n700000-r02 m=70000 n=700000 density=0.0001 seed=3717777317041247579 tolerance=1.0e-6 time_limit=600.0
TABLE5_INSTANCE_READY instance=table5-m70000-n700000-r02 nnz=4899722 lambda=0.052337271311113445 numerical_digest=02f9ec7e3c7e9002ad808099d95515249458dd2a890647dafe7b466a07b2cdfb model_digest=1e0f88d61922b1b49a9beca5440c13a1c9f837fd2000e546314540ff3152386f generation_seconds=4.184950113296509
rescaling_method is not set, using default value: :ruiz_pock_chambolle. Note that if :use_scaling is false, this option is ignored.
kkt_restart_freq is not set, using default value: 500.
duality_gap_restart_freq is not set, using default value: 2000.
[ Info: logfile is set to nothing
[ Info: ---------------------------------------------------
[ Info: ------------- Parameter Info Summary --------------
[ Info: ---------------------------------------------------
[ Info: time limit: 600.0
[ Info: use_preconditioner: true
[ Info: use_adaptive_restart: true
[ Info: use_adaptive_step_size_weight: true
[ Info: use_aggressive: true
[ Info: use_restart: true
[ Info: use_adaptive_step: true
[ Info: use_reflection: true
[ Info: use_halpern: true
[ Info: use_resolving: true
[ Info: use_duality_gap_restart: true
[ Info: duality_gap_restart_freq: 2000
[ Info: use_kkt_restart: false
[ Info: kkt_restart_freq: 2000
[ Info: abs_tol: 1.0e-6
[ Info: rel_tol: 1.0e-6
[ Info: eps_primal_infeasible_low_acc: 1.0e-12
[ Info: eps_dual_infeasible_low_acc: 1.0e-12
[ Info: eps_primal_infeasible_high_acc: 1.0e-16
[ Info: eps_dual_infeasible_high_acc: 1.0e-16
[ Info: print_freq: 1000
[ Info: check_terminate_freq: 1000
[ Info: ---------------------------------------------------
[ Info: ------------- Model Info Summary -----------------
[ Info: ---------------------------------------------------
[ Info: variable number: 1470004
[ Info: constraint number: 1540005
[ Info: non-zero elements in G: 11339453
[ Info: Number of box constraints: 1470004
[ Info: Number of equal constraints: 70003
[ Info: Number of nonnegative constraints: 1400000
[ Info: Number of soc cone constraints: 1
[ Info: Number of rsoc cone constraints: 0
[ Info: Number of exp cone constraints: 0
[ Info: Number of dual exp cone constraints: 0
[ Info: Number of soc cone variables: 0
[ Info: Number of rsoc cone variables: 0
[ Info: Number of exp cone variables: 0
[ Info: Number of dual exp cone variables: 0
[ Info: ---------------------------------------------------
[ Info: Using preconditioner
[ Info: Warm start not enabled. Ignoring warm start values.
[ Info: Initializing primal and dual variables to zero.
[ Info: initial nrm1G: 6.440310163173105e6, initial nrmInfG: 1.0
[ Info: initial nrm1c: 73274.17983555883
[ Info: initial nrm1h: 227.83060834842746
[ Info: initial nrmInfc: 2.0
[ Info: max Dr_product:3.7978512047201716
[ Info: norm Dr_product:2537.776536517361
[ Info: max Dl_product:10.889430432729185
[ Info: norm Dl_product:2537.77673334018
[ Info: after scaling, norm1 c: 36221.72596582693
[ Info: after scaling, normInf c: 1.9996615778638578
[ Info: after scaling, norm1 G: 1.0119728196347684e6
[ Info: after scaling, normInf G: 1.0
[ Info: iter:0 rel_p_res(inf):5.000e-01 rel_d_res(inf):6.667e-01 primal_obj:0.000e+00 dual_obj:0.000e+00 rel_pd_gap:0.000e+00 time:0.00 restart_used:0
[ Info: ==================================================
[ Info: Start unified diagonal GPU loop for the ablation-compatible production path.
[ Info: iter:0 rel_p_res(inf):5.000e-01 rel_d_res(inf):6.667e-01 primal_obj:0.000e+00 dual_obj:0.000e+00 rel_pd_gap:0.000e+00 time:2.86 restart_used:0
[ Info: iter:1000 rel_p_res(inf):4.325e-04 rel_d_res(inf):1.989e-02 primal_obj:1.04838e+00 dual_obj:1.35230e+00 rel_pd_gap:1.292e-01 time:4.68 restart_used:0, restart_trigger_mean:0, restart_trigger_ergodic:0, diff_nrm_x_recovered:1.936e+00 diff_nrm_y_recovered:6.414e+01 nrm2_x_recovered:1.936e+00 nrm2_y_recovered:6.414e+01, nrmInf_x_recovered:1.103e+00 nrmInf_y_recovered:2.245e+00 dual_gap_ergodic:1.000e+30, dual_gap_mean:1.000e+30, dual_gap_restart_threshold:Inf, dual_gap_r:0.000e+00, kkt_error_ergodic:1.000e+30, kkt_error_mean:1.000e+30, kkt_error_restart_threshold:0.000e+00, tau:2.957e-02, sigma:2.837e+01
[ Info: iter:2000 rel_p_res(inf):1.405e-04 rel_d_res(inf):8.163e-03 primal_obj:1.11716e+00 dual_obj:1.24344e+00 rel_pd_gap:5.629e-02 time:6.23 restart_used:0, restart_trigger_mean:0, restart_trigger_ergodic:0, diff_nrm_x_recovered:9.956e-03 diff_nrm_y_recovered:2.671e-01 nrm2_x_recovered:1.942e+00 nrm2_y_recovered:6.406e+01, nrmInf_x_recovered:1.107e+00 nrmInf_y_recovered:2.236e+00 dual_gap_ergodic:1.000e+30, dual_gap_mean:1.000e+30, dual_gap_restart_threshold:Inf, dual_gap_r:0.000e+00, kkt_error_ergodic:1.000e+30, kkt_error_mean:1.000e+30, kkt_error_restart_threshold:0.000e+00, tau:3.274e-02, sigma:3.142e+01
[ Info: restart due to condition 1
[ Info: omega:30.978373705860577, x_diff_norm:2.763120316711481, y_diff_norm:66.67483817293183
[ Info: iter:3000 rel_p_res(inf):5.356e-07 rel_d_res(inf):4.967e-05 primal_obj:1.16781e+00 dual_obj:1.16803e+00 rel_pd_gap:1.026e-04 time:7.26 restart_used:1, restart_trigger_mean:0, restart_trigger_ergodic:1, diff_nrm_x_recovered:1.020e-02 diff_nrm_y_recovered:2.388e-01 nrm2_x_recovered:1.948e+00 nrm2_y_recovered:6.399e+01, nrmInf_x_recovered:1.111e+00 nrmInf_y_recovered:2.222e+00 dual_gap_ergodic:6.278e-04, dual_gap_mean:3.645e-03, dual_gap_restart_threshold:6.278e-04, dual_gap_r:3.723e+02, kkt_error_ergodic:1.000e+30, kkt_error_mean:1.000e+30, kkt_error_restart_threshold:0.000e+00, tau:4.139e-02, sigma:3.094e+01
[ Info: iter:4000 rel_p_res(inf):2.751e-07 rel_d_res(inf):2.419e-05 primal_obj:1.16772e+00 dual_obj:1.16783e+00 rel_pd_gap:4.860e-05 time:8.15 restart_used:1, restart_trigger_mean:0, restart_trigger_ergodic:1, diff_nrm_x_recovered:1.392e-04 diff_nrm_y_recovered:2.524e-03 nrm2_x_recovered:1.948e+00 nrm2_y_recovered:6.399e+01, nrmInf_x_recovered:1.111e+00 nrmInf_y_recovered:2.222e+00 dual_gap_ergodic:6.278e-04, dual_gap_mean:3.645e-03, dual_gap_restart_threshold:6.278e-04, dual_gap_r:3.723e+02, kkt_error_ergodic:1.000e+30, kkt_error_mean:1.000e+30, kkt_error_restart_threshold:0.000e+00, tau:4.307e-02, sigma:3.219e+01
[ Info: iter:5000 rel_p_res(inf):1.992e-07 rel_d_res(inf):1.735e-05 primal_obj:1.16770e+00 dual_obj:1.16778e+00 rel_pd_gap:3.709e-05 time:9.05 restart_used:1, restart_trigger_mean:0, restart_trigger_ergodic:1, diff_nrm_x_recovered:4.405e-05 diff_nrm_y_recovered:7.456e-04 nrm2_x_recovered:1.948e+00 nrm2_y_recovered:6.399e+01, nrmInf_x_recovered:1.111e+00 nrmInf_y_recovered:2.222e+00 dual_gap_ergodic:6.542e-04, dual_gap_mean:2.142e-03, dual_gap_restart_threshold:6.278e-04, dual_gap_r:3.723e+02, kkt_error_ergodic:1.000e+30, kkt_error_mean:1.000e+30, kkt_error_restart_threshold:0.000e+00, tau:4.254e-02, sigma:3.180e+01
[ Info: iter:6000 rel_p_res(inf):1.433e-07 rel_d_res(inf):1.316e-05 primal_obj:1.16768e+00 dual_obj:1.16774e+00 rel_pd_gap:2.776e-05 time:9.93 restart_used:1, restart_trigger_mean:0, restart_trigger_ergodic:1, diff_nrm_x_recovered:2.253e-05 diff_nrm_y_recovered:4.044e-04 nrm2_x_recovered:1.948e+00 nrm2_y_recovered:6.399e+01, nrmInf_x_recovered:1.111e+00 nrmInf_y_recovered:2.222e+00 dual_gap_ergodic:6.542e-04, dual_gap_mean:2.142e-03, dual_gap_restart_threshold:6.278e-04, dual_gap_r:3.723e+02, kkt_error_ergodic:1.000e+30, kkt_error_mean:1.000e+30, kkt_error_restart_threshold:0.000e+00, tau:4.306e-02, sigma:3.219e+01
[ Info: restart due to condition 2
[ Info: omega:27.34074814664902, x_diff_norm:0.014947354835296115, y_diff_norm:0.360548575806447
[ Info: iter:7000 rel_p_res(inf):3.415e-09 rel_d_res(inf):6.725e-08 primal_obj:1.16764e+00 dual_obj:1.16764e+00 rel_pd_gap:7.490e-07 time:10.88 restart_used:2, restart_trigger_mean:0, restart_trigger_ergodic:2, diff_nrm_x_recovered:6.920e-05 diff_nrm_y_recovered:1.318e-03 nrm2_x_recovered:1.948e+00 nrm2_y_recovered:6.399e+01, nrmInf_x_recovered:1.111e+00 nrmInf_y_recovered:2.222e+00 dual_gap_ergodic:3.553e-04, dual_gap_mean:1.350e-03, dual_gap_restart_threshold:3.553e-04, dual_gap_r:9.692e-03, kkt_error_ergodic:1.000e+30, kkt_error_mean:1.000e+30, kkt_error_restart_threshold:0.000e+00, tau:4.301e-02, sigma:2.836e+01
[ Info: ===============================================
[ Info: ---------------------------------------------------
[ Info: ------------- Solver Info Summary -----------------
[ Info: ---------------------------------------------------
[ Info: iter_num:                     7000
[ Info: exit_status:                  optimal
[ Info: l_2_abs_primal_res:           3.3640e-07
[ Info: l_2_rel_primal_res:           7.3886e-10
[ Info: l_inf_abs_primal_res:         7.2077e-09
[ Info: l_inf_rel_primal_res:         3.4147e-09
[ Info: l_2_abs_dual_res:             3.6730e-06
[ Info: l_2_rel_dual_res:             5.0126e-11
[ Info: l_inf_abs_dual_res:           2.0175e-07
[ Info: l_inf_rel_dual_res:           6.7250e-08
[ Info: rel_gap:                      7.4901e-07
[ Info: abs_gap:                      1.6236e-06
[ Info: primal_obj:                   1.1676e+00
[ Info: dual_obj:                     1.1676e+00
[ Info: time:                         10.8752
[ Info: ---------------------------------------------------
[ Info:  norm(sol.x.recovered_primal.primal_sol.x, Inf): 1.1107854908365928
[ Info:  norm(sol.y.recovered_dual.dual_sol.y, Inf): 2.221570762435353
[ Info: time for projection: 0.4645218849182129
[ Info: time for iterative: 5.454439640045166
[ Info: time for restart check: 0.21353387832641602
[ Info: time for exit check: 0.0
[ Info: time for print info calculation: 0.5940101146697998
TABLE5_SOLVE_RESULT solver=cupdcs instance=table5-m70000-n700000-r02 termination=OPTIMAL primal_status=FEASIBLE_POINT iterations=7000 objective=1.1676391723442536 optimize_wall_seconds=69.95874810218811
TABLE5_SOLVE_FINISH solver=cupdcs instance=table5-m70000-n700000-r02 status=completed result=/home/zhenwei/PDCS_fork/benchmark/large_scale_lasso/table5_solver_results/cupdcs/table5-m70000-n700000-r02/attempt_20260729T195705Z_gpu6/result.toml
