TABLE5_SOLVE_START solver=cuclarabel instance=table5-m70000-n700000-r02 m=70000 n=700000 density=0.0001 seed=3717777317041247579 tolerance=1.0e-6 time_limit=600.0
TABLE5_INSTANCE_READY instance=table5-m70000-n700000-r02 nnz=4899722 lambda=0.052337271311113445 numerical_digest=02f9ec7e3c7e9002ad808099d95515249458dd2a890647dafe7b466a07b2cdfb model_digest=1e0f88d61922b1b49a9beca5440c13a1c9f837fd2000e546314540ff3152386f generation_seconds=2.934875965118408
-------------------------------------------------------------
           Clarabel.jl v0.11.0  -  Clever Acronym              

                   (c) Paul Goulart                          
                University of Oxford, 2022                   
-------------------------------------------------------------

problem:
  variables     = 1470004
  constraints   = 1540005
  nnz(P)        = 0
  nnz(A)        = 11339453
  cones (total) = 3
    : Zero        = 1,  numel = 70003
    : Nonnegative = 1,  numel = 1400000
    : SecondOrder = 1,  numel = 70002

settings:
  linear algebra: direct / cudss, precision: 64 bit 
  max iter = 200, time limit = 600.000000,  max step = 0.990
  tol_feas = 1.0e-06, tol_gap_abs = 1.0e-06, tol_gap_rel = 1.0e-06,
  static reg : on, ϵ1 = 1.0e-08, ϵ2 = 4.9e-32
  dynamic reg: on, ϵ = 1.0e-13, δ = 2.0e-07
  iter refine: on, reltol = 1.0e-12, abstol = 1.0e-12, 
               max iter = 10, stop ratio = 5.0
  equilibrate: on, min_scale = 1.0e-04, max_scale = 1.0e+04
               max iter = 10

iter    pcost        dcost       gap       pres      dres      k/t        μ       step      
---------------------------------------------------------------------------------------------
  0  -1.3010e-18  -4.0503e-16  4.04e-16  9.98e-01  9.48e-01  1.00e+00  1.05e+00   ------   
  1  -5.1802e+00  -7.7916e-01  4.40e+00  9.88e-01  8.06e-01  4.63e+00  9.05e-01  9.90e-01  
  2  -3.7849e+01  -4.7743e+00  6.93e+00  7.71e-01  3.88e-01  3.31e+01  4.96e-01  9.90e-01  
  3  -1.3886e+01  -1.4626e+00  8.49e+00  2.59e-01  3.68e-02  1.24e+01  4.56e-02  9.90e-01  
  4  -8.7020e-01   4.7291e-01  1.34e+00  7.84e-02  4.59e-03  1.34e+00  5.41e-03  8.90e-01  
  5   4.6656e-01   8.8980e-01  4.23e-01  2.45e-02  1.51e-03  4.23e-01  1.79e-03  6.84e-01  
  6   8.6513e-01   1.0531e+00  1.88e-01  1.34e-02  8.48e-04  1.88e-01  1.02e-03  5.56e-01  
  7   1.0775e+00   1.1369e+00  5.51e-02  5.44e-03  3.53e-04  5.93e-02  4.27e-04  6.84e-01  
  8   1.1569e+00   1.1642e+00  6.30e-03  1.27e-03  8.39e-05  7.29e-03  1.02e-04  8.77e-01  
  9   1.1674e+00   1.1676e+00  1.61e-04  6.41e-05  4.26e-06  1.89e-04  5.18e-06  9.74e-01  
 10   1.1676e+00   1.1676e+00  4.41e-06  1.75e-06  1.16e-07  5.15e-06  1.42e-07  9.73e-01  
 11   1.1676e+00   1.1676e+00  1.72e-07  6.88e-08  4.57e-09  2.01e-07  5.56e-09  9.61e-01  
---------------------------------------------------------------------------------------------
Terminated with status = solved
total time =   273s (setup time =   148s, solve time =   111s)
TABLE5_SOLVE_RESULT solver=cuclarabel instance=table5-m70000-n700000-r02 termination=OPTIMAL primal_status=FEASIBLE_POINT iterations=11 objective=1.167637701344788 optimize_wall_seconds=290.8936171531677
TABLE5_SOLVE_FINISH solver=cuclarabel instance=table5-m70000-n700000-r02 status=completed result=/home/zhenwei/PDCS_fork/benchmark/large_scale_lasso/table5_solver_results/cuclarabel/table5-m70000-n700000-r02/attempt_20260729T195705Z_gpu6/result.toml
