Precompiling packages...
    MathOptInterface Being precompiled by another process (pid: 2254177, pidfile: /tmp/pdcs_cuclarabel_depot/compiled/v1.12/MathOptInterface/tyub8_ZeWUM.ji.pidfile)
  15379.2 ms  ✓ MathOptInterface
    JuMP Being precompiled by another process (pid: 2254177, pidfile: /tmp/pdcs_cuclarabel_depot/compiled/v1.12/JuMP/DmXqY_ZeWUM.ji.pidfile)
  21771.4 ms  ✓ JuMP
  2 dependencies successfully precompiled in 37 seconds. 42 already precompiled.
Precompiling packages...
    ExprTools Being precompiled by another process (pid: 2254670, pidfile: /tmp/pdcs_cuclarabel_depot/compiled/v1.12/ExprTools/eM8wu_ZeWUM.ji.pidfile)
    LLVMExtra_jll Being precompiled by another process (pid: 2254670, pidfile: /tmp/pdcs_cuclarabel_depot/compiled/v1.12/LLVMExtra_jll/R9OeX_ZeWUM.ji.pidfile)
    StringManipulation Being precompiled by another process (pid: 2254670, pidfile: /tmp/pdcs_cuclarabel_depot/compiled/v1.12/StringManipulation/4nJQd_ZeWUM.ji.pidfile)
    CUDA_Runtime_jll Being precompiled by another process (pid: 2254670, pidfile: /tmp/pdcs_cuclarabel_depot/compiled/v1.12/CUDA_Runtime_jll/Hs50y_ZeWUM.ji.pidfile)
    599.2 ms  ✓ ExprTools
    Tracy Being precompiled by another process (pid: 2254670, pidfile: /tmp/pdcs_cuclarabel_depot/compiled/v1.12/Tracy/QvZG9_ZeWUM.ji.pidfile)
   1019.5 ms  ✓ Tracy
   1807.9 ms  ✓ LLVMExtra_jll
    LLVM Being precompiled by another process (pid: 2254670, pidfile: /tmp/pdcs_cuclarabel_depot/compiled/v1.12/LLVM/e8NBy_ZeWUM.ji.pidfile)
   3376.5 ms  ✓ StringManipulation
    PrettyTables Being precompiled by another process (pid: 2255591, pidfile: /tmp/pdcs_cuclarabel_depot/compiled/v1.12/PrettyTables/kRdcL_ZeWUM.ji.pidfile)
   4387.5 ms  ✓ CUDA_Runtime_jll
    CUDA_Compiler_jll Being precompiled by another process (pid: 2254670, pidfile: /tmp/pdcs_cuclarabel_depot/compiled/v1.12/CUDA_Compiler_jll/ljFRe_ZeWUM.ji.pidfile)
   2684.1 ms  ✓ CUDA_Compiler_jll
   8043.5 ms  ✓ LLVM
    GPUToolbox Being precompiled by another process (pid: 2254670, pidfile: /tmp/pdcs_cuclarabel_depot/compiled/v1.12/GPUToolbox/VNkSP_ZeWUM.ji.pidfile)
    LLVM → BFloat16sExt Being precompiled by another process (pid: 2254670, pidfile: /tmp/pdcs_cuclarabel_depot/compiled/v1.12/BFloat16sExt/B6KwG_ZeWUM.ji.pidfile)
    UnsafeAtomics → UnsafeAtomicsLLVM Being precompiled by another process (pid: 2254670, pidfile: /tmp/pdcs_cuclarabel_depot/compiled/v1.12/UnsafeAtomicsLLVM/yk2PZ_ZeWUM.ji.pidfile)
    GPUCompiler Being precompiled by another process (pid: 2254670, pidfile: /tmp/pdcs_cuclarabel_depot/compiled/v1.12/GPUCompiler/yPwef_ZeWUM.ji.pidfile)
   1129.6 ms  ✓ GPUToolbox
   1129.3 ms  ✓ LLVM → BFloat16sExt
   2133.7 ms  ✓ UnsafeAtomics → UnsafeAtomicsLLVM
    GPUArrays Being precompiled by another process (pid: 2254670, pidfile: /tmp/pdcs_cuclarabel_depot/compiled/v1.12/GPUArrays/v5u0T_ZeWUM.ji.pidfile)
   5125.4 ms  ✓ GPUArrays
  16979.3 ms  ✓ PrettyTables
  24466.7 ms  ✓ GPUCompiler
    CUDA Being precompiled by another process (pid: 2254670, pidfile: /tmp/pdcs_cuclarabel_depot/compiled/v1.12/CUDA/oWw5k_ZeWUM.ji.pidfile)
  38414.2 ms  ✓ CUDA
    Atomix → AtomixCUDAExt Being precompiled by another process (pid: 2254177, pidfile: /tmp/pdcs_cuclarabel_depot/compiled/v1.12/AtomixCUDAExt/B0Tg4_ZeWUM.ji.pidfile)
   5846.2 ms  ✓ Atomix → AtomixCUDAExt
  15 dependencies successfully precompiled in 79 seconds. 77 already precompiled.
Precompiling packages...
    CUDA → SpecialFunctionsExt Being precompiled by another process (pid: 2254177, pidfile: /tmp/pdcs_cuclarabel_depot/compiled/v1.12/SpecialFunctionsExt/9h4VD_ZeWUM.ji.pidfile)
   3800.3 ms  ✓ CUDA → SpecialFunctionsExt
  1 dependency successfully precompiled in 4 seconds. 98 already precompiled.
Precompiling packages...
    TimerOutputs Being precompiled by another process (pid: 2254457, pidfile: /tmp/pdcs_cuclarabel_depot/compiled/v1.12/TimerOutputs/hd2yD_ZeWUM.ji.pidfile)
    DataStructures Being precompiled by another process (pid: 2254457, pidfile: /tmp/pdcs_cuclarabel_depot/compiled/v1.12/DataStructures/xKiwJ_ZeWUM.ji.pidfile)
    CUDSS_jll Being precompiled by another process (pid: 2254457, pidfile: /tmp/pdcs_cuclarabel_depot/compiled/v1.12/CUDSS_jll/zjbKf_ZeWUM.ji.pidfile)
   1672.6 ms  ✓ DataStructures
   2810.5 ms  ✓ CUDSS_jll
    CUDSS Being precompiled by another process (pid: 2254457, pidfile: /tmp/pdcs_cuclarabel_depot/compiled/v1.12/CUDSS/zEqeZ_ZeWUM.ji.pidfile)
   3803.6 ms  ✓ TimerOutputs
   6391.9 ms  ✓ CUDSS
    Clarabel Being precompiled by another process (pid: 2254457, pidfile: /tmp/pdcs_cuclarabel_depot/compiled/v1.12/Clarabel/g676L_ZeWUM.ji.pidfile)
  77046.6 ms  ✓ Clarabel
  5 dependencies successfully precompiled in 86 seconds. 123 already precompiled.
TABLE5_SOLVE_START solver=cuclarabel instance=table5-m10000-n100000-r03 m=10000 n=100000 density=0.0001 seed=7352328007339572649 tolerance=1.0e-6 time_limit=600.0
TABLE5_INSTANCE_READY instance=table5-m10000-n100000-r03 nnz=99988 lambda=0.027201017342407076 numerical_digest=321f8cd91391a75d2bc191369ca8e5c9c76a8849e1494fc63dfb1e0f7dbda3c7 model_digest=ea96e34d082b0d29a060eae7abb137276dc34e521d8814d76782ea126e1e58c4 generation_seconds=1.3370299339294434
-------------------------------------------------------------
           Clarabel.jl v0.11.0  -  Clever Acronym              

                   (c) Paul Goulart                          
                University of Oxford, 2022                   
-------------------------------------------------------------

problem:
  variables     = 210004
  constraints   = 220005
  nnz(P)        = 0
  nnz(A)        = 419985
  cones (total) = 3
    : Zero        = 1,  numel = 10003
    : Nonnegative = 1,  numel = 200000
    : SecondOrder = 1,  numel = 10002

settings:
  linear algebra: direct / cudss, precision: 64 bit 
  max iter = 200, time limit = 600.000000,  max step = 0.990
  tol_feas = 1.0e-06, tol_gap_abs = 1.0e-06, tol_gap_rel = 1.0e-06,
  static reg : on, ϵ1 = 1.0e-08, ϵ2 = 4.9e-32
  dynamic reg: on, ϵ = 1.0e-13, δ = 2.0e-07
  iter refine: on, reltol = 1.0e-12, abstol = 1.0e-12, 
               max iter = 10, stop ratio = 5.0
  equilibrate: on, min_scale = 1.0e-04, max_scale = 1.0e+04
               max iter = 10

iter    pcost        dcost       gap       pres      dres      k/t        μ       step      
---------------------------------------------------------------------------------------------
  0  -1.7347e-18  -4.0532e-16  4.04e-16  9.95e-01  9.66e-01  1.00e+00  1.03e+00   ------   
  1  -9.1658e+00  -1.5571e+00  4.89e+00  9.59e-01  8.39e-01  7.82e+00  9.50e-01  9.90e-01  
  2  -5.5194e+01  -7.6322e+00  6.23e+00  2.58e-01  1.96e-01  4.76e+01  6.86e-01  8.55e-01  
  3  -3.5913e+00  -4.0960e-01  3.18e+00  2.06e-01  5.33e-02  3.18e+00  7.81e-02  8.88e-01  
  4  -1.2942e-01   1.0489e-01  2.34e-01  2.11e-02  4.61e-03  2.34e-01  6.44e-03  9.24e-01  
  5   3.6444e-02   1.3611e-01  9.97e-02  1.00e-02  2.19e-03  9.98e-02  3.07e-03  5.74e-01  
  6   1.1705e-01   1.5251e-01  3.55e-02  4.35e-03  9.52e-04  3.55e-02  1.34e-03  6.44e-01  
  7   1.4426e-01   1.5852e-01  1.43e-02  2.06e-03  4.51e-04  1.43e-02  6.34e-04  5.98e-01  
  8   1.5832e-01   1.6178e-01  3.46e-03  8.07e-04  1.76e-04  3.47e-03  2.48e-04  7.57e-01  
  9   1.6222e-01   1.6276e-01  5.43e-04  1.87e-04  4.07e-05  5.44e-04  5.74e-05  8.43e-01  
 10   1.6290e-01   1.6295e-01  5.09e-05  3.30e-05  7.20e-06  5.11e-05  1.02e-05  9.06e-01  
 11   1.6296e-01   1.6297e-01  5.01e-06  3.36e-06  7.34e-07  5.03e-06  1.04e-06  9.02e-01  
 12   1.6297e-01   1.6297e-01  3.60e-07  2.44e-07  5.33e-08  3.62e-07  7.52e-08  9.28e-01  
---------------------------------------------------------------------------------------------
Terminated with status = solved
total time =  57.1s (setup time =  19.6s, solve time =  22.7s)
TABLE5_SOLVE_RESULT solver=cuclarabel instance=table5-m10000-n100000-r03 termination=OPTIMAL primal_status=FEASIBLE_POINT iterations=12 objective=0.162970444419048 optimize_wall_seconds=65.2356390953064
TABLE5_SOLVE_FINISH solver=cuclarabel instance=table5-m10000-n100000-r03 status=completed result=/home/zhenwei/PDCS_fork/benchmark/large_scale_lasso/table5_solver_results/cuclarabel/table5-m10000-n100000-r03/attempt_20260729T195705Z_gpu2/result.toml
