Precompiling packages...
    673.5 ms  ✓ Mmap
   1898.0 ms  ✓ JSON
   4643.1 ms  ✓ ForwardDiff
  30864.7 ms  ✓ MathOptInterface
  21942.1 ms  ✓ JuMP
  5 dependencies successfully precompiled in 58 seconds. 39 already precompiled.
Precompiling packages...
    ExprTools Being precompiled by another process (pid: 2254670, pidfile: /tmp/pdcs_cuclarabel_depot/compiled/v1.12/ExprTools/eM8wu_ZeWUM.ji.pidfile)
    LLVMExtra_jll Being precompiled by another process (pid: 2254670, pidfile: /tmp/pdcs_cuclarabel_depot/compiled/v1.12/LLVMExtra_jll/R9OeX_ZeWUM.ji.pidfile)
    StringManipulation Being precompiled by another process (pid: 2254670, pidfile: /tmp/pdcs_cuclarabel_depot/compiled/v1.12/StringManipulation/4nJQd_ZeWUM.ji.pidfile)
    CUDA_Runtime_jll Being precompiled by another process (pid: 2254670, pidfile: /tmp/pdcs_cuclarabel_depot/compiled/v1.12/CUDA_Runtime_jll/Hs50y_ZeWUM.ji.pidfile)
    634.0 ms  ✓ ExprTools
    Tracy Being precompiled by another process (pid: 2254670, pidfile: /tmp/pdcs_cuclarabel_depot/compiled/v1.12/Tracy/QvZG9_ZeWUM.ji.pidfile)
    996.2 ms  ✓ Tracy
   1632.5 ms  ✓ LLVMExtra_jll
    LLVM Being precompiled by another process (pid: 2254670, pidfile: /tmp/pdcs_cuclarabel_depot/compiled/v1.12/LLVM/e8NBy_ZeWUM.ji.pidfile)
   3244.5 ms  ✓ StringManipulation
    PrettyTables Being precompiled by another process (pid: 2255591, pidfile: /tmp/pdcs_cuclarabel_depot/compiled/v1.12/PrettyTables/kRdcL_ZeWUM.ji.pidfile)
   4170.9 ms  ✓ CUDA_Runtime_jll
    CUDA_Compiler_jll Being precompiled by another process (pid: 2254670, pidfile: /tmp/pdcs_cuclarabel_depot/compiled/v1.12/CUDA_Compiler_jll/ljFRe_ZeWUM.ji.pidfile)
   2591.7 ms  ✓ CUDA_Compiler_jll
   8030.9 ms  ✓ LLVM
    GPUToolbox Being precompiled by another process (pid: 2254670, pidfile: /tmp/pdcs_cuclarabel_depot/compiled/v1.12/GPUToolbox/VNkSP_ZeWUM.ji.pidfile)
    LLVM → BFloat16sExt Being precompiled by another process (pid: 2254670, pidfile: /tmp/pdcs_cuclarabel_depot/compiled/v1.12/BFloat16sExt/B6KwG_ZeWUM.ji.pidfile)
    UnsafeAtomics → UnsafeAtomicsLLVM Being precompiled by another process (pid: 2254670, pidfile: /tmp/pdcs_cuclarabel_depot/compiled/v1.12/UnsafeAtomicsLLVM/yk2PZ_ZeWUM.ji.pidfile)
    GPUCompiler Being precompiled by another process (pid: 2254670, pidfile: /tmp/pdcs_cuclarabel_depot/compiled/v1.12/GPUCompiler/yPwef_ZeWUM.ji.pidfile)
   1105.4 ms  ✓ GPUToolbox
   1267.7 ms  ✓ LLVM → BFloat16sExt
   2294.4 ms  ✓ UnsafeAtomics → UnsafeAtomicsLLVM
    GPUArrays Being precompiled by another process (pid: 2254670, pidfile: /tmp/pdcs_cuclarabel_depot/compiled/v1.12/GPUArrays/v5u0T_ZeWUM.ji.pidfile)
   4873.3 ms  ✓ GPUArrays
  17017.3 ms  ✓ PrettyTables
  24463.2 ms  ✓ GPUCompiler
    CUDA Being precompiled by another process (pid: 2254670, pidfile: /tmp/pdcs_cuclarabel_depot/compiled/v1.12/CUDA/oWw5k_ZeWUM.ji.pidfile)
  37354.8 ms  ✓ CUDA
   6826.9 ms  ✓ Atomix → AtomixCUDAExt
  15 dependencies successfully precompiled in 79 seconds. 77 already precompiled.
Precompiling packages...
    923.2 ms  ✓ ForwardDiff → ForwardDiffStaticArraysExt
  1 dependency successfully precompiled in 1 seconds. 22 already precompiled.
Precompiling packages...
   6609.7 ms  ✓ CUDA → SpecialFunctionsExt
  1 dependency successfully precompiled in 7 seconds. 98 already precompiled.
Precompiling packages...
    TimerOutputs Being precompiled by another process (pid: 2254457, pidfile: /tmp/pdcs_cuclarabel_depot/compiled/v1.12/TimerOutputs/hd2yD_ZeWUM.ji.pidfile)
    DataStructures Being precompiled by another process (pid: 2254457, pidfile: /tmp/pdcs_cuclarabel_depot/compiled/v1.12/DataStructures/xKiwJ_ZeWUM.ji.pidfile)
    CUDSS_jll Being precompiled by another process (pid: 2254457, pidfile: /tmp/pdcs_cuclarabel_depot/compiled/v1.12/CUDSS_jll/zjbKf_ZeWUM.ji.pidfile)
   1586.4 ms  ✓ DataStructures
   2738.0 ms  ✓ CUDSS_jll
    CUDSS Being precompiled by another process (pid: 2254457, pidfile: /tmp/pdcs_cuclarabel_depot/compiled/v1.12/CUDSS/zEqeZ_ZeWUM.ji.pidfile)
   3723.4 ms  ✓ TimerOutputs
   6395.8 ms  ✓ CUDSS
    Clarabel Being precompiled by another process (pid: 2254457, pidfile: /tmp/pdcs_cuclarabel_depot/compiled/v1.12/Clarabel/g676L_ZeWUM.ji.pidfile)
  76876.4 ms  ✓ Clarabel
  5 dependencies successfully precompiled in 86 seconds. 123 already precompiled.
TABLE5_SOLVE_START solver=cuclarabel instance=table5-m10000-n100000-r02 m=10000 n=100000 density=0.0001 seed=3774683599633055197 tolerance=1.0e-6 time_limit=600.0
TABLE5_INSTANCE_READY instance=table5-m10000-n100000-r02 nnz=99628 lambda=0.034404785455175536 numerical_digest=2032fe65821f3ae162f8b40f9dcc78171f721f703d96ec6b9fb9cc822d8f126c model_digest=feb25d4b21bf57da12497740dd708d831bc20ccea036fc324fa1ec604d67567c generation_seconds=1.4569001197814941
-------------------------------------------------------------
           Clarabel.jl v0.11.0  -  Clever Acronym              

                   (c) Paul Goulart                          
                University of Oxford, 2022                   
-------------------------------------------------------------

problem:
  variables     = 210004
  constraints   = 220005
  nnz(P)        = 0
  nnz(A)        = 419265
  cones (total) = 3
    : Zero        = 1,  numel = 10003
    : Nonnegative = 1,  numel = 200000
    : SecondOrder = 1,  numel = 10002

settings:
  linear algebra: direct / cudss, precision: 64 bit 
  max iter = 200, time limit = 600.000000,  max step = 0.990
  tol_feas = 1.0e-06, tol_gap_abs = 1.0e-06, tol_gap_rel = 1.0e-06,
  static reg : on, ϵ1 = 1.0e-08, ϵ2 = 4.9e-32
  dynamic reg: on, ϵ = 1.0e-13, δ = 2.0e-07
  iter refine: on, reltol = 1.0e-12, abstol = 1.0e-12, 
               max iter = 10, stop ratio = 5.0
  equilibrate: on, min_scale = 1.0e-04, max_scale = 1.0e+04
               max iter = 10

iter    pcost        dcost       gap       pres      dres      k/t        μ       step      
---------------------------------------------------------------------------------------------
  0  -4.3368e-19  -3.8259e-16  3.82e-16  9.95e-01  9.60e-01  1.00e+00  1.04e+00   ------   
  1  -7.6204e+00  -1.2536e+00  5.08e+00  9.64e-01  8.28e-01  6.59e+00  9.37e-01  9.90e-01  
  2  -5.7990e+01  -7.8169e+00  6.42e+00  3.11e-01  2.24e-01  5.02e+01  6.01e-01  9.90e-01  
  3  -5.3622e+00  -6.0317e-01  4.76e+00  2.41e-01  6.02e-02  4.76e+00  8.57e-02  8.70e-01  
  4  -2.6151e-01   9.1161e-02  3.53e-01  2.99e-02  5.46e-03  3.53e-01  7.31e-03  9.24e-01  
  5   5.5929e-02   1.4327e-01  8.73e-02  1.02e-02  1.86e-03  8.74e-02  2.50e-03  7.52e-01  
  6   1.3056e-01   1.5769e-01  2.71e-02  4.18e-03  7.67e-04  2.72e-02  1.03e-03  6.89e-01  
  7   1.5664e-01   1.6331e-01  6.68e-03  1.40e-03  2.57e-04  6.69e-03  3.46e-04  7.54e-01  
  8   1.6311e-01   1.6487e-01  1.76e-03  3.82e-04  7.01e-05  1.76e-03  9.45e-05  7.37e-01  
  9   1.6495e-01   1.6533e-01  3.84e-04  9.03e-05  1.66e-05  3.85e-04  2.23e-05  7.82e-01  
 10   1.6541e-01   1.6545e-01  4.19e-05  1.10e-05  2.02e-06  4.20e-05  2.73e-06  8.91e-01  
 11   1.6547e-01   1.6547e-01  3.45e-06  9.17e-07  1.68e-07  3.46e-06  2.27e-07  9.18e-01  
 12   1.6547e-01   1.6547e-01  1.32e-07  3.52e-08  6.46e-09  1.33e-07  8.70e-09  9.62e-01  
---------------------------------------------------------------------------------------------
Terminated with status = solved
total time =  58.8s (setup time =  20.6s, solve time =  23.3s)
TABLE5_SOLVE_RESULT solver=cuclarabel instance=table5-m10000-n100000-r02 termination=OPTIMAL primal_status=FEASIBLE_POINT iterations=12 objective=0.16547079722862637 optimize_wall_seconds=67.27182412147522
TABLE5_SOLVE_FINISH solver=cuclarabel instance=table5-m10000-n100000-r02 status=completed result=/home/zhenwei/PDCS_fork/benchmark/large_scale_lasso/table5_solver_results/cuclarabel/table5-m10000-n100000-r02/attempt_20260729T195705Z_gpu1/result.toml
