TABLE5_SOLVE_START solver=scs_gpu instance=table5-m70000-n700000-r04 m=70000 n=700000 density=0.0001 seed=5050833866237992834 tolerance=1.0e-6 time_limit=600.0
TABLE5_INSTANCE_READY instance=table5-m70000-n700000-r04 nnz=4899939 lambda=0.0484942417627286 numerical_digest=aa0b5ec27bb5a37bbbef284f9f87437232cc609678d1b5351c5737423b955507 model_digest=e3d5739ac60fe5d0804eb578582b555218396798d7177a3381e0426274738d26 generation_seconds=2.8488540649414062
------------------------------------------------------------------
	       SCS v3.2.11 - Splitting Conic Solver
	(c) Brendan O'Donoghue, Stanford University, 2012
------------------------------------------------------------------
problem:  variables n: 1470004, constraints m: 1540005
cones: 	  z: primal zero / dual free vars: 70003
	  l: linear vars: 1400000
	  q: soc vars: 70002, qsize: 1
settings: eps_abs: 1.0e-06, eps_rel: 1.0e-06, eps_infeas: 1.0e-07
	  alpha: 1.50, scale: 1.00e-01, adaptive_scale: 1
	  max_iters: 100000, normalize: 1, rho_x: 1.00e-06
	  acceleration_lookback: 10, acceleration_interval: 10
	  time_limit_secs: 6.00e+02
	  compiled with openmp parallelization enabled
lin-sys:  sparse-indirect GPU
	  nnz(A): 11339887, nnz(P): 0
------------------------------------------------------------------
 iter | pri res | dua res |   gap   |   obj   |  scale  | time (s)
------------------------------------------------------------------
     0| 2.83e+01  2.00e+00  6.59e+04 -3.30e+04  1.00e-01  1.14e+03 
------------------------------------------------------------------
status:  solved (inaccurate - reached time_limit_secs)
timings: total: 1.14e+03s = setup: 3.38e+00s + solve: 1.13e+03s
	 lin-sys: 4.03e-02s, cones: 1.80e-02s, accel: 6.10e-08s
------------------------------------------------------------------
objective = -32963.049658 (inaccurate)
------------------------------------------------------------------
TABLE5_SOLVE_RESULT solver=scs_gpu instance=table5-m70000-n700000-r04 termination=TIME_LIMIT primal_status=FEASIBLE_POINT iterations=0 objective=-65926.30371813866 optimize_wall_seconds=1143.9490377902985
TABLE5_SOLVE_FINISH solver=scs_gpu instance=table5-m70000-n700000-r04 status=completed result=/home/zhenwei/PDCS_fork/benchmark/large_scale_lasso/table5_solver_results/scs_gpu/table5-m70000-n700000-r04/attempt_20260729T195705Z_gpu2/result.toml
