    CondaPkg Found dependencies: /home/zhenwei/PDCS_fork/.julia-depot/packages/PythonCall/5WGSP/CondaPkg.toml
    CondaPkg Found dependencies: /home/zhenwei/PDCS_fork/.julia-depot/packages/CondaPkg/lKlVY/CondaPkg.toml
    CondaPkg Resolving changes
             ~ libstdcxx
             ~ libstdcxx-ng
             ~ openssl
             ~ python
    CondaPkg Initialising pixi
             │ /home/zhenwei/PDCS_fork/.julia-depot/artifacts/4ae17cee0bd922f66b2c72bf2f01c22481a5ec19/bin/pixi
             │ init
             │ --format pixi
             └ /home/zhenwei/PDCS_fork/.CondaPkg
✔ Created /home/zhenwei/PDCS_fork/.CondaPkg/pixi.toml
    CondaPkg Wrote /home/zhenwei/PDCS_fork/.CondaPkg/pixi.toml
             │ [dependencies]
             │ openssl = ">=3, <3.6"
             │ libstdcxx = ">=3.4,<15.0"
             │ libstdcxx-ng = ">=3.4,<15.0"
             │ 
             │     [dependencies.python]
             │     channel = "conda-forge"
             │     build = "*cp*"
             │     version = ">=3.10,!=3.14.0,!=3.14.1,<4"
             │ 
             │ [workspace]
             │ name = ".CondaPkg"
             │ platforms = ["linux-64"]
             │ channels = ["conda-forge"]
             │ channel-priority = "strict"
             └ description = "automatically generated by CondaPkg.jl"
    CondaPkg Installing packages
             │ /home/zhenwei/PDCS_fork/.julia-depot/artifacts/4ae17cee0bd922f66b2c72bf2f01c22481a5ec19/bin/pixi
             │ install
             └ --manifest-path /home/zhenwei/PDCS_fork/.CondaPkg/pixi.toml
✔ The default environment has been installed.
TABLE5_SOLVE_START solver=cupdcs instance=table5-m70000-n700000-r04 m=70000 n=700000 density=0.0001 seed=5050833866237992834 tolerance=1.0e-6 time_limit=600.0
TABLE5_INSTANCE_READY instance=table5-m70000-n700000-r04 nnz=4899939 lambda=0.0484942417627286 numerical_digest=aa0b5ec27bb5a37bbbef284f9f87437232cc609678d1b5351c5737423b955507 model_digest=e3d5739ac60fe5d0804eb578582b555218396798d7177a3381e0426274738d26 generation_seconds=2.9495952129364014
rescaling_method is not set, using default value: :ruiz_pock_chambolle. Note that if :use_scaling is false, this option is ignored.
kkt_restart_freq is not set, using default value: 500.
duality_gap_restart_freq is not set, using default value: 2000.
[ Info: logfile is set to nothing
[ Info: ---------------------------------------------------
[ Info: ------------- Parameter Info Summary --------------
[ Info: ---------------------------------------------------
[ Info: time limit: 600.0
[ Info: use_preconditioner: true
[ Info: use_adaptive_restart: true
[ Info: use_adaptive_step_size_weight: true
[ Info: use_aggressive: true
[ Info: use_restart: true
[ Info: use_adaptive_step: true
[ Info: use_reflection: true
[ Info: use_halpern: true
[ Info: use_resolving: true
[ Info: use_duality_gap_restart: true
[ Info: duality_gap_restart_freq: 2000
[ Info: use_kkt_restart: false
[ Info: kkt_restart_freq: 2000
[ Info: abs_tol: 1.0e-6
[ Info: rel_tol: 1.0e-6
[ Info: eps_primal_infeasible_low_acc: 1.0e-12
[ Info: eps_dual_infeasible_low_acc: 1.0e-12
[ Info: eps_primal_infeasible_high_acc: 1.0e-16
[ Info: eps_dual_infeasible_high_acc: 1.0e-16
[ Info: print_freq: 1000
[ Info: check_terminate_freq: 1000
[ Info: ---------------------------------------------------
[ Info: ------------- Model Info Summary -----------------
[ Info: ---------------------------------------------------
[ Info: variable number: 1470004
[ Info: constraint number: 1540005
[ Info: non-zero elements in G: 11339887
[ Info: Number of box constraints: 1470004
[ Info: Number of equal constraints: 70003
[ Info: Number of nonnegative constraints: 1400000
[ Info: Number of soc cone constraints: 1
[ Info: Number of rsoc cone constraints: 0
[ Info: Number of exp cone constraints: 0
[ Info: Number of dual exp cone constraints: 0
[ Info: Number of soc cone variables: 0
[ Info: Number of rsoc cone variables: 0
[ Info: Number of exp cone variables: 0
[ Info: Number of dual exp cone variables: 0
[ Info: ---------------------------------------------------
[ Info: Using preconditioner
[ Info: Warm start not enabled. Ignoring warm start values.
[ Info: Initializing primal and dual variables to zero.
[ Info: initial nrm1G: 6.436036330067612e6, initial nrmInfG: 1.0
[ Info: initial nrm1c: 67893.93846782004
[ Info: initial nrm1h: 228.02884494404512
[ Info: initial nrmInfc: 2.0
[ Info: max Dr_product:3.676604088552812
[ Info: norm Dr_product:2536.934353938343
[ Info: max Dl_product:10.895721338982092
[ Info: norm Dl_product:2536.9345508265014
[ Info: after scaling, norm1 c: 33572.61516735083
[ Info: after scaling, normInf c: 1.9996615778638578
[ Info: after scaling, norm1 G: 1.0121570556510547e6
[ Info: after scaling, normInf G: 1.0
[ Info: iter:0 rel_p_res(inf):5.000e-01 rel_d_res(inf):6.667e-01 primal_obj:0.000e+00 dual_obj:0.000e+00 rel_pd_gap:0.000e+00 time:0.00 restart_used:0
[ Info: ==================================================
[ Info: Start unified diagonal GPU loop for the ablation-compatible production path.
[ Info: iter:0 rel_p_res(inf):5.000e-01 rel_d_res(inf):6.667e-01 primal_obj:0.000e+00 dual_obj:0.000e+00 rel_pd_gap:0.000e+00 time:2.88 restart_used:0
[ Info: iter:1000 rel_p_res(inf):3.104e-04 rel_d_res(inf):1.381e-02 primal_obj:1.07424e+00 dual_obj:1.29661e+00 rel_pd_gap:9.682e-02 time:4.69 restart_used:0, restart_trigger_mean:0, restart_trigger_ergodic:0, diff_nrm_x_recovered:1.924e+00 diff_nrm_y_recovered:5.970e+01 nrm2_x_recovered:1.924e+00 nrm2_y_recovered:5.970e+01, nrmInf_x_recovered:1.096e+00 nrmInf_y_recovered:2.234e+00 dual_gap_ergodic:1.000e+30, dual_gap_mean:1.000e+30, dual_gap_restart_threshold:Inf, dual_gap_r:0.000e+00, kkt_error_ergodic:1.000e+30, kkt_error_mean:1.000e+30, kkt_error_restart_threshold:0.000e+00, tau:3.739e-02, sigma:3.084e+01
[ Info: iter:2000 rel_p_res(inf):1.668e-04 rel_d_res(inf):6.796e-03 primal_obj:1.12508e+00 dual_obj:1.23464e+00 rel_pd_gap:4.903e-02 time:6.23 restart_used:0, restart_trigger_mean:0, restart_trigger_ergodic:0, diff_nrm_x_recovered:1.216e-02 diff_nrm_y_recovered:2.096e-01 nrm2_x_recovered:1.931e+00 nrm2_y_recovered:5.963e+01, nrmInf_x_recovered:1.100e+00 nrmInf_y_recovered:2.221e+00 dual_gap_ergodic:1.000e+30, dual_gap_mean:1.000e+30, dual_gap_restart_threshold:Inf, dual_gap_r:0.000e+00, kkt_error_ergodic:1.000e+30, kkt_error_mean:1.000e+30, kkt_error_restart_threshold:0.000e+00, tau:4.115e-02, sigma:3.394e+01
[ Info: restart due to condition 1
[ Info: omega:28.721594786545626, x_diff_norm:2.7506907291862372, y_diff_norm:62.38357013911096
[ Info: iter:3000 rel_p_res(inf):6.770e-07 rel_d_res(inf):4.947e-05 primal_obj:1.16687e+00 dual_obj:1.16711e+00 rel_pd_gap:1.104e-04 time:7.21 restart_used:1, restart_trigger_mean:0, restart_trigger_ergodic:1, diff_nrm_x_recovered:1.108e-02 diff_nrm_y_recovered:2.141e-01 nrm2_x_recovered:1.938e+00 nrm2_y_recovered:5.956e+01, nrmInf_x_recovered:1.104e+00 nrmInf_y_recovered:2.209e+00 dual_gap_ergodic:8.122e-04, dual_gap_mean:4.932e-03, dual_gap_restart_threshold:8.122e-04, dual_gap_r:2.961e+02, kkt_error_ergodic:1.000e+30, kkt_error_mean:1.000e+30, kkt_error_restart_threshold:0.000e+00, tau:3.890e-02, sigma:2.534e+01
[ Info: iter:4000 rel_p_res(inf):3.195e-07 rel_d_res(inf):2.580e-05 primal_obj:1.16680e+00 dual_obj:1.16693e+00 rel_pd_gap:5.817e-05 time:8.08 restart_used:1, restart_trigger_mean:0, restart_trigger_ergodic:1, diff_nrm_x_recovered:1.466e-04 diff_nrm_y_recovered:2.206e-03 nrm2_x_recovered:1.938e+00 nrm2_y_recovered:5.956e+01, nrmInf_x_recovered:1.104e+00 nrmInf_y_recovered:2.209e+00 dual_gap_ergodic:8.122e-04, dual_gap_mean:4.932e-03, dual_gap_restart_threshold:8.122e-04, dual_gap_r:2.961e+02, kkt_error_ergodic:1.000e+30, kkt_error_mean:1.000e+30, kkt_error_restart_threshold:0.000e+00, tau:4.253e-02, sigma:2.771e+01
[ Info: restart due to condition 2
[ Info: omega:25.522223421313374, x_diff_norm:0.016139468839585194, y_diff_norm:0.32149326749608054
[ Info: iter:5000 rel_p_res(inf):6.160e-09 rel_d_res(inf):9.195e-08 primal_obj:1.16673e+00 dual_obj:1.16672e+00 rel_pd_gap:9.557e-07 time:9.01 restart_used:2, restart_trigger_mean:0, restart_trigger_ergodic:2, diff_nrm_x_recovered:1.420e-04 diff_nrm_y_recovered:2.327e-03 nrm2_x_recovered:1.938e+00 nrm2_y_recovered:5.956e+01, nrmInf_x_recovered:1.104e+00 nrmInf_y_recovered:2.208e+00 dual_gap_ergodic:5.459e-04, dual_gap_mean:3.497e-03, dual_gap_restart_threshold:5.459e-04, dual_gap_r:1.032e-02, kkt_error_ergodic:1.000e+30, kkt_error_mean:1.000e+30, kkt_error_restart_threshold:0.000e+00, tau:4.163e-02, sigma:2.116e+01
[ Info: ===============================================
[ Info: ---------------------------------------------------
[ Info: ------------- Solver Info Summary -----------------
[ Info: ---------------------------------------------------
[ Info: iter_num:                     5000
[ Info: exit_status:                  optimal
[ Info: l_2_abs_primal_res:           6.4558e-07
[ Info: l_2_rel_primal_res:           1.4209e-09
[ Info: l_inf_abs_primal_res:         1.2962e-08
[ Info: l_inf_rel_primal_res:         6.1599e-09
[ Info: l_2_abs_dual_res:             8.7358e-06
[ Info: l_2_rel_dual_res:             1.2867e-10
[ Info: l_inf_abs_dual_res:           2.7586e-07
[ Info: l_inf_rel_dual_res:           9.1955e-08
[ Info: rel_gap:                      9.5572e-07
[ Info: abs_gap:                      2.0708e-06
[ Info: primal_obj:                   1.1667e+00
[ Info: dual_obj:                     1.1667e+00
[ Info: time:                         9.0116
[ Info: ---------------------------------------------------
[ Info:  norm(sol.x.recovered_primal.primal_sol.x, Inf): 1.1042491720898089
[ Info:  norm(sol.y.recovered_dual.dual_sol.y, Inf): 2.208498522655478
[ Info: time for projection: 0.3086507320404053
[ Info: time for iterative: 4.010266065597534
[ Info: time for restart check: 0.20837807655334473
[ Info: time for exit check: 0.0
[ Info: time for print info calculation: 0.661719799041748
TABLE5_SOLVE_RESULT solver=cupdcs instance=table5-m70000-n700000-r04 termination=OPTIMAL primal_status=FEASIBLE_POINT iterations=5000 objective=1.1667251615177026 optimize_wall_seconds=65.81049609184265
TABLE5_SOLVE_FINISH solver=cupdcs instance=table5-m70000-n700000-r04 status=completed result=/home/zhenwei/PDCS_fork/benchmark/large_scale_lasso/table5_solver_results/cupdcs/table5-m70000-n700000-r04/attempt_20260729T195705Z_gpu2/result.toml
