    CondaPkg Found dependencies: /home/zhenwei/PDCS_fork/.julia-depot/packages/PythonCall/5WGSP/CondaPkg.toml
    CondaPkg Found dependencies: /home/zhenwei/PDCS_fork/.julia-depot/packages/CondaPkg/lKlVY/CondaPkg.toml
    CondaPkg Resolving changes
             ~ libstdcxx
             ~ libstdcxx-ng
             ~ openssl
             ~ python
    CondaPkg Initialising pixi
             │ /home/zhenwei/PDCS_fork/.julia-depot/artifacts/4ae17cee0bd922f66b2c72bf2f01c22481a5ec19/bin/pixi
             │ init
             │ --format pixi
             └ /home/zhenwei/PDCS_fork/.CondaPkg
✔ Created /home/zhenwei/PDCS_fork/.CondaPkg/pixi.toml
    CondaPkg Wrote /home/zhenwei/PDCS_fork/.CondaPkg/pixi.toml
             │ [dependencies]
             │ openssl = ">=3, <3.6"
             │ libstdcxx = ">=3.4,<15.0"
             │ libstdcxx-ng = ">=3.4,<15.0"
             │ 
             │     [dependencies.python]
             │     channel = "conda-forge"
             │     build = "*cp*"
             │     version = ">=3.10,!=3.14.0,!=3.14.1,<4"
             │ 
             │ [workspace]
             │ name = ".CondaPkg"
             │ platforms = ["linux-64"]
             │ channels = ["conda-forge"]
             │ channel-priority = "strict"
             └ description = "automatically generated by CondaPkg.jl"
    CondaPkg Installing packages
             │ /home/zhenwei/PDCS_fork/.julia-depot/artifacts/4ae17cee0bd922f66b2c72bf2f01c22481a5ec19/bin/pixi
             │ install
             └ --manifest-path /home/zhenwei/PDCS_fork/.CondaPkg/pixi.toml
✔ The default environment has been installed.
TABLE5_SOLVE_START solver=cupdcs instance=table5-m750000-n7500000-r04 m=750000 n=7500000 density=0.0001 seed=66351557481754279 tolerance=1.0e-6 time_limit=10800.0
TABLE5_INSTANCE_READY instance=table5-m750000-n7500000-r04 nnz=562508501 lambda=0.12240846871112936 numerical_digest=85d2ef6e08880cd0343b7ac7a66057bd6427d6929cf7520360d332e093dceb62 model_digest=f4a2be36d14e0a5de3ef2fae71f6f7b4f9b485e4cd502b9b314d05821a9963a3 generation_seconds=117.54380512237549
rescaling_method is not set, using default value: :ruiz_pock_chambolle. Note that if :use_scaling is false, this option is ignored.
kkt_restart_freq is not set, using default value: 500.
duality_gap_restart_freq is not set, using default value: 2000.
[ Info: logfile is set to nothing
[ Info: ---------------------------------------------------
[ Info: ------------- Parameter Info Summary --------------
[ Info: ---------------------------------------------------
[ Info: time limit: 10800.0
[ Info: use_preconditioner: true
[ Info: use_adaptive_restart: true
[ Info: use_adaptive_step_size_weight: true
[ Info: use_aggressive: true
[ Info: use_restart: true
[ Info: use_adaptive_step: true
[ Info: use_reflection: true
[ Info: use_halpern: true
[ Info: use_resolving: true
[ Info: use_duality_gap_restart: true
[ Info: duality_gap_restart_freq: 2000
[ Info: use_kkt_restart: false
[ Info: kkt_restart_freq: 2000
[ Info: abs_tol: 1.0e-6
[ Info: rel_tol: 1.0e-6
[ Info: eps_primal_infeasible_low_acc: 1.0e-12
[ Info: eps_dual_infeasible_low_acc: 1.0e-12
[ Info: eps_primal_infeasible_high_acc: 1.0e-16
[ Info: eps_dual_infeasible_high_acc: 1.0e-16
[ Info: print_freq: 1000
[ Info: check_terminate_freq: 1000
[ Info: ---------------------------------------------------
[ Info: ------------- Model Info Summary -----------------
[ Info: ---------------------------------------------------
[ Info: variable number: 15750004
[ Info: constraint number: 16500005
[ Info: non-zero elements in G: 1141517011
[ Info: Number of box constraints: 15750004
[ Info: Number of equal constraints: 750003
[ Info: Number of nonnegative constraints: 15000000
[ Info: Number of soc cone constraints: 1
[ Info: Number of rsoc cone constraints: 0
[ Info: Number of exp cone constraints: 0
[ Info: Number of dual exp cone constraints: 0
[ Info: Number of soc cone variables: 0
[ Info: Number of rsoc cone variables: 0
[ Info: Number of exp cone variables: 0
[ Info: Number of dual exp cone variables: 0
[ Info: ---------------------------------------------------
[ Info: Using preconditioner
[ Info: Warm start not enabled. Ignoring warm start values.
[ Info: Initializing primal and dual variables to zero.
[ Info: initial nrm1G: 5.79010004335614e8, initial nrmInfG: 1.0
[ Info: initial nrm1c: 1.8361290306669406e6
[ Info: initial nrm1h: 2441.112860468786
[ Info: initial nrmInfc: 2.0
[ Info: max Dr_product:8.318528275812964
[ Info: norm Dr_product:24062.62670453371
[ Info: max Dl_product:29.945239090698937
[ Info: norm Dl_product:24062.626725291724
[ Info: after scaling, norm1 c: 297829.6091876769
[ Info: after scaling, normInf c: 1.9996615778638578
[ Info: after scaling, norm1 G: 6.282306961938998e6
[ Info: after scaling, normInf G: 0.7071067811865475
[ Info: iter:0 rel_p_res(inf):5.000e-01 rel_d_res(inf):6.667e-01 primal_obj:0.000e+00 dual_obj:0.000e+00 rel_pd_gap:0.000e+00 time:0.00 restart_used:0
[ Info: ==================================================
[ Info: Start unified diagonal GPU loop for the ablation-compatible production path.
[ Info: iter:0 rel_p_res(inf):5.000e-01 rel_d_res(inf):6.667e-01 primal_obj:0.000e+00 dual_obj:0.000e+00 rel_pd_gap:0.000e+00 time:3.57 restart_used:0
[ Info: iter:1000 rel_p_res(inf):9.868e-06 rel_d_res(inf):1.257e-02 primal_obj:1.24448e+01 dual_obj:1.28894e+01 rel_pd_gap:3.201e-02 time:411.19 restart_used:0, restart_trigger_mean:0, restart_trigger_ergodic:0, diff_nrm_x_recovered:8.744e+00 diff_nrm_y_recovered:5.020e+02 nrm2_x_recovered:8.744e+00 nrm2_y_recovered:5.020e+02, nrmInf_x_recovered:5.622e+00 nrmInf_y_recovered:1.170e+01 dual_gap_ergodic:1.000e+30, dual_gap_mean:1.000e+30, dual_gap_restart_threshold:Inf, dual_gap_r:0.000e+00, kkt_error_ergodic:1.000e+30, kkt_error_mean:1.000e+30, kkt_error_restart_threshold:0.000e+00, tau:1.324e-02, sigma:7.739e+01
[ Info: iter:2000 rel_p_res(inf):5.468e-07 rel_d_res(inf):2.778e-04 primal_obj:1.23792e+01 dual_obj:1.23891e+01 rel_pd_gap:7.371e-04 time:583.18 restart_used:0, restart_trigger_mean:0, restart_trigger_ergodic:0, diff_nrm_x_recovered:2.173e-01 diff_nrm_y_recovered:5.471e+00 nrm2_x_recovered:8.939e+00 nrm2_y_recovered:5.005e+02, nrmInf_x_recovered:5.761e+00 nrmInf_y_recovered:1.153e+01 dual_gap_ergodic:1.000e+30, dual_gap_mean:1.000e+30, dual_gap_restart_threshold:Inf, dual_gap_r:0.000e+00, kkt_error_ergodic:1.000e+30, kkt_error_mean:1.000e+30, kkt_error_restart_threshold:0.000e+00, tau:1.358e-02, sigma:7.939e+01
┌ Info: restart candidate selected
│   reason = "duality-gap condition 1"
│   selected_name = "halpern"
│   current_merit = 0.00016290075534045235
│   mean_merit = 0.0007468942419156386
└   halpern_merit = 0.00011223175448952121
[ Info: restart due to condition 1
[ Info: omega:76.46081140574626, x_diff_norm:11.277152690367183, y_diff_norm:534.2629578104925
[ Info: iter:3000 rel_p_res(inf):1.206e-08 rel_d_res(inf):1.738e-06 primal_obj:1.23779e+01 dual_obj:1.23779e+01 rel_pd_gap:2.904e-06 time:756.75 restart_used:1, restart_trigger_mean:0, restart_trigger_ergodic:0, diff_nrm_x_recovered:4.860e-03 diff_nrm_y_recovered:1.264e-01 nrm2_x_recovered:8.943e+00 nrm2_y_recovered:5.005e+02, nrmInf_x_recovered:5.764e+00 nrmInf_y_recovered:1.153e+01 dual_gap_ergodic:1.629e-04, dual_gap_mean:7.469e-04, dual_gap_restart_threshold:1.123e-04, dual_gap_r:1.292e+04, kkt_error_ergodic:1.000e+30, kkt_error_mean:1.000e+30, kkt_error_restart_threshold:0.000e+00, tau:1.557e-02, sigma:5.638e+01
[ Info: iter:4000 rel_p_res(inf):1.409e-10 rel_d_res(inf):1.021e-08 primal_obj:1.23778e+01 dual_obj:1.23778e+01 rel_pd_gap:1.750e-08 time:925.98 restart_used:1, restart_trigger_mean:0, restart_trigger_ergodic:0, diff_nrm_x_recovered:3.220e-05 diff_nrm_y_recovered:9.972e-04 nrm2_x_recovered:8.943e+00 nrm2_y_recovered:5.005e+02, nrmInf_x_recovered:5.764e+00 nrmInf_y_recovered:1.153e+01 dual_gap_ergodic:1.629e-04, dual_gap_mean:7.469e-04, dual_gap_restart_threshold:1.123e-04, dual_gap_r:1.292e+04, kkt_error_ergodic:1.000e+30, kkt_error_mean:1.000e+30, kkt_error_restart_threshold:0.000e+00, tau:2.327e-02, sigma:8.428e+01
[ Info: ===============================================
[ Info: ---------------------------------------------------
[ Info: ------------- Solver Info Summary -----------------
[ Info: ---------------------------------------------------
[ Info: iter_num:                     4000
[ Info: exit_status:                  optimal
[ Info: l_2_abs_primal_res:           5.9787e-08
[ Info: l_2_rel_primal_res:           1.2443e-11
[ Info: l_inf_abs_primal_res:         8.1497e-10
[ Info: l_inf_rel_primal_res:         1.4093e-10
[ Info: l_2_abs_dual_res:             8.4836e-07
[ Info: l_2_rel_dual_res:             4.6204e-13
[ Info: l_inf_abs_dual_res:           3.0633e-08
[ Info: l_inf_rel_dual_res:           1.0211e-08
[ Info: rel_gap:                      1.7500e-08
[ Info: abs_gap:                      2.3412e-07
[ Info: primal_obj:                   1.2378e+01
[ Info: dual_obj:                     1.2378e+01
[ Info: time:                         925.9785
[ Info: ---------------------------------------------------
[ Info:  norm(sol.x.recovered_primal.primal_sol.x, Inf): 5.764074926190676
[ Info:  norm(sol.y.recovered_dual.dual_sol.y, Inf): 11.528150228604103
[ Info: time for projection: 0.9076023101806641
[ Info: time for iterative: 670.1919224262238
[ Info: time for restart check: 2.643428087234497
[ Info: time for exit check: 0.0
[ Info: time for print info calculation: 1.4730288982391357
TABLE5_SOLVE_RESULT solver=cupdcs instance=table5-m750000-n7500000-r04 termination=OPTIMAL primal_status=FEASIBLE_POINT iterations=4000 objective=12.37782143992039 optimize_wall_seconds=3154.093508005142
TABLE5_SOLVE_FINISH solver=cupdcs instance=table5-m750000-n7500000-r04 status=completed result=/home/zhenwei/PDCS_fork/benchmark/large_scale_lasso/table5_solver_results/cupdcs/table5-m750000-n7500000-r04/attempt_20260730T035205Z/result.toml
