Precompiling packages...
Info Given PDCS was explicitly requested, output will be shown live [0K
[0K    CondaPkg Found dependencies: /home/zhenwei/PDCS_fork/.julia-depot/packages/PythonCall/5WGSP/CondaPkg.toml
[0K    CondaPkg Found dependencies: /home/zhenwei/PDCS_fork/.julia-depot/packages/CondaPkg/lKlVY/CondaPkg.toml
[0K    CondaPkg Resolving changes
[0K             ~ libstdcxx
[0K             ~ libstdcxx-ng
[0K             ~ openssl
[0K             ~ python
[0K    CondaPkg Initialising pixi
[0K             │ /home/zhenwei/PDCS_fork/.julia-depot/artifacts/4ae17cee0bd922f66b2c72bf2f01c22481a5ec19/bin/pixi
[0K             │ init
[0K             │ --format pixi
[0K             └ /home/zhenwei/PDCS_fork/.CondaPkg
[0K✔ Created /home/zhenwei/PDCS_fork/.CondaPkg/pixi.toml
[0K    CondaPkg Wrote /home/zhenwei/PDCS_fork/.CondaPkg/pixi.toml
[0K             │ [dependencies]
[0K             │ openssl = ">=3, <3.6"
[0K             │ libstdcxx = ">=3.4,<15.0"
[0K             │ libstdcxx-ng = ">=3.4,<15.0"
[0K             │ 
[0K             │     [dependencies.python]
[0K             │     channel = "conda-forge"
[0K             │     build = "*cp*"
[0K             │     version = ">=3.10,!=3.14.0,!=3.14.1,<4"
[0K             │ 
[0K             │ [workspace]
[0K             │ name = ".CondaPkg"
[0K             │ platforms = ["linux-64"]
[0K             │ channels = ["conda-forge"]
[0K             │ channel-priority = "strict"
[0K             └ description = "automatically generated by CondaPkg.jl"
[0K    CondaPkg Installing packages
[0K             │ /home/zhenwei/PDCS_fork/.julia-depot/artifacts/4ae17cee0bd922f66b2c72bf2f01c22481a5ec19/bin/pixi
[0K             │ install
[0K             └ --manifest-path /home/zhenwei/PDCS_fork/.CondaPkg/pixi.toml
[0K✔ The default environment has been installed.
[0K[ Info: ============ PDCS_GPU need cuda to precompile ============
[0K[ Info: ============precompile PDCS_CPU============
[0K[ Info: ============precompile PDCS_CPU done============
  72723.2 ms  ✓ PDCS
  1 dependency successfully precompiled in 73 seconds. 184 already precompiled.
  1 dependency had output during precompilation:
┌ PDCS
│  [Output was shown above]
└  
TABLE5_SOLVE_START solver=cupdcs instance=table5-m700000-n7000000-r03 m=700000 n=7000000 density=0.0001 seed=2776373863867649000 tolerance=1.0e-6 time_limit=10800.0
TABLE5_INSTANCE_READY instance=table5-m700000-n7000000-r03 nnz=490003176 lambda=0.1304997182862794 numerical_digest=1990f6ad64cbf4ff6bd9dd09197e8ce809afebdabd6e6b6fd7255d33a1ee7f3b model_digest=9d50088eb1486a524baa2515ff6783931082372efd468cf2b9563a3e18b57414 generation_seconds=98.75166010856628
rescaling_method is not set, using default value: :ruiz_pock_chambolle. Note that if :use_scaling is false, this option is ignored.
kkt_restart_freq is not set, using default value: 500.
duality_gap_restart_freq is not set, using default value: 2000.
[ Info: logfile is set to nothing
[ Info: ---------------------------------------------------
[ Info: ------------- Parameter Info Summary --------------
[ Info: ---------------------------------------------------
[ Info: time limit: 10800.0
[ Info: use_preconditioner: true
[ Info: use_adaptive_restart: true
[ Info: use_adaptive_step_size_weight: true
[ Info: use_aggressive: true
[ Info: use_restart: true
[ Info: use_adaptive_step: true
[ Info: use_reflection: true
[ Info: use_halpern: true
[ Info: use_resolving: true
[ Info: use_duality_gap_restart: true
[ Info: duality_gap_restart_freq: 2000
[ Info: use_kkt_restart: false
[ Info: kkt_restart_freq: 2000
[ Info: abs_tol: 1.0e-6
[ Info: rel_tol: 1.0e-6
[ Info: eps_primal_infeasible_low_acc: 1.0e-12
[ Info: eps_dual_infeasible_low_acc: 1.0e-12
[ Info: eps_primal_infeasible_high_acc: 1.0e-16
[ Info: eps_dual_infeasible_high_acc: 1.0e-16
[ Info: print_freq: 1000
[ Info: check_terminate_freq: 1000
[ Info: ---------------------------------------------------
[ Info: ------------- Model Info Summary -----------------
[ Info: ---------------------------------------------------
[ Info: variable number: 14700004
[ Info: constraint number: 15400005
[ Info: non-zero elements in G: 995406361
[ Info: Number of box constraints: 14700004
[ Info: Number of equal constraints: 700003
[ Info: Number of nonnegative constraints: 14000000
[ Info: Number of soc cone constraints: 1
[ Info: Number of rsoc cone constraints: 0
[ Info: Number of exp cone constraints: 0
[ Info: Number of dual exp cone constraints: 0
[ Info: Number of soc cone variables: 0
[ Info: Number of rsoc cone variables: 0
[ Info: Number of exp cone variables: 0
[ Info: Number of dual exp cone variables: 0
[ Info: ---------------------------------------------------
[ Info: Using preconditioner
[ Info: Warm start not enabled. Ignoring warm start values.
[ Info: Initializing primal and dual variables to zero.
[ Info: initial nrm1G: 5.053919087090693e8, initial nrmInfG: 1.0
[ Info: initial nrm1c: 1.8269980560079124e6
[ Info: initial nrm1h: 2279.2200945824757
[ Info: initial nrmInfc: 2.0
[ Info: max Dr_product:7.992710840633097
[ Info: norm Dr_product:22480.923208249125
[ Info: max Dl_product:29.219917403277428
[ Info: norm Dl_product:22480.923230467626
[ Info: after scaling, norm1 c: 306605.94280823244
[ Info: after scaling, normInf c: 1.9996615778638578
[ Info: after scaling, norm1 G: 5.9391307734287055e6
[ Info: after scaling, normInf G: 0.7071067811865475
[ Info: iter:0 rel_p_res(inf):5.000e-01 rel_d_res(inf):6.667e-01 primal_obj:0.000e+00 dual_obj:0.000e+00 rel_pd_gap:0.000e+00 time:0.00 restart_used:0
[ Info: ==================================================
[ Info: Start unified diagonal GPU loop for the ablation-compatible production path.
[ Info: iter:0 rel_p_res(inf):5.000e-01 rel_d_res(inf):6.667e-01 primal_obj:0.000e+00 dual_obj:0.000e+00 rel_pd_gap:0.000e+00 time:3.52 restart_used:0
[ Info: iter:1000 rel_p_res(inf):8.965e-06 rel_d_res(inf):7.229e-03 primal_obj:1.16764e+01 dual_obj:1.19076e+01 rel_pd_gap:1.791e-02 time:241.43 restart_used:0, restart_trigger_mean:0, restart_trigger_ergodic:0, diff_nrm_x_recovered:8.641e+00 diff_nrm_y_recovered:5.126e+02 nrm2_x_recovered:8.641e+00 nrm2_y_recovered:5.126e+02, nrmInf_x_recovered:5.548e+00 nrmInf_y_recovered:1.135e+01 dual_gap_ergodic:1.000e+30, dual_gap_mean:1.000e+30, dual_gap_restart_threshold:Inf, dual_gap_r:0.000e+00, kkt_error_ergodic:1.000e+30, kkt_error_mean:1.000e+30, kkt_error_restart_threshold:0.000e+00, tau:1.338e-02, sigma:8.882e+01
[ Info: iter:2000 rel_p_res(inf):1.105e-07 rel_d_res(inf):3.330e-05 primal_obj:1.16212e+01 dual_obj:1.16223e+01 rel_pd_gap:8.872e-05 time:387.83 restart_used:0, restart_trigger_mean:0, restart_trigger_ergodic:0, diff_nrm_x_recovered:9.080e-02 diff_nrm_y_recovered:3.562e+00 nrm2_x_recovered:8.713e+00 nrm2_y_recovered:5.118e+02, nrmInf_x_recovered:5.600e+00 nrmInf_y_recovered:1.120e+01 dual_gap_ergodic:1.000e+30, dual_gap_mean:1.000e+30, dual_gap_restart_threshold:Inf, dual_gap_r:0.000e+00, kkt_error_ergodic:1.000e+30, kkt_error_mean:1.000e+30, kkt_error_restart_threshold:0.000e+00, tau:1.258e-02, sigma:8.351e+01
┌ Info: restart candidate selected
│   reason = "duality-gap condition 1"
│   selected_name = "current"
│   current_merit = 3.090173187765402e-7
│   mean_merit = 0.0007507177525108273
└   halpern_merit = 0.000105980723966151
[ Info: restart due to condition 1
[ Info: omega:81.48514455999982, x_diff_norm:10.998549407251563, y_diff_norm:541.800621102104
[ Info: iter:3000 rel_p_res(inf):1.423e-09 rel_d_res(inf):9.571e-08 primal_obj:1.16210e+01 dual_obj:1.16210e+01 rel_pd_gap:4.170e-07 time:538.48 restart_used:1, restart_trigger_mean:0, restart_trigger_ergodic:1, diff_nrm_x_recovered:4.303e-04 diff_nrm_y_recovered:1.705e-02 nrm2_x_recovered:8.714e+00 nrm2_y_recovered:5.118e+02, nrmInf_x_recovered:5.600e+00 nrmInf_y_recovered:1.120e+01 dual_gap_ergodic:3.090e-07, dual_gap_mean:7.507e-04, dual_gap_restart_threshold:3.090e-07, dual_gap_r:1.311e+04, kkt_error_ergodic:1.000e+30, kkt_error_mean:1.000e+30, kkt_error_restart_threshold:0.000e+00, tau:1.635e-02, sigma:6.565e+01
[ Info: ===============================================
[ Info: ---------------------------------------------------
[ Info: ------------- Solver Info Summary -----------------
[ Info: ---------------------------------------------------
[ Info: iter_num:                     3000
[ Info: exit_status:                  optimal
[ Info: l_2_abs_primal_res:           3.6826e-07
[ Info: l_2_rel_primal_res:           8.1381e-11
[ Info: l_inf_abs_primal_res:         8.0653e-09
[ Info: l_inf_rel_primal_res:         1.4232e-09
[ Info: l_2_abs_dual_res:             5.9066e-06
[ Info: l_2_rel_dual_res:             3.2330e-12
[ Info: l_inf_abs_dual_res:           2.8712e-07
[ Info: l_inf_rel_dual_res:           9.5705e-08
[ Info: rel_gap:                      4.1696e-07
[ Info: abs_gap:                      5.2625e-06
[ Info: primal_obj:                   1.1621e+01
[ Info: dual_obj:                     1.1621e+01
[ Info: time:                         538.4787
[ Info: ---------------------------------------------------
[ Info:  norm(sol.x.recovered_primal.primal_sol.x, Inf): 5.600307349688174
[ Info:  norm(sol.y.recovered_dual.dual_sol.y, Inf): 11.20061130958272
[ Info: time for projection: 1.1649718284606934
[ Info: time for iterative: 521.0401699542999
[ Info: time for restart check: 2.4916088581085205
[ Info: time for exit check: 0.0
[ Info: time for print info calculation: 1.413802146911621
TABLE5_SOLVE_RESULT solver=cupdcs instance=table5-m700000-n7000000-r03 termination=OPTIMAL primal_status=FEASIBLE_POINT iterations=3000 objective=11.62098791115819 optimize_wall_seconds=2391.9798109531403
TABLE5_SOLVE_FINISH solver=cupdcs instance=table5-m700000-n7000000-r03 status=completed result=/home/zhenwei/PDCS_fork/benchmark/large_scale_lasso/table5_solver_results/cupdcs/table5-m700000-n7000000-r03/attempt_20260730T035205Z/result.toml
