TABLE5_SOLVE_START solver=scs_gpu instance=table5-m400000-n7000000-r01 m=400000 n=7000000 density=0.0001 seed=2810953517340410803 tolerance=1.0e-6 time_limit=600.0
TABLE5_INSTANCE_READY instance=table5-m400000-n7000000-r01 nnz=279972972 lambda=0.08668710726461117 numerical_digest=b7b0d6150c1df45ac34a95f0872d8c4107ad40706adf2c847eba00812fa5d698 model_digest=1019b2bf33a935f1f4c6be3b6c5270c17131fe99591d7220a4c23f07c4689b91 generation_seconds=58.10929799079895
------------------------------------------------------------------
	       SCS v3.2.11 - Splitting Conic Solver
	(c) Brendan O'Donoghue, Stanford University, 2012
------------------------------------------------------------------
problem:  variables n: 14400004, constraints m: 14800005
cones: 	  z: primal zero / dual free vars: 400003
	  l: linear vars: 14000000
	  q: soc vars: 400002, qsize: 1
settings: eps_abs: 1.0e-06, eps_rel: 1.0e-06, eps_infeas: 1.0e-07
	  alpha: 1.50, scale: 1.00e-01, adaptive_scale: 1
	  max_iters: 100000, normalize: 1, rho_x: 1.00e-06
	  acceleration_lookback: 10, acceleration_interval: 10
	  time_limit_secs: 6.00e+02
	  compiled with openmp parallelization enabled
lin-sys:  sparse-indirect GPU
	  nnz(A): 574745953, nnz(P): 0

[2284189] signal 15: Terminated
in expression starting at /home/zhenwei/PDCS_fork/benchmark/large_scale_lasso/solve_table5_instance.jl:597
unknown function (ip: 0x7fce3cee20d5) at /lib/x86_64-linux-gnu/libc.so.6
pthread_cond_wait at /lib/x86_64-linux-gnu/libc.so.6 (unknown line)
uv_cond_wait at /workspace/srcdir/libuv/src/unix/thread.c:822
ijl_task_get_next at /cache/build/builder-amdci5-3/julialang/julia-release-1-dot-12/src/scheduler.c:523
poptask at ./task.jl:1216
wait at ./task.jl:1228
#wait#398 at ./condition.jl:141
_trywait at ./asyncevent.jl:163
profile_printing_listener at ./Base.jl:332
#start_profile_listener##0 at ./Base.jl:352
jfptr_YY.start_profile_listenerYY.YY.0_6779.1 at /snap/julia/165/lib/julia/sys.so (unknown line)
jl_apply at /cache/build/builder-amdci5-3/julialang/julia-release-1-dot-12/src/julia.h:2391 [inlined]
start_task at /cache/build/builder-amdci5-3/julialang/julia-release-1-dot-12/src/task.c:1252
unknown function (ip: (nil)) at (unknown file)
unknown function (ip: 0x7fcdab8560e2) at /tmp/pdcs_scs_gpu_depot/artifacts/2c8e4324b86fc70a7c041ce8dc72b5f9b41a7a98/lib/libcuda.so
unknown function (ip: 0x7fcdab87e43b) at /tmp/pdcs_scs_gpu_depot/artifacts/2c8e4324b86fc70a7c041ce8dc72b5f9b41a7a98/lib/libcuda.so
unknown function (ip: 0x7fcdac9194a1) at /tmp/pdcs_scs_gpu_depot/artifacts/2c8e4324b86fc70a7c041ce8dc72b5f9b41a7a98/lib/libcuda.so
unknown function (ip: 0x7fcdac919924) at /tmp/pdcs_scs_gpu_depot/artifacts/2c8e4324b86fc70a7c041ce8dc72b5f9b41a7a98/lib/libcuda.so
unknown function (ip: 0x7fcdab86c08c) at /tmp/pdcs_scs_gpu_depot/artifacts/2c8e4324b86fc70a7c041ce8dc72b5f9b41a7a98/lib/libcuda.so
unknown function (ip: 0x7fcdab87b178) at /tmp/pdcs_scs_gpu_depot/artifacts/2c8e4324b86fc70a7c041ce8dc72b5f9b41a7a98/lib/libcuda.so
unknown function (ip: 0x7fcdab7e847f) at /tmp/pdcs_scs_gpu_depot/artifacts/2c8e4324b86fc70a7c041ce8dc72b5f9b41a7a98/lib/libcuda.so
unknown function (ip: 0x7fcdab95ca26) at /tmp/pdcs_scs_gpu_depot/artifacts/2c8e4324b86fc70a7c041ce8dc72b5f9b41a7a98/lib/libcuda.so
cuMemFree_v2 at /tmp/pdcs_scs_gpu_depot/artifacts/2c8e4324b86fc70a7c041ce8dc72b5f9b41a7a98/lib/libcuda.so (unknown line)
unknown function (ip: 0x7fcda60237ef) at /tmp/pdcs_scs_gpu_depot/artifacts/e6f45b98217f006aaf22c4a93902176ecbfa35d3/lib/libcublas.so
unknown function (ip: 0x7fcda6064b3f) at /tmp/pdcs_scs_gpu_depot/artifacts/e6f45b98217f006aaf22c4a93902176ecbfa35d3/lib/libcublas.so
unknown function (ip: 0x7fcda5d993ab) at /tmp/pdcs_scs_gpu_depot/artifacts/e6f45b98217f006aaf22c4a93902176ecbfa35d3/lib/libcublas.so
cublasDtbmv_v2 at /tmp/pdcs_scs_gpu_depot/artifacts/e6f45b98217f006aaf22c4a93902176ecbfa35d3/lib/libcublas.so (unknown line)
scale_by_diag at /workspace/srcdir/scs/linsys/gpu/indirect/private.c:128 [inlined]
pcg at /workspace/srcdir/scs/linsys/gpu/indirect/private.c:429 [inlined]
scs_solve_lin_sys at /workspace/srcdir/scs/linsys/gpu/indirect/private.c:495
update_work_cache at /workspace/srcdir/scs/src/scs.c:924 [inlined]
update_work at /workspace/srcdir/scs/src/scs.c:956 [inlined]
scs_solve at /workspace/srcdir/scs/src/scs.c:1063
scs_solve at /tmp/pdcs_scs_gpu_depot/packages/SCS/tfOOE/ext/SCSSCS_GPU_jllExt.jl:57 [inlined]
_unsafe_scs_solve at /tmp/pdcs_scs_gpu_depot/packages/SCS/tfOOE/src/c_wrapper.jl:433
#scs_solve#4 at /tmp/pdcs_scs_gpu_depot/packages/SCS/tfOOE/src/c_wrapper.jl:386
scs_solve at /tmp/pdcs_scs_gpu_depot/packages/SCS/tfOOE/src/c_wrapper.jl:302
unknown function (ip: 0x7fce1b796851) at (unknown file)
optimize! at /tmp/pdcs_scs_gpu_depot/packages/SCS/tfOOE/src/MOI_wrapper/MOI_wrapper.jl:427
optimize! at /tmp/pdcs_scs_gpu_depot/packages/MathOptInterface/CnW3S/src/Utilities/cachingoptimizer.jl:370
unknown function (ip: 0x7fce1b78c5a2) at (unknown file)
optimize! at /tmp/pdcs_scs_gpu_depot/packages/MathOptInterface/CnW3S/src/Bridges/bridge_optimizer.jl:367 [inlined]
optimize! at /tmp/pdcs_scs_gpu_depot/packages/MathOptInterface/CnW3S/src/MathOptInterface.jl:122 [inlined]
optimize! at /tmp/pdcs_scs_gpu_depot/packages/MathOptInterface/CnW3S/src/Utilities/cachingoptimizer.jl:370
unknown function (ip: 0x7fce1b777352) at (unknown file)
#optimize!#96 at /tmp/pdcs_scs_gpu_depot/packages/JuMP/R9AEA/src/optimizer_interface.jl:633
optimize! at /tmp/pdcs_scs_gpu_depot/packages/JuMP/R9AEA/src/optimizer_interface.jl:569 [inlined]
main at /home/zhenwei/PDCS_fork/benchmark/large_scale_lasso/solve_table5_instance.jl:546
unknown function (ip: 0x7fce1b71dbef) at (unknown file)
jl_apply at /cache/build/builder-amdci5-3/julialang/julia-release-1-dot-12/src/julia.h:2391 [inlined]
do_call at /cache/build/builder-amdci5-3/julialang/julia-release-1-dot-12/src/interpreter.c:123
eval_value at /cache/build/builder-amdci5-3/julialang/julia-release-1-dot-12/src/interpreter.c:243
eval_stmt_value at /cache/build/builder-amdci5-3/julialang/julia-release-1-dot-12/src/interpreter.c:194 [inlined]
eval_body at /cache/build/builder-amdci5-3/julialang/julia-release-1-dot-12/src/interpreter.c:707
jl_interpret_toplevel_thunk at /cache/build/builder-amdci5-3/julialang/julia-release-1-dot-12/src/interpreter.c:898
jl_toplevel_eval_flex at /cache/build/builder-amdci5-3/julialang/julia-release-1-dot-12/src/toplevel.c:1035
jl_toplevel_eval_flex at /cache/build/builder-amdci5-3/julialang/julia-release-1-dot-12/src/toplevel.c:975
ijl_toplevel_eval at /cache/build/builder-amdci5-3/julialang/julia-release-1-dot-12/src/toplevel.c:1047
ijl_toplevel_eval_in at /cache/build/builder-amdci5-3/julialang/julia-release-1-dot-12/src/toplevel.c:1092
eval at ./boot.jl:489
include_string at ./loading.jl:2870
_include at ./loading.jl:2930
include at ./Base.jl:306
exec_options at ./client.jl:317
_start at ./client.jl:550
jfptr__start_74358.1 at /snap/julia/165/lib/julia/sys.so (unknown line)
jl_apply at /cache/build/builder-amdci5-3/julialang/julia-release-1-dot-12/src/julia.h:2391 [inlined]
true_main at /cache/build/builder-amdci5-3/julialang/julia-release-1-dot-12/src/jlapi.c:971
jl_repl_entrypoint at /cache/build/builder-amdci5-3/julialang/julia-release-1-dot-12/src/jlapi.c:1139
main at /cache/build/builder-amdci5-3/julialang/julia-release-1-dot-12/cli/loader_exe.c:58
unknown function (ip: 0x7fce3ce7ad8f) at /lib/x86_64-linux-gnu/libc.so.6
__libc_start_main at /lib/x86_64-linux-gnu/libc.so.6 (unknown line)
unknown function (ip: 0x4010b8) at /workspace/srcdir/glibc-2.17/csu/../sysdeps/x86_64/start.S
unknown function (ip: (nil)) at (unknown file)
Allocations: 770537615 (Pool: 770537252; Big: 363); GC: 139
