    CondaPkg Found dependencies: /home/zhenwei/PDCS_fork/.julia-depot/packages/PythonCall/5WGSP/CondaPkg.toml
    CondaPkg Found dependencies: /home/zhenwei/PDCS_fork/.julia-depot/packages/CondaPkg/lKlVY/CondaPkg.toml
    CondaPkg Resolving changes
             ~ libstdcxx
             ~ libstdcxx-ng
             ~ openssl
             ~ python
    CondaPkg Initialising pixi
             │ /home/zhenwei/PDCS_fork/.julia-depot/artifacts/4ae17cee0bd922f66b2c72bf2f01c22481a5ec19/bin/pixi
             │ init
             │ --format pixi
             └ /home/zhenwei/PDCS_fork/.CondaPkg
✔ Created /home/zhenwei/PDCS_fork/.CondaPkg/pixi.toml
    CondaPkg Wrote /home/zhenwei/PDCS_fork/.CondaPkg/pixi.toml
             │ [dependencies]
             │ openssl = ">=3, <3.6"
             │ libstdcxx = ">=3.4,<15.0"
             │ libstdcxx-ng = ">=3.4,<15.0"
             │ 
             │     [dependencies.python]
             │     channel = "conda-forge"
             │     build = "*cp*"
             │     version = ">=3.10,!=3.14.0,!=3.14.1,<4"
             │ 
             │ [workspace]
             │ name = ".CondaPkg"
             │ platforms = ["linux-64"]
             │ channels = ["conda-forge"]
             │ channel-priority = "strict"
             └ description = "automatically generated by CondaPkg.jl"
    CondaPkg Installing packages
             │ /home/zhenwei/PDCS_fork/.julia-depot/artifacts/4ae17cee0bd922f66b2c72bf2f01c22481a5ec19/bin/pixi
             │ install
             └ --manifest-path /home/zhenwei/PDCS_fork/.CondaPkg/pixi.toml
✔ The default environment has been installed.
TABLE5_SOLVE_START solver=cupdcs instance=table5-m750000-n7500000-r01 m=750000 n=7500000 density=0.0001 seed=3464449634565370456 tolerance=1.0e-6 time_limit=10800.0
TABLE5_INSTANCE_READY instance=table5-m750000-n7500000-r01 nnz=562488957 lambda=0.12278433941019516 numerical_digest=81f8a3715b3b996fedf98e07b9026bf85220dd6d37ac57cfd64b2da0d896e4d6 model_digest=0ba04e12ba8ea0512c94309d53d0974b647f04079a47ce2950f2c67b8c4d9d55 generation_seconds=115.50371098518372
rescaling_method is not set, using default value: :ruiz_pock_chambolle. Note that if :use_scaling is false, this option is ignored.
kkt_restart_freq is not set, using default value: 500.
duality_gap_restart_freq is not set, using default value: 2000.
[ Info: logfile is set to nothing
[ Info: ---------------------------------------------------
[ Info: ------------- Parameter Info Summary --------------
[ Info: ---------------------------------------------------
[ Info: time limit: 10800.0
[ Info: use_preconditioner: true
[ Info: use_adaptive_restart: true
[ Info: use_adaptive_step_size_weight: true
[ Info: use_aggressive: true
[ Info: use_restart: true
[ Info: use_adaptive_step: true
[ Info: use_reflection: true
[ Info: use_halpern: true
[ Info: use_resolving: true
[ Info: use_duality_gap_restart: true
[ Info: duality_gap_restart_freq: 2000
[ Info: use_kkt_restart: false
[ Info: kkt_restart_freq: 2000
[ Info: abs_tol: 1.0e-6
[ Info: rel_tol: 1.0e-6
[ Info: eps_primal_infeasible_low_acc: 1.0e-12
[ Info: eps_dual_infeasible_low_acc: 1.0e-12
[ Info: eps_primal_infeasible_high_acc: 1.0e-16
[ Info: eps_dual_infeasible_high_acc: 1.0e-16
[ Info: print_freq: 1000
[ Info: check_terminate_freq: 1000
[ Info: ---------------------------------------------------
[ Info: ------------- Model Info Summary -----------------
[ Info: ---------------------------------------------------
[ Info: variable number: 15750004
[ Info: constraint number: 16500005
[ Info: non-zero elements in G: 1141477923
[ Info: Number of box constraints: 15750004
[ Info: Number of equal constraints: 750003
[ Info: Number of nonnegative constraints: 15000000
[ Info: Number of soc cone constraints: 1
[ Info: Number of rsoc cone constraints: 0
[ Info: Number of exp cone constraints: 0
[ Info: Number of dual exp cone constraints: 0
[ Info: Number of soc cone variables: 0
[ Info: Number of rsoc cone variables: 0
[ Info: Number of exp cone variables: 0
[ Info: Number of dual exp cone variables: 0
[ Info: ---------------------------------------------------
[ Info: Using preconditioner
[ Info: Warm start not enabled. Ignoring warm start values.
[ Info: Initializing primal and dual variables to zero.
[ Info: initial nrm1G: 5.789923449615084e8, initial nrmInfG: 1.0
[ Info: initial nrm1c: 1.8417670911529285e6
[ Info: initial nrm1h: 2438.4395751134207
[ Info: initial nrmInfc: 2.0
[ Info: max Dr_product:8.28908052833663
[ Info: norm Dr_product:24062.259755634615
[ Info: max Dl_product:30.160383284480098
[ Info: norm Dl_product:24062.259776392955
[ Info: after scaling, norm1 c: 298749.93289851095
[ Info: after scaling, normInf c: 1.9996615778638578
[ Info: after scaling, norm1 G: 6.28234792731743e6
[ Info: after scaling, normInf G: 0.7071067811865475
[ Info: iter:0 rel_p_res(inf):5.000e-01 rel_d_res(inf):6.667e-01 primal_obj:0.000e+00 dual_obj:0.000e+00 rel_pd_gap:0.000e+00 time:0.00 restart_used:0
[ Info: ==================================================
[ Info: Start unified diagonal GPU loop for the ablation-compatible production path.
[ Info: iter:0 rel_p_res(inf):5.000e-01 rel_d_res(inf):6.667e-01 primal_obj:0.000e+00 dual_obj:0.000e+00 rel_pd_gap:0.000e+00 time:3.58 restart_used:0
[ Info: iter:1000 rel_p_res(inf):9.810e-06 rel_d_res(inf):1.250e-02 primal_obj:1.24307e+01 dual_obj:1.28756e+01 rel_pd_gap:3.207e-02 time:263.98 restart_used:0, restart_trigger_mean:0, restart_trigger_ergodic:0, diff_nrm_x_recovered:8.743e+00 diff_nrm_y_recovered:5.033e+02 nrm2_x_recovered:8.743e+00 nrm2_y_recovered:5.033e+02, nrmInf_x_recovered:5.621e+00 nrmInf_y_recovered:1.169e+01 dual_gap_ergodic:1.000e+30, dual_gap_mean:1.000e+30, dual_gap_restart_threshold:Inf, dual_gap_r:0.000e+00, kkt_error_ergodic:1.000e+30, kkt_error_mean:1.000e+30, kkt_error_restart_threshold:0.000e+00, tau:1.321e-02, sigma:7.773e+01
[ Info: iter:2000 rel_p_res(inf):2.187e-07 rel_d_res(inf):2.738e-04 primal_obj:1.23684e+01 dual_obj:1.23782e+01 rel_pd_gap:7.316e-04 time:679.05 restart_used:0, restart_trigger_mean:0, restart_trigger_ergodic:0, diff_nrm_x_recovered:2.141e-01 diff_nrm_y_recovered:5.527e+00 nrm2_x_recovered:8.935e+00 nrm2_y_recovered:5.019e+02, nrmInf_x_recovered:5.758e+00 nrmInf_y_recovered:1.153e+01 dual_gap_ergodic:1.000e+30, dual_gap_mean:1.000e+30, dual_gap_restart_threshold:Inf, dual_gap_r:0.000e+00, kkt_error_ergodic:1.000e+30, kkt_error_mean:1.000e+30, kkt_error_restart_threshold:0.000e+00, tau:1.296e-02, sigma:7.622e+01
┌ Info: restart candidate selected
│   reason = "duality-gap condition 1"
│   selected_name = "current"
│   current_merit = 1.8955145492483848e-6
│   mean_merit = 0.0006891139527042156
└   halpern_merit = 9.36372451541155e-5
[ Info: restart due to condition 1
[ Info: omega:76.69761556598515, x_diff_norm:11.271907798740187, y_diff_norm:535.5568312789871
[ Info: iter:3000 rel_p_res(inf):2.963e-09 rel_d_res(inf):9.016e-07 primal_obj:1.23671e+01 dual_obj:1.23671e+01 rel_pd_gap:1.977e-06 time:854.26 restart_used:1, restart_trigger_mean:0, restart_trigger_ergodic:1, diff_nrm_x_recovered:4.780e-03 diff_nrm_y_recovered:1.277e-01 nrm2_x_recovered:8.939e+00 nrm2_y_recovered:5.019e+02, nrmInf_x_recovered:5.761e+00 nrmInf_y_recovered:1.152e+01 dual_gap_ergodic:1.896e-06, dual_gap_mean:6.891e-04, dual_gap_restart_threshold:1.896e-06, dual_gap_r:1.354e+04, kkt_error_ergodic:1.000e+30, kkt_error_mean:1.000e+30, kkt_error_restart_threshold:0.000e+00, tau:1.628e-02, sigma:5.932e+01
[ Info: iter:4000 rel_p_res(inf):4.656e-11 rel_d_res(inf):3.997e-09 primal_obj:1.23671e+01 dual_obj:1.23671e+01 rel_pd_gap:1.014e-08 time:1022.66 restart_used:1, restart_trigger_mean:0, restart_trigger_ergodic:1, diff_nrm_x_recovered:1.493e-05 diff_nrm_y_recovered:5.214e-04 nrm2_x_recovered:8.939e+00 nrm2_y_recovered:5.019e+02, nrmInf_x_recovered:5.761e+00 nrmInf_y_recovered:1.152e+01 dual_gap_ergodic:1.896e-06, dual_gap_mean:6.891e-04, dual_gap_restart_threshold:1.896e-06, dual_gap_r:1.354e+04, kkt_error_ergodic:1.000e+30, kkt_error_mean:1.000e+30, kkt_error_restart_threshold:0.000e+00, tau:2.024e-02, sigma:7.375e+01
[ Info: ===============================================
[ Info: ---------------------------------------------------
[ Info: ------------- Solver Info Summary -----------------
[ Info: ---------------------------------------------------
[ Info: iter_num:                     4000
[ Info: exit_status:                  optimal
[ Info: l_2_abs_primal_res:           1.1180e-08
[ Info: l_2_rel_primal_res:           2.3291e-12
[ Info: l_inf_abs_primal_res:         2.6913e-10
[ Info: l_inf_rel_primal_res:         4.6556e-11
[ Info: l_2_abs_dual_res:             1.7659e-07
[ Info: l_2_rel_dual_res:             9.5881e-14
[ Info: l_inf_abs_dual_res:           1.1990e-08
[ Info: l_inf_rel_dual_res:           3.9968e-09
[ Info: rel_gap:                      1.0144e-08
[ Info: abs_gap:                      1.3559e-07
[ Info: primal_obj:                   1.2367e+01
[ Info: dual_obj:                     1.2367e+01
[ Info: time:                         1022.6629
[ Info: ---------------------------------------------------
[ Info:  norm(sol.x.recovered_primal.primal_sol.x, Inf): 5.7609860006039355
[ Info:  norm(sol.y.recovered_dual.dual_sol.y, Inf): 11.521972148080515
[ Info: time for projection: 1.2842926979064941
[ Info: time for iterative: 913.7230000495911
[ Info: time for restart check: 2.875185012817383
[ Info: time for exit check: 0.0
[ Info: time for print info calculation: 1.488142967224121
TABLE5_SOLVE_RESULT solver=cupdcs instance=table5-m750000-n7500000-r01 termination=OPTIMAL primal_status=FEASIBLE_POINT iterations=4000 objective=12.367106218557923 optimize_wall_seconds=3143.0090248584747
TABLE5_SOLVE_FINISH solver=cupdcs instance=table5-m750000-n7500000-r01 status=completed result=/home/zhenwei/PDCS_fork/benchmark/large_scale_lasso/table5_solver_results/cupdcs/table5-m750000-n7500000-r01/attempt_20260730T024047Z/result.toml
