Precompiling packages...
    655.5 ms  ✓ Unicode
    747.7 ms  ✓ Printf
   3274.1 ms  ✓ Dates
  3 dependencies successfully precompiled in 5 seconds
Precompiling packages...
    526.6 ms  ✓ UUIDs
    525.2 ms  ✓ Logging
    564.3 ms  ✓ OpenLibm_jll
    615.1 ms  ✓ Zlib_jll
    602.0 ms  ✓ DocStringExtensions
    618.2 ms  ✓ CompilerSupportLibraries_jll
    653.9 ms  ✓ SuiteSparse_jll
    650.0 ms  ✓ StaticArraysCore
    675.6 ms  ✓ Base64
    682.4 ms  ✓ TOML
    799.3 ms  ✓ TranscodingStreams
    865.2 ms  ✓ Serialization
    586.3 ms  ✓ DiffResults
    499.6 ms  ✓ CodecZlib
    883.8 ms  ✓ Preferences
    559.9 ms  ✓ PrecompileTools
   2233.2 ms  ✓ OrderedCollections
    690.6 ms  ✓ JLLWrappers
   1967.7 ms  ✓ NaNMath
   2342.0 ms  ✓ StructUtils
   3066.2 ms  ✓ IrrationalConstants
    861.8 ms  ✓ Bzip2_jll
    862.5 ms  ✓ OpenSpecFun_jll
    510.1 ms  ✓ StructUtils → StructUtilsStaticArraysCoreExt
    627.1 ms  ✓ CodecBzip2
    845.8 ms  ✓ LogExpFunctions
   4042.9 ms  ✓ MacroTools
    702.3 ms  ✓ CommonSubexpressions
   5290.9 ms  ✓ SparseArrays
   2260.9 ms  ✓ SpecialFunctions
    853.8 ms  ✓ DiffRules
   7698.4 ms  ✓ StyledStrings
   6811.4 ms  ✓ Parsers
   2974.7 ms  ✓ JuliaSyntaxHighlighting
   4875.9 ms  ✓ ForwardDiff
   4753.7 ms  ✓ JSON
   5183.9 ms  ✓ Markdown
   2025.1 ms  ✓ InteractiveUtils
   3604.3 ms  ✓ Test
   4132.1 ms  ✓ MutableArithmetics
  32220.1 ms  ✓ MathOptInterface
  20198.0 ms  ✓ JuMP
  42 dependencies successfully precompiled in 78 seconds. 3 already precompiled.
Precompiling packages...
    620.8 ms  ✓ LLVMOpenMP_jll
    919.5 ms  ✓ OpenBLAS32_jll
    994.6 ms  ✓ SCS_jll
  17790.3 ms  ✓ SCS
  4 dependencies successfully precompiled in 19 seconds. 44 already precompiled.
Precompiling packages...
    531.2 ms  ✓ MozillaCACerts_jll
    546.4 ms  ✓ nghttp2_jll
    558.3 ms  ✓ OpenSSL_jll
    630.5 ms  ✓ NetworkOptions
    635.4 ms  ✓ p7zip_jll
    552.8 ms  ✓ LibSSH2_jll
    530.8 ms  ✓ LibGit2_jll
    526.8 ms  ✓ LibCURL_jll
   2363.1 ms  ✓ ArgTools
    932.9 ms  ✓ LibCURL
   3052.1 ms  ✓ CUDA_Driver_jll
    855.0 ms  ✓ Tar
   4054.0 ms  ✓ LibGit2
   4135.0 ms  ✓ Downloads
  43531.4 ms  ✓ Pkg
   1084.5 ms  ✓ LazyArtifacts
   4594.7 ms  ✓ CUDA_Runtime_jll
   2762.4 ms  ✓ SCS_GPU_jll
  18 dependencies successfully precompiled in 59 seconds. 14 already precompiled.
Precompiling packages...
   4296.8 ms  ✓ SCS → SCSSCS_GPU_jllExt
  1 dependency successfully precompiled in 5 seconds. 66 already precompiled.
TABLE5_SOLVE_START solver=scs_gpu instance=table5-m10000-n100000-r01 m=10000 n=100000 density=0.0001 seed=1456099608458829617 tolerance=1.0e-6 time_limit=600.0
TABLE5_INSTANCE_READY instance=table5-m10000-n100000-r01 nnz=99523 lambda=0.038178808507492834 numerical_digest=60b7d0f81293233bb4cffcef86c912b54254ee96633cca9f024863c07eed12b8 model_digest=bd7229415aabcf655af6204a50ffb8bf969bd64cb85d52e8da5828eb069ba497 generation_seconds=1.8390450477600098
------------------------------------------------------------------
	       SCS v3.2.11 - Splitting Conic Solver
	(c) Brendan O'Donoghue, Stanford University, 2012
------------------------------------------------------------------
problem:  variables n: 210004, constraints m: 220005
cones: 	  z: primal zero / dual free vars: 10003
	  l: linear vars: 200000
	  q: soc vars: 10002, qsize: 1
settings: eps_abs: 1.0e-06, eps_rel: 1.0e-06, eps_infeas: 1.0e-07
	  alpha: 1.50, scale: 1.00e-01, adaptive_scale: 1
	  max_iters: 100000, normalize: 1, rho_x: 1.00e-06
	  acceleration_lookback: 10, acceleration_interval: 10
	  time_limit_secs: 6.00e+02
	  compiled with openmp parallelization enabled
lin-sys:  sparse-indirect GPU
	  nnz(A): 419055, nnz(P): 0
------------------------------------------------------------------
 iter | pri res | dua res |   gap   |   obj   |  scale  | time (s)
------------------------------------------------------------------
     0| 2.83e+01  2.00e+00  5.91e+03 -2.96e+03  1.00e-01  3.40e+01 
   250| 4.46e-04  1.19e-04  9.24e-04  1.69e-01  3.49e-01  6.62e+02 
------------------------------------------------------------------
status:  solved (inaccurate - reached time_limit_secs)
timings: total: 6.62e+02s = setup: 2.17e+00s + solve: 6.60e+02s
	 lin-sys: 5.97e+02s, cones: 3.82e-01s, accel: 2.99e-01s
------------------------------------------------------------------
objective = 0.169173 (inaccurate)
------------------------------------------------------------------
TABLE5_SOLVE_RESULT solver=scs_gpu instance=table5-m10000-n100000-r01 termination=TIME_LIMIT primal_status=FEASIBLE_POINT iterations=250 objective=0.16871066204186747 optimize_wall_seconds=665.5003299713135
TABLE5_SOLVE_FINISH solver=scs_gpu instance=table5-m10000-n100000-r01 status=completed result=/home/zhenwei/PDCS_fork/benchmark/large_scale_lasso/table5_solver_results/scs_gpu/table5-m10000-n100000-r01/attempt_20260729T194838Z/result.toml
