    CondaPkg Found dependencies: /home/zhenwei/PDCS_fork/.julia-depot/packages/PythonCall/5WGSP/CondaPkg.toml
    CondaPkg Found dependencies: /home/zhenwei/PDCS_fork/.julia-depot/packages/CondaPkg/lKlVY/CondaPkg.toml
    CondaPkg Resolving changes
             ~ libstdcxx
             ~ libstdcxx-ng
             ~ openssl
             ~ python
    CondaPkg Initialising pixi
             │ /home/zhenwei/PDCS_fork/.julia-depot/artifacts/4ae17cee0bd922f66b2c72bf2f01c22481a5ec19/bin/pixi
             │ init
             │ --format pixi
             └ /home/zhenwei/PDCS_fork/.CondaPkg
✔ Created /home/zhenwei/PDCS_fork/.CondaPkg/pixi.toml
    CondaPkg Wrote /home/zhenwei/PDCS_fork/.CondaPkg/pixi.toml
             │ [dependencies]
             │ openssl = ">=3, <3.6"
             │ libstdcxx = ">=3.4,<15.0"
             │ libstdcxx-ng = ">=3.4,<15.0"
             │ 
             │     [dependencies.python]
             │     channel = "conda-forge"
             │     build = "*cp*"
             │     version = ">=3.10,!=3.14.0,!=3.14.1,<4"
             │ 
             │ [workspace]
             │ name = ".CondaPkg"
             │ platforms = ["linux-64"]
             │ channels = ["conda-forge"]
             │ channel-priority = "strict"
             └ description = "automatically generated by CondaPkg.jl"
    CondaPkg Installing packages
             │ /home/zhenwei/PDCS_fork/.julia-depot/artifacts/4ae17cee0bd922f66b2c72bf2f01c22481a5ec19/bin/pixi
             │ install
             └ --manifest-path /home/zhenwei/PDCS_fork/.CondaPkg/pixi.toml
✔ The default environment has been installed.
TABLE5_SOLVE_START solver=cupdcs instance=table5-m700000-n7000000-r05 m=700000 n=7000000 density=0.0001 seed=6974796360093007817 tolerance=1.0e-6 time_limit=10800.0
TABLE5_INSTANCE_READY instance=table5-m700000-n7000000-r05 nnz=489974163 lambda=0.1278685926089028 numerical_digest=a9b1f9dfef5910a8c1563f9abc4654a350107c36116fdefafe241b279c462312 model_digest=2e615ede3af5d3fde1b12630e5745bc3eb6a9b5e6ca5a364695d1218bfea4fa1 generation_seconds=99.90380692481995
rescaling_method is not set, using default value: :ruiz_pock_chambolle. Note that if :use_scaling is false, this option is ignored.
kkt_restart_freq is not set, using default value: 500.
duality_gap_restart_freq is not set, using default value: 2000.
[ Info: logfile is set to nothing
[ Info: ---------------------------------------------------
[ Info: ------------- Parameter Info Summary --------------
[ Info: ---------------------------------------------------
[ Info: time limit: 10800.0
[ Info: use_preconditioner: true
[ Info: use_adaptive_restart: true
[ Info: use_adaptive_step_size_weight: true
[ Info: use_aggressive: true
[ Info: use_restart: true
[ Info: use_adaptive_step: true
[ Info: use_reflection: true
[ Info: use_halpern: true
[ Info: use_resolving: true
[ Info: use_duality_gap_restart: true
[ Info: duality_gap_restart_freq: 2000
[ Info: use_kkt_restart: false
[ Info: kkt_restart_freq: 2000
[ Info: abs_tol: 1.0e-6
[ Info: rel_tol: 1.0e-6
[ Info: eps_primal_infeasible_low_acc: 1.0e-12
[ Info: eps_dual_infeasible_low_acc: 1.0e-12
[ Info: eps_primal_infeasible_high_acc: 1.0e-16
[ Info: eps_dual_infeasible_high_acc: 1.0e-16
[ Info: print_freq: 1000
[ Info: check_terminate_freq: 1000
[ Info: ---------------------------------------------------
[ Info: ------------- Model Info Summary -----------------
[ Info: ---------------------------------------------------
[ Info: variable number: 14700004
[ Info: constraint number: 15400005
[ Info: non-zero elements in G: 995348335
[ Info: Number of box constraints: 14700004
[ Info: Number of equal constraints: 700003
[ Info: Number of nonnegative constraints: 14000000
[ Info: Number of soc cone constraints: 1
[ Info: Number of rsoc cone constraints: 0
[ Info: Number of exp cone constraints: 0
[ Info: Number of dual exp cone constraints: 0
[ Info: Number of soc cone variables: 0
[ Info: Number of rsoc cone variables: 0
[ Info: Number of exp cone variables: 0
[ Info: Number of dual exp cone variables: 0
[ Info: ---------------------------------------------------
[ Info: Using preconditioner
[ Info: Warm start not enabled. Ignoring warm start values.
[ Info: Initializing primal and dual variables to zero.
[ Info: initial nrm1G: 5.053931167479259e8, initial nrmInfG: 1.0
[ Info: initial nrm1c: 1.7901622965246395e6
[ Info: initial nrm1h: 2279.2168885552564
[ Info: initial nrmInfc: 2.0
[ Info: max Dr_product:8.052021060911137
[ Info: norm Dr_product:22480.9500763213
[ Info: max Dl_product:29.01259800136013
[ Info: norm Dl_product:22480.950098539775
[ Info: after scaling, norm1 c: 300424.5178883344
[ Info: after scaling, normInf c: 1.9996615778638578
[ Info: after scaling, norm1 G: 5.939128147959777e6
[ Info: after scaling, normInf G: 0.7071067811865475
[ Info: iter:0 rel_p_res(inf):5.000e-01 rel_d_res(inf):6.667e-01 primal_obj:0.000e+00 dual_obj:0.000e+00 rel_pd_gap:0.000e+00 time:0.00 restart_used:0
[ Info: ==================================================
[ Info: Start unified diagonal GPU loop for the ablation-compatible production path.
[ Info: iter:0 rel_p_res(inf):5.000e-01 rel_d_res(inf):6.667e-01 primal_obj:0.000e+00 dual_obj:0.000e+00 rel_pd_gap:0.000e+00 time:3.44 restart_used:0
[ Info: iter:1000 rel_p_res(inf):7.461e-06 rel_d_res(inf):7.813e-03 primal_obj:1.16660e+01 dual_obj:1.19196e+01 rel_pd_gap:1.963e-02 time:229.57 restart_used:0, restart_trigger_mean:0, restart_trigger_ergodic:0, diff_nrm_x_recovered:8.575e+00 diff_nrm_y_recovered:5.031e+02 nrm2_x_recovered:8.575e+00 nrm2_y_recovered:5.031e+02, nrmInf_x_recovered:5.501e+00 nrmInf_y_recovered:1.128e+01 dual_gap_ergodic:1.000e+30, dual_gap_mean:1.000e+30, dual_gap_restart_threshold:Inf, dual_gap_r:0.000e+00, kkt_error_ergodic:1.000e+30, kkt_error_mean:1.000e+30, kkt_error_restart_threshold:0.000e+00, tau:1.358e-02, sigma:8.657e+01
[ Info: iter:2000 rel_p_res(inf):1.330e-07 rel_d_res(inf):4.909e-05 primal_obj:1.16121e+01 dual_obj:1.16137e+01 rel_pd_gap:1.271e-04 time:375.98 restart_used:0, restart_trigger_mean:0, restart_trigger_ergodic:0, diff_nrm_x_recovered:1.044e-01 diff_nrm_y_recovered:3.696e+00 nrm2_x_recovered:8.661e+00 nrm2_y_recovered:5.022e+02, nrmInf_x_recovered:5.563e+00 nrmInf_y_recovered:1.113e+01 dual_gap_ergodic:1.000e+30, dual_gap_mean:1.000e+30, dual_gap_restart_threshold:Inf, dual_gap_r:0.000e+00, kkt_error_ergodic:1.000e+30, kkt_error_mean:1.000e+30, kkt_error_restart_threshold:0.000e+00, tau:1.318e-02, sigma:8.403e+01
┌ Info: restart candidate selected
│   reason = "duality-gap condition 1"
│   selected_name = "current"
│   current_merit = 5.26228156583231e-7
│   mean_merit = 0.0007588759252872453
└   halpern_merit = 0.00011253763325550699
[ Info: restart due to condition 1
[ Info: omega:79.8434628311247, x_diff_norm:10.935377553367484, y_diff_norm:532.6018744897968
[ Info: iter:3000 rel_p_res(inf):9.810e-10 rel_d_res(inf):1.001e-07 primal_obj:1.16118e+01 dual_obj:1.16118e+01 rel_pd_gap:2.665e-07 time:526.52 restart_used:1, restart_trigger_mean:0, restart_trigger_ergodic:1, diff_nrm_x_recovered:6.820e-04 diff_nrm_y_recovered:2.428e-02 nrm2_x_recovered:8.662e+00 nrm2_y_recovered:5.022e+02, nrmInf_x_recovered:5.563e+00 nrmInf_y_recovered:1.113e+01 dual_gap_ergodic:5.262e-07, dual_gap_mean:7.589e-04, dual_gap_restart_threshold:5.262e-07, dual_gap_r:1.242e+04, kkt_error_ergodic:1.000e+30, kkt_error_mean:1.000e+30, kkt_error_restart_threshold:0.000e+00, tau:1.655e-02, sigma:6.434e+01
[ Info: ===============================================
[ Info: ---------------------------------------------------
[ Info: ------------- Solver Info Summary -----------------
[ Info: ---------------------------------------------------
[ Info: iter_num:                     3000
[ Info: exit_status:                  optimal
[ Info: l_2_abs_primal_res:           3.5418e-07
[ Info: l_2_rel_primal_res:           7.8379e-11
[ Info: l_inf_abs_primal_res:         5.5339e-09
[ Info: l_inf_rel_primal_res:         9.8102e-10
[ Info: l_2_abs_dual_res:             6.0830e-06
[ Info: l_2_rel_dual_res:             3.3980e-12
[ Info: l_inf_abs_dual_res:           3.0034e-07
[ Info: l_inf_rel_dual_res:           1.0011e-07
[ Info: rel_gap:                      2.6645e-07
[ Info: abs_gap:                      3.3605e-06
[ Info: primal_obj:                   1.1612e+01
[ Info: dual_obj:                     1.1612e+01
[ Info: time:                         526.5174
[ Info: ---------------------------------------------------
[ Info:  norm(sol.x.recovered_primal.primal_sol.x, Inf): 5.563237221503612
[ Info:  norm(sol.y.recovered_dual.dual_sol.y, Inf): 11.12647211308948
[ Info: time for projection: 1.1222360134124756
[ Info: time for iterative: 509.24055886268616
[ Info: time for restart check: 2.470322847366333
[ Info: time for exit check: 0.0
[ Info: time for print info calculation: 1.4922399520874023
TABLE5_SOLVE_RESULT solver=cupdcs instance=table5-m700000-n7000000-r05 termination=OPTIMAL primal_status=FEASIBLE_POINT iterations=3000 objective=11.611781582005676 optimize_wall_seconds=2373.4789819717407
TABLE5_SOLVE_FINISH solver=cupdcs instance=table5-m700000-n7000000-r05 status=completed result=/home/zhenwei/PDCS_fork/benchmark/large_scale_lasso/table5_solver_results/cupdcs/table5-m700000-n7000000-r05/attempt_20260730T035205Z/result.toml
