TABLE5_SOLVE_START solver=scs_gpu instance=table5-m10000-n100000-r01 m=10000 n=100000 density=0.0001 seed=1456099608458829617 tolerance=1.0e-6 time_limit=60.0
TABLE5_INSTANCE_READY instance=table5-m10000-n100000-r01 nnz=99523 lambda=0.038178808507492834 numerical_digest=60b7d0f81293233bb4cffcef86c912b54254ee96633cca9f024863c07eed12b8 model_digest=bd7229415aabcf655af6204a50ffb8bf969bd64cb85d52e8da5828eb069ba497 generation_seconds=1.7407870292663574
------------------------------------------------------------------
	       SCS v3.2.11 - Splitting Conic Solver
	(c) Brendan O'Donoghue, Stanford University, 2012
------------------------------------------------------------------
problem:  variables n: 210004, constraints m: 220005
cones: 	  z: primal zero / dual free vars: 10003
	  l: linear vars: 200000
	  q: soc vars: 10002, qsize: 1
settings: eps_abs: 1.0e-06, eps_rel: 1.0e-06, eps_infeas: 1.0e-07
	  alpha: 1.50, scale: 1.00e-01, adaptive_scale: 1
	  max_iters: 100000, normalize: 1, rho_x: 1.00e-06
	  acceleration_lookback: 10, acceleration_interval: 10
	  time_limit_secs: 6.00e+01
	  compiled with openmp parallelization enabled
lin-sys:  sparse-indirect GPU
	  nnz(A): 419055, nnz(P): 0
------------------------------------------------------------------
 iter | pri res | dua res |   gap   |   obj   |  scale  | time (s)
------------------------------------------------------------------
     0| 2.83e+01  2.00e+00  5.91e+03 -2.96e+03  1.00e-01  2.98e+01 
    25| 2.01e-01  1.35e-02  1.47e-02  6.01e-02  1.00e-01  9.99e+01 
------------------------------------------------------------------
status:  solved (inaccurate - reached time_limit_secs)
timings: total: 9.99e+01s = setup: 6.55e-01s + solve: 9.92e+01s
	 lin-sys: 6.99e+01s, cones: 4.23e-02s, accel: 2.28e-02s
------------------------------------------------------------------
objective = 0.060054 (inaccurate)
------------------------------------------------------------------
TABLE5_SOLVE_RESULT solver=scs_gpu instance=table5-m10000-n100000-r01 termination=TIME_LIMIT primal_status=FEASIBLE_POINT iterations=25 objective=0.05272525855136688 optimize_wall_seconds=103.00269103050232
TABLE5_SOLVE_FINISH solver=scs_gpu instance=table5-m10000-n100000-r01 status=completed result=/home/zhenwei/PDCS_fork/benchmark/large_scale_lasso/smoke_solver_results_20260729/scs_gpu/table5-m10000-n100000-r01/attempt_20260729T142019Z/result.toml
