TABLE5_SOLVE_PHASE_START storage=no_cbf utc=2026-07-30T03:52:05Z
JULIA_VERSION julia version 1.12.5
KEEP_EXISTING_MANIFEST config=/home/zhenwei/PDCS_fork/benchmark/large_scale_lasso/lasso_table5.toml
id	m	n	density	replicate	seed
table5-m10000-n100000-r01	10000	100000	0.0001	1	1456099608458829617
table5-m10000-n100000-r02	10000	100000	0.0001	2	3774683599633055197
table5-m10000-n100000-r03	10000	100000	0.0001	3	7352328007339572649
table5-m10000-n100000-r04	10000	100000	0.0001	4	8539239721064585772
table5-m10000-n100000-r05	10000	100000	0.0001	5	2682075302358372869
table5-m70000-n700000-r01	70000	700000	0.0001	1	6866308190711936842
table5-m70000-n700000-r02	70000	700000	0.0001	2	3717777317041247579
table5-m70000-n700000-r03	70000	700000	0.0001	3	6230819915418504357
table5-m70000-n700000-r04	70000	700000	0.0001	4	5050833866237992834
table5-m70000-n700000-r05	70000	700000	0.0001	5	3478211357477831271
table5-m400000-n7000000-r01	400000	7000000	0.0001	1	2810953517340410803
table5-m400000-n7000000-r02	400000	7000000	0.0001	2	6916851584803374380
table5-m400000-n7000000-r03	400000	7000000	0.0001	3	2252237519727520935
table5-m400000-n7000000-r04	400000	7000000	0.0001	4	9202490041639810005
table5-m400000-n7000000-r05	400000	7000000	0.0001	5	1459784771767232267
table5-m700000-n7000000-r01	700000	7000000	0.0001	1	2694979877904449328
table5-m700000-n7000000-r02	700000	7000000	0.0001	2	706412229318414900
table5-m700000-n7000000-r03	700000	7000000	0.0001	3	2776373863867649000
table5-m700000-n7000000-r04	700000	7000000	0.0001	4	780990368380045832
table5-m700000-n7000000-r05	700000	7000000	0.0001	5	6974796360093007817
table5-m750000-n7500000-r01	750000	7500000	0.0001	1	3464449634565370456
table5-m750000-n7500000-r02	750000	7500000	0.0001	2	7063733435616014003
table5-m750000-n7500000-r03	750000	7500000	0.0001	3	7306719367855031537
table5-m750000-n7500000-r04	750000	7500000	0.0001	4	66351557481754279
table5-m750000-n7500000-r05	750000	7500000	0.0001	5	7133432016813647455
TABLE5_MANIFEST_VALID instances=25 unique_ids=25 unique_seeds=25
SOLVE_RERUN_TIME_LIMIT solver=cupdcs id=table5-m700000-n7000000-r03
GPU_PREFLIGHT 7, GPU-3b36dfea-7222-7369-c9ce-f51b2765aeaf, NVIDIA H100 80GB HBM3, 0, 81081, 0
SOLVE_CASE_START solver=cupdcs id=table5-m700000-n7000000-r03 gpu=7 utc=2026-07-30T03:52:05Z
Precompiling packages...
Info Given PDCS was explicitly requested, output will be shown live [0K
[0K    CondaPkg Found dependencies: /home/zhenwei/PDCS_fork/.julia-depot/packages/PythonCall/5WGSP/CondaPkg.toml
[0K    CondaPkg Found dependencies: /home/zhenwei/PDCS_fork/.julia-depot/packages/CondaPkg/lKlVY/CondaPkg.toml
[0K    CondaPkg Resolving changes
[0K             ~ libstdcxx
[0K             ~ libstdcxx-ng
[0K             ~ openssl
[0K             ~ python
[0K    CondaPkg Initialising pixi
[0K             │ /home/zhenwei/PDCS_fork/.julia-depot/artifacts/4ae17cee0bd922f66b2c72bf2f01c22481a5ec19/bin/pixi
[0K             │ init
[0K             │ --format pixi
[0K             └ /home/zhenwei/PDCS_fork/.CondaPkg
[0K✔ Created /home/zhenwei/PDCS_fork/.CondaPkg/pixi.toml
[0K    CondaPkg Wrote /home/zhenwei/PDCS_fork/.CondaPkg/pixi.toml
[0K             │ [dependencies]
[0K             │ openssl = ">=3, <3.6"
[0K             │ libstdcxx = ">=3.4,<15.0"
[0K             │ libstdcxx-ng = ">=3.4,<15.0"
[0K             │ 
[0K             │     [dependencies.python]
[0K             │     channel = "conda-forge"
[0K             │     build = "*cp*"
[0K             │     version = ">=3.10,!=3.14.0,!=3.14.1,<4"
[0K             │ 
[0K             │ [workspace]
[0K             │ name = ".CondaPkg"
[0K             │ platforms = ["linux-64"]
[0K             │ channels = ["conda-forge"]
[0K             │ channel-priority = "strict"
[0K             └ description = "automatically generated by CondaPkg.jl"
[0K    CondaPkg Installing packages
[0K             │ /home/zhenwei/PDCS_fork/.julia-depot/artifacts/4ae17cee0bd922f66b2c72bf2f01c22481a5ec19/bin/pixi
[0K             │ install
[0K             └ --manifest-path /home/zhenwei/PDCS_fork/.CondaPkg/pixi.toml
[0K✔ The default environment has been installed.
[0K[ Info: ============ PDCS_GPU need cuda to precompile ============
[0K[ Info: ============precompile PDCS_CPU============
[0K[ Info: ============precompile PDCS_CPU done============
  72723.2 ms  ✓ PDCS
  1 dependency successfully precompiled in 73 seconds. 184 already precompiled.
  1 dependency had output during precompilation:
┌ PDCS
│  [Output was shown above]
└  
TABLE5_SOLVE_START solver=cupdcs instance=table5-m700000-n7000000-r03 m=700000 n=7000000 density=0.0001 seed=2776373863867649000 tolerance=1.0e-6 time_limit=10800.0
TABLE5_INSTANCE_READY instance=table5-m700000-n7000000-r03 nnz=490003176 lambda=0.1304997182862794 numerical_digest=1990f6ad64cbf4ff6bd9dd09197e8ce809afebdabd6e6b6fd7255d33a1ee7f3b model_digest=9d50088eb1486a524baa2515ff6783931082372efd468cf2b9563a3e18b57414 generation_seconds=98.75166010856628
rescaling_method is not set, using default value: :ruiz_pock_chambolle. Note that if :use_scaling is false, this option is ignored.
kkt_restart_freq is not set, using default value: 500.
duality_gap_restart_freq is not set, using default value: 2000.
[ Info: logfile is set to nothing
[ Info: ---------------------------------------------------
[ Info: ------------- Parameter Info Summary --------------
[ Info: ---------------------------------------------------
[ Info: time limit: 10800.0
[ Info: use_preconditioner: true
[ Info: use_adaptive_restart: true
[ Info: use_adaptive_step_size_weight: true
[ Info: use_aggressive: true
[ Info: use_restart: true
[ Info: use_adaptive_step: true
[ Info: use_reflection: true
[ Info: use_halpern: true
[ Info: use_resolving: true
[ Info: use_duality_gap_restart: true
[ Info: duality_gap_restart_freq: 2000
[ Info: use_kkt_restart: false
[ Info: kkt_restart_freq: 2000
[ Info: abs_tol: 1.0e-6
[ Info: rel_tol: 1.0e-6
[ Info: eps_primal_infeasible_low_acc: 1.0e-12
[ Info: eps_dual_infeasible_low_acc: 1.0e-12
[ Info: eps_primal_infeasible_high_acc: 1.0e-16
[ Info: eps_dual_infeasible_high_acc: 1.0e-16
[ Info: print_freq: 1000
[ Info: check_terminate_freq: 1000
[ Info: ---------------------------------------------------
[ Info: ------------- Model Info Summary -----------------
[ Info: ---------------------------------------------------
[ Info: variable number: 14700004
[ Info: constraint number: 15400005
[ Info: non-zero elements in G: 995406361
[ Info: Number of box constraints: 14700004
[ Info: Number of equal constraints: 700003
[ Info: Number of nonnegative constraints: 14000000
[ Info: Number of soc cone constraints: 1
[ Info: Number of rsoc cone constraints: 0
[ Info: Number of exp cone constraints: 0
[ Info: Number of dual exp cone constraints: 0
[ Info: Number of soc cone variables: 0
[ Info: Number of rsoc cone variables: 0
[ Info: Number of exp cone variables: 0
[ Info: Number of dual exp cone variables: 0
[ Info: ---------------------------------------------------
[ Info: Using preconditioner
[ Info: Warm start not enabled. Ignoring warm start values.
[ Info: Initializing primal and dual variables to zero.
[ Info: initial nrm1G: 5.053919087090693e8, initial nrmInfG: 1.0
[ Info: initial nrm1c: 1.8269980560079124e6
[ Info: initial nrm1h: 2279.2200945824757
[ Info: initial nrmInfc: 2.0
[ Info: max Dr_product:7.992710840633097
[ Info: norm Dr_product:22480.923208249125
[ Info: max Dl_product:29.219917403277428
[ Info: norm Dl_product:22480.923230467626
[ Info: after scaling, norm1 c: 306605.94280823244
[ Info: after scaling, normInf c: 1.9996615778638578
[ Info: after scaling, norm1 G: 5.9391307734287055e6
[ Info: after scaling, normInf G: 0.7071067811865475
[ Info: iter:0 rel_p_res(inf):5.000e-01 rel_d_res(inf):6.667e-01 primal_obj:0.000e+00 dual_obj:0.000e+00 rel_pd_gap:0.000e+00 time:0.00 restart_used:0
[ Info: ==================================================
[ Info: Start unified diagonal GPU loop for the ablation-compatible production path.
[ Info: iter:0 rel_p_res(inf):5.000e-01 rel_d_res(inf):6.667e-01 primal_obj:0.000e+00 dual_obj:0.000e+00 rel_pd_gap:0.000e+00 time:3.52 restart_used:0
[ Info: iter:1000 rel_p_res(inf):8.965e-06 rel_d_res(inf):7.229e-03 primal_obj:1.16764e+01 dual_obj:1.19076e+01 rel_pd_gap:1.791e-02 time:241.43 restart_used:0, restart_trigger_mean:0, restart_trigger_ergodic:0, diff_nrm_x_recovered:8.641e+00 diff_nrm_y_recovered:5.126e+02 nrm2_x_recovered:8.641e+00 nrm2_y_recovered:5.126e+02, nrmInf_x_recovered:5.548e+00 nrmInf_y_recovered:1.135e+01 dual_gap_ergodic:1.000e+30, dual_gap_mean:1.000e+30, dual_gap_restart_threshold:Inf, dual_gap_r:0.000e+00, kkt_error_ergodic:1.000e+30, kkt_error_mean:1.000e+30, kkt_error_restart_threshold:0.000e+00, tau:1.338e-02, sigma:8.882e+01
[ Info: iter:2000 rel_p_res(inf):1.105e-07 rel_d_res(inf):3.330e-05 primal_obj:1.16212e+01 dual_obj:1.16223e+01 rel_pd_gap:8.872e-05 time:387.83 restart_used:0, restart_trigger_mean:0, restart_trigger_ergodic:0, diff_nrm_x_recovered:9.080e-02 diff_nrm_y_recovered:3.562e+00 nrm2_x_recovered:8.713e+00 nrm2_y_recovered:5.118e+02, nrmInf_x_recovered:5.600e+00 nrmInf_y_recovered:1.120e+01 dual_gap_ergodic:1.000e+30, dual_gap_mean:1.000e+30, dual_gap_restart_threshold:Inf, dual_gap_r:0.000e+00, kkt_error_ergodic:1.000e+30, kkt_error_mean:1.000e+30, kkt_error_restart_threshold:0.000e+00, tau:1.258e-02, sigma:8.351e+01
┌ Info: restart candidate selected
│   reason = "duality-gap condition 1"
│   selected_name = "current"
│   current_merit = 3.090173187765402e-7
│   mean_merit = 0.0007507177525108273
└   halpern_merit = 0.000105980723966151
[ Info: restart due to condition 1
[ Info: omega:81.48514455999982, x_diff_norm:10.998549407251563, y_diff_norm:541.800621102104
[ Info: iter:3000 rel_p_res(inf):1.423e-09 rel_d_res(inf):9.571e-08 primal_obj:1.16210e+01 dual_obj:1.16210e+01 rel_pd_gap:4.170e-07 time:538.48 restart_used:1, restart_trigger_mean:0, restart_trigger_ergodic:1, diff_nrm_x_recovered:4.303e-04 diff_nrm_y_recovered:1.705e-02 nrm2_x_recovered:8.714e+00 nrm2_y_recovered:5.118e+02, nrmInf_x_recovered:5.600e+00 nrmInf_y_recovered:1.120e+01 dual_gap_ergodic:3.090e-07, dual_gap_mean:7.507e-04, dual_gap_restart_threshold:3.090e-07, dual_gap_r:1.311e+04, kkt_error_ergodic:1.000e+30, kkt_error_mean:1.000e+30, kkt_error_restart_threshold:0.000e+00, tau:1.635e-02, sigma:6.565e+01
[ Info: ===============================================
[ Info: ---------------------------------------------------
[ Info: ------------- Solver Info Summary -----------------
[ Info: ---------------------------------------------------
[ Info: iter_num:                     3000
[ Info: exit_status:                  optimal
[ Info: l_2_abs_primal_res:           3.6826e-07
[ Info: l_2_rel_primal_res:           8.1381e-11
[ Info: l_inf_abs_primal_res:         8.0653e-09
[ Info: l_inf_rel_primal_res:         1.4232e-09
[ Info: l_2_abs_dual_res:             5.9066e-06
[ Info: l_2_rel_dual_res:             3.2330e-12
[ Info: l_inf_abs_dual_res:           2.8712e-07
[ Info: l_inf_rel_dual_res:           9.5705e-08
[ Info: rel_gap:                      4.1696e-07
[ Info: abs_gap:                      5.2625e-06
[ Info: primal_obj:                   1.1621e+01
[ Info: dual_obj:                     1.1621e+01
[ Info: time:                         538.4787
[ Info: ---------------------------------------------------
[ Info:  norm(sol.x.recovered_primal.primal_sol.x, Inf): 5.600307349688174
[ Info:  norm(sol.y.recovered_dual.dual_sol.y, Inf): 11.20061130958272
[ Info: time for projection: 1.1649718284606934
[ Info: time for iterative: 521.0401699542999
[ Info: time for restart check: 2.4916088581085205
[ Info: time for exit check: 0.0
[ Info: time for print info calculation: 1.413802146911621
TABLE5_SOLVE_RESULT solver=cupdcs instance=table5-m700000-n7000000-r03 termination=OPTIMAL primal_status=FEASIBLE_POINT iterations=3000 objective=11.62098791115819 optimize_wall_seconds=2391.9798109531403
TABLE5_SOLVE_FINISH solver=cupdcs instance=table5-m700000-n7000000-r03 status=completed result=/home/zhenwei/PDCS_fork/benchmark/large_scale_lasso/table5_solver_results/cupdcs/table5-m700000-n7000000-r03/attempt_20260730T035205Z/result.toml
RESOURCE_SNAPSHOT label=solve_cupdcs_table5-m700000-n7000000-r03 utc=2026-07-30T04:54:31Z
               total        used        free      shared  buff/cache   available
Mem:           2.0Ti       244Gi       1.0Ti        42Mi       742Gi       1.7Ti
Swap:             0B          0B          0B
Filesystem                    Size  Used Avail Use% Mounted on
/dev/mapper/ubuntu--vg-lv--0  778G  726G   13G  99% /home
SOLVE_CASE_COMPLETE solver=cupdcs id=table5-m700000-n7000000-r03 utc=2026-07-30T04:54:31Z
SOLVE_RERUN_TIME_LIMIT solver=cupdcs id=table5-m700000-n7000000-r05
GPU_PREFLIGHT 7, GPU-3b36dfea-7222-7369-c9ce-f51b2765aeaf, NVIDIA H100 80GB HBM3, 0, 81081, 0
SOLVE_CASE_START solver=cupdcs id=table5-m700000-n7000000-r05 gpu=7 utc=2026-07-30T04:54:31Z
    CondaPkg Found dependencies: /home/zhenwei/PDCS_fork/.julia-depot/packages/PythonCall/5WGSP/CondaPkg.toml
    CondaPkg Found dependencies: /home/zhenwei/PDCS_fork/.julia-depot/packages/CondaPkg/lKlVY/CondaPkg.toml
    CondaPkg Resolving changes
             ~ libstdcxx
             ~ libstdcxx-ng
             ~ openssl
             ~ python
    CondaPkg Initialising pixi
             │ /home/zhenwei/PDCS_fork/.julia-depot/artifacts/4ae17cee0bd922f66b2c72bf2f01c22481a5ec19/bin/pixi
             │ init
             │ --format pixi
             └ /home/zhenwei/PDCS_fork/.CondaPkg
✔ Created /home/zhenwei/PDCS_fork/.CondaPkg/pixi.toml
    CondaPkg Wrote /home/zhenwei/PDCS_fork/.CondaPkg/pixi.toml
             │ [dependencies]
             │ openssl = ">=3, <3.6"
             │ libstdcxx = ">=3.4,<15.0"
             │ libstdcxx-ng = ">=3.4,<15.0"
             │ 
             │     [dependencies.python]
             │     channel = "conda-forge"
             │     build = "*cp*"
             │     version = ">=3.10,!=3.14.0,!=3.14.1,<4"
             │ 
             │ [workspace]
             │ name = ".CondaPkg"
             │ platforms = ["linux-64"]
             │ channels = ["conda-forge"]
             │ channel-priority = "strict"
             └ description = "automatically generated by CondaPkg.jl"
    CondaPkg Installing packages
             │ /home/zhenwei/PDCS_fork/.julia-depot/artifacts/4ae17cee0bd922f66b2c72bf2f01c22481a5ec19/bin/pixi
             │ install
             └ --manifest-path /home/zhenwei/PDCS_fork/.CondaPkg/pixi.toml
✔ The default environment has been installed.
TABLE5_SOLVE_START solver=cupdcs instance=table5-m700000-n7000000-r05 m=700000 n=7000000 density=0.0001 seed=6974796360093007817 tolerance=1.0e-6 time_limit=10800.0
TABLE5_INSTANCE_READY instance=table5-m700000-n7000000-r05 nnz=489974163 lambda=0.1278685926089028 numerical_digest=a9b1f9dfef5910a8c1563f9abc4654a350107c36116fdefafe241b279c462312 model_digest=2e615ede3af5d3fde1b12630e5745bc3eb6a9b5e6ca5a364695d1218bfea4fa1 generation_seconds=99.90380692481995
rescaling_method is not set, using default value: :ruiz_pock_chambolle. Note that if :use_scaling is false, this option is ignored.
kkt_restart_freq is not set, using default value: 500.
duality_gap_restart_freq is not set, using default value: 2000.
[ Info: logfile is set to nothing
[ Info: ---------------------------------------------------
[ Info: ------------- Parameter Info Summary --------------
[ Info: ---------------------------------------------------
[ Info: time limit: 10800.0
[ Info: use_preconditioner: true
[ Info: use_adaptive_restart: true
[ Info: use_adaptive_step_size_weight: true
[ Info: use_aggressive: true
[ Info: use_restart: true
[ Info: use_adaptive_step: true
[ Info: use_reflection: true
[ Info: use_halpern: true
[ Info: use_resolving: true
[ Info: use_duality_gap_restart: true
[ Info: duality_gap_restart_freq: 2000
[ Info: use_kkt_restart: false
[ Info: kkt_restart_freq: 2000
[ Info: abs_tol: 1.0e-6
[ Info: rel_tol: 1.0e-6
[ Info: eps_primal_infeasible_low_acc: 1.0e-12
[ Info: eps_dual_infeasible_low_acc: 1.0e-12
[ Info: eps_primal_infeasible_high_acc: 1.0e-16
[ Info: eps_dual_infeasible_high_acc: 1.0e-16
[ Info: print_freq: 1000
[ Info: check_terminate_freq: 1000
[ Info: ---------------------------------------------------
[ Info: ------------- Model Info Summary -----------------
[ Info: ---------------------------------------------------
[ Info: variable number: 14700004
[ Info: constraint number: 15400005
[ Info: non-zero elements in G: 995348335
[ Info: Number of box constraints: 14700004
[ Info: Number of equal constraints: 700003
[ Info: Number of nonnegative constraints: 14000000
[ Info: Number of soc cone constraints: 1
[ Info: Number of rsoc cone constraints: 0
[ Info: Number of exp cone constraints: 0
[ Info: Number of dual exp cone constraints: 0
[ Info: Number of soc cone variables: 0
[ Info: Number of rsoc cone variables: 0
[ Info: Number of exp cone variables: 0
[ Info: Number of dual exp cone variables: 0
[ Info: ---------------------------------------------------
[ Info: Using preconditioner
[ Info: Warm start not enabled. Ignoring warm start values.
[ Info: Initializing primal and dual variables to zero.
[ Info: initial nrm1G: 5.053931167479259e8, initial nrmInfG: 1.0
[ Info: initial nrm1c: 1.7901622965246395e6
[ Info: initial nrm1h: 2279.2168885552564
[ Info: initial nrmInfc: 2.0
[ Info: max Dr_product:8.052021060911137
[ Info: norm Dr_product:22480.9500763213
[ Info: max Dl_product:29.01259800136013
[ Info: norm Dl_product:22480.950098539775
[ Info: after scaling, norm1 c: 300424.5178883344
[ Info: after scaling, normInf c: 1.9996615778638578
[ Info: after scaling, norm1 G: 5.939128147959777e6
[ Info: after scaling, normInf G: 0.7071067811865475
[ Info: iter:0 rel_p_res(inf):5.000e-01 rel_d_res(inf):6.667e-01 primal_obj:0.000e+00 dual_obj:0.000e+00 rel_pd_gap:0.000e+00 time:0.00 restart_used:0
[ Info: ==================================================
[ Info: Start unified diagonal GPU loop for the ablation-compatible production path.
[ Info: iter:0 rel_p_res(inf):5.000e-01 rel_d_res(inf):6.667e-01 primal_obj:0.000e+00 dual_obj:0.000e+00 rel_pd_gap:0.000e+00 time:3.44 restart_used:0
[ Info: iter:1000 rel_p_res(inf):7.461e-06 rel_d_res(inf):7.813e-03 primal_obj:1.16660e+01 dual_obj:1.19196e+01 rel_pd_gap:1.963e-02 time:229.57 restart_used:0, restart_trigger_mean:0, restart_trigger_ergodic:0, diff_nrm_x_recovered:8.575e+00 diff_nrm_y_recovered:5.031e+02 nrm2_x_recovered:8.575e+00 nrm2_y_recovered:5.031e+02, nrmInf_x_recovered:5.501e+00 nrmInf_y_recovered:1.128e+01 dual_gap_ergodic:1.000e+30, dual_gap_mean:1.000e+30, dual_gap_restart_threshold:Inf, dual_gap_r:0.000e+00, kkt_error_ergodic:1.000e+30, kkt_error_mean:1.000e+30, kkt_error_restart_threshold:0.000e+00, tau:1.358e-02, sigma:8.657e+01
[ Info: iter:2000 rel_p_res(inf):1.330e-07 rel_d_res(inf):4.909e-05 primal_obj:1.16121e+01 dual_obj:1.16137e+01 rel_pd_gap:1.271e-04 time:375.98 restart_used:0, restart_trigger_mean:0, restart_trigger_ergodic:0, diff_nrm_x_recovered:1.044e-01 diff_nrm_y_recovered:3.696e+00 nrm2_x_recovered:8.661e+00 nrm2_y_recovered:5.022e+02, nrmInf_x_recovered:5.563e+00 nrmInf_y_recovered:1.113e+01 dual_gap_ergodic:1.000e+30, dual_gap_mean:1.000e+30, dual_gap_restart_threshold:Inf, dual_gap_r:0.000e+00, kkt_error_ergodic:1.000e+30, kkt_error_mean:1.000e+30, kkt_error_restart_threshold:0.000e+00, tau:1.318e-02, sigma:8.403e+01
┌ Info: restart candidate selected
│   reason = "duality-gap condition 1"
│   selected_name = "current"
│   current_merit = 5.26228156583231e-7
│   mean_merit = 0.0007588759252872453
└   halpern_merit = 0.00011253763325550699
[ Info: restart due to condition 1
[ Info: omega:79.8434628311247, x_diff_norm:10.935377553367484, y_diff_norm:532.6018744897968
[ Info: iter:3000 rel_p_res(inf):9.810e-10 rel_d_res(inf):1.001e-07 primal_obj:1.16118e+01 dual_obj:1.16118e+01 rel_pd_gap:2.665e-07 time:526.52 restart_used:1, restart_trigger_mean:0, restart_trigger_ergodic:1, diff_nrm_x_recovered:6.820e-04 diff_nrm_y_recovered:2.428e-02 nrm2_x_recovered:8.662e+00 nrm2_y_recovered:5.022e+02, nrmInf_x_recovered:5.563e+00 nrmInf_y_recovered:1.113e+01 dual_gap_ergodic:5.262e-07, dual_gap_mean:7.589e-04, dual_gap_restart_threshold:5.262e-07, dual_gap_r:1.242e+04, kkt_error_ergodic:1.000e+30, kkt_error_mean:1.000e+30, kkt_error_restart_threshold:0.000e+00, tau:1.655e-02, sigma:6.434e+01
[ Info: ===============================================
[ Info: ---------------------------------------------------
[ Info: ------------- Solver Info Summary -----------------
[ Info: ---------------------------------------------------
[ Info: iter_num:                     3000
[ Info: exit_status:                  optimal
[ Info: l_2_abs_primal_res:           3.5418e-07
[ Info: l_2_rel_primal_res:           7.8379e-11
[ Info: l_inf_abs_primal_res:         5.5339e-09
[ Info: l_inf_rel_primal_res:         9.8102e-10
[ Info: l_2_abs_dual_res:             6.0830e-06
[ Info: l_2_rel_dual_res:             3.3980e-12
[ Info: l_inf_abs_dual_res:           3.0034e-07
[ Info: l_inf_rel_dual_res:           1.0011e-07
[ Info: rel_gap:                      2.6645e-07
[ Info: abs_gap:                      3.3605e-06
[ Info: primal_obj:                   1.1612e+01
[ Info: dual_obj:                     1.1612e+01
[ Info: time:                         526.5174
[ Info: ---------------------------------------------------
[ Info:  norm(sol.x.recovered_primal.primal_sol.x, Inf): 5.563237221503612
[ Info:  norm(sol.y.recovered_dual.dual_sol.y, Inf): 11.12647211308948
[ Info: time for projection: 1.1222360134124756
[ Info: time for iterative: 509.24055886268616
[ Info: time for restart check: 2.470322847366333
[ Info: time for exit check: 0.0
[ Info: time for print info calculation: 1.4922399520874023
TABLE5_SOLVE_RESULT solver=cupdcs instance=table5-m700000-n7000000-r05 termination=OPTIMAL primal_status=FEASIBLE_POINT iterations=3000 objective=11.611781582005676 optimize_wall_seconds=2373.4789819717407
TABLE5_SOLVE_FINISH solver=cupdcs instance=table5-m700000-n7000000-r05 status=completed result=/home/zhenwei/PDCS_fork/benchmark/large_scale_lasso/table5_solver_results/cupdcs/table5-m700000-n7000000-r05/attempt_20260730T035205Z/result.toml
RESOURCE_SNAPSHOT label=solve_cupdcs_table5-m700000-n7000000-r05 utc=2026-07-30T05:56:25Z
               total        used        free      shared  buff/cache   available
Mem:           2.0Ti       237Gi       1.0Ti        34Mi       742Gi       1.7Ti
Swap:             0B          0B          0B
Filesystem                    Size  Used Avail Use% Mounted on
/dev/mapper/ubuntu--vg-lv--0  778G  726G   12G  99% /home
SOLVE_CASE_COMPLETE solver=cupdcs id=table5-m700000-n7000000-r05 utc=2026-07-30T05:56:25Z
SOLVE_RERUN_TIME_LIMIT solver=cupdcs id=table5-m750000-n7500000-r02
GPU_PREFLIGHT 7, GPU-3b36dfea-7222-7369-c9ce-f51b2765aeaf, NVIDIA H100 80GB HBM3, 0, 81081, 0
SOLVE_CASE_START solver=cupdcs id=table5-m750000-n7500000-r02 gpu=7 utc=2026-07-30T05:56:25Z
    CondaPkg Found dependencies: /home/zhenwei/PDCS_fork/.julia-depot/packages/PythonCall/5WGSP/CondaPkg.toml
    CondaPkg Found dependencies: /home/zhenwei/PDCS_fork/.julia-depot/packages/CondaPkg/lKlVY/CondaPkg.toml
    CondaPkg Resolving changes
             ~ libstdcxx
             ~ libstdcxx-ng
             ~ openssl
             ~ python
    CondaPkg Initialising pixi
             │ /home/zhenwei/PDCS_fork/.julia-depot/artifacts/4ae17cee0bd922f66b2c72bf2f01c22481a5ec19/bin/pixi
             │ init
             │ --format pixi
             └ /home/zhenwei/PDCS_fork/.CondaPkg
✔ Created /home/zhenwei/PDCS_fork/.CondaPkg/pixi.toml
    CondaPkg Wrote /home/zhenwei/PDCS_fork/.CondaPkg/pixi.toml
             │ [dependencies]
             │ openssl = ">=3, <3.6"
             │ libstdcxx = ">=3.4,<15.0"
             │ libstdcxx-ng = ">=3.4,<15.0"
             │ 
             │     [dependencies.python]
             │     channel = "conda-forge"
             │     build = "*cp*"
             │     version = ">=3.10,!=3.14.0,!=3.14.1,<4"
             │ 
             │ [workspace]
             │ name = ".CondaPkg"
             │ platforms = ["linux-64"]
             │ channels = ["conda-forge"]
             │ channel-priority = "strict"
             └ description = "automatically generated by CondaPkg.jl"
    CondaPkg Installing packages
             │ /home/zhenwei/PDCS_fork/.julia-depot/artifacts/4ae17cee0bd922f66b2c72bf2f01c22481a5ec19/bin/pixi
             │ install
             └ --manifest-path /home/zhenwei/PDCS_fork/.CondaPkg/pixi.toml
✔ The default environment has been installed.
TABLE5_SOLVE_START solver=cupdcs instance=table5-m750000-n7500000-r02 m=750000 n=7500000 density=0.0001 seed=7063733435616014003 tolerance=1.0e-6 time_limit=10800.0
TABLE5_INSTANCE_READY instance=table5-m750000-n7500000-r02 nnz=562517554 lambda=0.12600955151179413 numerical_digest=fc5957a47109729e8c64aaaf54a247654c817eb3f8c14d450efd76d037d392b1 model_digest=9713658c74155e5db27acb248004ea48c7e5e6faa4533ad51a9c02150ff339c8 generation_seconds=112.90475296974182
rescaling_method is not set, using default value: :ruiz_pock_chambolle. Note that if :use_scaling is false, this option is ignored.
kkt_restart_freq is not set, using default value: 500.
duality_gap_restart_freq is not set, using default value: 2000.
[ Info: logfile is set to nothing
[ Info: ---------------------------------------------------
[ Info: ------------- Parameter Info Summary --------------
[ Info: ---------------------------------------------------
[ Info: time limit: 10800.0
[ Info: use_preconditioner: true
[ Info: use_adaptive_restart: true
[ Info: use_adaptive_step_size_weight: true
[ Info: use_aggressive: true
[ Info: use_restart: true
[ Info: use_adaptive_step: true
[ Info: use_reflection: true
[ Info: use_halpern: true
[ Info: use_resolving: true
[ Info: use_duality_gap_restart: true
[ Info: duality_gap_restart_freq: 2000
[ Info: use_kkt_restart: false
[ Info: kkt_restart_freq: 2000
[ Info: abs_tol: 1.0e-6
[ Info: rel_tol: 1.0e-6
[ Info: eps_primal_infeasible_low_acc: 1.0e-12
[ Info: eps_dual_infeasible_low_acc: 1.0e-12
[ Info: eps_primal_infeasible_high_acc: 1.0e-16
[ Info: eps_dual_infeasible_high_acc: 1.0e-16
[ Info: print_freq: 1000
[ Info: check_terminate_freq: 1000
[ Info: ---------------------------------------------------
[ Info: ------------- Model Info Summary -----------------
[ Info: ---------------------------------------------------
[ Info: variable number: 15750004
[ Info: constraint number: 16500005
[ Info: non-zero elements in G: 1141535117
[ Info: Number of box constraints: 15750004
[ Info: Number of equal constraints: 750003
[ Info: Number of nonnegative constraints: 15000000
[ Info: Number of soc cone constraints: 1
[ Info: Number of rsoc cone constraints: 0
[ Info: Number of exp cone constraints: 0
[ Info: Number of dual exp cone constraints: 0
[ Info: Number of soc cone variables: 0
[ Info: Number of rsoc cone variables: 0
[ Info: Number of exp cone variables: 0
[ Info: Number of dual exp cone variables: 0
[ Info: ---------------------------------------------------
[ Info: Using preconditioner
[ Info: Warm start not enabled. Ignoring warm start values.
[ Info: Initializing primal and dual variables to zero.
[ Info: initial nrm1G: 5.790304385787858e8, initial nrmInfG: 1.0
[ Info: initial nrm1c: 1.8901452726769135e6
[ Info: initial nrm1h: 2440.750185135405
[ Info: initial nrmInfc: 2.0
[ Info: max Dr_product:8.331724974885645
[ Info: norm Dr_product:24063.05130620202
[ Info: max Dl_product:30.307833021294183
[ Info: norm Dl_product:24063.051326959674
[ Info: after scaling, norm1 c: 306587.75071572466
[ Info: after scaling, normInf c: 1.9996615778638578
[ Info: after scaling, norm1 G: 6.282273874622529e6
[ Info: after scaling, normInf G: 0.7071067811865475
[ Info: iter:0 rel_p_res(inf):5.000e-01 rel_d_res(inf):6.667e-01 primal_obj:0.000e+00 dual_obj:0.000e+00 rel_pd_gap:0.000e+00 time:0.00 restart_used:0
[ Info: ==================================================
[ Info: Start unified diagonal GPU loop for the ablation-compatible production path.
[ Info: iter:0 rel_p_res(inf):5.000e-01 rel_d_res(inf):6.667e-01 primal_obj:0.000e+00 dual_obj:0.000e+00 rel_pd_gap:0.000e+00 time:3.59 restart_used:0
[ Info: iter:1000 rel_p_res(inf):2.383e-05 rel_d_res(inf):1.283e-02 primal_obj:1.24658e+01 dual_obj:1.29263e+01 rel_pd_gap:3.307e-02 time:281.94 restart_used:0, restart_trigger_mean:0, restart_trigger_ergodic:0, diff_nrm_x_recovered:8.869e+00 diff_nrm_y_recovered:5.157e+02 nrm2_x_recovered:8.869e+00 nrm2_y_recovered:5.157e+02, nrmInf_x_recovered:5.711e+00 nrmInf_y_recovered:1.189e+01 dual_gap_ergodic:1.000e+30, dual_gap_mean:1.000e+30, dual_gap_restart_threshold:Inf, dual_gap_r:0.000e+00, kkt_error_ergodic:1.000e+30, kkt_error_mean:1.000e+30, kkt_error_restart_threshold:0.000e+00, tau:1.267e-02, sigma:7.849e+01
[ Info: iter:2000 rel_p_res(inf):3.021e-07 rel_d_res(inf):2.190e-04 primal_obj:1.24004e+01 dual_obj:1.24083e+01 rel_pd_gap:5.896e-04 time:674.61 restart_used:0, restart_trigger_mean:0, restart_trigger_ergodic:0, diff_nrm_x_recovered:2.058e-01 diff_nrm_y_recovered:5.853e+00 nrm2_x_recovered:9.051e+00 nrm2_y_recovered:5.141e+02, nrmInf_x_recovered:5.841e+00 nrmInf_y_recovered:1.169e+01 dual_gap_ergodic:1.000e+30, dual_gap_mean:1.000e+30, dual_gap_restart_threshold:Inf, dual_gap_r:0.000e+00, kkt_error_ergodic:1.000e+30, kkt_error_mean:1.000e+30, kkt_error_restart_threshold:0.000e+00, tau:1.494e-02, sigma:9.256e+01
┌ Info: restart candidate selected
│   reason = "duality-gap condition 1"
│   selected_name = "current"
│   current_merit = 2.0169494375824752e-5
│   mean_merit = 0.0009280129903980719
└   halpern_merit = 6.481077503476378e-5
[ Info: restart due to condition 1
[ Info: omega:78.7079790306076, x_diff_norm:11.413537278266613, y_diff_norm:547.4910534011864
[ Info: iter:3000 rel_p_res(inf):2.670e-09 rel_d_res(inf):3.398e-07 primal_obj:1.23993e+01 dual_obj:1.23994e+01 rel_pd_gap:5.738e-07 time:850.06 restart_used:1, restart_trigger_mean:0, restart_trigger_ergodic:1, diff_nrm_x_recovered:3.570e-03 diff_nrm_y_recovered:1.053e-01 nrm2_x_recovered:9.055e+00 nrm2_y_recovered:5.141e+02, nrmInf_x_recovered:5.844e+00 nrmInf_y_recovered:1.169e+01 dual_gap_ergodic:2.017e-05, dual_gap_mean:9.280e-04, dual_gap_restart_threshold:2.017e-05, dual_gap_r:1.193e+04, kkt_error_ergodic:1.000e+30, kkt_error_mean:1.000e+30, kkt_error_restart_threshold:0.000e+00, tau:1.709e-02, sigma:6.454e+01
[ Info: ===============================================
[ Info: ---------------------------------------------------
[ Info: ------------- Solver Info Summary -----------------
[ Info: ---------------------------------------------------
[ Info: iter_num:                     3000
[ Info: exit_status:                  optimal
[ Info: l_2_abs_primal_res:           9.5605e-07
[ Info: l_2_rel_primal_res:           1.9841e-10
[ Info: l_inf_abs_primal_res:         1.5590e-08
[ Info: l_inf_rel_primal_res:         2.6700e-09
[ Info: l_2_abs_dual_res:             1.2321e-05
[ Info: l_2_rel_dual_res:             6.5185e-12
[ Info: l_inf_abs_dual_res:           1.0193e-06
[ Info: l_inf_rel_dual_res:           3.3978e-07
[ Info: rel_gap:                      5.7381e-07
[ Info: abs_gap:                      7.6887e-06
[ Info: primal_obj:                   1.2399e+01
[ Info: dual_obj:                     1.2399e+01
[ Info: time:                         850.0639
[ Info: ---------------------------------------------------
[ Info:  norm(sol.x.recovered_primal.primal_sol.x, Inf): 5.843602017610905
[ Info:  norm(sol.y.recovered_dual.dual_sol.y, Inf): 11.687216740704764
[ Info: time for projection: 1.0966570377349854
[ Info: time for iterative: 502.59667110443115
[ Info: time for restart check: 2.8288090229034424
[ Info: time for exit check: 0.0
[ Info: time for print info calculation: 0.9734208583831787
TABLE5_SOLVE_RESULT solver=cupdcs instance=table5-m750000-n7500000-r02 termination=OPTIMAL primal_status=FEASIBLE_POINT iterations=3000 objective=12.399346362700927 optimize_wall_seconds=2988.545655965805
TABLE5_SOLVE_FINISH solver=cupdcs instance=table5-m750000-n7500000-r02 status=completed result=/home/zhenwei/PDCS_fork/benchmark/large_scale_lasso/table5_solver_results/cupdcs/table5-m750000-n7500000-r02/attempt_20260730T035205Z/result.toml
RESOURCE_SNAPSHOT label=solve_cupdcs_table5-m750000-n7500000-r02 utc=2026-07-30T07:10:18Z
               total        used        free      shared  buff/cache   available
Mem:           2.0Ti       457Gi       814Gi        34Mi       743Gi       1.5Ti
Swap:             0B          0B          0B
Filesystem                    Size  Used Avail Use% Mounted on
/dev/mapper/ubuntu--vg-lv--0  778G  727G   12G  99% /home
SOLVE_CASE_COMPLETE solver=cupdcs id=table5-m750000-n7500000-r02 utc=2026-07-30T07:10:18Z
SOLVE_RERUN_TIME_LIMIT solver=cupdcs id=table5-m750000-n7500000-r04
GPU_PREFLIGHT 7, GPU-3b36dfea-7222-7369-c9ce-f51b2765aeaf, NVIDIA H100 80GB HBM3, 0, 81081, 0
SOLVE_CASE_START solver=cupdcs id=table5-m750000-n7500000-r04 gpu=7 utc=2026-07-30T07:10:19Z
    CondaPkg Found dependencies: /home/zhenwei/PDCS_fork/.julia-depot/packages/PythonCall/5WGSP/CondaPkg.toml
    CondaPkg Found dependencies: /home/zhenwei/PDCS_fork/.julia-depot/packages/CondaPkg/lKlVY/CondaPkg.toml
    CondaPkg Resolving changes
             ~ libstdcxx
             ~ libstdcxx-ng
             ~ openssl
             ~ python
    CondaPkg Initialising pixi
             │ /home/zhenwei/PDCS_fork/.julia-depot/artifacts/4ae17cee0bd922f66b2c72bf2f01c22481a5ec19/bin/pixi
             │ init
             │ --format pixi
             └ /home/zhenwei/PDCS_fork/.CondaPkg
✔ Created /home/zhenwei/PDCS_fork/.CondaPkg/pixi.toml
    CondaPkg Wrote /home/zhenwei/PDCS_fork/.CondaPkg/pixi.toml
             │ [dependencies]
             │ openssl = ">=3, <3.6"
             │ libstdcxx = ">=3.4,<15.0"
             │ libstdcxx-ng = ">=3.4,<15.0"
             │ 
             │     [dependencies.python]
             │     channel = "conda-forge"
             │     build = "*cp*"
             │     version = ">=3.10,!=3.14.0,!=3.14.1,<4"
             │ 
             │ [workspace]
             │ name = ".CondaPkg"
             │ platforms = ["linux-64"]
             │ channels = ["conda-forge"]
             │ channel-priority = "strict"
             └ description = "automatically generated by CondaPkg.jl"
    CondaPkg Installing packages
             │ /home/zhenwei/PDCS_fork/.julia-depot/artifacts/4ae17cee0bd922f66b2c72bf2f01c22481a5ec19/bin/pixi
             │ install
             └ --manifest-path /home/zhenwei/PDCS_fork/.CondaPkg/pixi.toml
✔ The default environment has been installed.
TABLE5_SOLVE_START solver=cupdcs instance=table5-m750000-n7500000-r04 m=750000 n=7500000 density=0.0001 seed=66351557481754279 tolerance=1.0e-6 time_limit=10800.0
TABLE5_INSTANCE_READY instance=table5-m750000-n7500000-r04 nnz=562508501 lambda=0.12240846871112936 numerical_digest=85d2ef6e08880cd0343b7ac7a66057bd6427d6929cf7520360d332e093dceb62 model_digest=f4a2be36d14e0a5de3ef2fae71f6f7b4f9b485e4cd502b9b314d05821a9963a3 generation_seconds=117.54380512237549
rescaling_method is not set, using default value: :ruiz_pock_chambolle. Note that if :use_scaling is false, this option is ignored.
kkt_restart_freq is not set, using default value: 500.
duality_gap_restart_freq is not set, using default value: 2000.
[ Info: logfile is set to nothing
[ Info: ---------------------------------------------------
[ Info: ------------- Parameter Info Summary --------------
[ Info: ---------------------------------------------------
[ Info: time limit: 10800.0
[ Info: use_preconditioner: true
[ Info: use_adaptive_restart: true
[ Info: use_adaptive_step_size_weight: true
[ Info: use_aggressive: true
[ Info: use_restart: true
[ Info: use_adaptive_step: true
[ Info: use_reflection: true
[ Info: use_halpern: true
[ Info: use_resolving: true
[ Info: use_duality_gap_restart: true
[ Info: duality_gap_restart_freq: 2000
[ Info: use_kkt_restart: false
[ Info: kkt_restart_freq: 2000
[ Info: abs_tol: 1.0e-6
[ Info: rel_tol: 1.0e-6
[ Info: eps_primal_infeasible_low_acc: 1.0e-12
[ Info: eps_dual_infeasible_low_acc: 1.0e-12
[ Info: eps_primal_infeasible_high_acc: 1.0e-16
[ Info: eps_dual_infeasible_high_acc: 1.0e-16
[ Info: print_freq: 1000
[ Info: check_terminate_freq: 1000
[ Info: ---------------------------------------------------
[ Info: ------------- Model Info Summary -----------------
[ Info: ---------------------------------------------------
[ Info: variable number: 15750004
[ Info: constraint number: 16500005
[ Info: non-zero elements in G: 1141517011
[ Info: Number of box constraints: 15750004
[ Info: Number of equal constraints: 750003
[ Info: Number of nonnegative constraints: 15000000
[ Info: Number of soc cone constraints: 1
[ Info: Number of rsoc cone constraints: 0
[ Info: Number of exp cone constraints: 0
[ Info: Number of dual exp cone constraints: 0
[ Info: Number of soc cone variables: 0
[ Info: Number of rsoc cone variables: 0
[ Info: Number of exp cone variables: 0
[ Info: Number of dual exp cone variables: 0
[ Info: ---------------------------------------------------
[ Info: Using preconditioner
[ Info: Warm start not enabled. Ignoring warm start values.
[ Info: Initializing primal and dual variables to zero.
[ Info: initial nrm1G: 5.79010004335614e8, initial nrmInfG: 1.0
[ Info: initial nrm1c: 1.8361290306669406e6
[ Info: initial nrm1h: 2441.112860468786
[ Info: initial nrmInfc: 2.0
[ Info: max Dr_product:8.318528275812964
[ Info: norm Dr_product:24062.62670453371
[ Info: max Dl_product:29.945239090698937
[ Info: norm Dl_product:24062.626725291724
[ Info: after scaling, norm1 c: 297829.6091876769
[ Info: after scaling, normInf c: 1.9996615778638578
[ Info: after scaling, norm1 G: 6.282306961938998e6
[ Info: after scaling, normInf G: 0.7071067811865475
[ Info: iter:0 rel_p_res(inf):5.000e-01 rel_d_res(inf):6.667e-01 primal_obj:0.000e+00 dual_obj:0.000e+00 rel_pd_gap:0.000e+00 time:0.00 restart_used:0
[ Info: ==================================================
[ Info: Start unified diagonal GPU loop for the ablation-compatible production path.
[ Info: iter:0 rel_p_res(inf):5.000e-01 rel_d_res(inf):6.667e-01 primal_obj:0.000e+00 dual_obj:0.000e+00 rel_pd_gap:0.000e+00 time:3.57 restart_used:0
[ Info: iter:1000 rel_p_res(inf):9.868e-06 rel_d_res(inf):1.257e-02 primal_obj:1.24448e+01 dual_obj:1.28894e+01 rel_pd_gap:3.201e-02 time:411.19 restart_used:0, restart_trigger_mean:0, restart_trigger_ergodic:0, diff_nrm_x_recovered:8.744e+00 diff_nrm_y_recovered:5.020e+02 nrm2_x_recovered:8.744e+00 nrm2_y_recovered:5.020e+02, nrmInf_x_recovered:5.622e+00 nrmInf_y_recovered:1.170e+01 dual_gap_ergodic:1.000e+30, dual_gap_mean:1.000e+30, dual_gap_restart_threshold:Inf, dual_gap_r:0.000e+00, kkt_error_ergodic:1.000e+30, kkt_error_mean:1.000e+30, kkt_error_restart_threshold:0.000e+00, tau:1.324e-02, sigma:7.739e+01
[ Info: iter:2000 rel_p_res(inf):5.468e-07 rel_d_res(inf):2.778e-04 primal_obj:1.23792e+01 dual_obj:1.23891e+01 rel_pd_gap:7.371e-04 time:583.18 restart_used:0, restart_trigger_mean:0, restart_trigger_ergodic:0, diff_nrm_x_recovered:2.173e-01 diff_nrm_y_recovered:5.471e+00 nrm2_x_recovered:8.939e+00 nrm2_y_recovered:5.005e+02, nrmInf_x_recovered:5.761e+00 nrmInf_y_recovered:1.153e+01 dual_gap_ergodic:1.000e+30, dual_gap_mean:1.000e+30, dual_gap_restart_threshold:Inf, dual_gap_r:0.000e+00, kkt_error_ergodic:1.000e+30, kkt_error_mean:1.000e+30, kkt_error_restart_threshold:0.000e+00, tau:1.358e-02, sigma:7.939e+01
┌ Info: restart candidate selected
│   reason = "duality-gap condition 1"
│   selected_name = "halpern"
│   current_merit = 0.00016290075534045235
│   mean_merit = 0.0007468942419156386
└   halpern_merit = 0.00011223175448952121
[ Info: restart due to condition 1
[ Info: omega:76.46081140574626, x_diff_norm:11.277152690367183, y_diff_norm:534.2629578104925
[ Info: iter:3000 rel_p_res(inf):1.206e-08 rel_d_res(inf):1.738e-06 primal_obj:1.23779e+01 dual_obj:1.23779e+01 rel_pd_gap:2.904e-06 time:756.75 restart_used:1, restart_trigger_mean:0, restart_trigger_ergodic:0, diff_nrm_x_recovered:4.860e-03 diff_nrm_y_recovered:1.264e-01 nrm2_x_recovered:8.943e+00 nrm2_y_recovered:5.005e+02, nrmInf_x_recovered:5.764e+00 nrmInf_y_recovered:1.153e+01 dual_gap_ergodic:1.629e-04, dual_gap_mean:7.469e-04, dual_gap_restart_threshold:1.123e-04, dual_gap_r:1.292e+04, kkt_error_ergodic:1.000e+30, kkt_error_mean:1.000e+30, kkt_error_restart_threshold:0.000e+00, tau:1.557e-02, sigma:5.638e+01
[ Info: iter:4000 rel_p_res(inf):1.409e-10 rel_d_res(inf):1.021e-08 primal_obj:1.23778e+01 dual_obj:1.23778e+01 rel_pd_gap:1.750e-08 time:925.98 restart_used:1, restart_trigger_mean:0, restart_trigger_ergodic:0, diff_nrm_x_recovered:3.220e-05 diff_nrm_y_recovered:9.972e-04 nrm2_x_recovered:8.943e+00 nrm2_y_recovered:5.005e+02, nrmInf_x_recovered:5.764e+00 nrmInf_y_recovered:1.153e+01 dual_gap_ergodic:1.629e-04, dual_gap_mean:7.469e-04, dual_gap_restart_threshold:1.123e-04, dual_gap_r:1.292e+04, kkt_error_ergodic:1.000e+30, kkt_error_mean:1.000e+30, kkt_error_restart_threshold:0.000e+00, tau:2.327e-02, sigma:8.428e+01
[ Info: ===============================================
[ Info: ---------------------------------------------------
[ Info: ------------- Solver Info Summary -----------------
[ Info: ---------------------------------------------------
[ Info: iter_num:                     4000
[ Info: exit_status:                  optimal
[ Info: l_2_abs_primal_res:           5.9787e-08
[ Info: l_2_rel_primal_res:           1.2443e-11
[ Info: l_inf_abs_primal_res:         8.1497e-10
[ Info: l_inf_rel_primal_res:         1.4093e-10
[ Info: l_2_abs_dual_res:             8.4836e-07
[ Info: l_2_rel_dual_res:             4.6204e-13
[ Info: l_inf_abs_dual_res:           3.0633e-08
[ Info: l_inf_rel_dual_res:           1.0211e-08
[ Info: rel_gap:                      1.7500e-08
[ Info: abs_gap:                      2.3412e-07
[ Info: primal_obj:                   1.2378e+01
[ Info: dual_obj:                     1.2378e+01
[ Info: time:                         925.9785
[ Info: ---------------------------------------------------
[ Info:  norm(sol.x.recovered_primal.primal_sol.x, Inf): 5.764074926190676
[ Info:  norm(sol.y.recovered_dual.dual_sol.y, Inf): 11.528150228604103
[ Info: time for projection: 0.9076023101806641
[ Info: time for iterative: 670.1919224262238
[ Info: time for restart check: 2.643428087234497
[ Info: time for exit check: 0.0
[ Info: time for print info calculation: 1.4730288982391357
TABLE5_SOLVE_RESULT solver=cupdcs instance=table5-m750000-n7500000-r04 termination=OPTIMAL primal_status=FEASIBLE_POINT iterations=4000 objective=12.37782143992039 optimize_wall_seconds=3154.093508005142
TABLE5_SOLVE_FINISH solver=cupdcs instance=table5-m750000-n7500000-r04 status=completed result=/home/zhenwei/PDCS_fork/benchmark/large_scale_lasso/table5_solver_results/cupdcs/table5-m750000-n7500000-r04/attempt_20260730T035205Z/result.toml
RESOURCE_SNAPSHOT label=solve_cupdcs_table5-m750000-n7500000-r04 utc=2026-07-30T08:28:00Z
               total        used        free      shared  buff/cache   available
Mem:           2.0Ti       212Gi       1.0Ti        14Mi       744Gi       1.8Ti
Swap:             0B          0B          0B
Filesystem                    Size  Used Avail Use% Mounted on
/dev/mapper/ubuntu--vg-lv--0  778G  727G   12G  99% /home
SOLVE_CASE_COMPLETE solver=cupdcs id=table5-m750000-n7500000-r04 utc=2026-07-30T08:28:00Z
TABLE5_REPORT_WRITTEN markdown=/home/zhenwei/PDCS_fork/benchmark/large_scale_lasso/table5_report.md csv=/home/zhenwei/PDCS_fork/benchmark/large_scale_lasso/table5_report.csv solver_csv=/home/zhenwei/PDCS_fork/benchmark/large_scale_lasso/table5_solver_report.csv recorded=25/25 successful_cases=24 failed_cases=1 skipped_cases=0 pending_cases=0
TABLE5_SOLVE_PHASE_COMPLETE cases=4 storage=no_cbf utc=2026-07-30T08:28:00Z
TABLE5_DRIVER_FINISH command=solve status=0 log=/home/zhenwei/PDCS_fork/benchmark/large_scale_lasso/table5_logs/driver_20260730T035205Z.log utc=2026-07-30T08:28:00Z
