TABLE5_PREPARE_START utc=2026-07-29T19:48:17Z
JULIA_VERSION julia version 1.12.5
active project = /home/zhenwei/PDCS_fork/benchmark/large_scale_lasso/Project.toml
Status `~/PDCS_fork/benchmark/large_scale_lasso/Project.toml`
→  [c7e460c6] ArgParse v1.2.0
→  [7d9fca2a] Arpack v0.5.4
→⌃ [6e4b80f9] BenchmarkTools v1.5.0
→⌃ [8e7c35d0] BlockArrays v1.2.0
→⌃ [227a2e2d] COPT v1.1.20
→⌃ [1e616198] COSMO v0.8.9
→⌃ [336ed68f] CSV v0.10.15
→⌃ [944b1d66] CodecZlib v0.7.6
→⌃ [a93c6f00] DataFrames v1.7.0
→⌅ [864edb3b] DataStructures v0.18.20
→⌃ [48062228] FilePathsBase v0.9.22
→  [59287772] Formatting v0.4.3
→⌃ [033835bb] JLD2 v0.5.10
→⌃ [4076af6c] JuMP v1.23.5
→⌃ [0b1a1467] KrylovKit v0.8.3
→⌃ [7eb4fadd] Match v2.3.0
→⌃ [b8f27783] MathOptInterface v1.34.0
→⌅ [6405355b] Mosek v10.2.0
→⌃ [1ec41992] MosekTools v0.15.3
→⌃ [e4faabce] PProf v3.1.3
→⌃ [3a141323] PolynomialRoots v1.0.0
→⌃ [f27b6e38] Polynomials v4.0.12
→⌃ [c46f51b8] ProfileView v1.8.0
→⌃ [be4d8f0f] Quadmath v0.5.10
→⌃ [ae029012] Requires v1.3.0
→⌃ [f2b01f46] Roots v2.2.2
→⌃ [c946c3f1] SCS v2.0.2
   [de0858da] Printf
   [9abbd945] Profile
   [9a3f8284] Random
Info Packages marked with → are not downloaded, use `instantiate` to download
Info Packages marked with ⌃ and ⌅ have new versions available. Those with ⌃ may be upgradable, but those with ⌅ are restricted by compatibility constraints from upgrading. To see why use `status --outdated`
Warning The project dependencies or compat requirements have changed since the manifest was last resolved. It is recommended to `Pkg.resolve()` or consider `Pkg.update()` if necessary.
RESOURCE_SNAPSHOT label=prepare utc=2026-07-29T19:48:21Z
               total        used        free      shared  buff/cache   available
Mem:           2.0Ti        70Gi       473Gi        26Mi       1.4Ti       1.9Ti
Swap:             0B          0B          0B
Filesystem                    Size  Used Avail Use% Mounted on
/dev/mapper/ubuntu--vg-lv--0  778G  726G   13G  99% /home
GENERATE_MANIFEST config=/home/zhenwei/PDCS_fork/benchmark/large_scale_lasso/lasso_table5.toml master_seed=20260728
TABLE5_MANIFEST_WRITTEN path=/home/zhenwei/PDCS_fork/benchmark/large_scale_lasso/lasso_table5.toml instances=25 julia_version=1.12.5
id	m	n	density	replicate	seed
table5-m10000-n100000-r01	10000	100000	0.0001	1	1456099608458829617
table5-m10000-n100000-r02	10000	100000	0.0001	2	3774683599633055197
table5-m10000-n100000-r03	10000	100000	0.0001	3	7352328007339572649
table5-m10000-n100000-r04	10000	100000	0.0001	4	8539239721064585772
table5-m10000-n100000-r05	10000	100000	0.0001	5	2682075302358372869
table5-m70000-n700000-r01	70000	700000	0.0001	1	6866308190711936842
table5-m70000-n700000-r02	70000	700000	0.0001	2	3717777317041247579
table5-m70000-n700000-r03	70000	700000	0.0001	3	6230819915418504357
table5-m70000-n700000-r04	70000	700000	0.0001	4	5050833866237992834
table5-m70000-n700000-r05	70000	700000	0.0001	5	3478211357477831271
table5-m400000-n7000000-r01	400000	7000000	0.0001	1	2810953517340410803
table5-m400000-n7000000-r02	400000	7000000	0.0001	2	6916851584803374380
table5-m400000-n7000000-r03	400000	7000000	0.0001	3	2252237519727520935
table5-m400000-n7000000-r04	400000	7000000	0.0001	4	9202490041639810005
table5-m400000-n7000000-r05	400000	7000000	0.0001	5	1459784771767232267
table5-m700000-n7000000-r01	700000	7000000	0.0001	1	2694979877904449328
table5-m700000-n7000000-r02	700000	7000000	0.0001	2	706412229318414900
table5-m700000-n7000000-r03	700000	7000000	0.0001	3	2776373863867649000
table5-m700000-n7000000-r04	700000	7000000	0.0001	4	780990368380045832
table5-m700000-n7000000-r05	700000	7000000	0.0001	5	6974796360093007817
table5-m750000-n7500000-r01	750000	7500000	0.0001	1	3464449634565370456
table5-m750000-n7500000-r02	750000	7500000	0.0001	2	7063733435616014003
table5-m750000-n7500000-r03	750000	7500000	0.0001	3	7306719367855031537
table5-m750000-n7500000-r04	750000	7500000	0.0001	4	66351557481754279
table5-m750000-n7500000-r05	750000	7500000	0.0001	5	7133432016813647455
TABLE5_MANIFEST_VALID instances=25 unique_ids=25 unique_seeds=25
TABLE5_PREPARE_COMPLETE utc=2026-07-29T19:48:23Z
TABLE5_DRIVER_FINISH command=prepare status=0 log=/home/zhenwei/PDCS_fork/benchmark/large_scale_lasso/table5_logs/driver_20260729T194817Z.log utc=2026-07-29T19:48:23Z
