TABLE5_SOLVE_PHASE_START storage=no_cbf utc=2026-07-29T23:10:32Z
JULIA_VERSION julia version 1.12.5
KEEP_EXISTING_MANIFEST config=/home/zhenwei/PDCS_fork/benchmark/large_scale_lasso/lasso_table5.toml
id	m	n	density	replicate	seed
table5-m10000-n100000-r01	10000	100000	0.0001	1	1456099608458829617
table5-m10000-n100000-r02	10000	100000	0.0001	2	3774683599633055197
table5-m10000-n100000-r03	10000	100000	0.0001	3	7352328007339572649
table5-m10000-n100000-r04	10000	100000	0.0001	4	8539239721064585772
table5-m10000-n100000-r05	10000	100000	0.0001	5	2682075302358372869
table5-m70000-n700000-r01	70000	700000	0.0001	1	6866308190711936842
table5-m70000-n700000-r02	70000	700000	0.0001	2	3717777317041247579
table5-m70000-n700000-r03	70000	700000	0.0001	3	6230819915418504357
table5-m70000-n700000-r04	70000	700000	0.0001	4	5050833866237992834
table5-m70000-n700000-r05	70000	700000	0.0001	5	3478211357477831271
table5-m400000-n7000000-r01	400000	7000000	0.0001	1	2810953517340410803
table5-m400000-n7000000-r02	400000	7000000	0.0001	2	6916851584803374380
table5-m400000-n7000000-r03	400000	7000000	0.0001	3	2252237519727520935
table5-m400000-n7000000-r04	400000	7000000	0.0001	4	9202490041639810005
table5-m400000-n7000000-r05	400000	7000000	0.0001	5	1459784771767232267
table5-m700000-n7000000-r01	700000	7000000	0.0001	1	2694979877904449328
table5-m700000-n7000000-r02	700000	7000000	0.0001	2	706412229318414900
table5-m700000-n7000000-r03	700000	7000000	0.0001	3	2776373863867649000
table5-m700000-n7000000-r04	700000	7000000	0.0001	4	780990368380045832
table5-m700000-n7000000-r05	700000	7000000	0.0001	5	6974796360093007817
table5-m750000-n7500000-r01	750000	7500000	0.0001	1	3464449634565370456
table5-m750000-n7500000-r02	750000	7500000	0.0001	2	7063733435616014003
table5-m750000-n7500000-r03	750000	7500000	0.0001	3	7306719367855031537
table5-m750000-n7500000-r04	750000	7500000	0.0001	4	66351557481754279
table5-m750000-n7500000-r05	750000	7500000	0.0001	5	7133432016813647455
TABLE5_MANIFEST_VALID instances=25 unique_ids=25 unique_seeds=25
GPU_PREFLIGHT 3, GPU-22f89f46-9219-a475-fe40-bba785517158, NVIDIA H100 80GB HBM3, 0, 81081, 0
SOLVE_CASE_START solver=cupdcs id=table5-m700000-n7000000-r02 gpu=3 utc=2026-07-29T23:10:32Z
TABLE5_SOLVE_START solver=cupdcs instance=table5-m700000-n7000000-r02 m=700000 n=7000000 density=0.0001 seed=706412229318414900 tolerance=1.0e-6 time_limit=1800.0
TABLE5_INSTANCE_READY instance=table5-m700000-n7000000-r02 nnz=489993873 lambda=0.12280499462973944 numerical_digest=dfd0a9d946d34f8cfe646f01ac15da84b0df9f81282a17df4f42ac2eb6d0422d model_digest=fff79df977123495a97c828dc0a9ff91ef21b7f1e103af536cc26fda57b7d385 generation_seconds=100.2046902179718
rescaling_method is not set, using default value: :ruiz_pock_chambolle. Note that if :use_scaling is false, this option is ignored.
kkt_restart_freq is not set, using default value: 500.
duality_gap_restart_freq is not set, using default value: 2000.
[ Info: logfile is set to nothing
[ Info: ---------------------------------------------------
[ Info: ------------- Parameter Info Summary --------------
[ Info: ---------------------------------------------------
[ Info: time limit: 1800.0
[ Info: use_preconditioner: true
[ Info: use_adaptive_restart: true
[ Info: use_adaptive_step_size_weight: true
[ Info: use_aggressive: true
[ Info: use_restart: true
[ Info: use_adaptive_step: true
[ Info: use_reflection: true
[ Info: use_halpern: true
[ Info: use_resolving: true
[ Info: use_duality_gap_restart: true
[ Info: duality_gap_restart_freq: 2000
[ Info: use_kkt_restart: false
[ Info: kkt_restart_freq: 2000
[ Info: abs_tol: 1.0e-6
[ Info: rel_tol: 1.0e-6
[ Info: eps_primal_infeasible_low_acc: 1.0e-12
[ Info: eps_dual_infeasible_low_acc: 1.0e-12
[ Info: eps_primal_infeasible_high_acc: 1.0e-16
[ Info: eps_dual_infeasible_high_acc: 1.0e-16
[ Info: print_freq: 1000
[ Info: check_terminate_freq: 1000
[ Info: ---------------------------------------------------
[ Info: ------------- Model Info Summary -----------------
[ Info: ---------------------------------------------------
[ Info: variable number: 14700004
[ Info: constraint number: 15400005
[ Info: non-zero elements in G: 995387755
[ Info: Number of box constraints: 14700004
[ Info: Number of equal constraints: 700003
[ Info: Number of nonnegative constraints: 14000000
[ Info: Number of soc cone constraints: 1
[ Info: Number of rsoc cone constraints: 0
[ Info: Number of exp cone constraints: 0
[ Info: Number of dual exp cone constraints: 0
[ Info: Number of soc cone variables: 0
[ Info: Number of rsoc cone variables: 0
[ Info: Number of exp cone variables: 0
[ Info: Number of dual exp cone variables: 0
[ Info: ---------------------------------------------------
[ Info: Using preconditioner
[ Info: Warm start not enabled. Ignoring warm start values.
[ Info: Initializing primal and dual variables to zero.
[ Info: initial nrm1G: 5.0538795329356563e8, initial nrmInfG: 1.0
[ Info: initial nrm1c: 1.719271924816354e6
[ Info: initial nrm1h: 2283.28862377464
[ Info: initial nrmInfc: 2.0
[ Info: max Dr_product:7.9907893481931005
[ Info: norm Dr_product:22480.83523536638
[ Info: max Dl_product:29.225499235135278
[ Info: norm Dl_product:22480.835257584968
[ Info: after scaling, norm1 c: 288528.1456921348
[ Info: after scaling, normInf c: 1.9996615778638578
[ Info: after scaling, norm1 G: 5.939135413910393e6
[ Info: after scaling, normInf G: 0.7071067811865475
[ Info: iter:0 rel_p_res(inf):5.000e-01 rel_d_res(inf):6.667e-01 primal_obj:0.000e+00 dual_obj:0.000e+00 rel_pd_gap:0.000e+00 time:0.00 restart_used:0
[ Info: ==================================================
[ Info: Start unified diagonal GPU loop for the ablation-compatible production path.
[ Info: iter:0 rel_p_res(inf):5.000e-01 rel_d_res(inf):6.667e-01 primal_obj:0.000e+00 dual_obj:0.000e+00 rel_pd_gap:0.000e+00 time:3.38 restart_used:0
[ Info: iter:1000 rel_p_res(inf):1.096e-04 rel_d_res(inf):1.409e-01 primal_obj:9.41416e+00 dual_obj:1.68189e+01 rel_pd_gap:4.156e-01 time:225.95 restart_used:0, restart_trigger_mean:0, restart_trigger_ergodic:0, diff_nrm_x_recovered:6.468e+00 diff_nrm_y_recovered:4.947e+02 nrm2_x_recovered:6.468e+00 nrm2_y_recovered:4.947e+02, nrmInf_x_recovered:3.990e+00 nrmInf_y_recovered:1.078e+01 dual_gap_ergodic:1.000e+30, dual_gap_mean:1.000e+30, dual_gap_restart_threshold:Inf, dual_gap_r:0.000e+00, kkt_error_ergodic:1.000e+30, kkt_error_mean:1.000e+30, kkt_error_restart_threshold:0.000e+00, tau:1.286e-02, sigma:7.564e+01
[ Info: iter:2000 rel_p_res(inf):6.736e-05 rel_d_res(inf):7.391e-02 primal_obj:1.05555e+01 dual_obj:1.44198e+01 rel_pd_gap:2.506e-01 time:372.35 restart_used:0, restart_trigger_mean:0, restart_trigger_ergodic:0, diff_nrm_x_recovered:1.094e+00 diff_nrm_y_recovered:1.777e+01 nrm2_x_recovered:7.495e+00 nrm2_y_recovered:4.907e+02, nrmInf_x_recovered:4.728e+00 nrmInf_y_recovered:1.129e+01 dual_gap_ergodic:1.000e+30, dual_gap_mean:1.000e+30, dual_gap_restart_threshold:Inf, dual_gap_r:0.000e+00, kkt_error_ergodic:1.000e+30, kkt_error_mean:1.000e+30, kkt_error_restart_threshold:0.000e+00, tau:1.194e-02, sigma:7.023e+01
[ Info: restart due to condition 1
[ Info: omega:76.68181615639497, x_diff_norm:9.521864324462124, y_diff_norm:530.2602670937725
[ Info: iter:3000 rel_p_res(inf):1.511e-05 rel_d_res(inf):4.140e-02 primal_obj:1.18097e+01 dual_obj:1.32662e+01 rel_pd_gap:1.021e-01 time:520.25 restart_used:1, restart_trigger_mean:1, restart_trigger_ergodic:0, diff_nrm_x_recovered:5.213e-01 diff_nrm_y_recovered:7.110e+00 nrm2_x_recovered:7.993e+00 nrm2_y_recovered:4.887e+02, nrmInf_x_recovered:5.085e+00 nrmInf_y_recovered:1.155e+01 dual_gap_ergodic:3.454e-03, dual_gap_mean:2.427e-03, dual_gap_restart_threshold:3.150e-03, dual_gap_r:8.913e+03, kkt_error_ergodic:1.000e+30, kkt_error_mean:1.000e+30, kkt_error_restart_threshold:0.000e+00, tau:1.931e-02, sigma:8.245e+01
[ Info: iter:4000 rel_p_res(inf):9.337e-06 rel_d_res(inf):2.091e-02 primal_obj:1.17014e+01 dual_obj:1.24559e+01 rel_pd_gap:5.607e-02 time:665.08 restart_used:1, restart_trigger_mean:1, restart_trigger_ergodic:0, diff_nrm_x_recovered:3.398e-01 diff_nrm_y_recovered:8.720e+00 nrm2_x_recovered:8.302e+00 nrm2_y_recovered:4.863e+02, nrmInf_x_recovered:5.306e+00 nrmInf_y_recovered:1.133e+01 dual_gap_ergodic:3.454e-03, dual_gap_mean:2.427e-03, dual_gap_restart_threshold:3.150e-03, dual_gap_r:8.913e+03, kkt_error_ergodic:1.000e+30, kkt_error_mean:1.000e+30, kkt_error_restart_threshold:0.000e+00, tau:1.998e-02, sigma:8.532e+01
[ Info: restart due to condition 1
[ Info: omega:65.34761531094084, x_diff_norm:3.189918208506084, y_diff_norm:51.61735862653281
[ Info: iter:5000 rel_p_res(inf):6.795e-06 rel_d_res(inf):1.920e-03 primal_obj:1.16834e+01 dual_obj:1.16980e+01 rel_pd_gap:1.143e-03 time:813.36 restart_used:2, restart_trigger_mean:1, restart_trigger_ergodic:1, diff_nrm_x_recovered:2.931e-01 diff_nrm_y_recovered:8.090e+00 nrm2_x_recovered:8.569e+00 nrm2_y_recovered:4.841e+02, nrmInf_x_recovered:5.497e+00 nrmInf_y_recovered:1.106e+01 dual_gap_ergodic:1.156e-03, dual_gap_mean:2.137e-03, dual_gap_restart_threshold:1.156e-03, dual_gap_r:5.443e+02, kkt_error_ergodic:1.000e+30, kkt_error_mean:1.000e+30, kkt_error_restart_threshold:0.000e+00, tau:3.258e-02, sigma:3.445e+01
[ Info: iter:6000 rel_p_res(inf):3.464e-06 rel_d_res(inf):9.666e-04 primal_obj:1.16540e+01 dual_obj:1.16610e+01 rel_pd_gap:5.549e-04 time:958.19 restart_used:2, restart_trigger_mean:1, restart_trigger_ergodic:1, diff_nrm_x_recovered:1.036e-02 diff_nrm_y_recovered:6.381e-01 nrm2_x_recovered:8.564e+00 nrm2_y_recovered:4.840e+02, nrmInf_x_recovered:5.493e+00 nrmInf_y_recovered:1.102e+01 dual_gap_ergodic:1.156e-03, dual_gap_mean:2.137e-03, dual_gap_restart_threshold:1.156e-03, dual_gap_r:5.443e+02, kkt_error_ergodic:1.000e+30, kkt_error_mean:1.000e+30, kkt_error_restart_threshold:0.000e+00, tau:3.661e-02, sigma:3.871e+01
[ Info: restart due to condition 2
[ Info: omega:32.51793709283118, x_diff_norm:0.3873404779640249, y_diff_norm:13.583755772593241
[ Info: iter:7000 rel_p_res(inf):8.365e-07 rel_d_res(inf):4.437e-05 primal_obj:1.16271e+01 dual_obj:1.16216e+01 rel_pd_gap:4.329e-04 time:1106.82 restart_used:3, restart_trigger_mean:1, restart_trigger_ergodic:2, diff_nrm_x_recovered:9.282e-03 diff_nrm_y_recovered:6.442e-01 nrm2_x_recovered:8.560e+00 nrm2_y_recovered:4.838e+02, nrmInf_x_recovered:5.490e+00 nrmInf_y_recovered:1.098e+01 dual_gap_ergodic:7.477e-04, dual_gap_mean:2.212e-03, dual_gap_restart_threshold:7.477e-04, dual_gap_r:8.922e+00, kkt_error_ergodic:1.000e+30, kkt_error_mean:1.000e+30, kkt_error_restart_threshold:0.000e+00, tau:3.275e-02, sigma:3.735e+01
[ Info: iter:8000 rel_p_res(inf):2.185e-07 rel_d_res(inf):2.260e-05 primal_obj:1.16252e+01 dual_obj:1.16225e+01 rel_pd_gap:2.191e-04 time:1251.67 restart_used:3, restart_trigger_mean:1, restart_trigger_ergodic:2, diff_nrm_x_recovered:1.340e-03 diff_nrm_y_recovered:1.321e-02 nrm2_x_recovered:8.559e+00 nrm2_y_recovered:4.838e+02, nrmInf_x_recovered:5.490e+00 nrmInf_y_recovered:1.098e+01 dual_gap_ergodic:7.477e-04, dual_gap_mean:2.212e-03, dual_gap_restart_threshold:7.477e-04, dual_gap_r:8.922e+00, kkt_error_ergodic:1.000e+30, kkt_error_mean:1.000e+30, kkt_error_restart_threshold:0.000e+00, tau:2.995e-02, sigma:3.416e+01
[ Info: restart due to condition 2
[ Info: omega:33.76952745832887, x_diff_norm:0.015686504870006994, y_diff_norm:1.0032390210933524
[ Info: iter:9000 rel_p_res(inf):1.731e-08 rel_d_res(inf):1.269e-05 primal_obj:1.16234e+01 dual_obj:1.16229e+01 rel_pd_gap:4.007e-05 time:1400.52 restart_used:4, restart_trigger_mean:1, restart_trigger_ergodic:3, diff_nrm_x_recovered:1.228e-03 diff_nrm_y_recovered:1.494e-02 nrm2_x_recovered:8.558e+00 nrm2_y_recovered:4.838e+02, nrmInf_x_recovered:5.489e+00 nrmInf_y_recovered:1.098e+01 dual_gap_ergodic:4.400e-04, dual_gap_mean:1.658e-03, dual_gap_restart_threshold:4.400e-04, dual_gap_r:3.769e-02, kkt_error_ergodic:1.000e+30, kkt_error_mean:1.000e+30, kkt_error_restart_threshold:0.000e+00, tau:2.084e-02, sigma:4.501e+01
[ Info: iter:10000 rel_p_res(inf):4.397e-09 rel_d_res(inf):6.435e-06 primal_obj:1.16234e+01 dual_obj:1.16231e+01 rel_pd_gap:2.027e-05 time:1545.30 restart_used:4, restart_trigger_mean:1, restart_trigger_ergodic:3, diff_nrm_x_recovered:8.007e-05 diff_nrm_y_recovered:3.126e-03 nrm2_x_recovered:8.557e+00 nrm2_y_recovered:4.838e+02, nrmInf_x_recovered:5.489e+00 nrmInf_y_recovered:1.098e+01 dual_gap_ergodic:4.400e-04, dual_gap_mean:1.658e-03, dual_gap_restart_threshold:4.400e-04, dual_gap_r:3.769e-02, kkt_error_ergodic:1.000e+30, kkt_error_mean:1.000e+30, kkt_error_restart_threshold:0.000e+00, tau:2.079e-02, sigma:4.491e+01
[ Info: restart due to artificial condition, beta_artificial = 0.223, inner_iter = 2304, iter = 10329 or force_restart
[ Info: omega:46.4730959487186, x_diff_norm:0.0016221410415171084, y_diff_norm:0.017134993642929888
[ Info: iter:11000 rel_p_res(inf):1.077e-08 rel_d_res(inf):1.515e-06 primal_obj:1.16233e+01 dual_obj:1.16233e+01 rel_pd_gap:2.723e-06 time:1694.10 restart_used:5, restart_trigger_mean:1, restart_trigger_ergodic:3, diff_nrm_x_recovered:1.201e-04 diff_nrm_y_recovered:1.610e-03 nrm2_x_recovered:8.557e+00 nrm2_y_recovered:4.838e+02, nrmInf_x_recovered:5.489e+00 nrmInf_y_recovered:1.098e+01 dual_gap_ergodic:8.765e-04, dual_gap_mean:1.238e-03, dual_gap_restart_threshold:1.839e-03, dual_gap_r:8.505e-05, kkt_error_ergodic:1.000e+30, kkt_error_mean:1.000e+30, kkt_error_restart_threshold:0.000e+00, tau:4.964e-02, sigma:2.437e+01
[ Info: iter:12000 rel_p_res(inf):4.208e-09 rel_d_res(inf):6.789e-07 primal_obj:1.16233e+01 dual_obj:1.16233e+01 rel_pd_gap:7.967e-07 time:1838.79 restart_used:5, restart_trigger_mean:1, restart_trigger_ergodic:3, diff_nrm_x_recovered:2.960e-05 diff_nrm_y_recovered:1.315e-03 nrm2_x_recovered:8.557e+00 nrm2_y_recovered:4.838e+02, nrmInf_x_recovered:5.489e+00 nrmInf_y_recovered:1.098e+01 dual_gap_ergodic:8.765e-04, dual_gap_mean:1.238e-03, dual_gap_restart_threshold:1.839e-03, dual_gap_r:8.505e-05, kkt_error_ergodic:1.000e+30, kkt_error_mean:1.000e+30, kkt_error_restart_threshold:0.000e+00, tau:5.895e-02, sigma:2.894e+01
[ Info: ===============================================
[ Info: ---------------------------------------------------
[ Info: ------------- Solver Info Summary -----------------
[ Info: ---------------------------------------------------
[ Info: iter_num:                     12000
[ Info: exit_status:                  optimal
[ Info: l_2_abs_primal_res:           3.6010e-06
[ Info: l_2_rel_primal_res:           7.9840e-10
[ Info: l_inf_abs_primal_res:         2.3515e-08
[ Info: l_inf_rel_primal_res:         4.2081e-09
[ Info: l_2_abs_dual_res:             5.6665e-06
[ Info: l_2_rel_dual_res:             3.2959e-12
[ Info: l_inf_abs_dual_res:           2.0367e-06
[ Info: l_inf_rel_dual_res:           6.7891e-07
[ Info: rel_gap:                      7.9670e-07
[ Info: abs_gap:                      1.0057e-05
[ Info: primal_obj:                   1.1623e+01
[ Info: dual_obj:                     1.1623e+01
[ Info: time:                         1838.7874
[ Info: ---------------------------------------------------
[ Info:  norm(sol.x.recovered_primal.primal_sol.x, Inf): 5.488562255792493
[ Info:  norm(sol.y.recovered_dual.dual_sol.y, Inf): 10.977100472692072
[ Info: time for projection: 3.542897939682007
[ Info: time for iterative: 1795.624235868454
[ Info: time for restart check: 7.430880308151245
[ Info: time for exit check: 0.0
[ Info: time for print info calculation: 1.581838846206665
TABLE5_SOLVE_RESULT solver=cupdcs instance=table5-m700000-n7000000-r02 termination=OPTIMAL primal_status=FEASIBLE_POINT iterations=12000 objective=11.623336998590844 optimize_wall_seconds=3670.94256401062
TABLE5_SOLVE_FINISH solver=cupdcs instance=table5-m700000-n7000000-r02 status=completed result=/home/zhenwei/PDCS_fork/benchmark/large_scale_lasso/table5_solver_results/cupdcs/table5-m700000-n7000000-r02/attempt_20260729T231032Z/result.toml
RESOURCE_SNAPSHOT label=solve_cupdcs_table5-m700000-n7000000-r02 utc=2026-07-30T00:33:13Z
               total        used        free      shared  buff/cache   available
Mem:           2.0Ti       661Gi       618Gi        87Mi       735Gi       1.3Ti
Swap:             0B          0B          0B
Filesystem                    Size  Used Avail Use% Mounted on
/dev/mapper/ubuntu--vg-lv--0  778G  726G   13G  99% /home
SOLVE_CASE_COMPLETE solver=cupdcs id=table5-m700000-n7000000-r02 utc=2026-07-30T00:33:13Z
TABLE5_REPORT_WRITTEN markdown=/home/zhenwei/PDCS_fork/benchmark/large_scale_lasso/table5_report.md csv=/home/zhenwei/PDCS_fork/benchmark/large_scale_lasso/table5_report.csv solver_csv=/home/zhenwei/PDCS_fork/benchmark/large_scale_lasso/table5_solver_report.csv completed=16 failed=5 pending=4
TABLE5_SOLVE_PHASE_COMPLETE cases=1 storage=no_cbf utc=2026-07-30T00:33:13Z
TABLE5_DRIVER_FINISH command=solve status=0 log=/home/zhenwei/PDCS_fork/benchmark/large_scale_lasso/table5_logs/driver_20260729T231032Z.log utc=2026-07-30T00:33:13Z
