TABLE5_SOLVE_START solver=cuclarabel instance=table5-m70000-n700000-r01 m=70000 n=700000 density=0.0001 seed=6866308190711936842 tolerance=1.0e-6 time_limit=600.0
TABLE5_INSTANCE_READY instance=table5-m70000-n700000-r01 nnz=4902322 lambda=0.048930288571691086 numerical_digest=ea5f479114a93712157200d34dbe16e3ebf17d96129dc5d4a094c4d65e25ed47 model_digest=cf54c6000f9f42006e0157ee389b8aaa86a5ed7fda60cabdb3cd86a3151c0f1c generation_seconds=2.624523162841797
-------------------------------------------------------------
           Clarabel.jl v0.11.0  -  Clever Acronym              

                   (c) Paul Goulart                          
                University of Oxford, 2022                   
-------------------------------------------------------------

problem:
  variables     = 1470004
  constraints   = 1540005
  nnz(P)        = 0
  nnz(A)        = 11344653
  cones (total) = 3
    : Zero        = 1,  numel = 70003
    : Nonnegative = 1,  numel = 1400000
    : SecondOrder = 1,  numel = 70002

settings:
  linear algebra: direct / cudss, precision: 64 bit 
  max iter = 200, time limit = 600.000000,  max step = 0.990
  tol_feas = 1.0e-06, tol_gap_abs = 1.0e-06, tol_gap_rel = 1.0e-06,
  static reg : on, ϵ1 = 1.0e-08, ϵ2 = 4.9e-32
  dynamic reg: on, ϵ = 1.0e-13, δ = 2.0e-07
  iter refine: on, reltol = 1.0e-12, abstol = 1.0e-12, 
               max iter = 10, stop ratio = 5.0
  equilibrate: on, min_scale = 1.0e-04, max_scale = 1.0e+04
               max iter = 10

iter    pcost        dcost       gap       pres      dres      k/t        μ       step      
---------------------------------------------------------------------------------------------
  0   2.6021e-18  -3.9864e-16  4.01e-16  9.98e-01  9.51e-01  1.00e+00  1.05e+00   ------   
  1  -5.5833e+00  -8.5705e-01  4.73e+00  9.88e-01  8.16e-01  4.96e+00  9.11e-01  9.90e-01  
  2  -4.5608e+01  -5.8330e+00  6.82e+00  7.41e-01  3.96e-01  3.98e+01  5.18e-01  9.90e-01  
  3  -1.8829e+01  -2.0626e+00  8.13e+00  2.26e-01  4.20e-02  1.68e+01  5.34e-02  9.90e-01  
  4  -1.5307e+00   3.6489e-01  1.90e+00  8.63e-02  5.55e-03  1.90e+00  6.53e-03  8.84e-01  
  5   3.7014e-01   8.7426e-01  5.04e-01  2.30e-02  1.51e-03  5.04e-01  1.79e-03  7.33e-01  
  6   8.1425e-01   1.0368e+00  2.23e-01  1.30e-02  8.77e-04  2.23e-01  1.05e-03  5.59e-01  
  7   1.0393e+00   1.1210e+00  7.86e-02  6.09e-03  4.19e-04  8.17e-02  5.06e-04  6.33e-01  
  8   1.1456e+00   1.1588e+00  1.15e-02  1.71e-03  1.19e-04  1.32e-02  1.45e-04  8.38e-01  
  9   1.1651e+00   1.1655e+00  2.75e-04  1.12e-04  7.89e-06  3.21e-04  9.60e-06  9.76e-01  
 10   1.1656e+00   1.1656e+00  7.18e-06  2.98e-06  2.09e-07  8.38e-06  2.55e-07  9.74e-01  
 11   1.1656e+00   1.1656e+00  3.48e-07  1.46e-07  1.02e-08  4.06e-07  1.24e-08  9.51e-01  
---------------------------------------------------------------------------------------------
Terminated with status = solved
total time =   273s (setup time =   148s, solve time =   110s)
TABLE5_SOLVE_RESULT solver=cuclarabel instance=table5-m70000-n700000-r01 termination=OPTIMAL primal_status=FEASIBLE_POINT iterations=11 objective=1.1655836939490425 optimize_wall_seconds=290.7595751285553
TABLE5_SOLVE_FINISH solver=cuclarabel instance=table5-m70000-n700000-r01 status=completed result=/home/zhenwei/PDCS_fork/benchmark/large_scale_lasso/table5_solver_results/cuclarabel/table5-m70000-n700000-r01/attempt_20260729T195705Z_gpu5/result.toml
