    CondaPkg Found dependencies: /home/zhenwei/PDCS_fork/.julia-depot/packages/PythonCall/5WGSP/CondaPkg.toml
    CondaPkg Found dependencies: /home/zhenwei/PDCS_fork/.julia-depot/packages/CondaPkg/lKlVY/CondaPkg.toml
    CondaPkg Resolving changes
             ~ libstdcxx
             ~ libstdcxx-ng
             ~ openssl
             ~ python
    CondaPkg Initialising pixi
             │ /home/zhenwei/PDCS_fork/.julia-depot/artifacts/4ae17cee0bd922f66b2c72bf2f01c22481a5ec19/bin/pixi
             │ init
             │ --format pixi
             └ /home/zhenwei/PDCS_fork/.CondaPkg
✔ Created /home/zhenwei/PDCS_fork/.CondaPkg/pixi.toml
    CondaPkg Wrote /home/zhenwei/PDCS_fork/.CondaPkg/pixi.toml
             │ [dependencies]
             │ openssl = ">=3, <3.6"
             │ libstdcxx = ">=3.4,<15.0"
             │ libstdcxx-ng = ">=3.4,<15.0"
             │ 
             │     [dependencies.python]
             │     channel = "conda-forge"
             │     build = "*cp*"
             │     version = ">=3.10,!=3.14.0,!=3.14.1,<4"
             │ 
             │ [workspace]
             │ name = ".CondaPkg"
             │ platforms = ["linux-64"]
             │ channels = ["conda-forge"]
             │ channel-priority = "strict"
             └ description = "automatically generated by CondaPkg.jl"
    CondaPkg Installing packages
             │ /home/zhenwei/PDCS_fork/.julia-depot/artifacts/4ae17cee0bd922f66b2c72bf2f01c22481a5ec19/bin/pixi
             │ install
             └ --manifest-path /home/zhenwei/PDCS_fork/.CondaPkg/pixi.toml
✔ The default environment has been installed.
TABLE5_SOLVE_START solver=cupdcs instance=table5-m750000-n7500000-r05 m=750000 n=7500000 density=0.0001 seed=7133432016813647455 tolerance=1.0e-6 time_limit=10800.0
TABLE5_INSTANCE_READY instance=table5-m750000-n7500000-r05 nnz=562500738 lambda=0.12778585685875246 numerical_digest=6d70e25ae29564e347b6b3c0f3a1ed1007a5a9a2997d79917a8eb3eaf7005fc0 model_digest=36fe2cd5879f9798bfd28053c5d779b9f29bbf33f84388eb53b4860d893011bd generation_seconds=112.03862500190735
rescaling_method is not set, using default value: :ruiz_pock_chambolle. Note that if :use_scaling is false, this option is ignored.
kkt_restart_freq is not set, using default value: 500.
duality_gap_restart_freq is not set, using default value: 2000.
[ Info: logfile is set to nothing
[ Info: ---------------------------------------------------
[ Info: ------------- Parameter Info Summary --------------
[ Info: ---------------------------------------------------
[ Info: time limit: 10800.0
[ Info: use_preconditioner: true
[ Info: use_adaptive_restart: true
[ Info: use_adaptive_step_size_weight: true
[ Info: use_aggressive: true
[ Info: use_restart: true
[ Info: use_adaptive_step: true
[ Info: use_reflection: true
[ Info: use_halpern: true
[ Info: use_resolving: true
[ Info: use_duality_gap_restart: true
[ Info: duality_gap_restart_freq: 2000
[ Info: use_kkt_restart: false
[ Info: kkt_restart_freq: 2000
[ Info: abs_tol: 1.0e-6
[ Info: rel_tol: 1.0e-6
[ Info: eps_primal_infeasible_low_acc: 1.0e-12
[ Info: eps_dual_infeasible_low_acc: 1.0e-12
[ Info: eps_primal_infeasible_high_acc: 1.0e-16
[ Info: eps_dual_infeasible_high_acc: 1.0e-16
[ Info: print_freq: 1000
[ Info: check_terminate_freq: 1000
[ Info: ---------------------------------------------------
[ Info: ------------- Model Info Summary -----------------
[ Info: ---------------------------------------------------
[ Info: variable number: 15750004
[ Info: constraint number: 16500005
[ Info: non-zero elements in G: 1141501485
[ Info: Number of box constraints: 15750004
[ Info: Number of equal constraints: 750003
[ Info: Number of nonnegative constraints: 15000000
[ Info: Number of soc cone constraints: 1
[ Info: Number of rsoc cone constraints: 0
[ Info: Number of exp cone constraints: 0
[ Info: Number of dual exp cone constraints: 0
[ Info: Number of soc cone variables: 0
[ Info: Number of rsoc cone variables: 0
[ Info: Number of exp cone variables: 0
[ Info: Number of dual exp cone variables: 0
[ Info: ---------------------------------------------------
[ Info: Using preconditioner
[ Info: Warm start not enabled. Ignoring warm start values.
[ Info: Initializing primal and dual variables to zero.
[ Info: initial nrm1G: 5.790083177325375e8, initial nrmInfG: 1.0
[ Info: initial nrm1c: 1.9167898528812854e6
[ Info: initial nrm1h: 2440.308472494931
[ Info: initial nrmInfc: 2.0
[ Info: max Dr_product:8.235466834420272
[ Info: norm Dr_product:24062.59165839504
[ Info: max Dl_product:30.181936639283496
[ Info: norm Dl_product:24062.591679153084
[ Info: after scaling, norm1 c: 310912.98920242133
[ Info: after scaling, normInf c: 1.9996615778638578
[ Info: after scaling, norm1 G: 6.282308820450162e6
[ Info: after scaling, normInf G: 0.7071067811865475
[ Info: iter:0 rel_p_res(inf):5.000e-01 rel_d_res(inf):6.667e-01 primal_obj:0.000e+00 dual_obj:0.000e+00 rel_pd_gap:0.000e+00 time:0.00 restart_used:0
[ Info: ==================================================
[ Info: Start unified diagonal GPU loop for the ablation-compatible production path.
[ Info: iter:0 rel_p_res(inf):5.000e-01 rel_d_res(inf):6.667e-01 primal_obj:0.000e+00 dual_obj:0.000e+00 rel_pd_gap:0.000e+00 time:3.71 restart_used:0
[ Info: iter:1000 rel_p_res(inf):9.556e-06 rel_d_res(inf):1.249e-02 primal_obj:1.24708e+01 dual_obj:1.29189e+01 rel_pd_gap:3.219e-02 time:269.41 restart_used:0, restart_trigger_mean:0, restart_trigger_ergodic:0, diff_nrm_x_recovered:8.929e+00 diff_nrm_y_recovered:5.223e+02 nrm2_x_recovered:8.929e+00 nrm2_y_recovered:5.223e+02, nrmInf_x_recovered:5.754e+00 nrmInf_y_recovered:1.197e+01 dual_gap_ergodic:1.000e+30, dual_gap_mean:1.000e+30, dual_gap_restart_threshold:Inf, dual_gap_r:0.000e+00, kkt_error_ergodic:1.000e+30, kkt_error_mean:1.000e+30, kkt_error_restart_threshold:0.000e+00, tau:1.167e-02, sigma:7.432e+01
[ Info: iter:2000 rel_p_res(inf):1.580e-07 rel_d_res(inf):1.725e-04 primal_obj:1.24028e+01 dual_obj:1.24091e+01 rel_pd_gap:4.657e-04 time:685.31 restart_used:0, restart_trigger_mean:0, restart_trigger_ergodic:0, diff_nrm_x_recovered:1.902e-01 diff_nrm_y_recovered:5.868e+00 nrm2_x_recovered:9.095e+00 nrm2_y_recovered:5.208e+02, nrmInf_x_recovered:5.873e+00 nrmInf_y_recovered:1.175e+01 dual_gap_ergodic:1.000e+30, dual_gap_mean:1.000e+30, dual_gap_restart_threshold:Inf, dual_gap_r:0.000e+00, kkt_error_ergodic:1.000e+30, kkt_error_mean:1.000e+30, kkt_error_restart_threshold:0.000e+00, tau:1.181e-02, sigma:7.521e+01
┌ Info: restart candidate selected
│   reason = "duality-gap condition 1"
│   selected_name = "current"
│   current_merit = 1.8043434216927481e-6
│   mean_merit = 0.0006239950416048487
└   halpern_merit = 8.237142462020909e-5
[ Info: restart due to condition 1
[ Info: omega:79.81781675665118, x_diff_norm:11.4666564635094, y_diff_norm:553.9126348614793
[ Info: iter:3000 rel_p_res(inf):2.029e-09 rel_d_res(inf):1.366e-07 primal_obj:1.24020e+01 dual_obj:1.24020e+01 rel_pd_gap:4.418e-08 time:860.52 restart_used:1, restart_trigger_mean:0, restart_trigger_ergodic:1, diff_nrm_x_recovered:2.697e-03 diff_nrm_y_recovered:8.556e-02 nrm2_x_recovered:9.098e+00 nrm2_y_recovered:5.208e+02, nrmInf_x_recovered:5.874e+00 nrmInf_y_recovered:1.175e+01 dual_gap_ergodic:1.804e-06, dual_gap_mean:6.240e-04, dual_gap_restart_threshold:1.804e-06, dual_gap_r:1.519e+04, kkt_error_ergodic:1.000e+30, kkt_error_mean:1.000e+30, kkt_error_restart_threshold:0.000e+00, tau:1.660e-02, sigma:6.400e+01
[ Info: ===============================================
[ Info: ---------------------------------------------------
[ Info: ------------- Solver Info Summary -----------------
[ Info: ---------------------------------------------------
[ Info: iter_num:                     3000
[ Info: exit_status:                  optimal
[ Info: l_2_abs_primal_res:           7.9283e-07
[ Info: l_2_rel_primal_res:           1.6435e-10
[ Info: l_inf_abs_primal_res:         1.1892e-08
[ Info: l_inf_rel_primal_res:         2.0290e-09
[ Info: l_2_abs_dual_res:             1.1091e-05
[ Info: l_2_rel_dual_res:             5.7862e-12
[ Info: l_inf_abs_dual_res:           4.0971e-07
[ Info: l_inf_rel_dual_res:           1.3657e-07
[ Info: rel_gap:                      4.4179e-08
[ Info: abs_gap:                      5.9208e-07
[ Info: primal_obj:                   1.2402e+01
[ Info: dual_obj:                     1.2402e+01
[ Info: time:                         860.5161
[ Info: ---------------------------------------------------
[ Info:  norm(sol.x.recovered_primal.primal_sol.x, Inf): 5.874362759288786
[ Info:  norm(sol.y.recovered_dual.dual_sol.y, Inf): 11.748730676926332
[ Info: time for projection: 1.0843784809112549
[ Info: time for iterative: 502.52575421333313
[ Info: time for restart check: 2.8482470512390137
[ Info: time for exit check: 0.0
[ Info: time for print info calculation: 1.5922601222991943
TABLE5_SOLVE_RESULT solver=cupdcs instance=table5-m750000-n7500000-r05 termination=OPTIMAL primal_status=FEASIBLE_POINT iterations=3000 objective=12.401955688639301 optimize_wall_seconds=3057.2495200634003
TABLE5_SOLVE_FINISH solver=cupdcs instance=table5-m750000-n7500000-r05 status=completed result=/home/zhenwei/PDCS_fork/benchmark/large_scale_lasso/table5_solver_results/cupdcs/table5-m750000-n7500000-r05/attempt_20260730T024047Z/result.toml
