TABLE5_SOLVE_START solver=scs_gpu instance=table5-m70000-n700000-r01 m=70000 n=700000 density=0.0001 seed=6866308190711936842 tolerance=1.0e-6 time_limit=600.0
TABLE5_INSTANCE_READY instance=table5-m70000-n700000-r01 nnz=4902322 lambda=0.048930288571691086 numerical_digest=ea5f479114a93712157200d34dbe16e3ebf17d96129dc5d4a094c4d65e25ed47 model_digest=cf54c6000f9f42006e0157ee389b8aaa86a5ed7fda60cabdb3cd86a3151c0f1c generation_seconds=2.7678918838500977
------------------------------------------------------------------
	       SCS v3.2.11 - Splitting Conic Solver
	(c) Brendan O'Donoghue, Stanford University, 2012
------------------------------------------------------------------
problem:  variables n: 1470004, constraints m: 1540005
cones: 	  z: primal zero / dual free vars: 70003
	  l: linear vars: 1400000
	  q: soc vars: 70002, qsize: 1
settings: eps_abs: 1.0e-06, eps_rel: 1.0e-06, eps_infeas: 1.0e-07
	  alpha: 1.50, scale: 1.00e-01, adaptive_scale: 1
	  max_iters: 100000, normalize: 1, rho_x: 1.00e-06
	  acceleration_lookback: 10, acceleration_interval: 10
	  time_limit_secs: 6.00e+02
	  compiled with openmp parallelization enabled
lin-sys:  sparse-indirect GPU
	  nnz(A): 11344653, nnz(P): 0
------------------------------------------------------------------
 iter | pri res | dua res |   gap   |   obj   |  scale  | time (s)
------------------------------------------------------------------
     0| 2.83e+01  2.00e+00  6.71e+04 -3.36e+04  1.00e-01  1.15e+03 
------------------------------------------------------------------
status:  solved (inaccurate - reached time_limit_secs)
timings: total: 1.15e+03s = setup: 3.45e+00s + solve: 1.15e+03s
	 lin-sys: 4.06e-02s, cones: 1.96e-02s, accel: 4.44e-06s
------------------------------------------------------------------
objective = -33557.781797 (inaccurate)
------------------------------------------------------------------
TABLE5_SOLVE_RESULT solver=scs_gpu instance=table5-m70000-n700000-r01 termination=TIME_LIMIT primal_status=FEASIBLE_POINT iterations=0 objective=-67115.76798576472 optimize_wall_seconds=1161.9086458683014
TABLE5_SOLVE_FINISH solver=scs_gpu instance=table5-m70000-n700000-r01 status=completed result=/home/zhenwei/PDCS_fork/benchmark/large_scale_lasso/table5_solver_results/scs_gpu/table5-m70000-n700000-r01/attempt_20260729T195705Z_gpu5/result.toml
