    CondaPkg Found dependencies: /home/zhenwei/PDCS_fork/.julia-depot/packages/PythonCall/5WGSP/CondaPkg.toml
    CondaPkg Found dependencies: /home/zhenwei/PDCS_fork/.julia-depot/packages/CondaPkg/lKlVY/CondaPkg.toml
    CondaPkg Resolving changes
             ~ libstdcxx
             ~ libstdcxx-ng
             ~ openssl
             ~ python
    CondaPkg Initialising pixi
             │ /home/zhenwei/PDCS_fork/.julia-depot/artifacts/4ae17cee0bd922f66b2c72bf2f01c22481a5ec19/bin/pixi
             │ init
             │ --format pixi
             └ /home/zhenwei/PDCS_fork/.CondaPkg
✔ Created /home/zhenwei/PDCS_fork/.CondaPkg/pixi.toml
    CondaPkg Wrote /home/zhenwei/PDCS_fork/.CondaPkg/pixi.toml
             │ [dependencies]
             │ openssl = ">=3, <3.6"
             │ libstdcxx = ">=3.4,<15.0"
             │ libstdcxx-ng = ">=3.4,<15.0"
             │ 
             │     [dependencies.python]
             │     channel = "conda-forge"
             │     build = "*cp*"
             │     version = ">=3.10,!=3.14.0,!=3.14.1,<4"
             │ 
             │ [workspace]
             │ name = ".CondaPkg"
             │ platforms = ["linux-64"]
             │ channels = ["conda-forge"]
             │ channel-priority = "strict"
             └ description = "automatically generated by CondaPkg.jl"
    CondaPkg Installing packages
             │ /home/zhenwei/PDCS_fork/.julia-depot/artifacts/4ae17cee0bd922f66b2c72bf2f01c22481a5ec19/bin/pixi
             │ install
             └ --manifest-path /home/zhenwei/PDCS_fork/.CondaPkg/pixi.toml
✔ The default environment has been installed.
TABLE5_SOLVE_START solver=cupdcs instance=table5-m700000-n7000000-r04 m=700000 n=7000000 density=0.0001 seed=780990368380045832 tolerance=1.0e-6 time_limit=10800.0
TABLE5_INSTANCE_READY instance=table5-m700000-n7000000-r04 nnz=490025873 lambda=0.11988256988229479 numerical_digest=6469f5d80919a94e23bd656718ffa4aa2eb60c199fdc633055ce9c7e6d8cdc04 model_digest=2ee8dccfe2d07d01cfbfdf054b495664b35abbf7d8c52025b1e51883264370f0 generation_seconds=100.41684317588806
rescaling_method is not set, using default value: :ruiz_pock_chambolle. Note that if :use_scaling is false, this option is ignored.
kkt_restart_freq is not set, using default value: 500.
duality_gap_restart_freq is not set, using default value: 2000.
[ Info: logfile is set to nothing
[ Info: ---------------------------------------------------
[ Info: ------------- Parameter Info Summary --------------
[ Info: ---------------------------------------------------
[ Info: time limit: 10800.0
[ Info: use_preconditioner: true
[ Info: use_adaptive_restart: true
[ Info: use_adaptive_step_size_weight: true
[ Info: use_aggressive: true
[ Info: use_restart: true
[ Info: use_adaptive_step: true
[ Info: use_reflection: true
[ Info: use_halpern: true
[ Info: use_resolving: true
[ Info: use_duality_gap_restart: true
[ Info: duality_gap_restart_freq: 2000
[ Info: use_kkt_restart: false
[ Info: kkt_restart_freq: 2000
[ Info: abs_tol: 1.0e-6
[ Info: rel_tol: 1.0e-6
[ Info: eps_primal_infeasible_low_acc: 1.0e-12
[ Info: eps_dual_infeasible_low_acc: 1.0e-12
[ Info: eps_primal_infeasible_high_acc: 1.0e-16
[ Info: eps_dual_infeasible_high_acc: 1.0e-16
[ Info: print_freq: 1000
[ Info: check_terminate_freq: 1000
[ Info: ---------------------------------------------------
[ Info: ------------- Model Info Summary -----------------
[ Info: ---------------------------------------------------
[ Info: variable number: 14700004
[ Info: constraint number: 15400005
[ Info: non-zero elements in G: 995451755
[ Info: Number of box constraints: 14700004
[ Info: Number of equal constraints: 700003
[ Info: Number of nonnegative constraints: 14000000
[ Info: Number of soc cone constraints: 1
[ Info: Number of rsoc cone constraints: 0
[ Info: Number of exp cone constraints: 0
[ Info: Number of dual exp cone constraints: 0
[ Info: Number of soc cone variables: 0
[ Info: Number of rsoc cone variables: 0
[ Info: Number of exp cone variables: 0
[ Info: Number of dual exp cone variables: 0
[ Info: ---------------------------------------------------
[ Info: Using preconditioner
[ Info: Warm start not enabled. Ignoring warm start values.
[ Info: Initializing primal and dual variables to zero.
[ Info: initial nrm1G: 5.0543545577936417e8, initial nrmInfG: 1.0
[ Info: initial nrm1c: 1.6783579783521267e6
[ Info: initial nrm1h: 2277.7647148349092
[ Info: initial nrmInfc: 2.0
[ Info: max Dr_product:8.14192227031762
[ Info: norm Dr_product:22481.89172123843
[ Info: max Dl_product:29.1036080371424
[ Info: norm Dl_product:22481.891743455973
[ Info: after scaling, norm1 c: 281650.3419462832
[ Info: after scaling, normInf c: 1.9996615778638578
[ Info: after scaling, norm1 G: 5.939036300176135e6
[ Info: after scaling, normInf G: 0.7071067811865475
[ Info: iter:0 rel_p_res(inf):5.000e-01 rel_d_res(inf):6.667e-01 primal_obj:0.000e+00 dual_obj:0.000e+00 rel_pd_gap:0.000e+00 time:0.00 restart_used:0
[ Info: ==================================================
[ Info: Start unified diagonal GPU loop for the ablation-compatible production path.
[ Info: iter:0 rel_p_res(inf):5.000e-01 rel_d_res(inf):6.667e-01 primal_obj:0.000e+00 dual_obj:0.000e+00 rel_pd_gap:0.000e+00 time:3.75 restart_used:0
[ Info: iter:1000 rel_p_res(inf):7.986e-06 rel_d_res(inf):8.568e-03 primal_obj:1.16145e+01 dual_obj:1.18903e+01 rel_pd_gap:2.140e-02 time:361.72 restart_used:0, restart_trigger_mean:0, restart_trigger_ergodic:0, diff_nrm_x_recovered:8.325e+00 diff_nrm_y_recovered:4.740e+02 nrm2_x_recovered:8.325e+00 nrm2_y_recovered:4.740e+02, nrmInf_x_recovered:5.323e+00 nrmInf_y_recovered:1.094e+01 dual_gap_ergodic:1.000e+30, dual_gap_mean:1.000e+30, dual_gap_restart_threshold:Inf, dual_gap_r:0.000e+00, kkt_error_ergodic:1.000e+30, kkt_error_mean:1.000e+30, kkt_error_restart_threshold:0.000e+00, tau:1.568e-02, sigma:8.786e+01
[ Info: iter:2000 rel_p_res(inf):1.964e-07 rel_d_res(inf):1.227e-04 primal_obj:1.15636e+01 dual_obj:1.15678e+01 rel_pd_gap:3.281e-04 time:508.20 restart_used:0, restart_trigger_mean:0, restart_trigger_ergodic:0, diff_nrm_x_recovered:1.388e-01 diff_nrm_y_recovered:3.660e+00 nrm2_x_recovered:8.448e+00 nrm2_y_recovered:4.730e+02, nrmInf_x_recovered:5.410e+00 nrmInf_y_recovered:1.082e+01 dual_gap_ergodic:1.000e+30, dual_gap_mean:1.000e+30, dual_gap_restart_threshold:Inf, dual_gap_r:0.000e+00, kkt_error_ergodic:1.000e+30, kkt_error_mean:1.000e+30, kkt_error_restart_threshold:0.000e+00, tau:1.466e-02, sigma:8.213e+01
┌ Info: restart candidate selected
│   reason = "duality-gap condition 1"
│   selected_name = "current"
│   current_merit = 1.2993427314400665e-6
│   mean_merit = 0.000830661450083333
└   halpern_merit = 6.297022250993869e-5
[ Info: restart due to condition 1
[ Info: omega:74.85772031213823, x_diff_norm:10.676570282965546, y_diff_norm:504.3444476632511
[ Info: iter:3000 rel_p_res(inf):1.482e-09 rel_d_res(inf):2.056e-07 primal_obj:1.15631e+01 dual_obj:1.15631e+01 rel_pd_gap:5.011e-07 time:658.71 restart_used:1, restart_trigger_mean:0, restart_trigger_ergodic:1, diff_nrm_x_recovered:2.047e-03 diff_nrm_y_recovered:5.434e-02 nrm2_x_recovered:8.449e+00 nrm2_y_recovered:4.730e+02, nrmInf_x_recovered:5.411e+00 nrmInf_y_recovered:1.082e+01 dual_gap_ergodic:1.299e-06, dual_gap_mean:8.307e-04, dual_gap_restart_threshold:1.299e-06, dual_gap_r:1.085e+04, kkt_error_ergodic:1.000e+30, kkt_error_mean:1.000e+30, kkt_error_restart_threshold:0.000e+00, tau:1.757e-02, sigma:6.212e+01
[ Info: ===============================================
[ Info: ---------------------------------------------------
[ Info: ------------- Solver Info Summary -----------------
[ Info: ---------------------------------------------------
[ Info: iter_num:                     3000
[ Info: exit_status:                  optimal
[ Info: l_2_abs_primal_res:           4.9320e-07
[ Info: l_2_rel_primal_res:           1.0986e-10
[ Info: l_inf_abs_primal_res:         8.2027e-09
[ Info: l_inf_rel_primal_res:         1.4824e-09
[ Info: l_2_abs_dual_res:             6.9782e-06
[ Info: l_2_rel_dual_res:             4.1578e-12
[ Info: l_inf_abs_dual_res:           6.1666e-07
[ Info: l_inf_rel_dual_res:           2.0555e-07
[ Info: rel_gap:                      5.0110e-07
[ Info: abs_gap:                      6.2953e-06
[ Info: primal_obj:                   1.1563e+01
[ Info: dual_obj:                     1.1563e+01
[ Info: time:                         658.7124
[ Info: ---------------------------------------------------
[ Info:  norm(sol.x.recovered_primal.primal_sol.x, Inf): 5.411348001030059
[ Info:  norm(sol.y.recovered_dual.dual_sol.y, Inf): 10.822703098062869
[ Info: time for projection: 1.1621394157409668
[ Info: time for iterative: 641.0171008110046
[ Info: time for restart check: 2.492176055908203
[ Info: time for exit check: 0.0
[ Info: time for print info calculation: 1.4635372161865234
TABLE5_SOLVE_RESULT solver=cupdcs instance=table5-m700000-n7000000-r04 termination=OPTIMAL primal_status=FEASIBLE_POINT iterations=3000 objective=11.563091692395604 optimize_wall_seconds=2660.1201541423798
TABLE5_SOLVE_FINISH solver=cupdcs instance=table5-m700000-n7000000-r04 status=completed result=/home/zhenwei/PDCS_fork/benchmark/large_scale_lasso/table5_solver_results/cupdcs/table5-m700000-n7000000-r04/attempt_20260730T024047Z/result.toml
