┌ Info: CondaPkg: Waiting for lock to be freed. You may delete this file if no other process is resolving.
└   lock_file = "/home/zhenwei/PDCS_fork/.CondaPkg/lock"
TABLE5_SOLVE_START solver=cupdcs instance=table5-m70000-n700000-r01 m=70000 n=700000 density=0.0001 seed=6866308190711936842 tolerance=1.0e-6 time_limit=600.0
TABLE5_INSTANCE_READY instance=table5-m70000-n700000-r01 nnz=4902322 lambda=0.048930288571691086 numerical_digest=ea5f479114a93712157200d34dbe16e3ebf17d96129dc5d4a094c4d65e25ed47 model_digest=cf54c6000f9f42006e0157ee389b8aaa86a5ed7fda60cabdb3cd86a3151c0f1c generation_seconds=2.8544609546661377
rescaling_method is not set, using default value: :ruiz_pock_chambolle. Note that if :use_scaling is false, this option is ignored.
kkt_restart_freq is not set, using default value: 500.
duality_gap_restart_freq is not set, using default value: 2000.
[ Info: logfile is set to nothing
[ Info: ---------------------------------------------------
[ Info: ------------- Parameter Info Summary --------------
[ Info: ---------------------------------------------------
[ Info: time limit: 600.0
[ Info: use_preconditioner: true
[ Info: use_adaptive_restart: true
[ Info: use_adaptive_step_size_weight: true
[ Info: use_aggressive: true
[ Info: use_restart: true
[ Info: use_adaptive_step: true
[ Info: use_reflection: true
[ Info: use_halpern: true
[ Info: use_resolving: true
[ Info: use_duality_gap_restart: true
[ Info: duality_gap_restart_freq: 2000
[ Info: use_kkt_restart: false
[ Info: kkt_restart_freq: 2000
[ Info: abs_tol: 1.0e-6
[ Info: rel_tol: 1.0e-6
[ Info: eps_primal_infeasible_low_acc: 1.0e-12
[ Info: eps_dual_infeasible_low_acc: 1.0e-12
[ Info: eps_primal_infeasible_high_acc: 1.0e-16
[ Info: eps_dual_infeasible_high_acc: 1.0e-16
[ Info: print_freq: 1000
[ Info: check_terminate_freq: 1000
[ Info: ---------------------------------------------------
[ Info: ------------- Model Info Summary -----------------
[ Info: ---------------------------------------------------
[ Info: variable number: 1470004
[ Info: constraint number: 1540005
[ Info: non-zero elements in G: 11344653
[ Info: Number of box constraints: 1470004
[ Info: Number of equal constraints: 70003
[ Info: Number of nonnegative constraints: 1400000
[ Info: Number of soc cone constraints: 1
[ Info: Number of rsoc cone constraints: 0
[ Info: Number of exp cone constraints: 0
[ Info: Number of dual exp cone constraints: 0
[ Info: Number of soc cone variables: 0
[ Info: Number of rsoc cone variables: 0
[ Info: Number of exp cone variables: 0
[ Info: Number of dual exp cone variables: 0
[ Info: ---------------------------------------------------
[ Info: Using preconditioner
[ Info: Warm start not enabled. Ignoring warm start values.
[ Info: Initializing primal and dual variables to zero.
[ Info: initial nrm1G: 6.442085373418478e6, initial nrmInfG: 1.0
[ Info: initial nrm1c: 68504.40400036749
[ Info: initial nrm1h: 228.03090249002963
[ Info: initial nrmInfc: 2.0
[ Info: max Dr_product:3.6727120289805866
[ Info: norm Dr_product:2538.1262694246375
[ Info: max Dl_product:10.860378574929356
[ Info: norm Dl_product:2538.1264662203357
[ Info: after scaling, norm1 c: 33860.297885530934
[ Info: after scaling, normInf c: 1.9996615778638578
[ Info: after scaling, norm1 G: 1.0119023485714467e6
[ Info: after scaling, normInf G: 1.0
[ Info: iter:0 rel_p_res(inf):5.000e-01 rel_d_res(inf):6.667e-01 primal_obj:0.000e+00 dual_obj:0.000e+00 rel_pd_gap:0.000e+00 time:0.00 restart_used:0
[ Info: ==================================================
[ Info: Start unified diagonal GPU loop for the ablation-compatible production path.
[ Info: iter:0 rel_p_res(inf):5.000e-01 rel_d_res(inf):6.667e-01 primal_obj:0.000e+00 dual_obj:0.000e+00 rel_pd_gap:0.000e+00 time:2.71 restart_used:0
[ Info: iter:1000 rel_p_res(inf):2.663e-04 rel_d_res(inf):1.287e-02 primal_obj:1.08067e+00 dual_obj:1.29677e+00 rel_pd_gap:9.409e-02 time:4.60 restart_used:0, restart_trigger_mean:0, restart_trigger_ergodic:0, diff_nrm_x_recovered:1.926e+00 diff_nrm_y_recovered:6.021e+01 nrm2_x_recovered:1.926e+00 nrm2_y_recovered:6.021e+01, nrmInf_x_recovered:1.097e+00 nrmInf_y_recovered:2.235e+00 dual_gap_ergodic:1.000e+30, dual_gap_mean:1.000e+30, dual_gap_restart_threshold:Inf, dual_gap_r:0.000e+00, kkt_error_ergodic:1.000e+30, kkt_error_mean:1.000e+30, kkt_error_restart_threshold:0.000e+00, tau:4.244e-02, sigma:3.561e+01
[ Info: iter:2000 rel_p_res(inf):2.006e-04 rel_d_res(inf):9.289e-03 primal_obj:1.10954e+00 dual_obj:1.24945e+00 rel_pd_gap:6.220e-02 time:6.05 restart_used:0, restart_trigger_mean:0, restart_trigger_ergodic:0, diff_nrm_x_recovered:1.147e-02 diff_nrm_y_recovered:2.556e-01 nrm2_x_recovered:1.932e+00 nrm2_y_recovered:6.013e+01, nrmInf_x_recovered:1.101e+00 nrmInf_y_recovered:2.219e+00 dual_gap_ergodic:1.000e+30, dual_gap_mean:1.000e+30, dual_gap_restart_threshold:Inf, dual_gap_r:0.000e+00, kkt_error_ergodic:1.000e+30, kkt_error_mean:1.000e+30, kkt_error_restart_threshold:0.000e+00, tau:3.161e-02, sigma:2.653e+01
[ Info: restart due to condition 1
[ Info: omega:28.96885723560685, x_diff_norm:2.751726757668653, y_diff_norm:62.86131151098718
[ Info: iter:3000 rel_p_res(inf):5.077e-06 rel_d_res(inf):2.965e-04 primal_obj:1.16606e+00 dual_obj:1.16822e+00 rel_pd_gap:9.969e-04 time:7.12 restart_used:1, restart_trigger_mean:1, restart_trigger_ergodic:0, diff_nrm_x_recovered:1.027e-02 diff_nrm_y_recovered:2.009e-01 nrm2_x_recovered:1.939e+00 nrm2_y_recovered:6.007e+01, nrmInf_x_recovered:1.105e+00 nrmInf_y_recovered:2.211e+00 dual_gap_ergodic:3.014e-03, dual_gap_mean:2.967e-03, dual_gap_restart_threshold:3.021e-03, dual_gap_r:3.792e+02, kkt_error_ergodic:1.000e+30, kkt_error_mean:1.000e+30, kkt_error_restart_threshold:0.000e+00, tau:3.698e-02, sigma:2.448e+01
[ Info: iter:4000 rel_p_res(inf):1.833e-06 rel_d_res(inf):1.252e-04 primal_obj:1.16577e+00 dual_obj:1.16666e+00 rel_pd_gap:4.075e-04 time:8.01 restart_used:1, restart_trigger_mean:1, restart_trigger_ergodic:0, diff_nrm_x_recovered:6.329e-04 diff_nrm_y_recovered:1.305e-02 nrm2_x_recovered:1.939e+00 nrm2_y_recovered:6.006e+01, nrmInf_x_recovered:1.105e+00 nrmInf_y_recovered:2.210e+00 dual_gap_ergodic:3.014e-03, dual_gap_mean:2.967e-03, dual_gap_restart_threshold:3.021e-03, dual_gap_r:3.792e+02, kkt_error_ergodic:1.000e+30, kkt_error_mean:1.000e+30, kkt_error_restart_threshold:0.000e+00, tau:5.011e-02, sigma:3.316e+01
[ Info: iter:5000 rel_p_res(inf):1.320e-06 rel_d_res(inf):9.420e-05 primal_obj:1.16576e+00 dual_obj:1.16639e+00 rel_pd_gap:2.922e-04 time:8.91 restart_used:1, restart_trigger_mean:1, restart_trigger_ergodic:0, diff_nrm_x_recovered:1.974e-04 diff_nrm_y_recovered:4.128e-03 nrm2_x_recovered:1.939e+00 nrm2_y_recovered:6.006e+01, nrmInf_x_recovered:1.105e+00 nrmInf_y_recovered:2.210e+00 dual_gap_ergodic:1.775e-02, dual_gap_mean:2.840e-03, dual_gap_restart_threshold:3.021e-03, dual_gap_r:3.792e+02, kkt_error_ergodic:1.000e+30, kkt_error_mean:1.000e+30, kkt_error_restart_threshold:0.000e+00, tau:4.655e-02, sigma:3.081e+01
[ Info: iter:6000 rel_p_res(inf):9.078e-07 rel_d_res(inf):6.667e-05 primal_obj:1.16575e+00 dual_obj:1.16619e+00 rel_pd_gap:2.049e-04 time:9.81 restart_used:1, restart_trigger_mean:1, restart_trigger_ergodic:0, diff_nrm_x_recovered:1.204e-04 diff_nrm_y_recovered:3.154e-03 nrm2_x_recovered:1.939e+00 nrm2_y_recovered:6.006e+01, nrmInf_x_recovered:1.105e+00 nrmInf_y_recovered:2.210e+00 dual_gap_ergodic:1.775e-02, dual_gap_mean:2.840e-03, dual_gap_restart_threshold:3.021e-03, dual_gap_r:3.792e+02, kkt_error_ergodic:1.000e+30, kkt_error_mean:1.000e+30, kkt_error_restart_threshold:0.000e+00, tau:3.614e-02, sigma:2.392e+01
[ Info: restart due to condition 1
[ Info: omega:25.7249623094901, x_diff_norm:0.08636204986610029, y_diff_norm:1.2905468442655075
[ Info: iter:7000 rel_p_res(inf):1.737e-08 rel_d_res(inf):1.613e-07 primal_obj:1.16559e+00 dual_obj:1.16558e+00 rel_pd_gap:2.540e-06 time:10.87 restart_used:2, restart_trigger_mean:1, restart_trigger_ergodic:1, diff_nrm_x_recovered:2.934e-04 diff_nrm_y_recovered:5.722e-03 nrm2_x_recovered:1.939e+00 nrm2_y_recovered:6.006e+01, nrmInf_x_recovered:1.105e+00 nrmInf_y_recovered:2.210e+00 dual_gap_ergodic:2.560e-04, dual_gap_mean:1.833e-03, dual_gap_restart_threshold:2.560e-04, dual_gap_r:2.911e-01, kkt_error_ergodic:1.000e+30, kkt_error_mean:1.000e+30, kkt_error_restart_threshold:0.000e+00, tau:5.347e-02, sigma:2.055e+01
[ Info: iter:8000 rel_p_res(inf):9.472e-09 rel_d_res(inf):8.418e-08 primal_obj:1.16559e+00 dual_obj:1.16558e+00 rel_pd_gap:1.451e-06 time:11.78 restart_used:2, restart_trigger_mean:1, restart_trigger_ergodic:1, diff_nrm_x_recovered:3.387e-06 diff_nrm_y_recovered:2.543e-05 nrm2_x_recovered:1.939e+00 nrm2_y_recovered:6.006e+01, nrmInf_x_recovered:1.105e+00 nrmInf_y_recovered:2.210e+00 dual_gap_ergodic:2.560e-04, dual_gap_mean:1.833e-03, dual_gap_restart_threshold:2.560e-04, dual_gap_r:2.911e-01, kkt_error_ergodic:1.000e+30, kkt_error_mean:1.000e+30, kkt_error_restart_threshold:0.000e+00, tau:6.403e-02, sigma:2.461e+01
[ Info: iter:9000 rel_p_res(inf):5.509e-09 rel_d_res(inf):8.746e-08 primal_obj:1.16559e+00 dual_obj:1.16558e+00 rel_pd_gap:6.712e-07 time:12.79 restart_used:2, restart_trigger_mean:1, restart_trigger_ergodic:1, diff_nrm_x_recovered:1.389e-06 diff_nrm_y_recovered:8.579e-06 nrm2_x_recovered:1.939e+00 nrm2_y_recovered:6.006e+01, nrmInf_x_recovered:1.105e+00 nrmInf_y_recovered:2.210e+00 dual_gap_ergodic:8.539e-04, dual_gap_mean:2.746e-03, dual_gap_restart_threshold:2.560e-04, dual_gap_r:2.911e-01, kkt_error_ergodic:1.000e+30, kkt_error_mean:1.000e+30, kkt_error_restart_threshold:0.000e+00, tau:5.623e-02, sigma:2.162e+01
[ Info: ===============================================
[ Info: ---------------------------------------------------
[ Info: ------------- Solver Info Summary -----------------
[ Info: ---------------------------------------------------
[ Info: iter_num:                     9000
[ Info: exit_status:                  optimal
[ Info: l_2_abs_primal_res:           5.9289e-07
[ Info: l_2_rel_primal_res:           1.3042e-09
[ Info: l_inf_abs_primal_res:         1.1595e-08
[ Info: l_inf_rel_primal_res:         5.5086e-09
[ Info: l_2_abs_dual_res:             4.0106e-06
[ Info: l_2_rel_dual_res:             5.8544e-11
[ Info: l_inf_abs_dual_res:           2.6238e-07
[ Info: l_inf_rel_dual_res:           8.7459e-08
[ Info: rel_gap:                      6.7117e-07
[ Info: abs_gap:                      1.4535e-06
[ Info: primal_obj:                   1.1656e+00
[ Info: dual_obj:                     1.1656e+00
[ Info: time:                         12.7930
[ Info: ---------------------------------------------------
[ Info:  norm(sol.x.recovered_primal.primal_sol.x, Inf): 1.1048300843513534
[ Info:  norm(sol.y.recovered_dual.dual_sol.y, Inf): 2.20966073060216
[ Info: time for projection: 0.4715702533721924
[ Info: time for iterative: 7.182298183441162
[ Info: time for restart check: 0.21522998809814453
[ Info: time for exit check: 0.0
[ Info: time for print info calculation: 0.5770225524902344
TABLE5_SOLVE_RESULT solver=cupdcs instance=table5-m70000-n700000-r01 termination=OPTIMAL primal_status=FEASIBLE_POINT iterations=9000 objective=1.165586336556841 optimize_wall_seconds=69.87060809135437
TABLE5_SOLVE_FINISH solver=cupdcs instance=table5-m70000-n700000-r01 status=completed result=/home/zhenwei/PDCS_fork/benchmark/large_scale_lasso/table5_solver_results/cupdcs/table5-m70000-n700000-r01/attempt_20260729T195705Z_gpu5/result.toml
