TABLE5_SOLVE_START solver=cuclarabel instance=table5-m70000-n700000-r05 m=70000 n=700000 density=0.0001 seed=3478211357477831271 tolerance=1.0e-6 time_limit=600.0
TABLE5_INSTANCE_READY instance=table5-m70000-n700000-r05 nnz=4900969 lambda=0.04797910888477588 numerical_digest=ed0b21b8debd70178485af9c352b577e80bcb200ff5ee7c84d44e3917cbf2dd2 model_digest=104daa536b6cfee1a9678548cb630152bb8e2f201ec2b6edd4826af35343316d generation_seconds=3.0222768783569336
-------------------------------------------------------------
           Clarabel.jl v0.11.0  -  Clever Acronym              

                   (c) Paul Goulart                          
                University of Oxford, 2022                   
-------------------------------------------------------------

problem:
  variables     = 1470004
  constraints   = 1540005
  nnz(P)        = 0
  nnz(A)        = 11341947
  cones (total) = 3
    : Zero        = 1,  numel = 70003
    : Nonnegative = 1,  numel = 1400000
    : SecondOrder = 1,  numel = 70002

settings:
  linear algebra: direct / cudss, precision: 64 bit 
  max iter = 200, time limit = 600.000000,  max step = 0.990
  tol_feas = 1.0e-06, tol_gap_abs = 1.0e-06, tol_gap_rel = 1.0e-06,
  static reg : on, ϵ1 = 1.0e-08, ϵ2 = 4.9e-32
  dynamic reg: on, ϵ = 1.0e-13, δ = 2.0e-07
  iter refine: on, reltol = 1.0e-12, abstol = 1.0e-12, 
               max iter = 10, stop ratio = 5.0
  equilibrate: on, min_scale = 1.0e-04, max_scale = 1.0e+04
               max iter = 10

iter    pcost        dcost       gap       pres      dres      k/t        μ       step      
---------------------------------------------------------------------------------------------
  0   8.6736e-19  -4.0402e-16  4.05e-16  9.98e-01  9.52e-01  1.00e+00  1.05e+00   ------   
  1  -5.7060e+00  -8.8087e-01  4.83e+00  9.87e-01  8.18e-01  5.06e+00  9.13e-01  9.90e-01  
  2  -4.8131e+01  -6.1791e+00  6.79e+00  7.31e-01  3.97e-01  4.20e+01  5.25e-01  9.90e-01  
  3  -2.0496e+01  -2.2665e+00  8.04e+00  2.16e-01  4.34e-02  1.82e+01  5.57e-02  9.90e-01  
  4  -1.7459e+00   3.3076e-01  2.08e+00  8.77e-02  5.82e-03  2.08e+00  6.85e-03  8.83e-01  
  5   3.3999e-01   8.6856e-01  5.29e-01  2.27e-02  1.52e-03  5.29e-01  1.81e-03  7.45e-01  
  6   8.0277e-01   1.0333e+00  2.31e-01  1.26e-02  8.63e-04  2.31e-01  1.03e-03  5.64e-01  
  7   1.0497e+00   1.1236e+00  7.04e-02  5.61e-03  3.93e-04  7.39e-02  4.75e-04  6.79e-01  
  8   1.1524e+00   1.1594e+00  6.14e-03  1.55e-03  1.10e-04  7.08e-03  1.33e-04  9.04e-01  
  9   1.1634e+00   1.1635e+00  1.24e-04  9.84e-05  7.02e-06  1.44e-04  8.54e-06  9.80e-01  
 10   1.1636e+00   1.1636e+00  2.97e-06  2.40e-06  1.71e-07  3.46e-06  2.08e-07  9.76e-01  
 11   1.1636e+00   1.1636e+00  2.69e-07  2.26e-07  1.62e-08  3.14e-07  1.97e-08  9.09e-01  
---------------------------------------------------------------------------------------------
Terminated with status = solved
total time =   278s (setup time =   152s, solve time =   110s)
TABLE5_SOLVE_RESULT solver=cuclarabel instance=table5-m70000-n700000-r05 termination=OPTIMAL primal_status=FEASIBLE_POINT iterations=11 objective=1.1635734357840413 optimize_wall_seconds=297.0725860595703
TABLE5_SOLVE_FINISH solver=cuclarabel instance=table5-m70000-n700000-r05 status=completed result=/home/zhenwei/PDCS_fork/benchmark/large_scale_lasso/table5_solver_results/cuclarabel/table5-m70000-n700000-r05/attempt_20260729T195705Z_gpu3/result.toml
