Precompiling packages...
    MathOptInterface Being precompiled by another process (pid: 2254177, pidfile: /tmp/pdcs_cuclarabel_depot/compiled/v1.12/MathOptInterface/tyub8_ZeWUM.ji.pidfile)
  24674.8 ms  ✓ MathOptInterface
    JuMP Being precompiled by another process (pid: 2254177, pidfile: /tmp/pdcs_cuclarabel_depot/compiled/v1.12/JuMP/DmXqY_ZeWUM.ji.pidfile)
  21971.5 ms  ✓ JuMP
  2 dependencies successfully precompiled in 47 seconds. 42 already precompiled.
Precompiling packages...
    ExprTools Being precompiled by another process (pid: 2254670, pidfile: /tmp/pdcs_cuclarabel_depot/compiled/v1.12/ExprTools/eM8wu_ZeWUM.ji.pidfile)
    LLVMExtra_jll Being precompiled by another process (pid: 2254670, pidfile: /tmp/pdcs_cuclarabel_depot/compiled/v1.12/LLVMExtra_jll/R9OeX_ZeWUM.ji.pidfile)
    StringManipulation Being precompiled by another process (pid: 2254670, pidfile: /tmp/pdcs_cuclarabel_depot/compiled/v1.12/StringManipulation/4nJQd_ZeWUM.ji.pidfile)
    CUDA_Runtime_jll Being precompiled by another process (pid: 2254670, pidfile: /tmp/pdcs_cuclarabel_depot/compiled/v1.12/CUDA_Runtime_jll/Hs50y_ZeWUM.ji.pidfile)
    332.8 ms  ✓ ExprTools
    Tracy Being precompiled by another process (pid: 2254670, pidfile: /tmp/pdcs_cuclarabel_depot/compiled/v1.12/Tracy/QvZG9_ZeWUM.ji.pidfile)
   1016.2 ms  ✓ Tracy
   1459.2 ms  ✓ LLVMExtra_jll
    LLVM Being precompiled by another process (pid: 2254670, pidfile: /tmp/pdcs_cuclarabel_depot/compiled/v1.12/LLVM/e8NBy_ZeWUM.ji.pidfile)
   3106.4 ms  ✓ StringManipulation
    PrettyTables Being precompiled by another process (pid: 2255591, pidfile: /tmp/pdcs_cuclarabel_depot/compiled/v1.12/PrettyTables/kRdcL_ZeWUM.ji.pidfile)
   3947.9 ms  ✓ CUDA_Runtime_jll
    CUDA_Compiler_jll Being precompiled by another process (pid: 2254670, pidfile: /tmp/pdcs_cuclarabel_depot/compiled/v1.12/CUDA_Compiler_jll/ljFRe_ZeWUM.ji.pidfile)
   2769.3 ms  ✓ CUDA_Compiler_jll
   7975.5 ms  ✓ LLVM
    GPUToolbox Being precompiled by another process (pid: 2254670, pidfile: /tmp/pdcs_cuclarabel_depot/compiled/v1.12/GPUToolbox/VNkSP_ZeWUM.ji.pidfile)
    LLVM → BFloat16sExt Being precompiled by another process (pid: 2254670, pidfile: /tmp/pdcs_cuclarabel_depot/compiled/v1.12/BFloat16sExt/B6KwG_ZeWUM.ji.pidfile)
    UnsafeAtomics → UnsafeAtomicsLLVM Being precompiled by another process (pid: 2254670, pidfile: /tmp/pdcs_cuclarabel_depot/compiled/v1.12/UnsafeAtomicsLLVM/yk2PZ_ZeWUM.ji.pidfile)
    GPUCompiler Being precompiled by another process (pid: 2254670, pidfile: /tmp/pdcs_cuclarabel_depot/compiled/v1.12/GPUCompiler/yPwef_ZeWUM.ji.pidfile)
   1252.3 ms  ✓ LLVM → BFloat16sExt
   1333.2 ms  ✓ GPUToolbox
   2328.9 ms  ✓ UnsafeAtomics → UnsafeAtomicsLLVM
    GPUArrays Being precompiled by another process (pid: 2254670, pidfile: /tmp/pdcs_cuclarabel_depot/compiled/v1.12/GPUArrays/v5u0T_ZeWUM.ji.pidfile)
   5009.0 ms  ✓ GPUArrays
  16921.9 ms  ✓ PrettyTables
  24482.8 ms  ✓ GPUCompiler
    CUDA Being precompiled by another process (pid: 2254670, pidfile: /tmp/pdcs_cuclarabel_depot/compiled/v1.12/CUDA/oWw5k_ZeWUM.ji.pidfile)
  37978.2 ms  ✓ CUDA
    Atomix → AtomixCUDAExt Being precompiled by another process (pid: 2254177, pidfile: /tmp/pdcs_cuclarabel_depot/compiled/v1.12/AtomixCUDAExt/B0Tg4_ZeWUM.ji.pidfile)
   6716.8 ms  ✓ Atomix → AtomixCUDAExt
  15 dependencies successfully precompiled in 79 seconds. 77 already precompiled.
Precompiling packages...
    CUDA → SpecialFunctionsExt Being precompiled by another process (pid: 2254177, pidfile: /tmp/pdcs_cuclarabel_depot/compiled/v1.12/SpecialFunctionsExt/9h4VD_ZeWUM.ji.pidfile)
   5786.5 ms  ✓ CUDA → SpecialFunctionsExt
  1 dependency successfully precompiled in 6 seconds. 98 already precompiled.
Precompiling packages...
   1758.3 ms  ✓ DataStructures
   2879.7 ms  ✓ CUDSS_jll
   3798.3 ms  ✓ TimerOutputs
   6389.2 ms  ✓ CUDSS
Info Given Clarabel was explicitly requested, output will be shown live [0K
[0KWARNING: Imported binding CUSPARSE.CuSparseDeviceMatrixCSR was undeclared at import time during import to Clarabel.
  76827.5 ms  ✓ Clarabel
  5 dependencies successfully precompiled in 86 seconds. 123 already precompiled.
  1 dependency had output during precompilation:
┌ Clarabel
│  [Output was shown above]
└  
TABLE5_SOLVE_START solver=cuclarabel instance=table5-m10000-n100000-r05 m=10000 n=100000 density=0.0001 seed=2682075302358372869 tolerance=1.0e-6 time_limit=600.0
TABLE5_INSTANCE_READY instance=table5-m10000-n100000-r05 nnz=99930 lambda=0.02972194382049677 numerical_digest=7fcf8bf61bf1ec94c4bc155be1a0ece373ce22dcfdf84b418db388e17ec84e6a model_digest=1c45922acd010d12d4fbe0c0baf8727b08492713b85edb9ac0fa125d394ca5d6 generation_seconds=1.435521125793457
-------------------------------------------------------------
           Clarabel.jl v0.11.0  -  Clever Acronym              

                   (c) Paul Goulart                          
                University of Oxford, 2022                   
-------------------------------------------------------------

problem:
  variables     = 210004
  constraints   = 220005
  nnz(P)        = 0
  nnz(A)        = 419869
  cones (total) = 3
    : Zero        = 1,  numel = 10003
    : Nonnegative = 1,  numel = 200000
    : SecondOrder = 1,  numel = 10002

settings:
  linear algebra: direct / cudss, precision: 64 bit 
  max iter = 200, time limit = 600.000000,  max step = 0.990
  tol_feas = 1.0e-06, tol_gap_abs = 1.0e-06, tol_gap_rel = 1.0e-06,
  static reg : on, ϵ1 = 1.0e-08, ϵ2 = 4.9e-32
  dynamic reg: on, ϵ = 1.0e-13, δ = 2.0e-07
  iter refine: on, reltol = 1.0e-12, abstol = 1.0e-12, 
               max iter = 10, stop ratio = 5.0
  equilibrate: on, min_scale = 1.0e-04, max_scale = 1.0e+04
               max iter = 10

iter    pcost        dcost       gap       pres      dres      k/t        μ       step      
---------------------------------------------------------------------------------------------
  0  -4.3368e-19  -2.4874e-16  2.48e-16  9.95e-01  9.64e-01  1.00e+00  1.03e+00   ------   
  1  -8.5948e+00  -1.4446e+00  4.95e+00  9.61e-01  8.36e-01  7.37e+00  9.46e-01  9.90e-01  
  2  -5.8051e+01  -7.9517e+00  6.30e+00  2.69e-01  2.03e-01  5.01e+01  6.53e-01  9.18e-01  
  3  -4.3968e+00  -5.0843e-01  3.89e+00  2.29e-01  5.91e-02  3.89e+00  8.58e-02  8.73e-01  
  4  -2.2419e-01   9.0930e-02  3.15e-01  2.79e-02  5.69e-03  3.15e-01  7.81e-03  9.16e-01  
  5   1.8107e-02   1.3332e-01  1.15e-01  1.18e-02  2.42e-03  1.15e-01  3.33e-03  6.34e-01  
  6   1.1570e-01   1.5214e-01  3.64e-02  4.44e-03  9.09e-04  3.65e-02  1.25e-03  6.83e-01  
  7   1.4976e-01   1.5935e-01  9.58e-03  1.78e-03  3.65e-04  9.60e-03  5.05e-04  7.37e-01  
  8   1.5951e-01   1.6163e-01  2.12e-03  6.34e-04  1.30e-04  2.13e-03  1.79e-04  7.78e-01  
  9   1.6179e-01   1.6222e-01  4.33e-04  1.43e-04  2.94e-05  4.34e-04  4.06e-05  7.96e-01  
 10   1.6230e-01   1.6236e-01  5.61e-05  2.03e-05  4.15e-06  5.62e-05  5.75e-06  8.70e-01  
 11   1.6237e-01   1.6238e-01  6.39e-06  2.33e-06  4.76e-07  6.41e-06  6.59e-07  8.86e-01  
 12   1.6238e-01   1.6238e-01  2.81e-07  1.04e-07  2.12e-08  2.82e-07  2.94e-08  9.56e-01  
---------------------------------------------------------------------------------------------
Terminated with status = solved
total time =  62.3s (setup time =  21.5s, solve time =  25.9s)
TABLE5_SOLVE_RESULT solver=cuclarabel instance=table5-m10000-n100000-r05 termination=OPTIMAL primal_status=FEASIBLE_POINT iterations=12 objective=0.16238257935720418 optimize_wall_seconds=71.35558080673218
TABLE5_SOLVE_FINISH solver=cuclarabel instance=table5-m10000-n100000-r05 status=completed result=/home/zhenwei/PDCS_fork/benchmark/large_scale_lasso/table5_solver_results/cuclarabel/table5-m10000-n100000-r05/attempt_20260729T195705Z_gpu4/result.toml
