┌ Info: CondaPkg: Waiting for lock to be freed. You may delete this file if no other process is resolving.
└   lock_file = "/home/zhenwei/PDCS_fork/.CondaPkg/lock"
TABLE5_SOLVE_START solver=cupdcs instance=table5-m10000-n100000-r04 m=10000 n=100000 density=0.0001 seed=8539239721064585772 tolerance=1.0e-6 time_limit=600.0
TABLE5_INSTANCE_READY instance=table5-m10000-n100000-r04 nnz=100186 lambda=0.030464354934446564 numerical_digest=c908b5684763cfe8179a62cd603cb013a15a9115fff037027212c05c04349add model_digest=d842ad0b6f78b8bf29632a1ed5c157a0bfd0440bcee131e637e3065cf5d6fafb generation_seconds=1.2661621570587158
rescaling_method is not set, using default value: :ruiz_pock_chambolle. Note that if :use_scaling is false, this option is ignored.
kkt_restart_freq is not set, using default value: 500.
duality_gap_restart_freq is not set, using default value: 2000.
[ Info: logfile is set to nothing
[ Info: ---------------------------------------------------
[ Info: ------------- Parameter Info Summary --------------
[ Info: ---------------------------------------------------
[ Info: time limit: 600.0
[ Info: use_preconditioner: true
[ Info: use_adaptive_restart: true
[ Info: use_adaptive_step_size_weight: true
[ Info: use_aggressive: true
[ Info: use_restart: true
[ Info: use_adaptive_step: true
[ Info: use_reflection: true
[ Info: use_halpern: true
[ Info: use_resolving: true
[ Info: use_duality_gap_restart: true
[ Info: duality_gap_restart_freq: 2000
[ Info: use_kkt_restart: false
[ Info: kkt_restart_freq: 2000
[ Info: abs_tol: 1.0e-6
[ Info: rel_tol: 1.0e-6
[ Info: eps_primal_infeasible_low_acc: 1.0e-12
[ Info: eps_dual_infeasible_low_acc: 1.0e-12
[ Info: eps_primal_infeasible_high_acc: 1.0e-16
[ Info: eps_dual_infeasible_high_acc: 1.0e-16
[ Info: print_freq: 1000
[ Info: check_terminate_freq: 1000
[ Info: ---------------------------------------------------
[ Info: ------------- Model Info Summary -----------------
[ Info: ---------------------------------------------------
[ Info: variable number: 210004
[ Info: constraint number: 220005
[ Info: non-zero elements in G: 420381
[ Info: Number of box constraints: 210004
[ Info: Number of equal constraints: 10003
[ Info: Number of nonnegative constraints: 200000
[ Info: Number of soc cone constraints: 1
[ Info: Number of rsoc cone constraints: 0
[ Info: Number of exp cone constraints: 0
[ Info: Number of dual exp cone constraints: 0
[ Info: Number of soc cone variables: 0
[ Info: Number of rsoc cone variables: 0
[ Info: Number of exp cone variables: 0
[ Info: Number of dual exp cone variables: 0
[ Info: ---------------------------------------------------
[ Info: Using preconditioner
[ Info: Warm start not enabled. Ignoring warm start values.
[ Info: Initializing primal and dual variables to zero.
[ Info: initial nrm1G: 320405.08706177433, initial nrmInfG: 1.0
[ Info: initial nrm1c: 6094.870986889313
[ Info: initial nrm1h: 32.09091883699762
[ Info: initial nrmInfc: 2.0
[ Info: max Dr_product:2.309901733059307
[ Info: norm Dr_product:566.0429958816907
[ Info: max Dl_product:5.149963005929267
[ Info: norm Dl_product:566.0438783092924
[ Info: after scaling, norm1 c: 5209.4071791238375
[ Info: after scaling, normInf c: 1.9996615778638578
[ Info: after scaling, norm1 G: 200967.9514729775
[ Info: after scaling, normInf G: 1.0
[ Info: iter:0 rel_p_res(inf):5.000e-01 rel_d_res(inf):6.667e-01 primal_obj:0.000e+00 dual_obj:0.000e+00 rel_pd_gap:0.000e+00 time:0.00 restart_used:0
[ Info: ==================================================
[ Info: Start unified diagonal GPU loop for the ablation-compatible production path.
[ Info: iter:0 rel_p_res(inf):5.000e-01 rel_d_res(inf):6.667e-01 primal_obj:0.000e+00 dual_obj:0.000e+00 rel_pd_gap:0.000e+00 time:2.61 restart_used:0
[ Info: iter:1000 rel_p_res(inf):3.419e-04 rel_d_res(inf):5.544e-03 primal_obj:1.57066e-01 dual_obj:2.00567e-01 rel_pd_gap:3.623e-02 time:3.94 restart_used:0, restart_trigger_mean:0, restart_trigger_ergodic:0, diff_nrm_x_recovered:1.474e+00 diff_nrm_y_recovered:1.417e+01 nrm2_x_recovered:1.474e+00 nrm2_y_recovered:1.417e+01, nrmInf_x_recovered:9.993e-01 nrmInf_y_recovered:1.531e+00 dual_gap_ergodic:1.000e+30, dual_gap_mean:1.000e+30, dual_gap_restart_threshold:Inf, dual_gap_r:0.000e+00, kkt_error_ergodic:1.000e+30, kkt_error_mean:1.000e+30, kkt_error_restart_threshold:0.000e+00, tau:1.036e-01, sigma:1.462e+01
[ Info: iter:2000 rel_p_res(inf):1.830e-04 rel_d_res(inf):2.938e-03 primal_obj:1.63060e-01 dual_obj:1.85687e-01 rel_pd_gap:1.908e-02 time:4.78 restart_used:0, restart_trigger_mean:0, restart_trigger_ergodic:0, diff_nrm_x_recovered:1.059e-03 diff_nrm_y_recovered:1.868e-02 nrm2_x_recovered:1.474e+00 nrm2_y_recovered:1.417e+01, nrmInf_x_recovered:9.996e-01 nrmInf_y_recovered:1.530e+00 dual_gap_ergodic:1.000e+30, dual_gap_mean:1.000e+30, dual_gap_restart_threshold:Inf, dual_gap_r:0.000e+00, kkt_error_ergodic:1.000e+30, kkt_error_mean:1.000e+30, kkt_error_restart_threshold:0.000e+00, tau:1.001e-01, sigma:1.413e+01
[ Info: restart due to condition 1
[ Info: omega:11.88048202667493, x_diff_norm:2.1800666695527475, y_diff_norm:14.661261161707923
[ Info: iter:3000 rel_p_res(inf):5.362e-07 rel_d_res(inf):1.521e-06 primal_obj:1.68494e-01 dual_obj:1.68507e-01 rel_pd_gap:1.048e-05 time:5.15 restart_used:1, restart_trigger_mean:0, restart_trigger_ergodic:1, diff_nrm_x_recovered:1.133e-03 diff_nrm_y_recovered:2.021e-02 nrm2_x_recovered:1.475e+00 nrm2_y_recovered:1.416e+01, nrmInf_x_recovered:1.000e+00 nrmInf_y_recovered:1.529e+00 dual_gap_ergodic:1.069e-03, dual_gap_mean:7.081e-03, dual_gap_restart_threshold:1.069e-03, dual_gap_r:6.235e+01, kkt_error_ergodic:1.000e+30, kkt_error_mean:1.000e+30, kkt_error_restart_threshold:0.000e+00, tau:1.284e-01, sigma:1.026e+01
[ Info: iter:4000 rel_p_res(inf):2.522e-07 rel_d_res(inf):6.964e-07 primal_obj:1.68495e-01 dual_obj:1.68501e-01 rel_pd_gap:4.891e-06 time:5.44 restart_used:1, restart_trigger_mean:0, restart_trigger_ergodic:1, diff_nrm_x_recovered:4.361e-06 diff_nrm_y_recovered:2.284e-05 nrm2_x_recovered:1.475e+00 nrm2_y_recovered:1.416e+01, nrmInf_x_recovered:1.000e+00 nrmInf_y_recovered:1.529e+00 dual_gap_ergodic:1.069e-03, dual_gap_mean:7.081e-03, dual_gap_restart_threshold:1.069e-03, dual_gap_r:6.235e+01, kkt_error_ergodic:1.000e+30, kkt_error_mean:1.000e+30, kkt_error_restart_threshold:0.000e+00, tau:1.426e-01, sigma:1.139e+01
[ Info: restart due to condition 1
[ Info: omega:8.938565114815383, x_diff_norm:0.0021866007958607114, y_diff_norm:0.023139414635518826
[ Info: iter:5000 rel_p_res(inf):4.147e-10 rel_d_res(inf):4.583e-09 primal_obj:1.68496e-01 dual_obj:1.68496e-01 rel_pd_gap:2.200e-08 time:5.76 restart_used:2, restart_trigger_mean:0, restart_trigger_ergodic:2, diff_nrm_x_recovered:4.294e-06 diff_nrm_y_recovered:2.359e-05 nrm2_x_recovered:1.475e+00 nrm2_y_recovered:1.416e+01, nrmInf_x_recovered:1.000e+00 nrmInf_y_recovered:1.529e+00 dual_gap_ergodic:3.582e-04, dual_gap_mean:2.277e-03, dual_gap_restart_threshold:3.582e-04, dual_gap_r:1.091e-04, kkt_error_ergodic:1.000e+30, kkt_error_mean:1.000e+30, kkt_error_restart_threshold:0.000e+00, tau:1.134e-01, sigma:1.073e+01
[ Info: ===============================================
[ Info: ---------------------------------------------------
[ Info: ------------- Solver Info Summary -----------------
[ Info: ---------------------------------------------------
[ Info: iter_num:                     5000
[ Info: exit_status:                  optimal
[ Info: l_2_abs_primal_res:           7.9561e-09
[ Info: l_2_rel_primal_res:           1.2167e-10
[ Info: l_inf_abs_primal_res:         8.2936e-10
[ Info: l_inf_rel_primal_res:         4.1468e-10
[ Info: l_2_abs_dual_res:             6.0586e-08
[ Info: l_2_rel_dual_res:             9.9388e-12
[ Info: l_inf_abs_dual_res:           1.3750e-08
[ Info: l_inf_rel_dual_res:           4.5832e-09
[ Info: rel_gap:                      2.1998e-08
[ Info: abs_gap:                      2.5705e-08
[ Info: primal_obj:                   1.6850e-01
[ Info: dual_obj:                     1.6850e-01
[ Info: time:                         5.7593
[ Info: ---------------------------------------------------
[ Info:  norm(sol.x.recovered_primal.primal_sol.x, Inf): 1.0000000005344976
[ Info:  norm(sol.y.recovered_dual.dual_sol.y, Inf): 1.5290356414661725
[ Info: time for projection: 0.2716708183288574
[ Info: time for iterative: 1.3243355751037598
[ Info: time for restart check: 0.1838369369506836
[ Info: time for exit check: 0.0
[ Info: time for print info calculation: 0.5511960983276367
TABLE5_SOLVE_RESULT solver=cupdcs instance=table5-m10000-n100000-r04 termination=OPTIMAL primal_status=FEASIBLE_POINT iterations=5000 objective=0.16849621533470688 optimize_wall_seconds=37.138020038604736
TABLE5_SOLVE_FINISH solver=cupdcs instance=table5-m10000-n100000-r04 status=completed result=/home/zhenwei/PDCS_fork/benchmark/large_scale_lasso/table5_solver_results/cupdcs/table5-m10000-n100000-r04/attempt_20260729T195705Z_gpu3/result.toml
