TABLE5_SOLVE_START solver=scs_gpu instance=table5-m70000-n700000-r05 m=70000 n=700000 density=0.0001 seed=3478211357477831271 tolerance=1.0e-6 time_limit=600.0
TABLE5_INSTANCE_READY instance=table5-m70000-n700000-r05 nnz=4900969 lambda=0.04797910888477588 numerical_digest=ed0b21b8debd70178485af9c352b577e80bcb200ff5ee7c84d44e3917cbf2dd2 model_digest=104daa536b6cfee1a9678548cb630152bb8e2f201ec2b6edd4826af35343316d generation_seconds=2.7756969928741455
------------------------------------------------------------------
	       SCS v3.2.11 - Splitting Conic Solver
	(c) Brendan O'Donoghue, Stanford University, 2012
------------------------------------------------------------------
problem:  variables n: 1470004, constraints m: 1540005
cones: 	  z: primal zero / dual free vars: 70003
	  l: linear vars: 1400000
	  q: soc vars: 70002, qsize: 1
settings: eps_abs: 1.0e-06, eps_rel: 1.0e-06, eps_infeas: 1.0e-07
	  alpha: 1.50, scale: 1.00e-01, adaptive_scale: 1
	  max_iters: 100000, normalize: 1, rho_x: 1.00e-06
	  acceleration_lookback: 10, acceleration_interval: 10
	  time_limit_secs: 6.00e+02
	  compiled with openmp parallelization enabled
lin-sys:  sparse-indirect GPU
	  nnz(A): 11341947, nnz(P): 0
------------------------------------------------------------------
 iter | pri res | dua res |   gap   |   obj   |  scale  | time (s)
------------------------------------------------------------------
     0| 2.83e+01  2.00e+00  6.45e+04 -3.23e+04  1.00e-01  1.16e+03 
------------------------------------------------------------------
status:  solved (inaccurate - reached time_limit_secs)
timings: total: 1.16e+03s = setup: 3.38e+00s + solve: 1.16e+03s
	 lin-sys: 3.72e-02s, cones: 1.80e-02s, accel: 5.10e-08s
------------------------------------------------------------------
objective = -32267.309379 (inaccurate)
------------------------------------------------------------------
TABLE5_SOLVE_RESULT solver=scs_gpu instance=table5-m70000-n700000-r05 termination=TIME_LIMIT primal_status=FEASIBLE_POINT iterations=0 objective=-64534.82313572808 optimize_wall_seconds=1168.7001388072968
TABLE5_SOLVE_FINISH solver=scs_gpu instance=table5-m70000-n700000-r05 status=completed result=/home/zhenwei/PDCS_fork/benchmark/large_scale_lasso/table5_solver_results/scs_gpu/table5-m70000-n700000-r05/attempt_20260729T195705Z_gpu3/result.toml
