TABLE5_SOLVE_START solver=cuclarabel instance=table5-m70000-n700000-r03 m=70000 n=700000 density=0.0001 seed=6230819915418504357 tolerance=1.0e-6 time_limit=600.0
TABLE5_INSTANCE_READY instance=table5-m70000-n700000-r03 nnz=4904221 lambda=0.04484706362751911 numerical_digest=c289e22ee1cac3b81efe7c7772bb5a3d29f983b6381b890de00aa51ef5fb7cd4 model_digest=0a89990f787bf080987fe82393da22d71ab2bbad87ef744139779110a60abb23 generation_seconds=3.0330100059509277
-------------------------------------------------------------
           Clarabel.jl v0.11.0  -  Clever Acronym              

                   (c) Paul Goulart                          
                University of Oxford, 2022                   
-------------------------------------------------------------

problem:
  variables     = 1470004
  constraints   = 1540005
  nnz(P)        = 0
  nnz(A)        = 11348451
  cones (total) = 3
    : Zero        = 1,  numel = 70003
    : Nonnegative = 1,  numel = 1400000
    : SecondOrder = 1,  numel = 70002

settings:
  linear algebra: direct / cudss, precision: 64 bit 
  max iter = 200, time limit = 600.000000,  max step = 0.990
  tol_feas = 1.0e-06, tol_gap_abs = 1.0e-06, tol_gap_rel = 1.0e-06,
  static reg : on, ϵ1 = 1.0e-08, ϵ2 = 4.9e-32
  dynamic reg: on, ϵ = 1.0e-13, δ = 2.0e-07
  iter refine: on, reltol = 1.0e-12, abstol = 1.0e-12, 
               max iter = 10, stop ratio = 5.0
  equilibrate: on, min_scale = 1.0e-04, max_scale = 1.0e+04
               max iter = 10

iter    pcost        dcost       gap       pres      dres      k/t        μ       step      
---------------------------------------------------------------------------------------------
  0   4.3368e-19  -4.0305e-16  4.03e-16  9.98e-01  9.54e-01  1.00e+00  1.05e+00   ------   
  1  -6.1460e+00  -9.6605e-01  5.18e+00  9.87e-01  8.27e-01  5.41e+00  9.18e-01  9.90e-01  
  2  -5.7786e+01  -7.5078e+00  6.70e+00  6.95e-01  4.00e-01  5.03e+01  5.46e-01  9.90e-01  
  3  -2.7007e+01  -3.0658e+00  7.81e+00  1.84e-01  4.77e-02  2.39e+01  6.40e-02  9.90e-01  
  4  -2.5108e+00   2.1535e-01  2.73e+00  9.00e-02  6.69e-03  2.73e+00  7.88e-03  8.83e-01  
  5   6.7466e-02   8.0812e-01  7.41e-01  2.62e-02  1.88e-03  7.41e-01  2.23e-03  7.27e-01  
  6   6.4106e-01   9.8045e-01  3.39e-01  1.48e-02  1.08e-03  3.39e-01  1.29e-03  5.42e-01  
  7   9.3903e-01   1.0777e+00  1.39e-01  7.71e-03  5.69e-04  1.39e-01  6.86e-04  5.91e-01  
  8   1.0961e+00   1.1305e+00  3.14e-02  3.05e-03  2.27e-04  3.45e-02  2.76e-04  7.51e-01  
  9   1.1377e+00   1.1453e+00  6.64e-03  8.90e-04  6.67e-05  7.56e-03  8.12e-05  7.81e-01  
 10   1.1491e+00   1.1493e+00  2.16e-04  5.79e-05  4.36e-06  2.49e-04  5.31e-06  9.67e-01  
 11   1.1494e+00   1.1495e+00  9.84e-06  2.71e-06  2.03e-07  1.13e-05  2.48e-07  9.55e-01  
 12   1.1495e+00   1.1495e+00  2.95e-07  8.20e-08  6.17e-09  3.40e-07  7.52e-09  9.70e-01  
---------------------------------------------------------------------------------------------
Terminated with status = solved
total time =   273s (setup time =   146s, solve time =   112s)
TABLE5_SOLVE_RESULT solver=cuclarabel instance=table5-m70000-n700000-r03 termination=OPTIMAL primal_status=FEASIBLE_POINT iterations=12 objective=1.1494563936440874 optimize_wall_seconds=291.93250703811646
TABLE5_SOLVE_FINISH solver=cuclarabel instance=table5-m70000-n700000-r03 status=completed result=/home/zhenwei/PDCS_fork/benchmark/large_scale_lasso/table5_solver_results/cuclarabel/table5-m70000-n700000-r03/attempt_20260729T195705Z_gpu1/result.toml
