┌ Info: CondaPkg: Waiting for lock to be freed. You may delete this file if no other process is resolving.
└   lock_file = "/home/zhenwei/PDCS_fork/.CondaPkg/lock"
TABLE5_SOLVE_START solver=cupdcs instance=table5-m70000-n700000-r03 m=70000 n=700000 density=0.0001 seed=6230819915418504357 tolerance=1.0e-6 time_limit=600.0
TABLE5_INSTANCE_READY instance=table5-m70000-n700000-r03 nnz=4904221 lambda=0.04484706362751911 numerical_digest=c289e22ee1cac3b81efe7c7772bb5a3d29f983b6381b890de00aa51ef5fb7cd4 model_digest=0a89990f787bf080987fe82393da22d71ab2bbad87ef744139779110a60abb23 generation_seconds=2.8200039863586426
rescaling_method is not set, using default value: :ruiz_pock_chambolle. Note that if :use_scaling is false, this option is ignored.
kkt_restart_freq is not set, using default value: 500.
duality_gap_restart_freq is not set, using default value: 2000.
[ Info: logfile is set to nothing
[ Info: ---------------------------------------------------
[ Info: ------------- Parameter Info Summary --------------
[ Info: ---------------------------------------------------
[ Info: time limit: 600.0
[ Info: use_preconditioner: true
[ Info: use_adaptive_restart: true
[ Info: use_adaptive_step_size_weight: true
[ Info: use_aggressive: true
[ Info: use_restart: true
[ Info: use_adaptive_step: true
[ Info: use_reflection: true
[ Info: use_halpern: true
[ Info: use_resolving: true
[ Info: use_duality_gap_restart: true
[ Info: duality_gap_restart_freq: 2000
[ Info: use_kkt_restart: false
[ Info: kkt_restart_freq: 2000
[ Info: abs_tol: 1.0e-6
[ Info: rel_tol: 1.0e-6
[ Info: eps_primal_infeasible_low_acc: 1.0e-12
[ Info: eps_dual_infeasible_low_acc: 1.0e-12
[ Info: eps_primal_infeasible_high_acc: 1.0e-16
[ Info: eps_dual_infeasible_high_acc: 1.0e-16
[ Info: print_freq: 1000
[ Info: check_terminate_freq: 1000
[ Info: ---------------------------------------------------
[ Info: ------------- Model Info Summary -----------------
[ Info: ---------------------------------------------------
[ Info: variable number: 1470004
[ Info: constraint number: 1540005
[ Info: non-zero elements in G: 11348451
[ Info: Number of box constraints: 1470004
[ Info: Number of equal constraints: 70003
[ Info: Number of nonnegative constraints: 1400000
[ Info: Number of soc cone constraints: 1
[ Info: Number of rsoc cone constraints: 0
[ Info: Number of exp cone constraints: 0
[ Info: Number of dual exp cone constraints: 0
[ Info: Number of soc cone variables: 0
[ Info: Number of rsoc cone variables: 0
[ Info: Number of exp cone variables: 0
[ Info: Number of dual exp cone variables: 0
[ Info: ---------------------------------------------------
[ Info: Using preconditioner
[ Info: Warm start not enabled. Ignoring warm start values.
[ Info: Initializing primal and dual variables to zero.
[ Info: initial nrm1G: 6.444608647242463e6, initial nrmInfG: 1.0
[ Info: initial nrm1c: 62787.88907852676
[ Info: initial nrm1h: 226.67505048556004
[ Info: initial nrmInfc: 2.0
[ Info: max Dr_product:3.7807598957615838
[ Info: norm Dr_product:2538.6232948918214
[ Info: max Dl_product:10.946015669622382
[ Info: norm Dl_product:2538.6234916489907
[ Info: after scaling, norm1 c: 31027.800757325535
[ Info: after scaling, normInf c: 1.9996615778638578
[ Info: after scaling, norm1 G: 1.0117662592019008e6
[ Info: after scaling, normInf G: 1.0
[ Info: iter:0 rel_p_res(inf):5.000e-01 rel_d_res(inf):6.667e-01 primal_obj:0.000e+00 dual_obj:0.000e+00 rel_pd_gap:0.000e+00 time:0.00 restart_used:0
[ Info: ==================================================
[ Info: Start unified diagonal GPU loop for the ablation-compatible production path.
[ Info: iter:0 rel_p_res(inf):5.000e-01 rel_d_res(inf):6.667e-01 primal_obj:0.000e+00 dual_obj:0.000e+00 rel_pd_gap:0.000e+00 time:3.15 restart_used:0
[ Info: iter:1000 rel_p_res(inf):3.409e-04 rel_d_res(inf):1.371e-02 primal_obj:1.06954e+00 dual_obj:1.28555e+00 rel_pd_gap:9.451e-02 time:4.97 restart_used:0, restart_trigger_mean:0, restart_trigger_ergodic:0, diff_nrm_x_recovered:1.902e+00 diff_nrm_y_recovered:5.545e+01 nrm2_x_recovered:1.902e+00 nrm2_y_recovered:5.545e+01, nrmInf_x_recovered:1.081e+00 nrmInf_y_recovered:2.195e+00 dual_gap_ergodic:1.000e+30, dual_gap_mean:1.000e+30, dual_gap_restart_threshold:Inf, dual_gap_r:0.000e+00, kkt_error_ergodic:1.000e+30, kkt_error_mean:1.000e+30, kkt_error_restart_threshold:0.000e+00, tau:4.339e-02, sigma:3.061e+01
[ Info: iter:2000 rel_p_res(inf):1.494e-04 rel_d_res(inf):6.888e-03 primal_obj:1.10750e+00 dual_obj:1.21599e+00 rel_pd_gap:4.896e-02 time:6.44 restart_used:0, restart_trigger_mean:0, restart_trigger_ergodic:0, diff_nrm_x_recovered:1.197e-02 diff_nrm_y_recovered:1.861e-01 nrm2_x_recovered:1.909e+00 nrm2_y_recovered:5.539e+01, nrmInf_x_recovered:1.086e+00 nrmInf_y_recovered:2.189e+00 dual_gap_ergodic:1.000e+30, dual_gap_mean:1.000e+30, dual_gap_restart_threshold:Inf, dual_gap_r:0.000e+00, kkt_error_ergodic:1.000e+30, kkt_error_mean:1.000e+30, kkt_error_restart_threshold:0.000e+00, tau:4.152e-02, sigma:2.929e+01
[ Info: restart due to condition 1
[ Info: omega:26.559103594327713, x_diff_norm:2.724883391480375, y_diff_norm:58.23021978096661
[ Info: iter:3000 rel_p_res(inf):6.374e-07 rel_d_res(inf):4.967e-05 primal_obj:1.14954e+00 dual_obj:1.14985e+00 rel_pd_gap:1.435e-04 time:7.43 restart_used:1, restart_trigger_mean:0, restart_trigger_ergodic:1, diff_nrm_x_recovered:1.205e-02 diff_nrm_y_recovered:1.798e-01 nrm2_x_recovered:1.917e+00 nrm2_y_recovered:5.533e+01, nrmInf_x_recovered:1.090e+00 nrmInf_y_recovered:2.181e+00 dual_gap_ergodic:7.462e-04, dual_gap_mean:4.311e-03, dual_gap_restart_threshold:7.462e-04, dual_gap_r:2.922e+02, kkt_error_ergodic:1.000e+30, kkt_error_mean:1.000e+30, kkt_error_restart_threshold:0.000e+00, tau:3.834e-02, sigma:2.176e+01
[ Info: iter:4000 rel_p_res(inf):4.285e-07 rel_d_res(inf):2.509e-05 primal_obj:1.14952e+00 dual_obj:1.14965e+00 rel_pd_gap:6.140e-05 time:8.32 restart_used:1, restart_trigger_mean:0, restart_trigger_ergodic:1, diff_nrm_x_recovered:1.444e-04 diff_nrm_y_recovered:2.101e-03 nrm2_x_recovered:1.917e+00 nrm2_y_recovered:5.533e+01, nrmInf_x_recovered:1.090e+00 nrmInf_y_recovered:2.181e+00 dual_gap_ergodic:7.462e-04, dual_gap_mean:4.311e-03, dual_gap_restart_threshold:7.462e-04, dual_gap_r:2.922e+02, kkt_error_ergodic:1.000e+30, kkt_error_mean:1.000e+30, kkt_error_restart_threshold:0.000e+00, tau:4.138e-02, sigma:2.349e+01
[ Info: restart due to condition 2
[ Info: omega:23.823576497156424, x_diff_norm:0.017211264453161245, y_diff_norm:0.2684426120322188
[ Info: iter:5000 rel_p_res(inf):6.184e-09 rel_d_res(inf):1.057e-07 primal_obj:1.14946e+00 dual_obj:1.14946e+00 rel_pd_gap:6.896e-07 time:9.26 restart_used:2, restart_trigger_mean:0, restart_trigger_ergodic:2, diff_nrm_x_recovered:1.439e-04 diff_nrm_y_recovered:2.093e-03 nrm2_x_recovered:1.917e+00 nrm2_y_recovered:5.533e+01, nrmInf_x_recovered:1.090e+00 nrmInf_y_recovered:2.181e+00 dual_gap_ergodic:4.455e-04, dual_gap_mean:2.935e-03, dual_gap_restart_threshold:4.455e-04, dual_gap_r:1.070e-02, kkt_error_ergodic:1.000e+30, kkt_error_mean:1.000e+30, kkt_error_restart_threshold:0.000e+00, tau:5.879e-02, sigma:2.185e+01
[ Info: ===============================================
[ Info: ---------------------------------------------------
[ Info: ------------- Solver Info Summary -----------------
[ Info: ---------------------------------------------------
[ Info: iter_num:                     5000
[ Info: exit_status:                  optimal
[ Info: l_2_abs_primal_res:           6.9873e-07
[ Info: l_2_rel_primal_res:           1.5527e-09
[ Info: l_inf_abs_primal_res:         1.2927e-08
[ Info: l_inf_rel_primal_res:         6.1842e-09
[ Info: l_2_abs_dual_res:             5.5632e-06
[ Info: l_2_rel_dual_res:             8.8602e-11
[ Info: l_inf_abs_dual_res:           3.1721e-07
[ Info: l_inf_rel_dual_res:           1.0574e-07
[ Info: rel_gap:                      6.8962e-07
[ Info: abs_gap:                      1.4823e-06
[ Info: primal_obj:                   1.1495e+00
[ Info: dual_obj:                     1.1495e+00
[ Info: time:                         9.2642
[ Info: ---------------------------------------------------
[ Info:  norm(sol.x.recovered_primal.primal_sol.x, Inf): 1.0903419713314002
[ Info:  norm(sol.y.recovered_dual.dual_sol.y, Inf): 2.1806846425988584
[ Info: time for projection: 0.31224489212036133
[ Info: time for iterative: 4.0198915004730225
[ Info: time for restart check: 0.21915698051452637
[ Info: time for exit check: 0.0
[ Info: time for print info calculation: 0.5817289352416992
TABLE5_SOLVE_RESULT solver=cupdcs instance=table5-m70000-n700000-r03 termination=OPTIMAL primal_status=FEASIBLE_POINT iterations=5000 objective=1.1494589028931772 optimize_wall_seconds=64.71532201766968
TABLE5_SOLVE_FINISH solver=cupdcs instance=table5-m70000-n700000-r03 status=completed result=/home/zhenwei/PDCS_fork/benchmark/large_scale_lasso/table5_solver_results/cupdcs/table5-m70000-n700000-r03/attempt_20260729T195705Z_gpu1/result.toml
