TABLE5_SOLVE_START solver=scs_gpu instance=table5-m70000-n700000-r02 m=70000 n=700000 density=0.0001 seed=3717777317041247579 tolerance=1.0e-6 time_limit=600.0
TABLE5_INSTANCE_READY instance=table5-m70000-n700000-r02 nnz=4899722 lambda=0.052337271311113445 numerical_digest=02f9ec7e3c7e9002ad808099d95515249458dd2a890647dafe7b466a07b2cdfb model_digest=1e0f88d61922b1b49a9beca5440c13a1c9f837fd2000e546314540ff3152386f generation_seconds=2.775279998779297
------------------------------------------------------------------
	       SCS v3.2.11 - Splitting Conic Solver
	(c) Brendan O'Donoghue, Stanford University, 2012
------------------------------------------------------------------
problem:  variables n: 1470004, constraints m: 1540005
cones: 	  z: primal zero / dual free vars: 70003
	  l: linear vars: 1400000
	  q: soc vars: 70002, qsize: 1
settings: eps_abs: 1.0e-06, eps_rel: 1.0e-06, eps_infeas: 1.0e-07
	  alpha: 1.50, scale: 1.00e-01, adaptive_scale: 1
	  max_iters: 100000, normalize: 1, rho_x: 1.00e-06
	  acceleration_lookback: 10, acceleration_interval: 10
	  time_limit_secs: 6.00e+02
	  compiled with openmp parallelization enabled
lin-sys:  sparse-indirect GPU
	  nnz(A): 11339453, nnz(P): 0
------------------------------------------------------------------
 iter | pri res | dua res |   gap   |   obj   |  scale  | time (s)
------------------------------------------------------------------
     0| 2.83e+01  2.00e+00  7.68e+04 -3.84e+04  1.00e-01  1.19e+03 
------------------------------------------------------------------
status:  solved (inaccurate - reached time_limit_secs)
timings: total: 1.19e+03s = setup: 3.61e+00s + solve: 1.19e+03s
	 lin-sys: 3.18e-02s, cones: 1.90e-02s, accel: 1.53e-07s
------------------------------------------------------------------
objective = -38387.930666 (inaccurate)
------------------------------------------------------------------
TABLE5_SOLVE_RESULT solver=scs_gpu instance=table5-m70000-n700000-r02 termination=TIME_LIMIT primal_status=FEASIBLE_POINT iterations=0 objective=-76776.06573158153 optimize_wall_seconds=1198.2346880435944
TABLE5_SOLVE_FINISH solver=scs_gpu instance=table5-m70000-n700000-r02 status=completed result=/home/zhenwei/PDCS_fork/benchmark/large_scale_lasso/table5_solver_results/scs_gpu/table5-m70000-n700000-r02/attempt_20260729T195705Z_gpu6/result.toml
