    CondaPkg Found dependencies: /home/zhenwei/PDCS_fork/.julia-depot/packages/PythonCall/5WGSP/CondaPkg.toml
    CondaPkg Found dependencies: /home/zhenwei/PDCS_fork/.julia-depot/packages/CondaPkg/lKlVY/CondaPkg.toml
    CondaPkg Resolving changes
             ~ libstdcxx
             ~ libstdcxx-ng
             ~ openssl
             ~ python
    CondaPkg Initialising pixi
             │ /home/zhenwei/PDCS_fork/.julia-depot/artifacts/4ae17cee0bd922f66b2c72bf2f01c22481a5ec19/bin/pixi
             │ init
             │ --format pixi
             └ /home/zhenwei/PDCS_fork/.CondaPkg
✔ Created /home/zhenwei/PDCS_fork/.CondaPkg/pixi.toml
    CondaPkg Wrote /home/zhenwei/PDCS_fork/.CondaPkg/pixi.toml
             │ [dependencies]
             │ openssl = ">=3, <3.6"
             │ libstdcxx = ">=3.4,<15.0"
             │ libstdcxx-ng = ">=3.4,<15.0"
             │ 
             │     [dependencies.python]
             │     channel = "conda-forge"
             │     build = "*cp*"
             │     version = ">=3.10,!=3.14.0,!=3.14.1,<4"
             │ 
             │ [workspace]
             │ name = ".CondaPkg"
             │ platforms = ["linux-64"]
             │ channels = ["conda-forge"]
             │ channel-priority = "strict"
             └ description = "automatically generated by CondaPkg.jl"
    CondaPkg Installing packages
             │ /home/zhenwei/PDCS_fork/.julia-depot/artifacts/4ae17cee0bd922f66b2c72bf2f01c22481a5ec19/bin/pixi
             │ install
             └ --manifest-path /home/zhenwei/PDCS_fork/.CondaPkg/pixi.toml
✔ The default environment has been installed.
TABLE5_SOLVE_START solver=cupdcs instance=table5-m400000-n7000000-r01 m=400000 n=7000000 density=0.0001 seed=2810953517340410803 tolerance=1.0e-6 time_limit=1800.0
TABLE5_INSTANCE_READY instance=table5-m400000-n7000000-r01 nnz=279972972 lambda=0.08668710726461117 numerical_digest=b7b0d6150c1df45ac34a95f0872d8c4107ad40706adf2c847eba00812fa5d698 model_digest=1019b2bf33a935f1f4c6be3b6c5270c17131fe99591d7220a4c23f07c4689b91 generation_seconds=57.72274994850159
rescaling_method is not set, using default value: :ruiz_pock_chambolle. Note that if :use_scaling is false, this option is ignored.
kkt_restart_freq is not set, using default value: 500.
duality_gap_restart_freq is not set, using default value: 2000.
[ Info: logfile is set to nothing
[ Info: ---------------------------------------------------
[ Info: ------------- Parameter Info Summary --------------
[ Info: ---------------------------------------------------
[ Info: time limit: 1800.0
[ Info: use_preconditioner: true
[ Info: use_adaptive_restart: true
[ Info: use_adaptive_step_size_weight: true
[ Info: use_aggressive: true
[ Info: use_restart: true
[ Info: use_adaptive_step: true
[ Info: use_reflection: true
[ Info: use_halpern: true
[ Info: use_resolving: true
[ Info: use_duality_gap_restart: true
[ Info: duality_gap_restart_freq: 2000
[ Info: use_kkt_restart: false
[ Info: kkt_restart_freq: 2000
[ Info: abs_tol: 1.0e-6
[ Info: rel_tol: 1.0e-6
[ Info: eps_primal_infeasible_low_acc: 1.0e-12
[ Info: eps_dual_infeasible_low_acc: 1.0e-12
[ Info: eps_primal_infeasible_high_acc: 1.0e-16
[ Info: eps_dual_infeasible_high_acc: 1.0e-16
[ Info: print_freq: 1000
[ Info: check_terminate_freq: 1000
[ Info: ---------------------------------------------------
[ Info: ------------- Model Info Summary -----------------
[ Info: ---------------------------------------------------
[ Info: variable number: 14400004
[ Info: constraint number: 14800005
[ Info: non-zero elements in G: 574745953
[ Info: Number of box constraints: 14400004
[ Info: Number of equal constraints: 400003
[ Info: Number of nonnegative constraints: 14000000
[ Info: Number of soc cone constraints: 1
[ Info: Number of rsoc cone constraints: 0
[ Info: Number of exp cone constraints: 0
[ Info: Number of dual exp cone constraints: 0
[ Info: Number of soc cone variables: 0
[ Info: Number of rsoc cone variables: 0
[ Info: Number of exp cone variables: 0
[ Info: Number of dual exp cone variables: 0
[ Info: ---------------------------------------------------
[ Info: Using preconditioner
[ Info: Warm start not enabled. Ignoring warm start values.
[ Info: Initializing primal and dual variables to zero.
[ Info: initial nrm1G: 2.94772483977096e8, initial nrmInfG: 1.0
[ Info: initial nrm1c: 1.2136215017045564e6
[ Info: initial nrm1h: 1301.6718767436678
[ Info: initial nrmInfc: 2.0
[ Info: max Dr_product:6.675311572794786
[ Info: norm Dr_product:17168.939500249307
[ Info: max Dl_product:29.122545167055595
[ Info: norm Dl_product:17168.9395293421
[ Info: after scaling, norm1 c: 267966.27391077776
[ Info: after scaling, normInf c: 1.9996615778638578
[ Info: after scaling, norm1 G: 5.681294716296238e6
[ Info: after scaling, normInf G: 0.7071067811865475
[ Info: iter:0 rel_p_res(inf):5.000e-01 rel_d_res(inf):6.667e-01 primal_obj:0.000e+00 dual_obj:0.000e+00 rel_pd_gap:0.000e+00 time:0.00 restart_used:0
[ Info: ==================================================
[ Info: Start unified diagonal GPU loop for the ablation-compatible production path.
[ Info: iter:0 rel_p_res(inf):5.000e-01 rel_d_res(inf):6.667e-01 primal_obj:0.000e+00 dual_obj:0.000e+00 rel_pd_gap:0.000e+00 time:3.57 restart_used:0
[ Info: iter:1000 rel_p_res(inf):2.101e-04 rel_d_res(inf):8.494e-02 primal_obj:5.17555e+00 dual_obj:8.42104e+00 rel_pd_gap:3.445e-01 time:89.96 restart_used:0, restart_trigger_mean:0, restart_trigger_ergodic:0, diff_nrm_x_recovered:4.174e+00 diff_nrm_y_recovered:3.458e+02 nrm2_x_recovered:4.174e+00 nrm2_y_recovered:3.458e+02, nrmInf_x_recovered:2.348e+00 nrmInf_y_recovered:5.614e+00 dual_gap_ergodic:1.000e+30, dual_gap_mean:1.000e+30, dual_gap_restart_threshold:Inf, dual_gap_r:0.000e+00, kkt_error_ergodic:1.000e+30, kkt_error_mean:1.000e+30, kkt_error_restart_threshold:0.000e+00, tau:1.315e-02, sigma:6.743e+01
[ Info: iter:2000 rel_p_res(inf):1.005e-04 rel_d_res(inf):4.226e-02 primal_obj:5.99720e+00 dual_obj:7.49762e+00 rel_pd_gap:1.766e-01 time:175.61 restart_used:0, restart_trigger_mean:0, restart_trigger_ergodic:0, diff_nrm_x_recovered:4.539e-01 diff_nrm_y_recovered:7.172e+00 nrm2_x_recovered:4.578e+00 nrm2_y_recovered:3.441e+02, nrmInf_x_recovered:2.618e+00 nrmInf_y_recovered:5.674e+00 dual_gap_ergodic:1.000e+30, dual_gap_mean:1.000e+30, dual_gap_restart_threshold:Inf, dual_gap_r:0.000e+00, kkt_error_ergodic:1.000e+30, kkt_error_mean:1.000e+30, kkt_error_restart_threshold:0.000e+00, tau:1.262e-02, sigma:6.467e+01
[ Info: restart due to condition 1
[ Info: omega:71.59701930997095, x_diff_norm:5.969241009631591, y_diff_norm:370.18475829920993
[ Info: iter:3000 rel_p_res(inf):6.390e-06 rel_d_res(inf):6.805e-03 primal_obj:6.56766e+00 dual_obj:6.70258e+00 rel_pd_gap:1.752e-02 time:262.04 restart_used:1, restart_trigger_mean:0, restart_trigger_ergodic:1, diff_nrm_x_recovered:3.854e-01 diff_nrm_y_recovered:6.798e+00 nrm2_x_recovered:4.924e+00 nrm2_y_recovered:3.423e+02, nrmInf_x_recovered:2.872e+00 nrmInf_y_recovered:5.869e+00 dual_gap_ergodic:5.476e-04, dual_gap_mean:3.015e-03, dual_gap_restart_threshold:5.476e-04, dual_gap_r:4.930e+03, kkt_error_ergodic:1.000e+30, kkt_error_mean:1.000e+30, kkt_error_restart_threshold:0.000e+00, tau:1.426e-02, sigma:6.331e+01
[ Info: iter:4000 rel_p_res(inf):3.040e-06 rel_d_res(inf):3.432e-03 primal_obj:6.55750e+00 dual_obj:6.62591e+00 rel_pd_gap:8.970e-03 time:346.39 restart_used:1, restart_trigger_mean:0, restart_trigger_ergodic:1, diff_nrm_x_recovered:4.363e-02 diff_nrm_y_recovered:1.046e+00 nrm2_x_recovered:4.961e+00 nrm2_y_recovered:3.421e+02, nrmInf_x_recovered:2.899e+00 nrmInf_y_recovered:5.861e+00 dual_gap_ergodic:5.476e-04, dual_gap_mean:3.015e-03, dual_gap_restart_threshold:5.476e-04, dual_gap_r:4.930e+03, kkt_error_ergodic:1.000e+30, kkt_error_mean:1.000e+30, kkt_error_restart_threshold:0.000e+00, tau:1.575e-02, sigma:6.992e+01
[ Info: iter:5000 rel_p_res(inf):5.289e-06 rel_d_res(inf):2.264e-03 primal_obj:6.55430e+00 dual_obj:6.59972e+00 rel_pd_gap:5.977e-03 time:432.06 restart_used:1, restart_trigger_mean:0, restart_trigger_ergodic:1, diff_nrm_x_recovered:1.483e-02 diff_nrm_y_recovered:3.630e-01 nrm2_x_recovered:4.973e+00 nrm2_y_recovered:3.420e+02, nrmInf_x_recovered:2.908e+00 nrmInf_y_recovered:5.858e+00 dual_gap_ergodic:6.901e-04, dual_gap_mean:1.568e-03, dual_gap_restart_threshold:5.476e-04, dual_gap_r:4.930e+03, kkt_error_ergodic:1.000e+30, kkt_error_mean:1.000e+30, kkt_error_restart_threshold:0.000e+00, tau:1.392e-02, sigma:6.180e+01
[ Info: iter:6000 rel_p_res(inf):1.524e-06 rel_d_res(inf):1.711e-03 primal_obj:6.55271e+00 dual_obj:6.58704e+00 rel_pd_gap:4.524e-03 time:516.38 restart_used:1, restart_trigger_mean:0, restart_trigger_ergodic:1, diff_nrm_x_recovered:6.993e-03 diff_nrm_y_recovered:1.768e-01 nrm2_x_recovered:4.979e+00 nrm2_y_recovered:3.419e+02, nrmInf_x_recovered:2.912e+00 nrmInf_y_recovered:5.856e+00 dual_gap_ergodic:6.901e-04, dual_gap_mean:1.568e-03, dual_gap_restart_threshold:5.476e-04, dual_gap_r:4.930e+03, kkt_error_ergodic:1.000e+30, kkt_error_mean:1.000e+30, kkt_error_restart_threshold:0.000e+00, tau:1.487e-02, sigma:6.601e+01
[ Info: restart due to condition 2
[ Info: omega:66.63419891188957, x_diff_norm:0.5818157088674981, y_diff_norm:13.051435304045466
[ Info: iter:7000 rel_p_res(inf):6.195e-07 rel_d_res(inf):1.565e-04 primal_obj:6.54979e+00 dual_obj:6.55148e+00 rel_pd_gap:2.232e-04 time:602.95 restart_used:2, restart_trigger_mean:0, restart_trigger_ergodic:2, diff_nrm_x_recovered:2.002e-02 diff_nrm_y_recovered:4.783e-01 nrm2_x_recovered:4.996e+00 nrm2_y_recovered:3.418e+02, nrmInf_x_recovered:2.925e+00 nrmInf_y_recovered:5.852e+00 dual_gap_ergodic:2.789e-04, dual_gap_mean:9.819e-04, dual_gap_restart_threshold:2.789e-04, dual_gap_r:2.549e+01, kkt_error_ergodic:1.000e+30, kkt_error_mean:1.000e+30, kkt_error_restart_threshold:0.000e+00, tau:2.873e-02, sigma:4.295e+01
[ Info: iter:8000 rel_p_res(inf):3.199e-07 rel_d_res(inf):7.773e-05 primal_obj:6.54888e+00 dual_obj:6.54971e+00 rel_pd_gap:1.108e-04 time:687.04 restart_used:2, restart_trigger_mean:0, restart_trigger_ergodic:2, diff_nrm_x_recovered:8.051e-04 diff_nrm_y_recovered:3.322e-02 nrm2_x_recovered:4.996e+00 nrm2_y_recovered:3.418e+02, nrmInf_x_recovered:2.925e+00 nrmInf_y_recovered:5.851e+00 dual_gap_ergodic:2.789e-04, dual_gap_mean:9.819e-04, dual_gap_restart_threshold:2.789e-04, dual_gap_r:2.549e+01, kkt_error_ergodic:1.000e+30, kkt_error_mean:1.000e+30, kkt_error_restart_threshold:0.000e+00, tau:2.481e-02, sigma:3.709e+01
[ Info: iter:9000 rel_p_res(inf):2.066e-07 rel_d_res(inf):5.227e-05 primal_obj:6.54858e+00 dual_obj:6.54914e+00 rel_pd_gap:7.481e-05 time:772.18 restart_used:2, restart_trigger_mean:0, restart_trigger_ergodic:2, diff_nrm_x_recovered:2.596e-04 diff_nrm_y_recovered:1.080e-02 nrm2_x_recovered:4.997e+00 nrm2_y_recovered:3.418e+02, nrmInf_x_recovered:2.925e+00 nrmInf_y_recovered:5.851e+00 dual_gap_ergodic:4.696e-04, dual_gap_mean:1.437e-03, dual_gap_restart_threshold:2.789e-04, dual_gap_r:2.549e+01, kkt_error_ergodic:1.000e+30, kkt_error_mean:1.000e+30, kkt_error_restart_threshold:0.000e+00, tau:2.842e-02, sigma:4.248e+01
[ Info: iter:10000 rel_p_res(inf):1.549e-07 rel_d_res(inf):3.933e-05 primal_obj:6.54842e+00 dual_obj:6.54885e+00 rel_pd_gap:5.662e-05 time:856.06 restart_used:2, restart_trigger_mean:0, restart_trigger_ergodic:2, diff_nrm_x_recovered:1.318e-04 diff_nrm_y_recovered:5.480e-03 nrm2_x_recovered:4.997e+00 nrm2_y_recovered:3.418e+02, nrmInf_x_recovered:2.925e+00 nrmInf_y_recovered:5.851e+00 dual_gap_ergodic:4.696e-04, dual_gap_mean:1.437e-03, dual_gap_restart_threshold:2.789e-04, dual_gap_r:2.549e+01, kkt_error_ergodic:1.000e+30, kkt_error_mean:1.000e+30, kkt_error_restart_threshold:0.000e+00, tau:2.687e-02, sigma:4.016e+01
[ Info: restart due to artificial condition, beta_artificial = 0.223, inner_iter = 4001, iter = 10001 or force_restart
[ Info: omega:38.662061423512455, x_diff_norm:0.029024310954116138, y_diff_norm:0.8266491580291103
[ Info: iter:11000 rel_p_res(inf):1.312e-07 rel_d_res(inf):8.305e-06 primal_obj:6.54821e+00 dual_obj:6.54815e+00 rel_pd_gap:7.981e-06 time:943.03 restart_used:3, restart_trigger_mean:0, restart_trigger_ergodic:2, diff_nrm_x_recovered:3.524e-04 diff_nrm_y_recovered:1.107e-02 nrm2_x_recovered:4.997e+00 nrm2_y_recovered:3.418e+02, nrmInf_x_recovered:2.925e+00 nrmInf_y_recovered:5.851e+00 dual_gap_ergodic:2.522e-04, dual_gap_mean:1.139e-03, dual_gap_restart_threshold:1.361e-03, dual_gap_r:4.095e-02, kkt_error_ergodic:1.000e+30, kkt_error_mean:1.000e+30, kkt_error_restart_threshold:0.000e+00, tau:2.851e-02, sigma:3.139e+01
[ Info: iter:12000 rel_p_res(inf):4.425e-08 rel_d_res(inf):4.305e-06 primal_obj:6.54809e+00 dual_obj:6.54806e+00 rel_pd_gap:3.940e-06 time:1027.37 restart_used:3, restart_trigger_mean:0, restart_trigger_ergodic:2, diff_nrm_x_recovered:5.460e-05 diff_nrm_y_recovered:2.922e-03 nrm2_x_recovered:4.997e+00 nrm2_y_recovered:3.418e+02, nrmInf_x_recovered:2.925e+00 nrmInf_y_recovered:5.851e+00 dual_gap_ergodic:2.522e-04, dual_gap_mean:1.139e-03, dual_gap_restart_threshold:1.361e-03, dual_gap_r:4.095e-02, kkt_error_ergodic:1.000e+30, kkt_error_mean:1.000e+30, kkt_error_restart_threshold:0.000e+00, tau:3.564e-02, sigma:3.924e+01
[ Info: restart due to condition 2
[ Info: omega:33.18349748245558, x_diff_norm:0.0027258277999878022, y_diff_norm:0.10595397987257597
[ Info: iter:13000 rel_p_res(inf):3.299e-09 rel_d_res(inf):1.108e-07 primal_obj:6.54798e+00 dual_obj:6.54797e+00 rel_pd_gap:1.398e-06 time:1114.12 restart_used:4, restart_trigger_mean:0, restart_trigger_ergodic:3, diff_nrm_x_recovered:5.382e-05 diff_nrm_y_recovered:2.896e-03 nrm2_x_recovered:4.997e+00 nrm2_y_recovered:3.418e+02, nrmInf_x_recovered:2.925e+00 nrmInf_y_recovered:5.851e+00 dual_gap_ergodic:5.858e-04, dual_gap_mean:2.084e-03, dual_gap_restart_threshold:5.858e-04, dual_gap_r:4.985e-04, kkt_error_ergodic:1.000e+30, kkt_error_mean:1.000e+30, kkt_error_restart_threshold:0.000e+00, tau:2.850e-02, sigma:3.676e+01
[ Info: iter:14000 rel_p_res(inf):1.555e-09 rel_d_res(inf):5.443e-08 primal_obj:6.54797e+00 dual_obj:6.54797e+00 rel_pd_gap:7.059e-07 time:1198.40 restart_used:4, restart_trigger_mean:0, restart_trigger_ergodic:3, diff_nrm_x_recovered:2.862e-06 diff_nrm_y_recovered:1.368e-04 nrm2_x_recovered:4.997e+00 nrm2_y_recovered:3.418e+02, nrmInf_x_recovered:2.925e+00 nrmInf_y_recovered:5.851e+00 dual_gap_ergodic:5.858e-04, dual_gap_mean:2.084e-03, dual_gap_restart_threshold:5.858e-04, dual_gap_r:4.985e-04, kkt_error_ergodic:1.000e+30, kkt_error_mean:1.000e+30, kkt_error_restart_threshold:0.000e+00, tau:3.678e-02, sigma:4.743e+01
[ Info: ===============================================
[ Info: ---------------------------------------------------
[ Info: ------------- Solver Info Summary -----------------
[ Info: ---------------------------------------------------
[ Info: iter_num:                     14000
[ Info: exit_status:                  optimal
[ Info: l_2_abs_primal_res:           6.9730e-07
[ Info: l_2_rel_primal_res:           2.7463e-10
[ Info: l_inf_abs_primal_res:         5.8702e-09
[ Info: l_inf_rel_primal_res:         1.5548e-09
[ Info: l_2_abs_dual_res:             2.4772e-06
[ Info: l_2_rel_dual_res:             2.0412e-12
[ Info: l_inf_abs_dual_res:           1.6328e-07
[ Info: l_inf_rel_dual_res:           5.4425e-08
[ Info: rel_gap:                      7.0589e-07
[ Info: abs_gap:                      5.3281e-06
[ Info: primal_obj:                   6.5480e+00
[ Info: dual_obj:                     6.5480e+00
[ Info: time:                         1198.3991
[ Info: ---------------------------------------------------
[ Info:  norm(sol.x.recovered_primal.primal_sol.x, Inf): 2.9252578341313735
[ Info:  norm(sol.y.recovered_dual.dual_sol.y, Inf): 5.850514674123166
[ Info: time for projection: 3.5016438961029053
[ Info: time for iterative: 1162.3655655384064
[ Info: time for restart check: 3.861670970916748
[ Info: time for exit check: 0.0
[ Info: time for print info calculation: 1.3486135005950928
TABLE5_SOLVE_RESULT solver=cupdcs instance=table5-m400000-n7000000-r01 termination=OPTIMAL primal_status=FEASIBLE_POINT iterations=14000 objective=6.547972512117239 optimize_wall_seconds=2346.946841955185
TABLE5_SOLVE_FINISH solver=cupdcs instance=table5-m400000-n7000000-r01 status=completed result=/home/zhenwei/PDCS_fork/benchmark/large_scale_lasso/table5_solver_results/cupdcs/table5-m400000-n7000000-r01/attempt_20260729T212629Z_gpu1/result.toml
