┌ Info: CondaPkg: Waiting for lock to be freed. You may delete this file if no other process is resolving.
└   lock_file = "/home/zhenwei/PDCS_fork/.CondaPkg/lock"
TABLE5_SOLVE_START solver=cupdcs instance=table5-m70000-n700000-r05 m=70000 n=700000 density=0.0001 seed=3478211357477831271 tolerance=1.0e-6 time_limit=600.0
TABLE5_INSTANCE_READY instance=table5-m70000-n700000-r05 nnz=4900969 lambda=0.04797910888477588 numerical_digest=ed0b21b8debd70178485af9c352b577e80bcb200ff5ee7c84d44e3917cbf2dd2 model_digest=104daa536b6cfee1a9678548cb630152bb8e2f201ec2b6edd4826af35343316d generation_seconds=2.814448833465576
rescaling_method is not set, using default value: :ruiz_pock_chambolle. Note that if :use_scaling is false, this option is ignored.
kkt_restart_freq is not set, using default value: 500.
duality_gap_restart_freq is not set, using default value: 2000.
[ Info: logfile is set to nothing
[ Info: ---------------------------------------------------
[ Info: ------------- Parameter Info Summary --------------
[ Info: ---------------------------------------------------
[ Info: time limit: 600.0
[ Info: use_preconditioner: true
[ Info: use_adaptive_restart: true
[ Info: use_adaptive_step_size_weight: true
[ Info: use_aggressive: true
[ Info: use_restart: true
[ Info: use_adaptive_step: true
[ Info: use_reflection: true
[ Info: use_halpern: true
[ Info: use_resolving: true
[ Info: use_duality_gap_restart: true
[ Info: duality_gap_restart_freq: 2000
[ Info: use_kkt_restart: false
[ Info: kkt_restart_freq: 2000
[ Info: abs_tol: 1.0e-6
[ Info: rel_tol: 1.0e-6
[ Info: eps_primal_infeasible_low_acc: 1.0e-12
[ Info: eps_dual_infeasible_low_acc: 1.0e-12
[ Info: eps_primal_infeasible_high_acc: 1.0e-16
[ Info: eps_dual_infeasible_high_acc: 1.0e-16
[ Info: print_freq: 1000
[ Info: check_terminate_freq: 1000
[ Info: ---------------------------------------------------
[ Info: ------------- Model Info Summary -----------------
[ Info: ---------------------------------------------------
[ Info: variable number: 1470004
[ Info: constraint number: 1540005
[ Info: non-zero elements in G: 11341947
[ Info: Number of box constraints: 1470004
[ Info: Number of equal constraints: 70003
[ Info: Number of nonnegative constraints: 1400000
[ Info: Number of soc cone constraints: 1
[ Info: Number of rsoc cone constraints: 0
[ Info: Number of exp cone constraints: 0
[ Info: Number of dual exp cone constraints: 0
[ Info: Number of soc cone variables: 0
[ Info: Number of rsoc cone variables: 0
[ Info: Number of exp cone variables: 0
[ Info: Number of dual exp cone variables: 0
[ Info: ---------------------------------------------------
[ Info: Using preconditioner
[ Info: Warm start not enabled. Ignoring warm start values.
[ Info: Initializing primal and dual variables to zero.
[ Info: initial nrm1G: 6.44352453132222e6, initial nrmInfG: 1.0
[ Info: initial nrm1c: 67172.7524386862
[ Info: initial nrm1h: 227.71737709397883
[ Info: initial nrmInfc: 2.0
[ Info: max Dr_product:3.7859233384658264
[ Info: norm Dr_product:2538.4097615332253
[ Info: max Dl_product:11.159566267235302
[ Info: norm Dl_product:2538.409958306946
[ Info: after scaling, norm1 c: 33203.24506615444
[ Info: after scaling, normInf c: 1.9996615778638578
[ Info: after scaling, norm1 G: 1.0119120188309598e6
[ Info: after scaling, normInf G: 1.0
[ Info: iter:0 rel_p_res(inf):5.000e-01 rel_d_res(inf):6.667e-01 primal_obj:0.000e+00 dual_obj:0.000e+00 rel_pd_gap:0.000e+00 time:0.00 restart_used:0
[ Info: ==================================================
[ Info: Start unified diagonal GPU loop for the ablation-compatible production path.
[ Info: iter:0 rel_p_res(inf):5.000e-01 rel_d_res(inf):6.667e-01 primal_obj:0.000e+00 dual_obj:0.000e+00 rel_pd_gap:0.000e+00 time:3.14 restart_used:0
[ Info: iter:1000 rel_p_res(inf):2.672e-04 rel_d_res(inf):1.264e-02 primal_obj:1.08873e+00 dual_obj:1.29222e+00 rel_pd_gap:8.877e-02 time:5.20 restart_used:0, restart_trigger_mean:0, restart_trigger_ergodic:0, diff_nrm_x_recovered:1.922e+00 diff_nrm_y_recovered:5.911e+01 nrm2_x_recovered:1.922e+00 nrm2_y_recovered:5.911e+01, nrmInf_x_recovered:1.094e+00 nrmInf_y_recovered:2.229e+00 dual_gap_ergodic:1.000e+30, dual_gap_mean:1.000e+30, dual_gap_restart_threshold:Inf, dual_gap_r:0.000e+00, kkt_error_ergodic:1.000e+30, kkt_error_mean:1.000e+30, kkt_error_restart_threshold:0.000e+00, tau:4.341e-02, sigma:3.504e+01
[ Info: iter:2000 rel_p_res(inf):1.845e-04 rel_d_res(inf):7.913e-03 primal_obj:1.11410e+00 dual_obj:1.23432e+00 rel_pd_gap:5.381e-02 time:7.03 restart_used:0, restart_trigger_mean:0, restart_trigger_ergodic:0, diff_nrm_x_recovered:1.371e-02 diff_nrm_y_recovered:3.582e-01 nrm2_x_recovered:1.929e+00 nrm2_y_recovered:5.904e+01, nrmInf_x_recovered:1.098e+00 nrmInf_y_recovered:2.216e+00 dual_gap_ergodic:1.000e+30, dual_gap_mean:1.000e+30, dual_gap_restart_threshold:Inf, dual_gap_r:0.000e+00, kkt_error_ergodic:1.000e+30, kkt_error_mean:1.000e+30, kkt_error_restart_threshold:0.000e+00, tau:3.556e-02, sigma:2.870e+01
[ Info: restart due to condition 1
[ Info: omega:28.411382948911275, x_diff_norm:2.7474580062954184, y_diff_norm:61.80575488633809
[ Info: iter:3000 rel_p_res(inf):4.744e-06 rel_d_res(inf):3.019e-04 primal_obj:1.16394e+00 dual_obj:1.16617e+00 rel_pd_gap:1.029e-03 time:8.05 restart_used:1, restart_trigger_mean:1, restart_trigger_ergodic:0, diff_nrm_x_recovered:1.114e-02 diff_nrm_y_recovered:2.395e-01 nrm2_x_recovered:1.935e+00 nrm2_y_recovered:5.897e+01, nrmInf_x_recovered:1.102e+00 nrmInf_y_recovered:2.206e+00 dual_gap_ergodic:4.857e-02, dual_gap_mean:3.597e-03, dual_gap_restart_threshold:3.664e-03, dual_gap_r:3.368e+02, kkt_error_ergodic:1.000e+30, kkt_error_mean:1.000e+30, kkt_error_restart_threshold:0.000e+00, tau:4.263e-02, sigma:2.724e+01
[ Info: iter:4000 rel_p_res(inf):2.153e-06 rel_d_res(inf):1.490e-04 primal_obj:1.16377e+00 dual_obj:1.16485e+00 rel_pd_gap:4.967e-04 time:8.94 restart_used:1, restart_trigger_mean:1, restart_trigger_ergodic:0, diff_nrm_x_recovered:6.070e-04 diff_nrm_y_recovered:1.223e-02 nrm2_x_recovered:1.935e+00 nrm2_y_recovered:5.897e+01, nrmInf_x_recovered:1.102e+00 nrmInf_y_recovered:2.206e+00 dual_gap_ergodic:4.857e-02, dual_gap_mean:3.597e-03, dual_gap_restart_threshold:3.664e-03, dual_gap_r:3.368e+02, kkt_error_ergodic:1.000e+30, kkt_error_mean:1.000e+30, kkt_error_restart_threshold:0.000e+00, tau:4.349e-02, sigma:2.780e+01
[ Info: restart due to condition 1
[ Info: omega:25.281050314663013, x_diff_norm:0.08627130964224415, y_diff_norm:1.2222499142123295
[ Info: iter:5000 rel_p_res(inf):4.181e-08 rel_d_res(inf):3.703e-07 primal_obj:1.16359e+00 dual_obj:1.16358e+00 rel_pd_gap:5.844e-06 time:9.88 restart_used:2, restart_trigger_mean:1, restart_trigger_ergodic:1, diff_nrm_x_recovered:5.974e-04 diff_nrm_y_recovered:1.268e-02 nrm2_x_recovered:1.935e+00 nrm2_y_recovered:5.897e+01, nrmInf_x_recovered:1.102e+00 nrmInf_y_recovered:2.205e+00 dual_gap_ergodic:5.934e-04, dual_gap_mean:4.035e-03, dual_gap_restart_threshold:5.934e-04, dual_gap_r:2.396e-01, kkt_error_ergodic:1.000e+30, kkt_error_mean:1.000e+30, kkt_error_restart_threshold:0.000e+00, tau:5.720e-02, sigma:2.049e+01
[ Info: iter:6000 rel_p_res(inf):2.080e-08 rel_d_res(inf):1.706e-07 primal_obj:1.16358e+00 dual_obj:1.16357e+00 rel_pd_gap:3.204e-06 time:10.78 restart_used:2, restart_trigger_mean:1, restart_trigger_ergodic:1, diff_nrm_x_recovered:7.978e-06 diff_nrm_y_recovered:7.092e-05 nrm2_x_recovered:1.935e+00 nrm2_y_recovered:5.897e+01, nrmInf_x_recovered:1.102e+00 nrmInf_y_recovered:2.205e+00 dual_gap_ergodic:5.934e-04, dual_gap_mean:4.035e-03, dual_gap_restart_threshold:5.934e-04, dual_gap_r:2.396e-01, kkt_error_ergodic:1.000e+30, kkt_error_mean:1.000e+30, kkt_error_restart_threshold:0.000e+00, tau:7.022e-02, sigma:2.515e+01
[ Info: iter:7000 rel_p_res(inf):1.367e-08 rel_d_res(inf):1.134e-07 primal_obj:1.16358e+00 dual_obj:1.16357e+00 rel_pd_gap:2.279e-06 time:11.69 restart_used:2, restart_trigger_mean:1, restart_trigger_ergodic:1, diff_nrm_x_recovered:2.626e-06 diff_nrm_y_recovered:2.190e-05 nrm2_x_recovered:1.935e+00 nrm2_y_recovered:5.897e+01, nrmInf_x_recovered:1.102e+00 nrmInf_y_recovered:2.205e+00 dual_gap_ergodic:1.154e-03, dual_gap_mean:2.739e-03, dual_gap_restart_threshold:5.934e-04, dual_gap_r:2.396e-01, kkt_error_ergodic:1.000e+30, kkt_error_mean:1.000e+30, kkt_error_restart_threshold:0.000e+00, tau:7.372e-02, sigma:2.640e+01
[ Info: iter:8000 rel_p_res(inf):1.184e-08 rel_d_res(inf):9.372e-08 primal_obj:1.16358e+00 dual_obj:1.16357e+00 rel_pd_gap:1.742e-06 time:12.58 restart_used:2, restart_trigger_mean:1, restart_trigger_ergodic:1, diff_nrm_x_recovered:7.476e-07 diff_nrm_y_recovered:8.234e-06 nrm2_x_recovered:1.935e+00 nrm2_y_recovered:5.897e+01, nrmInf_x_recovered:1.102e+00 nrmInf_y_recovered:2.205e+00 dual_gap_ergodic:1.154e-03, dual_gap_mean:2.739e-03, dual_gap_restart_threshold:5.934e-04, dual_gap_r:2.396e-01, kkt_error_ergodic:1.000e+30, kkt_error_mean:1.000e+30, kkt_error_restart_threshold:0.000e+00, tau:6.635e-02, sigma:2.377e+01
[ Info: restart due to condition 2
[ Info: omega:18.925369557621142, x_diff_norm:0.0010282971786073562, y_diff_norm:0.01983390524087565
[ Info: iter:9000 rel_p_res(inf):1.500e-10 rel_d_res(inf):4.729e-09 primal_obj:1.16357e+00 dual_obj:1.16357e+00 rel_pd_gap:2.945e-08 time:13.51 restart_used:3, restart_trigger_mean:1, restart_trigger_ergodic:2, diff_nrm_x_recovered:4.206e-06 diff_nrm_y_recovered:3.440e-05 nrm2_x_recovered:1.935e+00 nrm2_y_recovered:5.897e+01, nrmInf_x_recovered:1.102e+00 nrmInf_y_recovered:2.205e+00 dual_gap_ergodic:4.318e-04, dual_gap_mean:1.474e-03, dual_gap_restart_threshold:4.318e-04, dual_gap_r:3.322e-05, kkt_error_ergodic:1.000e+30, kkt_error_mean:1.000e+30, kkt_error_restart_threshold:0.000e+00, tau:6.211e-02, sigma:2.267e+01
[ Info: ===============================================
[ Info: ---------------------------------------------------
[ Info: ------------- Solver Info Summary -----------------
[ Info: ---------------------------------------------------
[ Info: iter_num:                     9000
[ Info: exit_status:                  optimal
[ Info: l_2_abs_primal_res:           1.2297e-08
[ Info: l_2_rel_primal_res:           2.7114e-11
[ Info: l_inf_abs_primal_res:         3.1541e-10
[ Info: l_inf_rel_primal_res:         1.5003e-10
[ Info: l_2_abs_dual_res:             1.4382e-07
[ Info: l_2_rel_dual_res:             2.1411e-12
[ Info: l_inf_abs_dual_res:           1.4186e-08
[ Info: l_inf_rel_dual_res:           4.7286e-09
[ Info: rel_gap:                      2.9454e-08
[ Info: abs_gap:                      6.3727e-08
[ Info: primal_obj:                   1.1636e+00
[ Info: dual_obj:                     1.1636e+00
[ Info: time:                         13.5141
[ Info: ---------------------------------------------------
[ Info:  norm(sol.x.recovered_primal.primal_sol.x, Inf): 1.102346714109072
[ Info:  norm(sol.y.recovered_dual.dual_sol.y, Inf): 2.2046934090525507
[ Info: time for projection: 0.4772181510925293
[ Info: time for iterative: 7.06309700012207
[ Info: time for restart check: 0.22584009170532227
[ Info: time for exit check: 0.0
[ Info: time for print info calculation: 0.9496395587921143
TABLE5_SOLVE_RESULT solver=cupdcs instance=table5-m70000-n700000-r05 termination=OPTIMAL primal_status=FEASIBLE_POINT iterations=9000 objective=1.1635740712352218 optimize_wall_seconds=69.44034504890442
TABLE5_SOLVE_FINISH solver=cupdcs instance=table5-m70000-n700000-r05 status=completed result=/home/zhenwei/PDCS_fork/benchmark/large_scale_lasso/table5_solver_results/cupdcs/table5-m70000-n700000-r05/attempt_20260729T195705Z_gpu3/result.toml
